[2025-11-17T18:41:24.442+0000][202][info][gc,init] CardTable entry size: 512
[2025-11-17T18:41:24.443+0000][202][info][gc     ] Using G1
[2025-11-17T18:41:24.574+0000][202][info][gc,init] Version: 22.0.1+8-16 (release)
[2025-11-17T18:41:24.574+0000][202][info][gc,init] CPUs: 20 total, 20 available
[2025-11-17T18:41:24.575+0000][202][info][gc,init] Memory: 15845M
[2025-11-17T18:41:24.575+0000][202][info][gc,init] Large Page Support: Disabled
[2025-11-17T18:41:24.575+0000][202][info][gc,init] NUMA Support: Disabled
[2025-11-17T18:41:24.575+0000][202][info][gc,init] Compressed Oops: Enabled (32-bit)
[2025-11-17T18:41:24.576+0000][202][info][gc,init] Heap Region Size: 4M
[2025-11-17T18:41:24.578+0000][202][info][gc,init] Heap Min Capacity: 1G
[2025-11-17T18:41:24.578+0000][202][info][gc,init] Heap Initial Capacity: 1G
[2025-11-17T18:41:24.578+0000][202][info][gc,init] Heap Max Capacity: 1G
[2025-11-17T18:41:24.579+0000][202][info][gc,init] Pre-touch: Enabled
[2025-11-17T18:41:24.579+0000][202][info][gc,init] Parallel Workers: 15
[2025-11-17T18:41:24.579+0000][202][info][gc,init] Concurrent Workers: 4
[2025-11-17T18:41:24.579+0000][202][info][gc,init] Concurrent Refinement Workers: 15
[2025-11-17T18:41:24.580+0000][202][info][gc,init] Periodic GC: Disabled
[2025-11-17T18:41:24.590+0000][202][info][gc,metaspace] CDS archive(s) mapped at: [0x00007a203e000000-0x00007a203ec74000-0x00007a203ec74000), size 13058048, SharedBaseAddress: 0x00007a203e000000, ArchiveRelocationMode: 1.
[2025-11-17T18:41:24.591+0000][202][info][gc,metaspace] Compressed class space mapped at: 0x00007a203f000000-0x00007a207f000000, reserved size: 1073741824
[2025-11-17T18:41:24.591+0000][202][info][gc,metaspace] Narrow klass base: 0x00007a203e000000, Narrow klass shift: 0, Narrow klass range: 0x100000000
[2025-11-17T18:41:24.739+0000][202][info][safepoint   ] Safepoint "ICBufferFull", Time since last: 144742268 ns, Reaching safepoint: 94969 ns, Cleanup: 51376 ns, At safepoint: 74115 ns, Total: 220460 ns
[2025-11-17T18:41:24.928+0000][202][info][safepoint   ] Safepoint "ICBufferFull", Time since last: 188838027 ns, Reaching safepoint: 2524 ns, Cleanup: 58720 ns, At safepoint: 3702 ns, Total: 64946 ns
[2025-11-17T18:41:24.937+0000][202][info][gc,start    ] GC(0) Pause Young (Normal) (G1 Evacuation Pause)
[2025-11-17T18:41:24.938+0000][202][info][gc,task     ] GC(0) Using 15 workers of 15 for evacuation
[2025-11-17T18:41:24.938+0000][202][debug][gc,age      ] GC(0) Desired survivor size 4194304 bytes, new threshold 15 (max threshold 15)
[2025-11-17T18:41:24.940+0000][202][info ][gc,phases   ] GC(0)   Pre Evacuate Collection Set: 0.21ms
[2025-11-17T18:41:24.940+0000][202][info ][gc,phases   ] GC(0)   Merge Heap Roots: 0.16ms
[2025-11-17T18:41:24.940+0000][202][info ][gc,phases   ] GC(0)   Evacuate Collection Set: 1.05ms
[2025-11-17T18:41:24.941+0000][202][info ][gc,phases   ] GC(0)   Post Evacuate Collection Set: 0.51ms
[2025-11-17T18:41:24.941+0000][202][info ][gc,phases   ] GC(0)   Other: 0.56ms
[2025-11-17T18:41:24.941+0000][202][trace][gc,age      ] GC(0) Age table with threshold 15 (max threshold 15)
[2025-11-17T18:41:24.941+0000][202][trace][gc,age      ] GC(0) - age   1:    4279944 bytes,    4279944 total
[2025-11-17T18:41:24.942+0000][202][info ][gc,heap     ] GC(0) Eden regions: 12->0(21)
[2025-11-17T18:41:24.942+0000][202][info ][gc,heap     ] GC(0) Survivor regions: 0->2(2)
[2025-11-17T18:41:24.942+0000][202][info ][gc,heap     ] GC(0) Old regions: 1->1
[2025-11-17T18:41:24.942+0000][202][info ][gc,heap     ] GC(0) Humongous regions: 0->0
[2025-11-17T18:41:24.942+0000][202][info ][gc,metaspace] GC(0) Metaspace: 6657K(6912K)->6657K(6912K) NonClass: 5891K(6016K)->5891K(6016K) Class: 766K(896K)->766K(896K)
[2025-11-17T18:41:24.943+0000][202][info ][gc          ] GC(0) Pause Young (Normal) (G1 Evacuation Pause) 49M->5M(1024M) 5.612ms
[2025-11-17T18:41:24.943+0000][202][info ][gc,cpu      ] GC(0) User=0.00s Sys=0.01s Real=0.01s
[2025-11-17T18:41:24.943+0000][202][info ][safepoint   ] Safepoint "G1CollectForAllocation", Time since last: 9133864 ns, Reaching safepoint: 2152 ns, Cleanup: 5524 ns, At safepoint: 6029474 ns, Total: 6037150 ns
[2025-11-17T18:41:25.134+0000][202][info ][safepoint   ] Safepoint "ICBufferFull", Time since last: 191226751 ns, Reaching safepoint: 2249 ns, Cleanup: 75100 ns, At safepoint: 24709 ns, Total: 102058 ns
[2025-11-17T18:41:25.329+0000][202][info ][safepoint   ] Safepoint "ICBufferFull", Time since last: 194994084 ns, Reaching safepoint: 2771 ns, Cleanup: 67433 ns, At safepoint: 4572 ns, Total: 74776 ns
[2025-11-17T18:41:25.660+0000][202][info ][safepoint   ] Safepoint "ICBufferFull", Time since last: 330356289 ns, Reaching safepoint: 2344 ns, Cleanup: 68050 ns, At safepoint: 25603 ns, Total: 95997 ns
[2025-11-17T18:41:25.954+0000][202][info ][gc,start    ] GC(1) Pause Young (Normal) (G1 Evacuation Pause)
[2025-11-17T18:41:25.955+0000][202][info ][gc,task     ] GC(1) Using 15 workers of 15 for evacuation
[2025-11-17T18:41:25.955+0000][202][debug][gc,age      ] GC(1) Desired survivor size 6291456 bytes, new threshold 15 (max threshold 15)
[2025-11-17T18:41:25.960+0000][202][info ][gc,phases   ] GC(1)   Pre Evacuate Collection Set: 0.21ms
[2025-11-17T18:41:25.960+0000][202][info ][gc,phases   ] GC(1)   Merge Heap Roots: 0.13ms
[2025-11-17T18:41:25.961+0000][202][info ][gc,phases   ] GC(1)   Evacuate Collection Set: 2.80ms
[2025-11-17T18:41:25.961+0000][202][info ][gc,phases   ] GC(1)   Post Evacuate Collection Set: 1.26ms
[2025-11-17T18:41:25.961+0000][202][info ][gc,phases   ] GC(1)   Other: 0.55ms
[2025-11-17T18:41:25.962+0000][202][trace][gc,age      ] GC(1) Age table with threshold 15 (max threshold 15)
[2025-11-17T18:41:25.962+0000][202][trace][gc,age      ] GC(1) - age   1:    5339416 bytes,    5339416 total
[2025-11-17T18:41:25.962+0000][202][trace][gc,age      ] GC(1) - age   2:    4175944 bytes,    9515360 total
[2025-11-17T18:41:25.963+0000][202][info ][gc,heap     ] GC(1) Eden regions: 21->0(29)
[2025-11-17T18:41:25.963+0000][202][info ][gc,heap     ] GC(1) Survivor regions: 2->3(3)
[2025-11-17T18:41:25.963+0000][202][info ][gc,heap     ] GC(1) Old regions: 1->1
[2025-11-17T18:41:25.963+0000][202][info ][gc,heap     ] GC(1) Humongous regions: 0->0
[2025-11-17T18:41:25.964+0000][202][info ][gc,metaspace] GC(1) Metaspace: 20609K(21248K)->20609K(21248K) NonClass: 18273K(18688K)->18273K(18688K) Class: 2336K(2560K)->2336K(2560K)
[2025-11-17T18:41:25.964+0000][202][info ][gc          ] GC(1) Pause Young (Normal) (G1 Evacuation Pause) 89M->10M(1024M) 9.585ms
[2025-11-17T18:41:25.965+0000][202][info ][gc,cpu      ] GC(1) User=0.05s Sys=0.00s Real=0.01s
[2025-11-17T18:41:25.965+0000][202][info ][safepoint   ] Safepoint "G1CollectForAllocation", Time since last: 294402425 ns, Reaching safepoint: 2719 ns, Cleanup: 67083 ns, At safepoint: 10790694 ns, Total: 10860496 ns
[2025-11-17T18:41:26.072+0000][202][info ][gc,start    ] GC(2) Pause Young (Concurrent Start) (Metadata GC Threshold)
[2025-11-17T18:41:26.072+0000][202][info ][gc,task     ] GC(2) Using 15 workers of 15 for evacuation
[2025-11-17T18:41:26.073+0000][202][debug][gc,age      ] GC(2) Desired survivor size 8388608 bytes, new threshold 2 (max threshold 15)
[2025-11-17T18:41:26.077+0000][202][info ][gc,phases   ] GC(2)   Pre Evacuate Collection Set: 0.26ms
[2025-11-17T18:41:26.077+0000][202][info ][gc,phases   ] GC(2)   Merge Heap Roots: 0.12ms
[2025-11-17T18:41:26.078+0000][202][info ][gc,phases   ] GC(2)   Evacuate Collection Set: 2.06ms
[2025-11-17T18:41:26.078+0000][202][info ][gc,phases   ] GC(2)   Post Evacuate Collection Set: 0.93ms
[2025-11-17T18:41:26.078+0000][202][info ][gc,phases   ] GC(2)   Other: 1.21ms
[2025-11-17T18:41:26.079+0000][202][trace][gc,age      ] GC(2) Age table with threshold 2 (max threshold 15)
[2025-11-17T18:41:26.079+0000][202][trace][gc,age      ] GC(2) - age   1:     344120 bytes,     344120 total
[2025-11-17T18:41:26.080+0000][202][trace][gc,age      ] GC(2) - age   2:    4429136 bytes,    4773256 total
[2025-11-17T18:41:26.080+0000][202][info ][gc,heap     ] GC(2) Eden regions: 7->0(53)
[2025-11-17T18:41:26.081+0000][202][info ][gc,heap     ] GC(2) Survivor regions: 3->2(4)
[2025-11-17T18:41:26.081+0000][202][info ][gc,heap     ] GC(2) Old regions: 1->3
[2025-11-17T18:41:26.082+0000][202][info ][gc,heap     ] GC(2) Humongous regions: 0->0
[2025-11-17T18:41:26.082+0000][202][info ][gc,metaspace] GC(2) Metaspace: 20819K(21504K)->20819K(21504K) NonClass: 18469K(18816K)->18469K(18816K) Class: 2349K(2688K)->2349K(2688K)
[2025-11-17T18:41:26.083+0000][202][info ][gc          ] GC(2) Pause Young (Concurrent Start) (Metadata GC Threshold) 36M->10M(1024M) 11.492ms
[2025-11-17T18:41:26.084+0000][202][info ][gc,cpu      ] GC(2) User=0.01s Sys=0.01s Real=0.01s
[2025-11-17T18:41:26.084+0000][202][info ][gc          ] GC(3) Concurrent Mark Cycle
[2025-11-17T18:41:26.085+0000][202][info ][gc,marking  ] GC(3) Concurrent Scan Root Regions
[2025-11-17T18:41:26.084+0000][202][info ][safepoint   ] Safepoint "CollectForMetadataAllocation", Time since last: 106360595 ns, Reaching safepoint: 2233 ns, Cleanup: 28586 ns, At safepoint: 12633017 ns, Total: 12663836 ns
[2025-11-17T18:41:26.087+0000][202][info ][gc,marking  ] GC(3) Concurrent Scan Root Regions 2.302ms
[2025-11-17T18:41:26.088+0000][202][info ][gc,marking  ] GC(3) Concurrent Mark
[2025-11-17T18:41:26.088+0000][202][info ][gc,marking  ] GC(3) Concurrent Mark From Roots
[2025-11-17T18:41:26.088+0000][202][info ][gc,task     ] GC(3) Using 4 workers of 4 for marking
[2025-11-17T18:41:26.089+0000][202][info ][gc,marking  ] GC(3) Concurrent Mark From Roots 1.635ms
[2025-11-17T18:41:26.090+0000][202][info ][gc,marking  ] GC(3) Concurrent Preclean
[2025-11-17T18:41:26.090+0000][202][info ][gc,marking  ] GC(3) Concurrent Preclean 0.430ms
[2025-11-17T18:41:26.091+0000][202][info ][gc,start    ] GC(3) Pause Remark
[2025-11-17T18:41:26.093+0000][202][info ][gc          ] GC(3) Pause Remark 13M->13M(1024M) 2.606ms
[2025-11-17T18:41:26.094+0000][202][info ][gc,cpu      ] GC(3) User=0.01s Sys=0.01s Real=0.00s
[2025-11-17T18:41:26.094+0000][202][info ][safepoint   ] Safepoint "G1PauseRemark", Time since last: 6268386 ns, Reaching safepoint: 94693 ns, Cleanup: 3304 ns, At safepoint: 3508168 ns, Total: 3606165 ns
[2025-11-17T18:41:26.095+0000][202][info ][gc,marking  ] GC(3) Concurrent Mark 7.182ms
[2025-11-17T18:41:26.095+0000][202][info ][gc,marking  ] GC(3) Concurrent Rebuild Remembered Sets and Scrub Regions
[2025-11-17T18:41:26.096+0000][202][info ][gc,marking  ] GC(3) Concurrent Rebuild Remembered Sets and Scrub Regions 1.310ms
[2025-11-17T18:41:26.097+0000][202][info ][gc,start    ] GC(3) Pause Cleanup
[2025-11-17T18:41:26.097+0000][202][info ][gc          ] GC(3) Pause Cleanup 13M->13M(1024M) 0.424ms
[2025-11-17T18:41:26.098+0000][202][info ][gc,cpu      ] GC(3) User=0.00s Sys=0.00s Real=0.01s
[2025-11-17T18:41:26.098+0000][202][info ][safepoint   ] Safepoint "G1PauseCleanup", Time since last: 2683415 ns, Reaching safepoint: 81451 ns, Cleanup: 5885 ns, At safepoint: 1306091 ns, Total: 1393427 ns
[2025-11-17T18:41:26.098+0000][202][info ][gc,marking  ] GC(3) Concurrent Clear Claimed Marks
[2025-11-17T18:41:26.099+0000][202][info ][gc,marking  ] GC(3) Concurrent Clear Claimed Marks 0.445ms
[2025-11-17T18:41:26.099+0000][202][info ][gc,marking  ] GC(3) Concurrent Cleanup for Next Mark
[2025-11-17T18:41:26.100+0000][202][info ][gc,marking  ] GC(3) Concurrent Cleanup for Next Mark 0.991ms
[2025-11-17T18:41:26.100+0000][202][info ][gc          ] GC(3) Concurrent Mark Cycle 16.831ms
[2025-11-17T18:41:26.362+0000][202][info ][safepoint   ] Safepoint "ICBufferFull", Time since last: 264102830 ns, Reaching safepoint: 87139 ns, Cleanup: 63463 ns, At safepoint: 24667 ns, Total: 175269 ns
[2025-11-17T18:41:26.604+0000][202][info ][gc,start    ] GC(4) Pause Young (Prepare Mixed) (G1 Evacuation Pause)
[2025-11-17T18:41:26.604+0000][202][info ][gc,task     ] GC(4) Using 15 workers of 15 for evacuation
[2025-11-17T18:41:26.604+0000][202][debug][gc,age      ] GC(4) Desired survivor size 14680064 bytes, new threshold 15 (max threshold 15)
[2025-11-17T18:41:26.608+0000][202][info ][gc,phases   ] GC(4)   Pre Evacuate Collection Set: 0.32ms
[2025-11-17T18:41:26.608+0000][202][info ][gc,phases   ] GC(4)   Merge Heap Roots: 0.12ms
[2025-11-17T18:41:26.609+0000][202][info ][gc,phases   ] GC(4)   Evacuate Collection Set: 2.55ms
[2025-11-17T18:41:26.609+0000][202][info ][gc,phases   ] GC(4)   Post Evacuate Collection Set: 0.86ms
[2025-11-17T18:41:26.609+0000][202][info ][gc,phases   ] GC(4)   Other: 0.37ms
[2025-11-17T18:41:26.610+0000][202][trace][gc,age      ] GC(4) Age table with threshold 15 (max threshold 15)
[2025-11-17T18:41:26.610+0000][202][trace][gc,age      ] GC(4) - age   1:    2739672 bytes,    2739672 total
[2025-11-17T18:41:26.610+0000][202][trace][gc,age      ] GC(4) - age   2:     336568 bytes,    3076240 total
[2025-11-17T18:41:26.610+0000][202][trace][gc,age      ] GC(4) - age   3:    4392528 bytes,    7468768 total
[2025-11-17T18:41:26.611+0000][202][info ][gc,heap     ] GC(4) Eden regions: 53->0(103)
[2025-11-17T18:41:26.611+0000][202][info ][gc,heap     ] GC(4) Survivor regions: 2->2(7)
[2025-11-17T18:41:26.613+0000][202][info ][gc,heap     ] GC(4) Old regions: 3->3
[2025-11-17T18:41:26.613+0000][202][info ][gc,heap     ] GC(4) Humongous regions: 0->0
[2025-11-17T18:41:26.614+0000][202][info ][gc,metaspace] GC(4) Metaspace: 23938K(24704K)->23938K(24704K) NonClass: 21200K(21632K)->21200K(21632K) Class: 2738K(3072K)->2738K(3072K)
[2025-11-17T18:41:26.614+0000][202][info ][gc          ] GC(4) Pause Young (Prepare Mixed) (G1 Evacuation Pause) 222M->13M(1024M) 10.530ms
[2025-11-17T18:41:26.614+0000][202][info ][gc,cpu      ] GC(4) User=0.04s Sys=0.00s Real=0.01s
[2025-11-17T18:41:26.615+0000][202][info ][safepoint   ] Safepoint "G1CollectForAllocation", Time since last: 241105997 ns, Reaching safepoint: 3757 ns, Cleanup: 57701 ns, At safepoint: 11385454 ns, Total: 11446912 ns
[2025-11-17T18:41:26.917+0000][202][info ][safepoint   ] Safepoint "ICBufferFull", Time since last: 301883306 ns, Reaching safepoint: 2870 ns, Cleanup: 81236 ns, At safepoint: 5444 ns, Total: 89550 ns
[2025-11-17T18:41:27.343+0000][202][info ][gc,start    ] GC(5) Pause Young (Mixed) (G1 Evacuation Pause)
[2025-11-17T18:41:27.344+0000][202][info ][gc,task     ] GC(5) Using 15 workers of 15 for evacuation
[2025-11-17T18:41:27.344+0000][202][debug][gc,age      ] GC(5) Desired survivor size 29360128 bytes, new threshold 15 (max threshold 15)
[2025-11-17T18:41:27.352+0000][202][info ][gc,phases   ] GC(5)   Pre Evacuate Collection Set: 0.36ms
[2025-11-17T18:41:27.355+0000][202][info ][gc,phases   ] GC(5)   Merge Heap Roots: 0.17ms
[2025-11-17T18:41:27.355+0000][202][info ][gc,phases   ] GC(5)   Evacuate Collection Set: 6.03ms
[2025-11-17T18:41:27.356+0000][202][info ][gc,phases   ] GC(5)   Post Evacuate Collection Set: 1.28ms
[2025-11-17T18:41:27.357+0000][202][info ][gc,phases   ] GC(5)   Other: 1.00ms
[2025-11-17T18:41:27.358+0000][202][trace][gc,age      ] GC(5) Age table with threshold 15 (max threshold 15)
[2025-11-17T18:41:27.358+0000][202][trace][gc,age      ] GC(5) - age   1:    8171720 bytes,    8171720 total
[2025-11-17T18:41:27.359+0000][202][trace][gc,age      ] GC(5) - age   2:    2697808 bytes,   10869528 total
[2025-11-17T18:41:27.360+0000][202][trace][gc,age      ] GC(5) - age   3:     336248 bytes,   11205776 total
[2025-11-17T18:41:27.360+0000][202][trace][gc,age      ] GC(5) - age   4:    4384192 bytes,   15589968 total
[2025-11-17T18:41:27.361+0000][202][info ][gc,heap     ] GC(5) Eden regions: 103->0(122)
[2025-11-17T18:41:27.361+0000][202][info ][gc,heap     ] GC(5) Survivor regions: 2->5(14)
[2025-11-17T18:41:27.362+0000][202][info ][gc,heap     ] GC(5) Old regions: 3->2
[2025-11-17T18:41:27.363+0000][202][info ][gc,heap     ] GC(5) Humongous regions: 0->0
[2025-11-17T18:41:27.363+0000][202][info ][gc,metaspace] GC(5) Metaspace: 30559K(31360K)->30559K(31360K) NonClass: 27036K(27520K)->27036K(27520K) Class: 3523K(3840K)->3523K(3840K)
[2025-11-17T18:41:27.364+0000][202][info ][gc          ] GC(5) Pause Young (Mixed) (G1 Evacuation Pause) 425M->21M(1024M) 21.302ms
[2025-11-17T18:41:27.365+0000][202][info ][gc,cpu      ] GC(5) User=0.06s Sys=0.00s Real=0.02s
[2025-11-17T18:41:27.365+0000][202][info ][safepoint   ] Safepoint "G1CollectForAllocation", Time since last: 425864688 ns, Reaching safepoint: 2685 ns, Cleanup: 73125 ns, At safepoint: 22615632 ns, Total: 22691442 ns
[2025-11-17T18:41:27.771+0000][202][info ][gc,start    ] GC(6) Pause Young (Concurrent Start) (Metadata GC Threshold)
[2025-11-17T18:41:27.771+0000][202][info ][gc,task     ] GC(6) Using 15 workers of 15 for evacuation
[2025-11-17T18:41:27.771+0000][202][debug][gc,age      ] GC(6) Desired survivor size 33554432 bytes, new threshold 15 (max threshold 15)
[2025-11-17T18:41:27.776+0000][202][info ][gc,phases   ] GC(6)   Pre Evacuate Collection Set: 0.21ms
[2025-11-17T18:41:27.776+0000][202][info ][gc,phases   ] GC(6)   Merge Heap Roots: 0.12ms
[2025-11-17T18:41:27.777+0000][202][info ][gc,phases   ] GC(6)   Evacuate Collection Set: 3.92ms
[2025-11-17T18:41:27.777+0000][202][info ][gc,phases   ] GC(6)   Post Evacuate Collection Set: 0.64ms
[2025-11-17T18:41:27.777+0000][202][info ][gc,phases   ] GC(6)   Other: 0.43ms
[2025-11-17T18:41:27.777+0000][202][trace][gc,age      ] GC(6) Age table with threshold 15 (max threshold 15)
[2025-11-17T18:41:27.777+0000][202][trace][gc,age      ] GC(6) - age   1:    3808576 bytes,    3808576 total
[2025-11-17T18:41:27.777+0000][202][trace][gc,age      ] GC(6) - age   2:    7785168 bytes,   11593744 total
[2025-11-17T18:41:27.778+0000][202][trace][gc,age      ] GC(6) - age   3:    2696240 bytes,   14289984 total
[2025-11-17T18:41:27.778+0000][202][trace][gc,age      ] GC(6) - age   4:     336160 bytes,   14626144 total
[2025-11-17T18:41:27.778+0000][202][trace][gc,age      ] GC(6) - age   5:    4383312 bytes,   19009456 total
[2025-11-17T18:41:27.778+0000][202][info ][gc,heap     ] GC(6) Eden regions: 76->0(147)
[2025-11-17T18:41:27.778+0000][202][info ][gc,heap     ] GC(6) Survivor regions: 5->6(16)
[2025-11-17T18:41:27.779+0000][202][info ][gc,heap     ] GC(6) Old regions: 2->2
[2025-11-17T18:41:27.779+0000][202][info ][gc,heap     ] GC(6) Humongous regions: 0->0
[2025-11-17T18:41:27.779+0000][202][info ][gc,metaspace] GC(6) Metaspace: 35087K(35968K)->35087K(35968K) NonClass: 31091K(31616K)->31091K(31616K) Class: 3995K(4352K)->3995K(4352K)
[2025-11-17T18:41:27.779+0000][202][info ][gc          ] GC(6) Pause Young (Concurrent Start) (Metadata GC Threshold) 325M->25M(1024M) 8.564ms
[2025-11-17T18:41:27.779+0000][202][info ][gc,cpu      ] GC(6) User=0.04s Sys=0.00s Real=0.01s
[2025-11-17T18:41:27.779+0000][202][info ][gc          ] GC(7) Concurrent Mark Cycle
[2025-11-17T18:41:27.780+0000][202][info ][gc,marking  ] GC(7) Concurrent Scan Root Regions
[2025-11-17T18:41:27.780+0000][202][info ][safepoint   ] Safepoint "CollectForMetadataAllocation", Time since last: 404961515 ns, Reaching safepoint: 3978 ns, Cleanup: 93425 ns, At safepoint: 9081036 ns, Total: 9178439 ns
[2025-11-17T18:41:27.782+0000][202][info ][gc,marking  ] GC(7) Concurrent Scan Root Regions 1.999ms
[2025-11-17T18:41:27.782+0000][202][info ][gc,marking  ] GC(7) Concurrent Mark
[2025-11-17T18:41:27.782+0000][202][info ][gc,marking  ] GC(7) Concurrent Mark From Roots
[2025-11-17T18:41:27.787+0000][202][info ][gc,task     ] GC(7) Using 4 workers of 4 for marking
[2025-11-17T18:41:27.787+0000][202][info ][safepoint   ] Safepoint "CollectForMetadataAllocation", Time since last: 7779463 ns, Reaching safepoint: 22651 ns, Cleanup: 2380 ns, At safepoint: 67399 ns, Total: 92430 ns
[2025-11-17T18:41:27.790+0000][202][info ][gc,marking  ] GC(7) Concurrent Mark From Roots 7.084ms
[2025-11-17T18:41:27.793+0000][202][info ][gc,marking  ] GC(7) Concurrent Preclean
[2025-11-17T18:41:27.794+0000][202][info ][gc,marking  ] GC(7) Concurrent Preclean 0.226ms
[2025-11-17T18:41:27.794+0000][202][info ][gc,start    ] GC(7) Pause Remark
[2025-11-17T18:41:27.797+0000][202][info ][gc          ] GC(7) Pause Remark 29M->29M(1024M) 3.368ms
[2025-11-17T18:41:27.800+0000][202][info ][gc,cpu      ] GC(7) User=0.01s Sys=0.00s Real=0.01s
[2025-11-17T18:41:27.800+0000][202][info ][safepoint   ] Safepoint "G1PauseRemark", Time since last: 6536439 ns, Reaching safepoint: 84317 ns, Cleanup: 2771 ns, At safepoint: 5767705 ns, Total: 5854793 ns
[2025-11-17T18:41:27.802+0000][202][info ][gc,marking  ] GC(7) Concurrent Mark 19.709ms
[2025-11-17T18:41:27.803+0000][202][info ][gc,marking  ] GC(7) Concurrent Rebuild Remembered Sets and Scrub Regions
[2025-11-17T18:41:27.804+0000][202][info ][gc,marking  ] GC(7) Concurrent Rebuild Remembered Sets and Scrub Regions 1.416ms
[2025-11-17T18:41:27.810+0000][202][info ][gc,start    ] GC(7) Pause Cleanup
[2025-11-17T18:41:27.810+0000][202][info ][gc          ] GC(7) Pause Cleanup 31M->31M(1024M) 0.466ms
[2025-11-17T18:41:27.810+0000][202][info ][gc,cpu      ] GC(7) User=0.00s Sys=0.00s Real=0.00s
[2025-11-17T18:41:27.810+0000][202][info ][safepoint   ] Safepoint "G1PauseCleanup", Time since last: 9589153 ns, Reaching safepoint: 77812 ns, Cleanup: 6099 ns, At safepoint: 914878 ns, Total: 998789 ns
[2025-11-17T18:41:27.813+0000][202][info ][gc,marking  ] GC(7) Concurrent Clear Claimed Marks
[2025-11-17T18:41:27.814+0000][202][info ][gc,marking  ] GC(7) Concurrent Clear Claimed Marks 0.842ms
[2025-11-17T18:41:27.815+0000][202][info ][gc,marking  ] GC(7) Concurrent Cleanup for Next Mark
[2025-11-17T18:41:27.816+0000][202][info ][gc,marking  ] GC(7) Concurrent Cleanup for Next Mark 1.003ms
[2025-11-17T18:41:27.816+0000][202][info ][gc          ] GC(7) Concurrent Mark Cycle 36.878ms
[2025-11-17T18:41:28.146+0000][202][info ][gc,start    ] GC(8) Pause Young (Normal) (G1 Evacuation Pause)
[2025-11-17T18:41:28.147+0000][202][info ][gc,task     ] GC(8) Using 15 workers of 15 for evacuation
[2025-11-17T18:41:28.147+0000][202][debug][gc,age      ] GC(8) Desired survivor size 41943040 bytes, new threshold 15 (max threshold 15)
[2025-11-17T18:41:28.155+0000][202][info ][gc,phases   ] GC(8)   Pre Evacuate Collection Set: 0.19ms
[2025-11-17T18:41:28.155+0000][202][info ][gc,phases   ] GC(8)   Merge Heap Roots: 0.14ms
[2025-11-17T18:41:28.156+0000][202][info ][gc,phases   ] GC(8)   Evacuate Collection Set: 5.86ms
[2025-11-17T18:41:28.156+0000][202][info ][gc,phases   ] GC(8)   Post Evacuate Collection Set: 1.56ms
[2025-11-17T18:41:28.156+0000][202][info ][gc,phases   ] GC(8)   Other: 0.68ms
[2025-11-17T18:41:28.156+0000][202][trace][gc,age      ] GC(8) Age table with threshold 15 (max threshold 15)
[2025-11-17T18:41:28.157+0000][202][trace][gc,age      ] GC(8) - age   1:    9250448 bytes,    9250448 total
[2025-11-17T18:41:28.157+0000][202][trace][gc,age      ] GC(8) - age   2:    3763072 bytes,   13013520 total
[2025-11-17T18:41:28.157+0000][202][trace][gc,age      ] GC(8) - age   3:    7777832 bytes,   20791352 total
[2025-11-17T18:41:28.157+0000][202][trace][gc,age      ] GC(8) - age   4:    2674160 bytes,   23465512 total
[2025-11-17T18:41:28.158+0000][202][trace][gc,age      ] GC(8) - age   5:     336064 bytes,   23801576 total
[2025-11-17T18:41:28.158+0000][202][trace][gc,age      ] GC(8) - age   6:    4374528 bytes,   28176104 total
[2025-11-17T18:41:28.158+0000][202][info ][gc,heap     ] GC(8) Eden regions: 147->0(145)
[2025-11-17T18:41:28.158+0000][202][info ][gc,heap     ] GC(8) Survivor regions: 6->8(20)
[2025-11-17T18:41:28.159+0000][202][info ][gc,heap     ] GC(8) Old regions: 2->2
[2025-11-17T18:41:28.159+0000][202][info ][gc,heap     ] GC(8) Humongous regions: 0->0
[2025-11-17T18:41:28.159+0000][202][info ][gc,metaspace] GC(8) Metaspace: 38741K(39808K)->38741K(39808K) NonClass: 34240K(34880K)->34240K(34880K) Class: 4501K(4928K)->4501K(4928K)
[2025-11-17T18:41:28.159+0000][202][info ][gc          ] GC(8) Pause Young (Normal) (G1 Evacuation Pause) 613M->34M(1024M) 13.193ms
[2025-11-17T18:41:28.159+0000][202][info ][gc,cpu      ] GC(8) User=0.08s Sys=0.00s Real=0.01s
[2025-11-17T18:41:28.160+0000][202][info ][safepoint   ] Safepoint "G1CollectForAllocation", Time since last: 774834552 ns, Reaching safepoint: 2754 ns, Cleanup: 91307 ns, At safepoint: 13611639 ns, Total: 13705700 ns
[2025-11-17T18:41:28.041+0000][202][info ][safepoint   ] Safepoint "ICBufferFull", Time since last: 432296271 ns, Reaching safepoint: 2327 ns, Cleanup: 73240 ns, At safepoint: 4298 ns, Total: 79865 ns
[2025-11-17T18:41:28.503+0000][202][info ][safepoint   ] Safepoint "ICBufferFull", Time since last: 461501142 ns, Reaching safepoint: 4774 ns, Cleanup: 114470 ns, At safepoint: 36773 ns, Total: 156017 ns
[2025-11-17T18:41:29.511+0000][202][info ][safepoint   ] Safepoint "Cleanup", Time since last: 1007518152 ns, Reaching safepoint: 9194 ns, Cleanup: 166331 ns, At safepoint: 11990 ns, Total: 187515 ns
[2025-11-17T18:41:30.002+0000][202][info ][gc,start    ] GC(9) Pause Young (Normal) (G1 Evacuation Pause)
[2025-11-17T18:41:30.003+0000][202][info ][gc,task     ] GC(9) Using 15 workers of 15 for evacuation
[2025-11-17T18:41:30.003+0000][202][debug][gc,age      ] GC(9) Desired survivor size 41943040 bytes, new threshold 15 (max threshold 15)
[2025-11-17T18:41:30.018+0000][202][info ][gc,phases   ] GC(9)   Pre Evacuate Collection Set: 0.26ms
[2025-11-17T18:41:30.018+0000][202][info ][gc,phases   ] GC(9)   Merge Heap Roots: 0.17ms
[2025-11-17T18:41:30.019+0000][202][info ][gc,phases   ] GC(9)   Evacuate Collection Set: 11.30ms
[2025-11-17T18:41:30.020+0000][202][info ][gc,phases   ] GC(9)   Post Evacuate Collection Set: 2.21ms
[2025-11-17T18:41:30.021+0000][202][info ][gc,phases   ] GC(9)   Other: 0.78ms
[2025-11-17T18:41:30.022+0000][202][trace][gc,age      ] GC(9) Age table with threshold 15 (max threshold 15)
[2025-11-17T18:41:30.023+0000][202][trace][gc,age      ] GC(9) - age   1:    8628336 bytes,    8628336 total
[2025-11-17T18:41:30.023+0000][202][trace][gc,age      ] GC(9) - age   2:    8649200 bytes,   17277536 total
[2025-11-17T18:41:30.023+0000][202][trace][gc,age      ] GC(9) - age   3:    3740832 bytes,   21018368 total
[2025-11-17T18:41:30.024+0000][202][trace][gc,age      ] GC(9) - age   4:    7748760 bytes,   28767128 total
[2025-11-17T18:41:30.024+0000][202][trace][gc,age      ] GC(9) - age   5:    2499816 bytes,   31266944 total
[2025-11-17T18:41:30.024+0000][202][trace][gc,age      ] GC(9) - age   6:     335712 bytes,   31602656 total
[2025-11-17T18:41:30.024+0000][202][trace][gc,age      ] GC(9) - age   7:    4347920 bytes,   35950576 total
[2025-11-17T18:41:30.025+0000][202][info ][gc,heap     ] GC(9) Eden regions: 145->0(143)
[2025-11-17T18:41:30.025+0000][202][info ][gc,heap     ] GC(9) Survivor regions: 8->10(20)
[2025-11-17T18:41:30.025+0000][202][info ][gc,heap     ] GC(9) Old regions: 2->2
[2025-11-17T18:41:30.026+0000][202][info ][gc,heap     ] GC(9) Humongous regions: 0->0
[2025-11-17T18:41:30.026+0000][202][info ][gc,metaspace] GC(9) Metaspace: 51991K(53312K)->51991K(53312K) NonClass: 45755K(46592K)->45755K(46592K) Class: 6235K(6720K)->6235K(6720K)
[2025-11-17T18:41:30.026+0000][202][info ][gc          ] GC(9) Pause Young (Normal) (G1 Evacuation Pause) 614M->43M(1024M) 23.802ms
[2025-11-17T18:41:30.027+0000][202][info ][gc,cpu      ] GC(9) User=0.13s Sys=0.01s Real=0.02s
[2025-11-17T18:41:30.027+0000][202][info ][safepoint   ] Safepoint "G1CollectForAllocation", Time since last: 491648746 ns, Reaching safepoint: 2866 ns, Cleanup: 21479 ns, At safepoint: 24463637 ns, Total: 24487982 ns
[2025-11-17T18:41:30.307+0000][202][info ][gc,start    ] GC(10) Pause Young (Concurrent Start) (Metadata GC Threshold)
[2025-11-17T18:41:30.308+0000][202][info ][gc,task     ] GC(10) Using 15 workers of 15 for evacuation
[2025-11-17T18:41:30.308+0000][202][debug][gc,age      ] GC(10) Desired survivor size 41943040 bytes, new threshold 15 (max threshold 15)
[2025-11-17T18:41:30.316+0000][202][info ][gc,phases   ] GC(10)   Pre Evacuate Collection Set: 0.20ms
[2025-11-17T18:41:30.316+0000][202][info ][gc,phases   ] GC(10)   Merge Heap Roots: 0.13ms
[2025-11-17T18:41:30.317+0000][202][info ][gc,phases   ] GC(10)   Evacuate Collection Set: 5.63ms
[2025-11-17T18:41:30.317+0000][202][info ][gc,phases   ] GC(10)   Post Evacuate Collection Set: 1.72ms
[2025-11-17T18:41:30.317+0000][202][info ][gc,phases   ] GC(10)   Other: 0.63ms
[2025-11-17T18:41:30.318+0000][202][trace][gc,age      ] GC(10) Age table with threshold 15 (max threshold 15)
[2025-11-17T18:41:30.318+0000][202][trace][gc,age      ] GC(10) - age   1:    1741208 bytes,    1741208 total
[2025-11-17T18:41:30.319+0000][202][trace][gc,age      ] GC(10) - age   2:    8488600 bytes,   10229808 total
[2025-11-17T18:41:30.319+0000][202][trace][gc,age      ] GC(10) - age   3:    8644056 bytes,   18873864 total
[2025-11-17T18:41:30.319+0000][202][trace][gc,age      ] GC(10) - age   4:    3740224 bytes,   22614088 total
[2025-11-17T18:41:30.319+0000][202][trace][gc,age      ] GC(10) - age   5:    7746936 bytes,   30361024 total
[2025-11-17T18:41:30.320+0000][202][trace][gc,age      ] GC(10) - age   6:    2499752 bytes,   32860776 total
[2025-11-17T18:41:30.320+0000][202][trace][gc,age      ] GC(10) - age   7:     335712 bytes,   33196488 total
[2025-11-17T18:41:30.320+0000][202][trace][gc,age      ] GC(10) - age   8:    4347472 bytes,   37543960 total
[2025-11-17T18:41:30.320+0000][202][info ][gc,heap     ] GC(10) Eden regions: 11->0(142)
[2025-11-17T18:41:30.321+0000][202][info ][gc,heap     ] GC(10) Survivor regions: 10->11(20)
[2025-11-17T18:41:30.321+0000][202][info ][gc,heap     ] GC(10) Old regions: 2->2
[2025-11-17T18:41:30.321+0000][202][info ][gc,heap     ] GC(10) Humongous regions: 0->0
[2025-11-17T18:41:30.321+0000][202][info ][gc,metaspace] GC(10) Metaspace: 59408K(60928K)->59408K(60928K) NonClass: 51986K(52864K)->51986K(52864K) Class: 7422K(8064K)->7422K(8064K)
[2025-11-17T18:41:30.322+0000][202][info ][gc          ] GC(10) Pause Young (Concurrent Start) (Metadata GC Threshold) 87M->45M(1024M) 14.569ms
[2025-11-17T18:41:30.322+0000][202][info ][gc,cpu      ] GC(10) User=0.07s Sys=0.00s Real=0.02s
[2025-11-17T18:41:30.322+0000][202][info ][gc          ] GC(11) Concurrent Mark Cycle
[2025-11-17T18:41:30.322+0000][202][info ][safepoint   ] Safepoint "CollectForMetadataAllocation", Time since last: 279974649 ns, Reaching safepoint: 2479 ns, Cleanup: 25346 ns, At safepoint: 15138732 ns, Total: 15166557 ns
[2025-11-17T18:41:30.322+0000][202][info ][gc,marking  ] GC(11) Concurrent Scan Root Regions
[2025-11-17T18:41:30.326+0000][202][info ][gc,marking  ] GC(11) Concurrent Scan Root Regions 3.394ms
[2025-11-17T18:41:30.328+0000][202][info ][gc,marking  ] GC(11) Concurrent Mark
[2025-11-17T18:41:30.328+0000][202][info ][gc,marking  ] GC(11) Concurrent Mark From Roots
[2025-11-17T18:41:30.332+0000][202][info ][gc,task     ] GC(11) Using 4 workers of 4 for marking
[2025-11-17T18:41:30.334+0000][202][info ][gc,marking  ] GC(11) Concurrent Mark From Roots 6.186ms
[2025-11-17T18:41:30.336+0000][202][info ][gc,marking  ] GC(11) Concurrent Preclean
[2025-11-17T18:41:30.336+0000][202][info ][gc,marking  ] GC(11) Concurrent Preclean 0.385ms
[2025-11-17T18:41:30.337+0000][202][info ][gc,start    ] GC(11) Pause Remark
[2025-11-17T18:41:30.340+0000][202][info ][gc          ] GC(11) Pause Remark 48M->48M(1024M) 3.676ms
[2025-11-17T18:41:30.341+0000][202][info ][gc,cpu      ] GC(11) User=0.02s Sys=0.00s Real=0.00s
[2025-11-17T18:41:30.342+0000][202][info ][safepoint   ] Safepoint "G1PauseRemark", Time since last: 14556256 ns, Reaching safepoint: 92161 ns, Cleanup: 7524 ns, At safepoint: 4861776 ns, Total: 4961461 ns
[2025-11-17T18:41:30.342+0000][202][info ][gc,marking  ] GC(11) Concurrent Mark 14.532ms
[2025-11-17T18:41:30.343+0000][202][info ][gc,marking  ] GC(11) Concurrent Rebuild Remembered Sets and Scrub Regions
[2025-11-17T18:41:30.345+0000][202][info ][gc,marking  ] GC(11) Concurrent Rebuild Remembered Sets and Scrub Regions 1.753ms
[2025-11-17T18:41:30.345+0000][202][info ][gc,start    ] GC(11) Pause Cleanup
[2025-11-17T18:41:30.346+0000][202][info ][gc          ] GC(11) Pause Cleanup 49M->49M(1024M) 0.791ms
[2025-11-17T18:41:30.347+0000][202][info ][gc,cpu      ] GC(11) User=0.00s Sys=0.00s Real=0.00s
[2025-11-17T18:41:30.347+0000][202][info ][safepoint   ] Safepoint "G1PauseCleanup", Time since last: 3643409 ns, Reaching safepoint: 1936 ns, Cleanup: 7211 ns, At safepoint: 2005871 ns, Total: 2015018 ns
[2025-11-17T18:41:30.348+0000][202][info ][gc,marking  ] GC(11) Concurrent Clear Claimed Marks
[2025-11-17T18:41:30.349+0000][202][info ][gc,marking  ] GC(11) Concurrent Clear Claimed Marks 0.695ms
[2025-11-17T18:41:30.349+0000][202][info ][gc,marking  ] GC(11) Concurrent Cleanup for Next Mark
[2025-11-17T18:41:30.351+0000][202][info ][gc,marking  ] GC(11) Concurrent Cleanup for Next Mark 1.585ms
[2025-11-17T18:41:30.351+0000][202][info ][gc          ] GC(11) Concurrent Mark Cycle 29.655ms
[2025-11-17T18:41:30.952+0000][202][info ][safepoint   ] Safepoint "ICBufferFull", Time since last: 604309164 ns, Reaching safepoint: 2977 ns, Cleanup: 73496 ns, At safepoint: 4180 ns, Total: 80653 ns
[2025-11-17T18:41:31.713+0000][202][info ][safepoint   ] Safepoint "ICBufferFull", Time since last: 761535312 ns, Reaching safepoint: 93928 ns, Cleanup: 75748 ns, At safepoint: 44758 ns, Total: 214434 ns
[2025-11-17T18:41:32.208+0000][202][info ][gc,start    ] GC(12) Pause Young (Normal) (G1 Evacuation Pause)
[2025-11-17T18:41:32.208+0000][202][info ][gc,task     ] GC(12) Using 15 workers of 15 for evacuation
[2025-11-17T18:41:32.209+0000][202][debug][gc,age      ] GC(12) Desired survivor size 41943040 bytes, new threshold 15 (max threshold 15)
[2025-11-17T18:41:32.224+0000][202][info ][gc,phases   ] GC(12)   Pre Evacuate Collection Set: 0.37ms
[2025-11-17T18:41:32.229+0000][202][info ][gc,phases   ] GC(12)   Merge Heap Roots: 0.16ms
[2025-11-17T18:41:32.230+0000][202][info ][gc,phases   ] GC(12)   Evacuate Collection Set: 10.80ms
[2025-11-17T18:41:32.231+0000][202][info ][gc,phases   ] GC(12)   Post Evacuate Collection Set: 1.92ms
[2025-11-17T18:41:32.231+0000][202][info ][gc,phases   ] GC(12)   Other: 2.63ms
[2025-11-17T18:41:32.231+0000][202][trace][gc,age      ] GC(12) Age table with threshold 15 (max threshold 15)
[2025-11-17T18:41:32.232+0000][202][trace][gc,age      ] GC(12) - age   1:   11134640 bytes,   11134640 total
[2025-11-17T18:41:32.232+0000][202][trace][gc,age      ] GC(12) - age   2:    1577392 bytes,   12712032 total
[2025-11-17T18:41:32.232+0000][202][trace][gc,age      ] GC(12) - age   3:    8290296 bytes,   21002328 total
[2025-11-17T18:41:32.233+0000][202][trace][gc,age      ] GC(12) - age   4:    8595072 bytes,   29597400 total
[2025-11-17T18:41:32.233+0000][202][trace][gc,age      ] GC(12) - age   5:    3733624 bytes,   33331024 total
[2025-11-17T18:41:32.234+0000][202][trace][gc,age      ] GC(12) - age   6:    7719136 bytes,   41050160 total
[2025-11-17T18:41:32.234+0000][202][trace][gc,age      ] GC(12) - age   7:    2492272 bytes,   43542432 total
[2025-11-17T18:41:32.235+0000][202][trace][gc,age      ] GC(12) - age   8:     335328 bytes,   43877760 total
[2025-11-17T18:41:32.235+0000][202][trace][gc,age      ] GC(12) - age   9:    4329552 bytes,   48207312 total
[2025-11-17T18:41:32.235+0000][202][info ][gc,heap     ] GC(12) Eden regions: 142->0(140)
[2025-11-17T18:41:32.236+0000][202][info ][gc,heap     ] GC(12) Survivor regions: 11->13(20)
[2025-11-17T18:41:32.236+0000][202][info ][gc,heap     ] GC(12) Old regions: 2->2
[2025-11-17T18:41:32.237+0000][202][info ][gc,heap     ] GC(12) Humongous regions: 0->0
[2025-11-17T18:41:32.237+0000][202][info ][gc,metaspace] GC(12) Metaspace: 75643K(77440K)->75643K(77440K) NonClass: 65539K(66624K)->65539K(66624K) Class: 10104K(10816K)->10104K(10816K)
[2025-11-17T18:41:32.238+0000][202][info ][gc          ] GC(12) Pause Young (Normal) (G1 Evacuation Pause) 613M->55M(1024M) 30.351ms
[2025-11-17T18:41:32.238+0000][202][info ][gc,cpu      ] GC(12) User=0.11s Sys=0.01s Real=0.03s
[2025-11-17T18:41:32.239+0000][202][info ][safepoint   ] Safepoint "G1CollectForAllocation", Time since last: 494064455 ns, Reaching safepoint: 3307 ns, Cleanup: 57583 ns, At safepoint: 31470153 ns, Total: 31531043 ns
[2025-11-17T18:41:32.663+0000][202][info ][safepoint   ] Safepoint "ICBufferFull", Time since last: 423813856 ns, Reaching safepoint: 2224 ns, Cleanup: 75497 ns, At safepoint: 3870 ns, Total: 81591 ns
[2025-11-17T18:41:33.209+0000][202][info ][safepoint   ] Safepoint "ICBufferFull", Time since last: 545829570 ns, Reaching safepoint: 2381 ns, Cleanup: 69906 ns, At safepoint: 3834 ns, Total: 76121 ns
[2025-11-17T18:41:33.640+0000][202][info ][gc,start    ] GC(13) Pause Young (Concurrent Start) (Metadata GC Threshold)
[2025-11-17T18:41:33.641+0000][202][info ][gc,task     ] GC(13) Using 15 workers of 15 for evacuation
[2025-11-17T18:41:33.641+0000][202][debug][gc,age      ] GC(13) Desired survivor size 41943040 bytes, new threshold 7 (max threshold 15)
[2025-11-17T18:41:33.653+0000][202][info ][gc,phases   ] GC(13)   Pre Evacuate Collection Set: 0.21ms
[2025-11-17T18:41:33.654+0000][202][info ][gc,phases   ] GC(13)   Merge Heap Roots: 0.12ms
[2025-11-17T18:41:33.654+0000][202][info ][gc,phases   ] GC(13)   Evacuate Collection Set: 9.76ms
[2025-11-17T18:41:33.655+0000][202][info ][gc,phases   ] GC(13)   Post Evacuate Collection Set: 2.05ms
[2025-11-17T18:41:33.655+0000][202][info ][gc,phases   ] GC(13)   Other: 0.60ms
[2025-11-17T18:41:33.656+0000][202][trace][gc,age      ] GC(13) Age table with threshold 7 (max threshold 15)
[2025-11-17T18:41:33.656+0000][202][trace][gc,age      ] GC(13) - age   1:    9614504 bytes,    9614504 total
[2025-11-17T18:41:33.657+0000][202][trace][gc,age      ] GC(13) - age   2:   10768008 bytes,   20382512 total
[2025-11-17T18:41:33.657+0000][202][trace][gc,age      ] GC(13) - age   3:    1571128 bytes,   21953640 total
[2025-11-17T18:41:33.658+0000][202][trace][gc,age      ] GC(13) - age   4:    8136448 bytes,   30090088 total
[2025-11-17T18:41:33.659+0000][202][trace][gc,age      ] GC(13) - age   5:    8576448 bytes,   38666536 total
[2025-11-17T18:41:33.659+0000][202][trace][gc,age      ] GC(13) - age   6:    3716472 bytes,   42383008 total
[2025-11-17T18:41:33.659+0000][202][trace][gc,age      ] GC(13) - age   7:    7706656 bytes,   50089664 total
[2025-11-17T18:41:33.660+0000][202][info ][gc,heap     ] GC(13) Eden regions: 76->0(140)
[2025-11-17T18:41:33.660+0000][202][info ][gc,heap     ] GC(13) Survivor regions: 13->13(20)
[2025-11-17T18:41:33.660+0000][202][info ][gc,heap     ] GC(13) Old regions: 2->4
[2025-11-17T18:41:33.660+0000][202][info ][gc,heap     ] GC(13) Humongous regions: 0->0
[2025-11-17T18:41:33.661+0000][202][info ][gc,metaspace] GC(13) Metaspace: 100045K(102080K)->100045K(102080K) NonClass: 86588K(87744K)->86588K(87744K) Class: 13456K(14336K)->13456K(14336K)
[2025-11-17T18:41:33.661+0000][202][info ][gc          ] GC(13) Pause Young (Concurrent Start) (Metadata GC Threshold) 359M->63M(1024M) 20.700ms
[2025-11-17T18:41:33.661+0000][202][info ][gc          ] GC(14) Concurrent Mark Cycle
[2025-11-17T18:41:33.661+0000][202][info ][gc,marking  ] GC(14) Concurrent Scan Root Regions
[2025-11-17T18:41:33.661+0000][202][info ][gc,cpu      ] GC(13) User=0.08s Sys=0.00s Real=0.02s
[2025-11-17T18:41:33.666+0000][202][info ][gc,marking  ] GC(14) Concurrent Scan Root Regions 4.322ms
[2025-11-17T18:41:33.666+0000][202][info ][gc,marking  ] GC(14) Concurrent Mark
[2025-11-17T18:41:33.666+0000][202][info ][gc,marking  ] GC(14) Concurrent Mark From Roots
[2025-11-17T18:41:33.666+0000][202][info ][gc,task     ] GC(14) Using 4 workers of 4 for marking
[2025-11-17T18:41:33.666+0000][202][info ][safepoint   ] Safepoint "CollectForMetadataAllocation", Time since last: 431317688 ns, Reaching safepoint: 2782 ns, Cleanup: 39388 ns, At safepoint: 25535695 ns, Total: 25577865 ns
[2025-11-17T18:41:33.668+0000][202][info ][gc,marking  ] GC(14) Concurrent Mark From Roots 1.908ms
[2025-11-17T18:41:33.668+0000][202][info ][gc,marking  ] GC(14) Concurrent Preclean
[2025-11-17T18:41:33.668+0000][202][info ][gc,marking  ] GC(14) Concurrent Preclean 0.202ms
[2025-11-17T18:41:33.669+0000][202][info ][gc,start    ] GC(14) Pause Remark
[2025-11-17T18:41:33.673+0000][202][info ][gc          ] GC(14) Pause Remark 67M->67M(1024M) 3.836ms
[2025-11-17T18:41:33.676+0000][202][info ][gc,cpu      ] GC(14) User=0.01s Sys=0.00s Real=0.01s
[2025-11-17T18:41:33.677+0000][202][info ][safepoint   ] Safepoint "G1PauseRemark", Time since last: 2921653 ns, Reaching safepoint: 83917 ns, Cleanup: 5053 ns, At safepoint: 8063002 ns, Total: 8151972 ns
[2025-11-17T18:41:33.679+0000][202][info ][gc,marking  ] GC(14) Concurrent Mark 12.770ms
[2025-11-17T18:41:33.681+0000][202][info ][gc,marking  ] GC(14) Concurrent Rebuild Remembered Sets and Scrub Regions
[2025-11-17T18:41:33.684+0000][202][info ][gc,marking  ] GC(14) Concurrent Rebuild Remembered Sets and Scrub Regions 3.484ms
[2025-11-17T18:41:33.687+0000][202][info ][gc,start    ] GC(14) Pause Cleanup
[2025-11-17T18:41:33.692+0000][202][info ][gc          ] GC(14) Pause Cleanup 67M->67M(1024M) 4.862ms
[2025-11-17T18:41:33.692+0000][202][info ][gc,cpu      ] GC(14) User=0.00s Sys=0.00s Real=0.01s
[2025-11-17T18:41:33.693+0000][202][info ][safepoint   ] Safepoint "G1PauseCleanup", Time since last: 10068097 ns, Reaching safepoint: 2166 ns, Cleanup: 8602 ns, At safepoint: 5844829 ns, Total: 5855597 ns
[2025-11-17T18:41:33.695+0000][202][info ][gc,marking  ] GC(14) Concurrent Clear Claimed Marks
[2025-11-17T18:41:33.696+0000][202][info ][gc,marking  ] GC(14) Concurrent Clear Claimed Marks 1.149ms
[2025-11-17T18:41:33.698+0000][202][info ][gc,marking  ] GC(14) Concurrent Cleanup for Next Mark
[2025-11-17T18:41:33.700+0000][202][info ][gc,marking  ] GC(14) Concurrent Cleanup for Next Mark 2.531ms
[2025-11-17T18:41:33.701+0000][202][info ][gc          ] GC(14) Concurrent Mark Cycle 39.496ms
[2025-11-17T18:41:34.320+0000][202][info ][safepoint   ] Safepoint "ICBufferFull", Time since last: 627085684 ns, Reaching safepoint: 2659 ns, Cleanup: 72505 ns, At safepoint: 4700 ns, Total: 79864 ns
[2025-11-17T18:41:35.108+0000][202][info ][safepoint   ] Safepoint "ICBufferFull", Time since last: 788525602 ns, Reaching safepoint: 2652 ns, Cleanup: 67883 ns, At safepoint: 3579 ns, Total: 74114 ns
[2025-11-17T18:41:35.879+0000][202][info ][safepoint   ] Safepoint "ICBufferFull", Time since last: 770393056 ns, Reaching safepoint: 3201 ns, Cleanup: 90852 ns, At safepoint: 16001 ns, Total: 110054 ns
[2025-11-17T18:41:36.450+0000][202][info ][safepoint   ] Safepoint "ICBufferFull", Time since last: 571357580 ns, Reaching safepoint: 4239 ns, Cleanup: 79336 ns, At safepoint: 22501 ns, Total: 106076 ns
[2025-11-17T18:41:37.236+0000][202][info ][safepoint   ] Safepoint "ICBufferFull", Time since last: 785972346 ns, Reaching safepoint: 5493 ns, Cleanup: 72579 ns, At safepoint: 4054 ns, Total: 82126 ns
[2025-11-17T18:41:38.449+0000][202][info ][safepoint   ] Safepoint "ICBufferFull", Time since last: 1212730368 ns, Reaching safepoint: 5931 ns, Cleanup: 66652 ns, At safepoint: 4363 ns, Total: 76946 ns
[2025-11-17T18:41:39.562+0000][202][info ][safepoint   ] Safepoint "Cleanup", Time since last: 1112689129 ns, Reaching safepoint: 2616 ns, Cleanup: 55335 ns, At safepoint: 16764 ns, Total: 74715 ns
[2025-11-17T18:41:40.700+0000][202][info ][safepoint   ] Safepoint "Cleanup", Time since last: 1138078801 ns, Reaching safepoint: 91154 ns, Cleanup: 50897 ns, At safepoint: 69429 ns, Total: 211480 ns
[2025-11-17T18:41:41.706+0000][202][info ][safepoint   ] Safepoint "Cleanup", Time since last: 1005312402 ns, Reaching safepoint: 18663 ns, Cleanup: 59807 ns, At safepoint: 15373 ns, Total: 93843 ns
[2025-11-17T18:41:44.709+0000][202][info ][safepoint   ] Safepoint "Cleanup", Time since last: 3002757324 ns, Reaching safepoint: 19437 ns, Cleanup: 28565 ns, At safepoint: 17190 ns, Total: 65192 ns
[2025-11-17T18:41:48.713+0000][202][info ][safepoint   ] Safepoint "Cleanup", Time since last: 4004791305 ns, Reaching safepoint: 19494 ns, Cleanup: 28645 ns, At safepoint: 13735 ns, Total: 61874 ns
[2025-11-17T18:41:50.715+0000][202][info ][safepoint   ] Safepoint "Cleanup", Time since last: 2001794976 ns, Reaching safepoint: 46161 ns, Cleanup: 42738 ns, At safepoint: 9325 ns, Total: 98224 ns
[2025-11-17T18:41:52.720+0000][202][info ][safepoint   ] Safepoint "Cleanup", Time since last: 2004496567 ns, Reaching safepoint: 21574 ns, Cleanup: 111034 ns, At safepoint: 18728 ns, Total: 151336 ns
[2025-11-17T18:41:57.285+0000][202][info ][safepoint   ] Safepoint "Cleanup", Time since last: 5007905199 ns, Reaching safepoint: 17268 ns, Cleanup: 24794 ns, At safepoint: 14161 ns, Total: 56223 ns
[2025-11-17T18:42:01.745+0000][202][info ][safepoint   ] Safepoint "Cleanup", Time since last: 5008753277 ns, Reaching safepoint: 8963 ns, Cleanup: 12469 ns, At safepoint: 5947 ns, Total: 27379 ns
[2025-11-17T18:42:03.748+0000][202][info ][safepoint   ] Safepoint "Cleanup", Time since last: 2003148157 ns, Reaching safepoint: 76336 ns, Cleanup: 20295 ns, At safepoint: 21390 ns, Total: 118021 ns
[2025-11-17T18:42:05.751+0000][202][info ][safepoint   ] Safepoint "Cleanup", Time since last: 2003216033 ns, Reaching safepoint: 17242 ns, Cleanup: 25457 ns, At safepoint: 41163 ns, Total: 83862 ns
[2025-11-17T18:42:09.757+0000][202][info ][safepoint   ] Safepoint "Cleanup", Time since last: 4005409012 ns, Reaching safepoint: 8163 ns, Cleanup: 10289 ns, At safepoint: 4412 ns, Total: 22864 ns
[2025-11-17T18:42:10.758+0000][202][info ][safepoint   ] Safepoint "Cleanup", Time since last: 1001370968 ns, Reaching safepoint: 13979 ns, Cleanup: 29471 ns, At safepoint: 10791 ns, Total: 54241 ns
[2025-11-17T18:42:16.763+0000][202][info ][safepoint   ] Safepoint "Cleanup", Time since last: 6005307796 ns, Reaching safepoint: 10877 ns, Cleanup: 14530 ns, At safepoint: 6944 ns, Total: 32351 ns
[2025-11-17T18:42:21.768+0000][202][info ][safepoint   ] Safepoint "Cleanup", Time since last: 5004628891 ns, Reaching safepoint: 92464 ns, Cleanup: 21514 ns, At safepoint: 11376 ns, Total: 125354 ns
[2025-11-17T18:42:23.625+0000][202][info ][safepoint   ] Safepoint "Cleanup", Time since last: 1856834026 ns, Reaching safepoint: 9628 ns, Cleanup: 14225 ns, At safepoint: 6897 ns, Total: 30750 ns
[2025-11-17T18:42:32.658+0000][202][info ][safepoint   ] Safepoint "Cleanup", Time since last: 10016056684 ns, Reaching safepoint: 86894 ns, Cleanup: 28922 ns, At safepoint: 29070 ns, Total: 144886 ns
[2025-11-17T18:42:35.666+0000][202][info ][safepoint   ] Safepoint "Cleanup", Time since last: 3007572078 ns, Reaching safepoint: 11105 ns, Cleanup: 15314 ns, At safepoint: 7552 ns, Total: 33971 ns
[2025-11-17T18:42:36.668+0000][202][info ][safepoint   ] Safepoint "Cleanup", Time since last: 1002264582 ns, Reaching safepoint: 21968 ns, Cleanup: 31298 ns, At safepoint: 19023 ns, Total: 72289 ns
[2025-11-17T18:42:37.670+0000][202][info ][safepoint   ] Safepoint "Cleanup", Time since last: 1002327810 ns, Reaching safepoint: 12652 ns, Cleanup: 16983 ns, At safepoint: 11371 ns, Total: 41006 ns
[2025-11-17T18:42:39.678+0000][202][info ][safepoint   ] Safepoint "Cleanup", Time since last: 2007627557 ns, Reaching safepoint: 18738 ns, Cleanup: 33750 ns, At safepoint: 12174 ns, Total: 64662 ns
[2025-11-17T18:42:45.688+0000][202][info ][safepoint   ] Safepoint "Cleanup", Time since last: 6009624157 ns, Reaching safepoint: 21867 ns, Cleanup: 24134 ns, At safepoint: 12132 ns, Total: 58133 ns
[2025-11-17T18:42:50.692+0000][202][info ][safepoint   ] Safepoint "Cleanup", Time since last: 5004499443 ns, Reaching safepoint: 29171 ns, Cleanup: 15964 ns, At safepoint: 5789 ns, Total: 50924 ns
[2025-11-17T18:42:55.672+0000][202][info ][safepoint   ] Safepoint "Cleanup", Time since last: 6003286435 ns, Reaching safepoint: 20099 ns, Cleanup: 10647 ns, At safepoint: 4539 ns, Total: 35285 ns
[2025-11-17T18:42:57.681+0000][202][info ][safepoint   ] Safepoint "Cleanup", Time since last: 2008165810 ns, Reaching safepoint: 8619 ns, Cleanup: 10771 ns, At safepoint: 6229 ns, Total: 25619 ns
[2025-11-17T18:42:58.682+0000][202][info ][safepoint   ] Safepoint "Cleanup", Time since last: 1001265086 ns, Reaching safepoint: 8447 ns, Cleanup: 10843 ns, At safepoint: 5483 ns, Total: 24773 ns
[2025-11-17T18:43:03.684+0000][202][info ][safepoint   ] Safepoint "Cleanup", Time since last: 5002165836 ns, Reaching safepoint: 8615 ns, Cleanup: 14111 ns, At safepoint: 5343 ns, Total: 28069 ns
[2025-11-17T18:43:08.686+0000][202][info ][safepoint   ] Safepoint "Cleanup", Time since last: 5002109660 ns, Reaching safepoint: 25699 ns, Cleanup: 15978 ns, At safepoint: 7418 ns, Total: 49095 ns
[2025-11-17T18:43:10.688+0000][202][info ][safepoint   ] Safepoint "Cleanup", Time since last: 2001896783 ns, Reaching safepoint: 8252 ns, Cleanup: 10493 ns, At safepoint: 5920 ns, Total: 24665 ns
[2025-11-17T18:43:14.691+0000][202][info ][safepoint   ] Safepoint "Cleanup", Time since last: 4002409595 ns, Reaching safepoint: 7590 ns, Cleanup: 12229 ns, At safepoint: 5225 ns, Total: 25044 ns
[2025-11-17T18:43:19.709+0000][202][info ][safepoint   ] Safepoint "Cleanup", Time since last: 5017937219 ns, Reaching safepoint: 7807 ns, Cleanup: 11770 ns, At safepoint: 5685 ns, Total: 25262 ns
[2025-11-17T18:43:33.889+0000][202][info ][safepoint   ] Safepoint "Cleanup", Time since last: 15157424261 ns, Reaching safepoint: 33166 ns, Cleanup: 11339 ns, At safepoint: 5906 ns, Total: 50411 ns
[2025-11-17T18:43:34.688+0000][202][info ][gc,start    ] GC(15) Pause Young (Normal) (G1 Evacuation Pause)
[2025-11-17T18:43:34.688+0000][202][info ][gc,task     ] GC(15) Using 15 workers of 15 for evacuation
[2025-11-17T18:43:34.689+0000][202][debug][gc,age      ] GC(15) Desired survivor size 41943040 bytes, new threshold 6 (max threshold 15)
[2025-11-17T18:43:34.710+0000][202][info ][gc,phases   ] GC(15)   Pre Evacuate Collection Set: 0.25ms
[2025-11-17T18:43:34.710+0000][202][info ][gc,phases   ] GC(15)   Merge Heap Roots: 0.13ms
[2025-11-17T18:43:34.710+0000][202][info ][gc,phases   ] GC(15)   Evacuate Collection Set: 17.87ms
[2025-11-17T18:43:34.711+0000][202][info ][gc,phases   ] GC(15)   Post Evacuate Collection Set: 2.79ms
[2025-11-17T18:43:34.711+0000][202][info ][gc,phases   ] GC(15)   Other: 0.57ms
[2025-11-17T18:43:34.711+0000][202][trace][gc,age      ] GC(15) Age table with threshold 6 (max threshold 15)
[2025-11-17T18:43:34.711+0000][202][trace][gc,age      ] GC(15) - age   1:   45863672 bytes,   45863672 total
[2025-11-17T18:43:34.712+0000][202][trace][gc,age      ] GC(15) - age   2:    8727888 bytes,   54591560 total
[2025-11-17T18:43:34.712+0000][202][trace][gc,age      ] GC(15) - age   3:   10228280 bytes,   64819840 total
[2025-11-17T18:43:34.712+0000][202][trace][gc,age      ] GC(15) - age   4:    1310248 bytes,   66130088 total
[2025-11-17T18:43:34.713+0000][202][trace][gc,age      ] GC(15) - age   5:    7741424 bytes,   73871512 total
[2025-11-17T18:43:34.713+0000][202][trace][gc,age      ] GC(15) - age   6:    8526008 bytes,   82397520 total
[2025-11-17T18:43:34.713+0000][202][info ][gc,heap     ] GC(15) Eden regions: 140->0(133)
[2025-11-17T18:43:34.713+0000][202][info ][gc,heap     ] GC(15) Survivor regions: 13->20(20)
[2025-11-17T18:43:34.713+0000][202][info ][gc,heap     ] GC(15) Old regions: 4->9
[2025-11-17T18:43:34.714+0000][202][info ][gc,heap     ] GC(15) Humongous regions: 0->0
[2025-11-17T18:43:34.714+0000][202][info ][gc,metaspace] GC(15) Metaspace: 140501K(144448K)->140501K(144448K) NonClass: 120548K(122688K)->120548K(122688K) Class: 19953K(21760K)->19953K(21760K)
[2025-11-17T18:43:34.714+0000][202][info ][gc          ] GC(15) Pause Young (Normal) (G1 Evacuation Pause) 623M->113M(1024M) 26.460ms
[2025-11-17T18:43:34.715+0000][202][info ][gc,cpu      ] GC(15) User=0.25s Sys=0.02s Real=0.03s
[2025-11-17T18:43:34.715+0000][202][info ][safepoint   ] Safepoint "G1CollectForAllocation", Time since last: 798145200 ns, Reaching safepoint: 8625 ns, Cleanup: 89385 ns, At safepoint: 27246803 ns, Total: 27344813 ns
[2025-11-17T18:43:34.922+0000][202][info ][safepoint   ] Safepoint "ICBufferFull", Time since last: 207191277 ns, Reaching safepoint: 227267 ns, Cleanup: 62855 ns, At safepoint: 31295 ns, Total: 321417 ns
[2025-11-17T18:43:34.987+0000][202][info ][safepoint   ] Safepoint "ICBufferFull", Time since last: 64909595 ns, Reaching safepoint: 5000 ns, Cleanup: 66221 ns, At safepoint: 12629 ns, Total: 83850 ns
[2025-11-17T18:43:35.145+0000][202][info ][safepoint   ] Safepoint "ICBufferFull", Time since last: 157307904 ns, Reaching safepoint: 8759 ns, Cleanup: 68929 ns, At safepoint: 27391 ns, Total: 105079 ns
[2025-11-17T18:43:35.950+0000][202][info ][safepoint   ] Safepoint "ICBufferFull", Time since last: 805277131 ns, Reaching safepoint: 9864 ns, Cleanup: 68419 ns, At safepoint: 14012 ns, Total: 92295 ns
[2025-11-17T18:43:37.247+0000][202][info ][safepoint   ] Safepoint "Cleanup", Time since last: 1296709266 ns, Reaching safepoint: 12745 ns, Cleanup: 39915 ns, At safepoint: 4873 ns, Total: 57533 ns
[2025-11-17T18:43:39.248+0000][202][info ][safepoint   ] Safepoint "Cleanup", Time since last: 2000815345 ns, Reaching safepoint: 10785 ns, Cleanup: 9141 ns, At safepoint: 4489 ns, Total: 24415 ns
[2025-11-17T18:43:54.271+0000][202][info ][safepoint   ] Safepoint "Cleanup", Time since last: 16015364829 ns, Reaching safepoint: 69613 ns, Cleanup: 15160 ns, At safepoint: 15460 ns, Total: 100233 ns
[2025-11-17T18:43:55.272+0000][202][info ][safepoint   ] Safepoint "Cleanup", Time since last: 1001061805 ns, Reaching safepoint: 85290 ns, Cleanup: 12513 ns, At safepoint: 14112 ns, Total: 111915 ns
[2025-11-17T18:43:56.545+0000][202][info ][safepoint   ] Safepoint "Cleanup", Time since last: 1272535778 ns, Reaching safepoint: 15465 ns, Cleanup: 75005 ns, At safepoint: 4832 ns, Total: 95302 ns
[2025-11-17T18:43:58.436+0000][202][info ][safepoint   ] Safepoint "Cleanup", Time since last: 1891531374 ns, Reaching safepoint: 4939 ns, Cleanup: 35834 ns, At safepoint: 10629 ns, Total: 51402 ns
[2025-11-17T18:43:59.461+0000][202][info ][safepoint   ] Safepoint "Cleanup", Time since last: 1024252779 ns, Reaching safepoint: 29719 ns, Cleanup: 85932 ns, At safepoint: 5542 ns, Total: 121193 ns
[2025-11-17T18:44:00.461+0000][202][info ][safepoint   ] Safepoint "Cleanup", Time since last: 1000344459 ns, Reaching safepoint: 19751 ns, Cleanup: 14329 ns, At safepoint: 40272 ns, Total: 74352 ns
[2025-11-17T18:44:01.462+0000][202][info ][safepoint   ] Safepoint "Cleanup", Time since last: 1000450396 ns, Reaching safepoint: 25747 ns, Cleanup: 9942 ns, At safepoint: 5081 ns, Total: 40770 ns
[2025-11-17T18:44:02.688+0000][202][info ][safepoint   ] Safepoint "Cleanup", Time since last: 1225968992 ns, Reaching safepoint: 87894 ns, Cleanup: 12979 ns, At safepoint: 45759 ns, Total: 146632 ns
[2025-11-17T18:44:03.706+0000][202][info ][safepoint   ] Safepoint "Cleanup", Time since last: 1018605384 ns, Reaching safepoint: 17586 ns, Cleanup: 39878 ns, At safepoint: 5787 ns, Total: 63251 ns
[2025-11-17T18:44:04.708+0000][202][info ][safepoint   ] Safepoint "Cleanup", Time since last: 1001940277 ns, Reaching safepoint: 4870 ns, Cleanup: 31054 ns, At safepoint: 11133 ns, Total: 47057 ns
[2025-11-17T18:44:05.718+0000][202][info ][safepoint   ] Safepoint "ICBufferFull", Time since last: 1009827381 ns, Reaching safepoint: 87895 ns, Cleanup: 155124 ns, At safepoint: 31067 ns, Total: 274086 ns
[2025-11-17T18:44:07.010+0000][202][info ][safepoint   ] Safepoint "ICBufferFull", Time since last: 1291366139 ns, Reaching safepoint: 158534 ns, Cleanup: 76058 ns, At safepoint: 128275 ns, Total: 362867 ns
[2025-11-17T18:44:08.012+0000][202][info ][safepoint   ] Safepoint "Cleanup", Time since last: 1002166437 ns, Reaching safepoint: 16481 ns, Cleanup: 31042 ns, At safepoint: 4873 ns, Total: 52396 ns
[2025-11-17T18:44:13.013+0000][202][info ][safepoint   ] Safepoint "Cleanup", Time since last: 5000810740 ns, Reaching safepoint: 17596 ns, Cleanup: 25705 ns, At safepoint: 5491 ns, Total: 48792 ns
[2025-11-17T18:44:14.542+0000][202][info ][safepoint   ] Safepoint "Cleanup", Time since last: 1529179658 ns, Reaching safepoint: 5028 ns, Cleanup: 22686 ns, At safepoint: 2629 ns, Total: 30343 ns
[2025-11-17T18:44:15.993+0000][202][info ][safepoint   ] Safepoint "Cleanup", Time since last: 1449971337 ns, Reaching safepoint: 87936 ns, Cleanup: 18496 ns, At safepoint: 54522 ns, Total: 160954 ns
[2025-11-17T18:44:17.565+0000][202][info ][safepoint   ] Safepoint "Cleanup", Time since last: 1572717057 ns, Reaching safepoint: 16689 ns, Cleanup: 37408 ns, At safepoint: 5527 ns, Total: 59624 ns
[2025-11-17T18:44:21.865+0000][202][info ][safepoint   ] Safepoint "Cleanup", Time since last: 4299518676 ns, Reaching safepoint: 33298 ns, Cleanup: 45595 ns, At safepoint: 6475 ns, Total: 85368 ns
[2025-11-17T18:44:23.208+0000][202][info ][safepoint   ] Safepoint "Cleanup", Time since last: 2338331177 ns, Reaching safepoint: 87993 ns, Cleanup: 36204 ns, At safepoint: 34861 ns, Total: 159058 ns
[2025-11-17T18:44:24.525+0000][202][info ][safepoint   ] Safepoint "Cleanup", Time since last: 1316544313 ns, Reaching safepoint: 17483 ns, Cleanup: 39275 ns, At safepoint: 6246 ns, Total: 63004 ns
[2025-11-17T18:44:27.526+0000][202][info ][safepoint   ] Safepoint "Cleanup", Time since last: 3001137199 ns, Reaching safepoint: 22153 ns, Cleanup: 14916 ns, At safepoint: 8008 ns, Total: 45077 ns
[2025-11-17T18:44:29.528+0000][202][info ][safepoint   ] Safepoint "Cleanup", Time since last: 2001353165 ns, Reaching safepoint: 22663 ns, Cleanup: 47213 ns, At safepoint: 7702 ns, Total: 77578 ns
[2025-11-17T18:44:30.530+0000][202][info ][safepoint   ] Safepoint "Cleanup", Time since last: 1001961329 ns, Reaching safepoint: 12088 ns, Cleanup: 17213 ns, At safepoint: 4625 ns, Total: 33926 ns
[2025-11-17T18:44:31.533+0000][202][info ][safepoint   ] Safepoint "Cleanup", Time since last: 1003554022 ns, Reaching safepoint: 20158 ns, Cleanup: 27266 ns, At safepoint: 7551 ns, Total: 54975 ns
[2025-11-17T18:44:32.537+0000][202][info ][safepoint   ] Safepoint "Cleanup", Time since last: 1004153500 ns, Reaching safepoint: 5725 ns, Cleanup: 10418 ns, At safepoint: 22070 ns, Total: 38213 ns
[2025-11-17T18:44:32.610+0000][202][info ][gc,start    ] GC(16) Pause Young (Normal) (G1 Evacuation Pause)
[2025-11-17T18:44:32.615+0000][202][info ][gc,task     ] GC(16) Using 15 workers of 15 for evacuation
[2025-11-17T18:44:32.618+0000][202][debug][gc,age      ] GC(16) Desired survivor size 41943040 bytes, new threshold 1 (max threshold 15)
[2025-11-17T18:44:32.637+0000][202][info ][gc,phases   ] GC(16)   Pre Evacuate Collection Set: 1.11ms
[2025-11-17T18:44:32.638+0000][202][info ][gc,phases   ] GC(16)   Merge Heap Roots: 0.22ms
[2025-11-17T18:44:32.638+0000][202][info ][gc,phases   ] GC(16)   Evacuate Collection Set: 14.39ms
[2025-11-17T18:44:32.639+0000][202][info ][gc,phases   ] GC(16)   Post Evacuate Collection Set: 1.54ms
[2025-11-17T18:44:32.639+0000][202][info ][gc,phases   ] GC(16)   Other: 5.39ms
[2025-11-17T18:44:32.639+0000][202][trace][gc,age      ] GC(16) Age table with threshold 1 (max threshold 15)
[2025-11-17T18:44:32.640+0000][202][trace][gc,age      ] GC(16) - age   1:   11953776 bytes,   11953776 total
[2025-11-17T18:44:32.640+0000][202][info ][gc,heap     ] GC(16) Eden regions: 133->0(147)
[2025-11-17T18:44:32.640+0000][202][info ][gc,heap     ] GC(16) Survivor regions: 20->6(20)
[2025-11-17T18:44:32.641+0000][202][info ][gc,heap     ] GC(16) Old regions: 9->29
[2025-11-17T18:44:32.641+0000][202][info ][gc,heap     ] GC(16) Humongous regions: 0->0
[2025-11-17T18:44:32.642+0000][202][info ][gc,metaspace] GC(16) Metaspace: 145871K(149952K)->145871K(149952K) NonClass: 125361K(127552K)->125361K(127552K) Class: 20509K(22400K)->20509K(22400K)
[2025-11-17T18:44:32.643+0000][202][info ][gc          ] GC(16) Pause Young (Normal) (G1 Evacuation Pause) 645M->136M(1024M) 32.039ms
[2025-11-17T18:44:32.643+0000][202][info ][gc,cpu      ] GC(16) User=0.19s Sys=0.00s Real=0.03s
[2025-11-17T18:44:32.644+0000][202][info ][safepoint   ] Safepoint "G1CollectForAllocation", Time since last: 72936977 ns, Reaching safepoint: 31616 ns, Cleanup: 16354 ns, At safepoint: 33871223 ns, Total: 33919193 ns
[2025-11-17T18:44:33.696+0000][202][info ][safepoint   ] Safepoint "Cleanup", Time since last: 1051279160 ns, Reaching safepoint: 6630 ns, Cleanup: 73602 ns, At safepoint: 10493 ns, Total: 90725 ns
[2025-11-17T18:44:34.818+0000][202][info ][safepoint   ] Safepoint "Cleanup", Time since last: 1122349893 ns, Reaching safepoint: 87907 ns, Cleanup: 33537 ns, At safepoint: 45965 ns, Total: 167409 ns
[2025-11-17T18:44:35.855+0000][202][info ][safepoint   ] Safepoint "Cleanup", Time since last: 1036368486 ns, Reaching safepoint: 91255 ns, Cleanup: 56197 ns, At safepoint: 47899 ns, Total: 195351 ns
[2025-11-17T18:44:37.256+0000][202][info ][safepoint   ] Safepoint "Cleanup", Time since last: 1401281969 ns, Reaching safepoint: 63609 ns, Cleanup: 40539 ns, At safepoint: 10554 ns, Total: 114702 ns
[2025-11-17T18:44:38.260+0000][202][info ][safepoint   ] Safepoint "Cleanup", Time since last: 1003939210 ns, Reaching safepoint: 26013 ns, Cleanup: 64133 ns, At safepoint: 12748 ns, Total: 102894 ns
[2025-11-17T18:44:43.266+0000][202][info ][safepoint   ] Safepoint "Cleanup", Time since last: 5005382758 ns, Reaching safepoint: 44614 ns, Cleanup: 37535 ns, At safepoint: 13680 ns, Total: 95829 ns
[2025-11-17T18:44:45.188+0000][202][info ][safepoint   ] Safepoint "Cleanup", Time since last: 1922809414 ns, Reaching safepoint: 5574 ns, Cleanup: 17786 ns, At safepoint: 10596 ns, Total: 33956 ns
[2025-11-17T18:44:47.015+0000][202][info ][safepoint   ] Safepoint "Cleanup", Time since last: 1825995715 ns, Reaching safepoint: 19756 ns, Cleanup: 91824 ns, At safepoint: 7830 ns, Total: 119410 ns
[2025-11-17T18:44:51.021+0000][202][info ][safepoint   ] Safepoint "Cleanup", Time since last: 4005799586 ns, Reaching safepoint: 27668 ns, Cleanup: 101757 ns, At safepoint: 12122 ns, Total: 141547 ns
[2025-11-17T18:44:52.033+0000][202][info ][safepoint   ] Safepoint "Cleanup", Time since last: 2001435633 ns, Reaching safepoint: 38937 ns, Cleanup: 30132 ns, At safepoint: 5179 ns, Total: 74248 ns
[2025-11-17T18:44:56.034+0000][202][info ][safepoint   ] Safepoint "Cleanup", Time since last: 4001271015 ns, Reaching safepoint: 18629 ns, Cleanup: 13462 ns, At safepoint: 6414 ns, Total: 38505 ns
[2025-11-17T18:44:57.035+0000][202][info ][safepoint   ] Safepoint "Cleanup", Time since last: 1001107889 ns, Reaching safepoint: 42361 ns, Cleanup: 42962 ns, At safepoint: 18236 ns, Total: 103559 ns
[2025-11-17T18:44:59.038+0000][202][info ][safepoint   ] Safepoint "Cleanup", Time since last: 2003089630 ns, Reaching safepoint: 37547 ns, Cleanup: 105958 ns, At safepoint: 17978 ns, Total: 161483 ns
[2025-11-17T18:45:00.041+0000][202][info ][safepoint   ] Safepoint "Cleanup", Time since last: 1002418851 ns, Reaching safepoint: 18904 ns, Cleanup: 14552 ns, At safepoint: 6950 ns, Total: 40406 ns
[2025-11-17T18:45:01.042+0000][202][info ][safepoint   ] Safepoint "Cleanup", Time since last: 1001364774 ns, Reaching safepoint: 23924 ns, Cleanup: 30939 ns, At safepoint: 7395 ns, Total: 62258 ns
[2025-11-17T18:45:02.718+0000][202][info ][safepoint   ] Safepoint "Cleanup", Time since last: 1675417153 ns, Reaching safepoint: 13649 ns, Cleanup: 34835 ns, At safepoint: 36812 ns, Total: 85296 ns
[2025-11-17T18:45:03.720+0000][202][info ][safepoint   ] Safepoint "Cleanup", Time since last: 1002025801 ns, Reaching safepoint: 87497 ns, Cleanup: 47722 ns, At safepoint: 25923 ns, Total: 161142 ns
[2025-11-17T18:45:04.753+0000][202][info ][safepoint   ] Safepoint "Cleanup", Time since last: 1032652733 ns, Reaching safepoint: 5128 ns, Cleanup: 25961 ns, At safepoint: 10780 ns, Total: 41869 ns
[2025-11-17T18:45:05.775+0000][202][info ][safepoint   ] Safepoint "Cleanup", Time since last: 1022060087 ns, Reaching safepoint: 19466 ns, Cleanup: 31482 ns, At safepoint: 5077 ns, Total: 56025 ns
[2025-11-17T18:45:07.589+0000][202][info ][safepoint   ] Safepoint "Cleanup", Time since last: 1813669364 ns, Reaching safepoint: 61554 ns, Cleanup: 84371 ns, At safepoint: 9478 ns, Total: 155403 ns
[2025-11-17T18:45:11.597+0000][202][info ][safepoint   ] Safepoint "Cleanup", Time since last: 4007760674 ns, Reaching safepoint: 24230 ns, Cleanup: 77502 ns, At safepoint: 8733 ns, Total: 110465 ns
[2025-11-17T18:45:13.598+0000][202][info ][safepoint   ] Safepoint "Cleanup", Time since last: 2001357729 ns, Reaching safepoint: 15857 ns, Cleanup: 45177 ns, At safepoint: 5755 ns, Total: 66789 ns
[2025-11-17T18:45:18.057+0000][202][info ][safepoint   ] Safepoint "Cleanup", Time since last: 4459095930 ns, Reaching safepoint: 18059 ns, Cleanup: 23845 ns, At safepoint: 5843 ns, Total: 47747 ns
[2025-11-17T18:45:20.058+0000][202][info ][safepoint   ] Safepoint "Cleanup", Time since last: 2001067205 ns, Reaching safepoint: 13513 ns, Cleanup: 30501 ns, At safepoint: 5277 ns, Total: 49291 ns
[2025-11-17T18:45:20.041+0000][202][info ][safepoint   ] Safepoint "Cleanup", Time since last: 1002286429 ns, Reaching safepoint: 42163 ns, Cleanup: 11369 ns, At safepoint: 5313 ns, Total: 58845 ns
[2025-11-17T18:45:25.047+0000][202][info ][safepoint   ] Safepoint "Cleanup", Time since last: 5005990404 ns, Reaching safepoint: 28850 ns, Cleanup: 25697 ns, At safepoint: 4840 ns, Total: 59387 ns
[2025-11-17T18:45:25.884+0000][202][info ][gc,start    ] GC(17) Pause Young (Normal) (G1 Evacuation Pause)
[2025-11-17T18:45:25.885+0000][202][info ][gc,task     ] GC(17) Using 15 workers of 15 for evacuation
[2025-11-17T18:45:25.885+0000][202][debug][gc,age      ] GC(17) Desired survivor size 41943040 bytes, new threshold 15 (max threshold 15)
[2025-11-17T18:45:25.890+0000][202][info ][gc,phases   ] GC(17)   Pre Evacuate Collection Set: 0.24ms
[2025-11-17T18:45:25.891+0000][202][info ][gc,phases   ] GC(17)   Merge Heap Roots: 0.15ms
[2025-11-17T18:45:25.891+0000][202][info ][gc,phases   ] GC(17)   Evacuate Collection Set: 2.92ms
[2025-11-17T18:45:25.891+0000][202][info ][gc,phases   ] GC(17)   Post Evacuate Collection Set: 0.89ms
[2025-11-17T18:45:25.892+0000][202][info ][gc,phases   ] GC(17)   Other: 0.60ms
[2025-11-17T18:45:25.892+0000][202][trace][gc,age      ] GC(17) Age table with threshold 15 (max threshold 15)
[2025-11-17T18:45:25.892+0000][202][trace][gc,age      ] GC(17) - age   1:   12784584 bytes,   12784584 total
[2025-11-17T18:45:25.892+0000][202][trace][gc,age      ] GC(17) - age   2:    5106352 bytes,   17890936 total
[2025-11-17T18:45:25.893+0000][202][info ][gc,heap     ] GC(17) Eden regions: 147->0(147)
[2025-11-17T18:45:25.893+0000][202][info ][gc,heap     ] GC(17) Survivor regions: 6->6(20)
[2025-11-17T18:45:25.893+0000][202][info ][gc,heap     ] GC(17) Old regions: 29->29
[2025-11-17T18:45:25.894+0000][202][info ][gc,heap     ] GC(17) Humongous regions: 0->0
[2025-11-17T18:45:25.894+0000][202][info ][gc,metaspace] GC(17) Metaspace: 147219K(151232K)->147219K(151232K) NonClass: 126683K(128832K)->126683K(128832K) Class: 20536K(22400K)->20536K(22400K)
[2025-11-17T18:45:25.894+0000][202][info ][gc          ] GC(17) Pause Young (Normal) (G1 Evacuation Pause) 724M->136M(1024M) 9.891ms
[2025-11-17T18:45:25.895+0000][202][info ][gc,cpu      ] GC(17) User=0.03s Sys=0.00s Real=0.00s
[2025-11-17T18:45:25.896+0000][202][info ][safepoint   ] Safepoint "G1CollectForAllocation", Time since last: 836920457 ns, Reaching safepoint: 89294 ns, Cleanup: 7744 ns, At safepoint: 11076350 ns, Total: 11173388 ns
[2025-11-17T18:45:26.896+0000][202][info ][safepoint   ] Safepoint "Cleanup", Time since last: 1000882987 ns, Reaching safepoint: 17857 ns, Cleanup: 17746 ns, At safepoint: 9591 ns, Total: 45194 ns
[2025-11-17T18:45:27.898+0000][202][info ][safepoint   ] Safepoint "Cleanup", Time since last: 1001432562 ns, Reaching safepoint: 17473 ns, Cleanup: 10916 ns, At safepoint: 7179 ns, Total: 35568 ns
[2025-11-17T18:45:29.902+0000][202][info ][safepoint   ] Safepoint "Cleanup", Time since last: 2003685444 ns, Reaching safepoint: 18672 ns, Cleanup: 12404 ns, At safepoint: 6037 ns, Total: 37113 ns
[2025-11-17T18:45:30.906+0000][202][info ][safepoint   ] Safepoint "Cleanup", Time since last: 1004041616 ns, Reaching safepoint: 23099 ns, Cleanup: 9511 ns, At safepoint: 7841 ns, Total: 40451 ns
[2025-11-17T18:45:31.906+0000][202][info ][safepoint   ] Safepoint "Cleanup", Time since last: 1000489598 ns, Reaching safepoint: 12932 ns, Cleanup: 50898 ns, At safepoint: 30685 ns, Total: 94515 ns
[2025-11-17T18:45:32.930+0000][202][info ][safepoint   ] Safepoint "Cleanup", Time since last: 1023166616 ns, Reaching safepoint: 12004 ns, Cleanup: 42988 ns, At safepoint: 14746 ns, Total: 69738 ns
[2025-11-17T18:45:33.954+0000][202][info ][safepoint   ] Safepoint "Cleanup", Time since last: 1023976377 ns, Reaching safepoint: 5859 ns, Cleanup: 63175 ns, At safepoint: 10805 ns, Total: 79839 ns
[2025-11-17T18:45:34.988+0000][202][info ][safepoint   ] Safepoint "Cleanup", Time since last: 1034307539 ns, Reaching safepoint: 5886 ns, Cleanup: 8058 ns, At safepoint: 2190 ns, Total: 16134 ns
[2025-11-17T18:45:35.993+0000][202][info ][safepoint   ] Safepoint "Cleanup", Time since last: 1004754714 ns, Reaching safepoint: 5021 ns, Cleanup: 31512 ns, At safepoint: 18794 ns, Total: 55327 ns
[2025-11-17T18:45:37.070+0000][202][info ][safepoint   ] Safepoint "Cleanup", Time since last: 1076964477 ns, Reaching safepoint: 5777 ns, Cleanup: 14364 ns, At safepoint: 3373 ns, Total: 23514 ns
[2025-11-17T18:45:38.073+0000][202][info ][safepoint   ] Safepoint "Cleanup", Time since last: 1003187649 ns, Reaching safepoint: 16923 ns, Cleanup: 32994 ns, At safepoint: 7050 ns, Total: 56967 ns
[2025-11-17T18:45:40.075+0000][202][info ][safepoint   ] Safepoint "Cleanup", Time since last: 2001917419 ns, Reaching safepoint: 17249 ns, Cleanup: 22257 ns, At safepoint: 4767 ns, Total: 44273 ns
[2025-11-17T18:45:45.077+0000][202][info ][safepoint   ] Safepoint "Cleanup", Time since last: 5001592392 ns, Reaching safepoint: 19068 ns, Cleanup: 30328 ns, At safepoint: 6451 ns, Total: 55847 ns
[2025-11-17T18:45:48.079+0000][202][info ][safepoint   ] Safepoint "Cleanup", Time since last: 3002169921 ns, Reaching safepoint: 20960 ns, Cleanup: 27366 ns, At safepoint: 6783 ns, Total: 55109 ns
[2025-11-17T18:45:52.100+0000][202][info ][safepoint   ] Safepoint "Cleanup", Time since last: 5008332686 ns, Reaching safepoint: 81033 ns, Cleanup: 28535 ns, At safepoint: 14040 ns, Total: 123608 ns
[2025-11-17T18:45:53.261+0000][202][info ][gc,start    ] GC(18) Pause Young (Concurrent Start) (CodeCache GC Threshold)
[2025-11-17T18:45:53.261+0000][202][info ][gc,task     ] GC(18) Using 15 workers of 15 for evacuation
[2025-11-17T18:45:53.262+0000][202][debug][gc,age      ] GC(18) Desired survivor size 41943040 bytes, new threshold 15 (max threshold 15)
[2025-11-17T18:45:53.266+0000][202][info ][gc,phases   ] GC(18)   Pre Evacuate Collection Set: 0.29ms
[2025-11-17T18:45:53.266+0000][202][info ][gc,phases   ] GC(18)   Merge Heap Roots: 0.53ms
[2025-11-17T18:45:53.266+0000][202][info ][gc,phases   ] GC(18)   Evacuate Collection Set: 1.98ms
[2025-11-17T18:45:53.267+0000][202][info ][gc,phases   ] GC(18)   Post Evacuate Collection Set: 0.81ms
[2025-11-17T18:45:53.267+0000][202][info ][gc,phases   ] GC(18)   Other: 0.79ms
[2025-11-17T18:45:53.267+0000][202][trace][gc,age      ] GC(18) Age table with threshold 15 (max threshold 15)
[2025-11-17T18:45:53.267+0000][202][trace][gc,age      ] GC(18) - age   1:    7282520 bytes,    7282520 total
[2025-11-17T18:45:53.267+0000][202][trace][gc,age      ] GC(18) - age   2:    1276384 bytes,    8558904 total
[2025-11-17T18:45:53.267+0000][202][trace][gc,age      ] GC(18) - age   3:    5069552 bytes,   13628456 total
[2025-11-17T18:45:53.269+0000][202][info ][gc,heap     ] GC(18) Eden regions: 77->0(149)
[2025-11-17T18:45:53.269+0000][202][info ][gc,heap     ] GC(18) Survivor regions: 6->4(20)
[2025-11-17T18:45:53.269+0000][202][info ][gc,heap     ] GC(18) Old regions: 29->29
[2025-11-17T18:45:53.270+0000][202][info ][gc,heap     ] GC(18) Humongous regions: 0->0
[2025-11-17T18:45:53.270+0000][202][info ][gc,metaspace] GC(18) Metaspace: 147661K(151680K)->147661K(151680K) NonClass: 127117K(129280K)->127117K(129280K) Class: 20543K(22400K)->20543K(22400K)
[2025-11-17T18:45:53.276+0000][202][info ][gc          ] GC(18) Pause Young (Concurrent Start) (CodeCache GC Threshold) 444M->131M(1024M) 15.236ms
[2025-11-17T18:45:53.276+0000][202][info ][gc          ] GC(19) Concurrent Mark Cycle
[2025-11-17T18:45:53.276+0000][202][info ][gc,marking  ] GC(19) Concurrent Scan Root Regions
[2025-11-17T18:45:53.276+0000][202][info ][gc,cpu      ] GC(18) User=0.01s Sys=0.00s Real=0.01s
[2025-11-17T18:45:53.277+0000][202][info ][safepoint   ] Safepoint "G1TryInitiateConcMark", Time since last: 1159975230 ns, Reaching safepoint: 169617 ns, Cleanup: 6772 ns, At safepoint: 16546440 ns, Total: 16722829 ns
[2025-11-17T18:45:53.279+0000][202][info ][gc,marking  ] GC(19) Concurrent Scan Root Regions 2.708ms
[2025-11-17T18:45:53.280+0000][202][info ][gc,marking  ] GC(19) Concurrent Mark
[2025-11-17T18:45:53.280+0000][202][info ][gc,marking  ] GC(19) Concurrent Mark From Roots
[2025-11-17T18:45:53.288+0000][202][info ][gc,task     ] GC(19) Using 4 workers of 4 for marking
[2025-11-17T18:45:53.312+0000][202][info ][gc,marking  ] GC(19) Concurrent Mark From Roots 32.189ms
[2025-11-17T18:45:53.312+0000][202][info ][gc,marking  ] GC(19) Concurrent Preclean
[2025-11-17T18:45:53.313+0000][202][info ][gc,marking  ] GC(19) Concurrent Preclean 0.530ms
[2025-11-17T18:45:53.313+0000][202][info ][gc,start    ] GC(19) Pause Remark
[2025-11-17T18:45:53.328+0000][202][info ][gc          ] GC(19) Pause Remark 164M->164M(1024M) 14.286ms
[2025-11-17T18:45:53.328+0000][202][info ][gc,cpu      ] GC(19) User=0.14s Sys=0.00s Real=0.01s
[2025-11-17T18:45:53.329+0000][202][info ][safepoint   ] Safepoint "G1PauseRemark", Time since last: 36147799 ns, Reaching safepoint: 171218 ns, Cleanup: 6870 ns, At safepoint: 15855417 ns, Total: 16033505 ns
[2025-11-17T18:45:53.330+0000][202][info ][gc,marking  ] GC(19) Concurrent Mark 50.392ms
[2025-11-17T18:45:53.331+0000][202][info ][gc,marking  ] GC(19) Concurrent Rebuild Remembered Sets and Scrub Regions
[2025-11-17T18:45:53.349+0000][202][info ][gc,marking  ] GC(19) Concurrent Rebuild Remembered Sets and Scrub Regions 18.196ms
[2025-11-17T18:45:53.349+0000][202][info ][gc,start    ] GC(19) Pause Cleanup
[2025-11-17T18:45:53.350+0000][202][info ][gc          ] GC(19) Pause Cleanup 179M->179M(1024M) 0.451ms
[2025-11-17T18:45:53.350+0000][202][info ][gc,cpu      ] GC(19) User=0.00s Sys=0.00s Real=0.00s
[2025-11-17T18:45:53.351+0000][202][info ][safepoint   ] Safepoint "G1PauseCleanup", Time since last: 20087798 ns, Reaching safepoint: 38363 ns, Cleanup: 12825 ns, At safepoint: 1397165 ns, Total: 1448353 ns
[2025-11-17T18:45:53.351+0000][202][info ][gc,marking  ] GC(19) Concurrent Clear Claimed Marks
[2025-11-17T18:45:53.352+0000][202][info ][gc,marking  ] GC(19) Concurrent Clear Claimed Marks 1.274ms
[2025-11-17T18:45:53.353+0000][202][info ][gc,marking  ] GC(19) Concurrent Cleanup for Next Mark
[2025-11-17T18:45:53.355+0000][202][info ][gc,marking  ] GC(19) Concurrent Cleanup for Next Mark 1.297ms
[2025-11-17T18:45:53.355+0000][202][info ][gc          ] GC(19) Concurrent Mark Cycle 78.823ms
[2025-11-17T18:45:54.352+0000][202][info ][safepoint   ] Safepoint "Cleanup", Time since last: 1000797683 ns, Reaching safepoint: 40942 ns, Cleanup: 44648 ns, At safepoint: 15121 ns, Total: 100711 ns
[2025-11-17T18:45:57.355+0000][202][info ][safepoint   ] Safepoint "Cleanup", Time since last: 3003599030 ns, Reaching safepoint: 16598 ns, Cleanup: 18264 ns, At safepoint: 6358 ns, Total: 41220 ns
[2025-11-17T18:45:59.359+0000][202][info ][safepoint   ] Safepoint "Cleanup", Time since last: 2003178677 ns, Reaching safepoint: 27054 ns, Cleanup: 66701 ns, At safepoint: 10140 ns, Total: 103895 ns
[2025-11-17T18:46:00.359+0000][202][info ][safepoint   ] Safepoint "Cleanup", Time since last: 1000597079 ns, Reaching safepoint: 28125 ns, Cleanup: 10513 ns, At safepoint: 5709 ns, Total: 44347 ns
[2025-11-17T18:46:03.362+0000][202][info ][safepoint   ] Safepoint "Cleanup", Time since last: 3003239710 ns, Reaching safepoint: 19011 ns, Cleanup: 13718 ns, At safepoint: 5312 ns, Total: 38041 ns
[2025-11-17T18:46:04.772+0000][202][info ][safepoint   ] Safepoint "Cleanup", Time since last: 1409176284 ns, Reaching safepoint: 60326 ns, Cleanup: 32913 ns, At safepoint: 9524 ns, Total: 102763 ns
[2025-11-17T18:46:05.811+0000][202][info ][safepoint   ] Safepoint "Cleanup", Time since last: 1039173157 ns, Reaching safepoint: 5352 ns, Cleanup: 16555 ns, At safepoint: 14282 ns, Total: 36189 ns
[2025-11-17T18:46:08.365+0000][202][info ][safepoint   ] Safepoint "Cleanup", Time since last: 2554174078 ns, Reaching safepoint: 26986 ns, Cleanup: 24301 ns, At safepoint: 10136 ns, Total: 61423 ns
[2025-11-17T18:46:13.369+0000][202][info ][safepoint   ] Safepoint "Cleanup", Time since last: 5004000939 ns, Reaching safepoint: 20570 ns, Cleanup: 28380 ns, At safepoint: 5013 ns, Total: 53963 ns
[2025-11-17T18:46:14.801+0000][202][info ][safepoint   ] Safepoint "Cleanup", Time since last: 1431981802 ns, Reaching safepoint: 5574 ns, Cleanup: 12340 ns, At safepoint: 12517 ns, Total: 30431 ns
[2025-11-17T18:46:15.818+0000][202][info ][safepoint   ] Safepoint "Cleanup", Time since last: 1014563799 ns, Reaching safepoint: 2126963 ns, Cleanup: 12595 ns, At safepoint: 44597 ns, Total: 2184155 ns
[2025-11-17T18:46:16.848+0000][202][info ][safepoint   ] Safepoint "Cleanup", Time since last: 1029786900 ns, Reaching safepoint: 61312 ns, Cleanup: 100226 ns, At safepoint: 25191 ns, Total: 186729 ns
[2025-11-17T18:46:18.908+0000][202][info ][safepoint   ] Safepoint "Cleanup", Time since last: 3053545583 ns, Reaching safepoint: 19878 ns, Cleanup: 42134 ns, At safepoint: 7408 ns, Total: 69420 ns
[2025-11-17T18:46:20.909+0000][202][info ][safepoint   ] Safepoint "Cleanup", Time since last: 2000876592 ns, Reaching safepoint: 88360 ns, Cleanup: 5961 ns, At safepoint: 39809 ns, Total: 134130 ns
[2025-11-17T18:46:25.913+0000][202][info ][safepoint   ] Safepoint "Cleanup", Time since last: 5003631153 ns, Reaching safepoint: 16318 ns, Cleanup: 16234 ns, At safepoint: 4718 ns, Total: 37270 ns
[2025-11-17T18:46:26.913+0000][202][info ][safepoint   ] Safepoint "Cleanup", Time since last: 1000431414 ns, Reaching safepoint: 17952 ns, Cleanup: 15827 ns, At safepoint: 7150 ns, Total: 40929 ns
[2025-11-17T18:46:27.914+0000][202][info ][safepoint   ] Safepoint "Cleanup", Time since last: 1000690881 ns, Reaching safepoint: 13917 ns, Cleanup: 13066 ns, At safepoint: 4722 ns, Total: 31705 ns
[2025-11-17T18:46:30.467+0000][202][info ][safepoint   ] Safepoint "Cleanup", Time since last: 2552666833 ns, Reaching safepoint: 5540 ns, Cleanup: 16523 ns, At safepoint: 29218 ns, Total: 51281 ns
[2025-11-17T18:46:31.815+0000][202][info ][safepoint   ] Safepoint "Cleanup", Time since last: 1346210322 ns, Reaching safepoint: 2128016 ns, Cleanup: 36911 ns, At safepoint: 38871 ns, Total: 2203798 ns
[2025-11-17T18:46:32.849+0000][202][info ][safepoint   ] Safepoint "Cleanup", Time since last: 1034353395 ns, Reaching safepoint: 5409 ns, Cleanup: 23978 ns, At safepoint: 10851 ns, Total: 40238 ns
[2025-11-17T18:46:33.939+0000][202][info ][safepoint   ] Safepoint "Cleanup", Time since last: 1089957002 ns, Reaching safepoint: 38644 ns, Cleanup: 14983 ns, At safepoint: 8053 ns, Total: 61680 ns
[2025-11-17T18:46:34.948+0000][202][info ][safepoint   ] Safepoint "Cleanup", Time since last: 1009060506 ns, Reaching safepoint: 5362 ns, Cleanup: 9418 ns, At safepoint: 27196 ns, Total: 41976 ns
[2025-11-17T18:46:35.971+0000][202][info ][safepoint   ] Safepoint "Cleanup", Time since last: 1022879706 ns, Reaching safepoint: 5451 ns, Cleanup: 23523 ns, At safepoint: 11001 ns, Total: 39975 ns
[2025-11-17T18:46:37.549+0000][202][info ][safepoint   ] Safepoint "Cleanup", Time since last: 1577812187 ns, Reaching safepoint: 36709 ns, Cleanup: 33644 ns, At safepoint: 17640 ns, Total: 87993 ns
[2025-11-17T18:46:38.998+0000][202][info ][safepoint   ] Safepoint "Cleanup", Time since last: 1449147451 ns, Reaching safepoint: 5410 ns, Cleanup: 11197 ns, At safepoint: 10516 ns, Total: 27123 ns
[2025-11-17T18:46:40.025+0000][202][info ][safepoint   ] Safepoint "Cleanup", Time since last: 1026325015 ns, Reaching safepoint: 5456 ns, Cleanup: 22032 ns, At safepoint: 2781 ns, Total: 30269 ns
[2025-11-17T18:46:41.542+0000][202][info ][safepoint   ] Safepoint "Cleanup", Time since last: 1516851778 ns, Reaching safepoint: 16282 ns, Cleanup: 19707 ns, At safepoint: 4821 ns, Total: 40810 ns
[2025-11-17T18:46:46.783+0000][202][info ][gc,start    ] GC(20) Pause Young (Prepare Mixed) (G1 Evacuation Pause)
[2025-11-17T18:46:46.785+0000][202][info ][gc,task     ] GC(20) Using 15 workers of 15 for evacuation
[2025-11-17T18:46:46.786+0000][202][debug][gc,age      ] GC(20) Desired survivor size 41943040 bytes, new threshold 15 (max threshold 15)
[2025-11-17T18:46:46.791+0000][202][info ][gc,phases   ] GC(20)   Pre Evacuate Collection Set: 0.27ms
[2025-11-17T18:46:46.792+0000][202][info ][gc,phases   ] GC(20)   Merge Heap Roots: 0.19ms
[2025-11-17T18:46:46.793+0000][202][info ][gc,phases   ] GC(20)   Evacuate Collection Set: 2.58ms
[2025-11-17T18:46:46.795+0000][202][info ][gc,phases   ] GC(20)   Post Evacuate Collection Set: 0.83ms
[2025-11-17T18:46:46.796+0000][202][info ][gc,phases   ] GC(20)   Other: 2.24ms
[2025-11-17T18:46:46.798+0000][202][trace][gc,age      ] GC(20) Age table with threshold 15 (max threshold 15)
[2025-11-17T18:46:46.799+0000][202][trace][gc,age      ] GC(20) - age   1:    8060152 bytes,    8060152 total
[2025-11-17T18:46:46.801+0000][202][trace][gc,age      ] GC(20) - age   2:    1042208 bytes,    9102360 total
[2025-11-17T18:46:46.802+0000][202][trace][gc,age      ] GC(20) - age   3:     959968 bytes,   10062328 total
[2025-11-17T18:46:46.804+0000][202][trace][gc,age      ] GC(20) - age   4:    5057432 bytes,   15119760 total
[2025-11-17T18:46:46.805+0000][202][info ][gc,heap     ] GC(20) Eden regions: 149->0(148)
[2025-11-17T18:46:46.806+0000][202][info ][gc,heap     ] GC(20) Survivor regions: 4->5(20)
[2025-11-17T18:46:46.809+0000][202][info ][gc,heap     ] GC(20) Old regions: 29->29
[2025-11-17T18:46:46.810+0000][202][info ][gc,heap     ] GC(20) Humongous regions: 0->0
[2025-11-17T18:46:46.811+0000][202][info ][gc,metaspace] GC(20) Metaspace: 147994K(152000K)->147994K(152000K) NonClass: 127458K(129600K)->127458K(129600K) Class: 20536K(22400K)->20536K(22400K)
[2025-11-17T18:46:46.812+0000][202][info ][gc          ] GC(20) Pause Young (Prepare Mixed) (G1 Evacuation Pause) 727M->132M(1024M) 29.019ms
[2025-11-17T18:46:46.813+0000][202][info ][gc,cpu      ] GC(20) User=0.01s Sys=0.01s Real=0.03s
[2025-11-17T18:46:46.813+0000][202][info ][safepoint   ] Safepoint "G1CollectForAllocation", Time since last: 5241072565 ns, Reaching safepoint: 14056 ns, Cleanup: 7117 ns, At safepoint: 30719564 ns, Total: 30740737 ns
[2025-11-17T18:46:47.371+0000][202][info ][safepoint   ] Safepoint "Cleanup", Time since last: 1001637933 ns, Reaching safepoint: 25371 ns, Cleanup: 17327 ns, At safepoint: 11239 ns, Total: 53937 ns
[2025-11-17T18:46:51.821+0000][202][info ][safepoint   ] Safepoint "Cleanup", Time since last: 5002288963 ns, Reaching safepoint: 20076 ns, Cleanup: 17676 ns, At safepoint: 6690 ns, Total: 44442 ns
[2025-11-17T18:46:52.823+0000][202][info ][safepoint   ] Safepoint "Cleanup", Time since last: 1001577695 ns, Reaching safepoint: 14420 ns, Cleanup: 14532 ns, At safepoint: 16469 ns, Total: 45421 ns
[2025-11-17T18:46:53.824+0000][202][info ][safepoint   ] Safepoint "Cleanup", Time since last: 1001391050 ns, Reaching safepoint: 36117 ns, Cleanup: 25334 ns, At safepoint: 18550 ns, Total: 80001 ns
[2025-11-17T18:46:56.826+0000][202][info ][safepoint   ] Safepoint "Cleanup", Time since last: 3002218347 ns, Reaching safepoint: 46624 ns, Cleanup: 18526 ns, At safepoint: 12349 ns, Total: 77499 ns
[2025-11-17T18:46:57.827+0000][202][info ][safepoint   ] Safepoint "Cleanup", Time since last: 1001049759 ns, Reaching safepoint: 16303 ns, Cleanup: 15829 ns, At safepoint: 5951 ns, Total: 38083 ns
[2025-11-17T18:46:58.835+0000][202][info ][safepoint   ] Safepoint "Cleanup", Time since last: 1007776583 ns, Reaching safepoint: 16083 ns, Cleanup: 17079 ns, At safepoint: 4806 ns, Total: 37968 ns
[2025-11-17T18:46:59.836+0000][202][info ][safepoint   ] Safepoint "Cleanup", Time since last: 1000593653 ns, Reaching safepoint: 20686 ns, Cleanup: 23858 ns, At safepoint: 7165 ns, Total: 51709 ns
[2025-11-17T18:47:00.842+0000][202][info ][safepoint   ] Safepoint "Cleanup", Time since last: 1005839475 ns, Reaching safepoint: 16733 ns, Cleanup: 17588 ns, At safepoint: 4789 ns, Total: 39110 ns
[2025-11-17T18:47:04.534+0000][202][info ][safepoint   ] Safepoint "Cleanup", Time since last: 3691895698 ns, Reaching safepoint: 48204 ns, Cleanup: 7655 ns, At safepoint: 11929 ns, Total: 67788 ns
[2025-11-17T18:47:05.600+0000][202][info ][safepoint   ] Safepoint "Cleanup", Time since last: 1066377286 ns, Reaching safepoint: 5256 ns, Cleanup: 26164 ns, At safepoint: 30806 ns, Total: 62226 ns
[2025-11-17T18:47:06.664+0000][202][info ][safepoint   ] Safepoint "Cleanup", Time since last: 1063842050 ns, Reaching safepoint: 5227 ns, Cleanup: 24459 ns, At safepoint: 10847 ns, Total: 40533 ns
[2025-11-17T18:47:08.263+0000][202][info ][safepoint   ] Safepoint "Cleanup", Time since last: 1598773469 ns, Reaching safepoint: 16243 ns, Cleanup: 22559 ns, At safepoint: 3583 ns, Total: 42385 ns
[2025-11-17T18:47:12.264+0000][202][info ][safepoint   ] Safepoint "Cleanup", Time since last: 4001067338 ns, Reaching safepoint: 32812 ns, Cleanup: 48017 ns, At safepoint: 7908 ns, Total: 88737 ns
[2025-11-17T18:47:13.510+0000][202][info ][safepoint   ] Safepoint "Cleanup", Time since last: 1245740478 ns, Reaching safepoint: 5781 ns, Cleanup: 8598 ns, At safepoint: 19192 ns, Total: 33571 ns
[2025-11-17T18:47:14.740+0000][202][info ][safepoint   ] Safepoint "Cleanup", Time since last: 1230009310 ns, Reaching safepoint: 4959 ns, Cleanup: 20770 ns, At safepoint: 9883 ns, Total: 35612 ns
[2025-11-17T18:47:16.266+0000][202][info ][safepoint   ] Safepoint "Cleanup", Time since last: 1982034985 ns, Reaching safepoint: 27012 ns, Cleanup: 52985 ns, At safepoint: 13145 ns, Total: 93142 ns
[2025-11-17T18:47:17.719+0000][202][info ][safepoint   ] Safepoint "Cleanup", Time since last: 2004105697 ns, Reaching safepoint: 38342 ns, Cleanup: 21830 ns, At safepoint: 5598 ns, Total: 65770 ns
[2025-11-17T18:47:19.721+0000][202][info ][safepoint   ] Safepoint "Cleanup", Time since last: 2002208738 ns, Reaching safepoint: 17167 ns, Cleanup: 15108 ns, At safepoint: 5064 ns, Total: 37339 ns
[2025-11-17T18:47:24.726+0000][202][info ][safepoint   ] Safepoint "Cleanup", Time since last: 5004678371 ns, Reaching safepoint: 18788 ns, Cleanup: 19473 ns, At safepoint: 5144 ns, Total: 43405 ns
[2025-11-17T18:47:26.736+0000][202][info ][safepoint   ] Safepoint "Cleanup", Time since last: 2010241787 ns, Reaching safepoint: 23030 ns, Cleanup: 25714 ns, At safepoint: 8143 ns, Total: 56887 ns
[2025-11-17T18:47:28.741+0000][202][info ][safepoint   ] Safepoint "Cleanup", Time since last: 2004256244 ns, Reaching safepoint: 13985 ns, Cleanup: 10263 ns, At safepoint: 6058 ns, Total: 30306 ns
[2025-11-17T18:47:29.860+0000][202][info ][safepoint   ] Safepoint "Cleanup", Time since last: 1119232964 ns, Reaching safepoint: 5396 ns, Cleanup: 42039 ns, At safepoint: 10182 ns, Total: 57617 ns
[2025-11-17T18:47:30.862+0000][202][info ][safepoint   ] Safepoint "Cleanup", Time since last: 1001888649 ns, Reaching safepoint: 5747 ns, Cleanup: 25009 ns, At safepoint: 4215 ns, Total: 34971 ns
[2025-11-17T18:47:32.633+0000][202][info ][safepoint   ] Safepoint "Cleanup", Time since last: 1771135481 ns, Reaching safepoint: 96126 ns, Cleanup: 38450 ns, At safepoint: 22366 ns, Total: 156942 ns
[2025-11-17T18:47:33.635+0000][202][info ][safepoint   ] Safepoint "Cleanup", Time since last: 1001564905 ns, Reaching safepoint: 36552 ns, Cleanup: 26590 ns, At safepoint: 17423 ns, Total: 80565 ns
[2025-11-17T18:47:35.067+0000][202][info ][safepoint   ] Safepoint "Cleanup", Time since last: 1432431048 ns, Reaching safepoint: 5745 ns, Cleanup: 7913 ns, At safepoint: 14267 ns, Total: 27925 ns
[2025-11-17T18:47:36.069+0000][202][info ][safepoint   ] Safepoint "Cleanup", Time since last: 1001806385 ns, Reaching safepoint: 7234 ns, Cleanup: 7983 ns, At safepoint: 10592 ns, Total: 25809 ns
[2025-11-17T18:47:37.070+0000][202][info ][safepoint   ] Safepoint "Cleanup", Time since last: 1000771897 ns, Reaching safepoint: 5341 ns, Cleanup: 12622 ns, At safepoint: 10352 ns, Total: 28315 ns
[2025-11-17T18:47:38.836+0000][202][info ][safepoint   ] Safepoint "Cleanup", Time since last: 1766183427 ns, Reaching safepoint: 16135 ns, Cleanup: 17088 ns, At safepoint: 4094 ns, Total: 37317 ns
[2025-11-17T18:47:40.060+0000][202][info ][gc,start    ] GC(21) Pause Young (Mixed) (G1 Evacuation Pause)
[2025-11-17T18:47:40.062+0000][202][info ][gc,task     ] GC(21) Using 15 workers of 15 for evacuation
[2025-11-17T18:47:40.063+0000][202][debug][gc,age      ] GC(21) Desired survivor size 41943040 bytes, new threshold 15 (max threshold 15)
[2025-11-17T18:47:40.068+0000][202][info ][gc,phases   ] GC(21)   Pre Evacuate Collection Set: 0.35ms
[2025-11-17T18:47:40.068+0000][202][info ][gc,phases   ] GC(21)   Merge Heap Roots: 0.27ms
[2025-11-17T18:47:40.068+0000][202][info ][gc,phases   ] GC(21)   Evacuate Collection Set: 1.98ms
[2025-11-17T18:47:40.069+0000][202][info ][gc,phases   ] GC(21)   Post Evacuate Collection Set: 0.92ms
[2025-11-17T18:47:40.069+0000][202][info ][gc,phases   ] GC(21)   Other: 2.43ms
[2025-11-17T18:47:40.069+0000][202][trace][gc,age      ] GC(21) Age table with threshold 15 (max threshold 15)
[2025-11-17T18:47:40.070+0000][202][trace][gc,age      ] GC(21) - age   1:    2573632 bytes,    2573632 total
[2025-11-17T18:47:40.071+0000][202][trace][gc,age      ] GC(21) - age   2:     753096 bytes,    3326728 total
[2025-11-17T18:47:40.071+0000][202][trace][gc,age      ] GC(21) - age   3:    1031496 bytes,    4358224 total
[2025-11-17T18:47:40.073+0000][202][trace][gc,age      ] GC(21) - age   4:     946928 bytes,    5305152 total
[2025-11-17T18:47:40.073+0000][202][trace][gc,age      ] GC(21) - age   5:    5052688 bytes,   10357840 total
[2025-11-17T18:47:40.074+0000][202][info ][gc,heap     ] GC(21) Eden regions: 148->0(150)
[2025-11-17T18:47:40.074+0000][202][info ][gc,heap     ] GC(21) Survivor regions: 5->3(20)
[2025-11-17T18:47:40.074+0000][202][info ][gc,heap     ] GC(21) Old regions: 29->29
[2025-11-17T18:47:40.074+0000][202][info ][gc,heap     ] GC(21) Humongous regions: 0->0
[2025-11-17T18:47:40.075+0000][202][info ][gc,metaspace] GC(21) Metaspace: 148292K(152320K)->148292K(152320K) NonClass: 127755K(129920K)->127755K(129920K) Class: 20536K(22400K)->20536K(22400K)
[2025-11-17T18:47:40.075+0000][202][info ][gc          ] GC(21) Pause Young (Mixed) (G1 Evacuation Pause) 724M->126M(1024M) 14.664ms
[2025-11-17T18:47:40.075+0000][202][info ][gc,cpu      ] GC(21) User=0.02s Sys=0.01s Real=0.01s
[2025-11-17T18:47:40.076+0000][202][info ][safepoint   ] Safepoint "G1CollectForAllocation", Time since last: 1224311058 ns, Reaching safepoint: 18871 ns, Cleanup: 6925 ns, At safepoint: 15304811 ns, Total: 15330607 ns
[2025-11-17T18:47:41.076+0000][202][info ][safepoint   ] Safepoint "Cleanup", Time since last: 1000447178 ns, Reaching safepoint: 17031 ns, Cleanup: 12798 ns, At safepoint: 5131 ns, Total: 34960 ns
[2025-11-17T18:47:45.046+0000][202][info ][safepoint   ] Safepoint "Cleanup", Time since last: 5003475884 ns, Reaching safepoint: 31147 ns, Cleanup: 12398 ns, At safepoint: 7031 ns, Total: 50576 ns
[2025-11-17T18:47:46.048+0000][202][info ][safepoint   ] Safepoint "Cleanup", Time since last: 1001657077 ns, Reaching safepoint: 38024 ns, Cleanup: 7587 ns, At safepoint: 5152 ns, Total: 50763 ns
[2025-11-17T18:47:47.051+0000][202][info ][safepoint   ] Safepoint "Cleanup", Time since last: 1002483977 ns, Reaching safepoint: 20383 ns, Cleanup: 51339 ns, At safepoint: 7435 ns, Total: 79157 ns
[2025-11-17T18:47:52.054+0000][202][info ][safepoint   ] Safepoint "Cleanup", Time since last: 5003703941 ns, Reaching safepoint: 28665 ns, Cleanup: 73646 ns, At safepoint: 10736 ns, Total: 113047 ns
[2025-11-17T18:47:53.056+0000][202][info ][safepoint   ] Safepoint "Cleanup", Time since last: 1001062730 ns, Reaching safepoint: 17528 ns, Cleanup: 35703 ns, At safepoint: 5184 ns, Total: 58415 ns
[2025-11-17T18:47:54.059+0000][202][info ][safepoint   ] Safepoint "Cleanup", Time since last: 1003230781 ns, Reaching safepoint: 28162 ns, Cleanup: 17942 ns, At safepoint: 10023 ns, Total: 56127 ns
[2025-11-17T18:47:58.063+0000][202][info ][safepoint   ] Safepoint "Cleanup", Time since last: 4003983290 ns, Reaching safepoint: 17035 ns, Cleanup: 22724 ns, At safepoint: 5753 ns, Total: 45512 ns
[2025-11-17T18:48:00.065+0000][202][info ][safepoint   ] Safepoint "Cleanup", Time since last: 2002212096 ns, Reaching safepoint: 16740 ns, Cleanup: 12809 ns, At safepoint: 7122 ns, Total: 36671 ns
[2025-11-17T18:48:04.774+0000][202][info ][safepoint   ] Safepoint "Cleanup", Time since last: 4708829468 ns, Reaching safepoint: 31468 ns, Cleanup: 10963 ns, At safepoint: 8606 ns, Total: 51037 ns
[2025-11-17T18:48:05.798+0000][202][info ][safepoint   ] Safepoint "Cleanup", Time since last: 1024505007 ns, Reaching safepoint: 5869 ns, Cleanup: 9407 ns, At safepoint: 22307 ns, Total: 37583 ns
[2025-11-17T18:48:06.807+0000][202][info ][safepoint   ] Safepoint "Cleanup", Time since last: 1008920977 ns, Reaching safepoint: 4569 ns, Cleanup: 13753 ns, At safepoint: 11510 ns, Total: 29832 ns
[2025-11-17T18:48:08.224+0000][202][info ][safepoint   ] Safepoint "Cleanup", Time since last: 1416288805 ns, Reaching safepoint: 92455 ns, Cleanup: 11162 ns, At safepoint: 30858 ns, Total: 134475 ns
[2025-11-17T18:48:09.225+0000][202][info ][safepoint   ] Safepoint "Cleanup", Time since last: 1001453382 ns, Reaching safepoint: 15956 ns, Cleanup: 12700 ns, At safepoint: 6113 ns, Total: 34769 ns
[2025-11-17T18:48:10.227+0000][202][info ][safepoint   ] Safepoint "Cleanup", Time since last: 1001795334 ns, Reaching safepoint: 52583 ns, Cleanup: 28030 ns, At safepoint: 13074 ns, Total: 93687 ns
[2025-11-17T18:48:12.646+0000][202][info ][safepoint   ] Safepoint "Cleanup", Time since last: 2418854366 ns, Reaching safepoint: 37728 ns, Cleanup: 27152 ns, At safepoint: 13709 ns, Total: 78589 ns
[2025-11-17T18:48:14.553+0000][202][info ][safepoint   ] Safepoint "Cleanup", Time since last: 2903690895 ns, Reaching safepoint: 25508 ns, Cleanup: 38940 ns, At safepoint: 29499 ns, Total: 93947 ns
[2025-11-17T18:48:15.571+0000][202][info ][safepoint   ] Safepoint "Cleanup", Time since last: 1017876168 ns, Reaching safepoint: 32755 ns, Cleanup: 61418 ns, At safepoint: 8928 ns, Total: 103101 ns
[2025-11-17T18:48:16.880+0000][202][info ][safepoint   ] Safepoint "Cleanup", Time since last: 1309059136 ns, Reaching safepoint: 26532 ns, Cleanup: 14309 ns, At safepoint: 8139 ns, Total: 48980 ns
[2025-11-17T18:48:18.882+0000][202][info ][safepoint   ] Safepoint "Cleanup", Time since last: 2001688525 ns, Reaching safepoint: 16545 ns, Cleanup: 15229 ns, At safepoint: 5190 ns, Total: 36964 ns
[2025-11-17T18:48:20.885+0000][202][info ][safepoint   ] Safepoint "Cleanup", Time since last: 2002893741 ns, Reaching safepoint: 16359 ns, Cleanup: 13371 ns, At safepoint: 5088 ns, Total: 34818 ns
[2025-11-17T18:48:22.887+0000][202][info ][safepoint   ] Safepoint "Cleanup", Time since last: 2002540955 ns, Reaching safepoint: 32572 ns, Cleanup: 13467 ns, At safepoint: 6173 ns, Total: 52212 ns
[2025-11-17T18:48:25.889+0000][202][info ][safepoint   ] Safepoint "Cleanup", Time since last: 3001676687 ns, Reaching safepoint: 18036 ns, Cleanup: 14360 ns, At safepoint: 5867 ns, Total: 38263 ns
[2025-11-17T18:48:27.118+0000][202][info ][safepoint   ] Safepoint "Cleanup", Time since last: 1228347027 ns, Reaching safepoint: 88082 ns, Cleanup: 20483 ns, At safepoint: 26493 ns, Total: 135058 ns
[2025-11-17T18:48:28.173+0000][202][info ][safepoint   ] Safepoint "Cleanup", Time since last: 1054907475 ns, Reaching safepoint: 6079 ns, Cleanup: 156480 ns, At safepoint: 11035 ns, Total: 173594 ns
[2025-11-17T18:48:29.188+0000][202][info ][safepoint   ] Safepoint "Cleanup", Time since last: 1014897079 ns, Reaching safepoint: 87824 ns, Cleanup: 14673 ns, At safepoint: 21487 ns, Total: 123984 ns
[2025-11-17T18:48:30.467+0000][202][info ][safepoint   ] Safepoint "Cleanup", Time since last: 1279087420 ns, Reaching safepoint: 36941 ns, Cleanup: 17013 ns, At safepoint: 6312 ns, Total: 60266 ns
[2025-11-17T18:48:32.468+0000][202][info ][safepoint   ] Safepoint "Cleanup", Time since last: 2000642763 ns, Reaching safepoint: 15989 ns, Cleanup: 10740 ns, At safepoint: 4733 ns, Total: 31462 ns
[2025-11-17T18:48:34.062+0000][202][info ][gc,start    ] GC(22) Pause Young (Normal) (G1 Evacuation Pause)
[2025-11-17T18:48:34.063+0000][202][info ][gc,task     ] GC(22) Using 15 workers of 15 for evacuation
[2025-11-17T18:48:34.064+0000][202][debug][gc,age      ] GC(22) Desired survivor size 41943040 bytes, new threshold 15 (max threshold 15)
[2025-11-17T18:48:34.069+0000][202][info ][gc,phases   ] GC(22)   Pre Evacuate Collection Set: 0.46ms
[2025-11-17T18:48:34.069+0000][202][info ][gc,phases   ] GC(22)   Merge Heap Roots: 0.17ms
[2025-11-17T18:48:34.070+0000][202][info ][gc,phases   ] GC(22)   Evacuate Collection Set: 2.17ms
[2025-11-17T18:48:34.071+0000][202][info ][gc,phases   ] GC(22)   Post Evacuate Collection Set: 0.98ms
[2025-11-17T18:48:34.072+0000][202][info ][gc,phases   ] GC(22)   Other: 2.00ms
[2025-11-17T18:48:34.073+0000][202][trace][gc,age      ] GC(22) Age table with threshold 15 (max threshold 15)
[2025-11-17T18:48:34.074+0000][202][trace][gc,age      ] GC(22) - age   1:    7900824 bytes,    7900824 total
[2025-11-17T18:48:34.075+0000][202][trace][gc,age      ] GC(22) - age   2:     712096 bytes,    8612920 total
[2025-11-17T18:48:34.075+0000][202][trace][gc,age      ] GC(22) - age   3:     715432 bytes,    9328352 total
[2025-11-17T18:48:34.076+0000][202][trace][gc,age      ] GC(22) - age   4:    1027712 bytes,   10356064 total
[2025-11-17T18:48:34.076+0000][202][trace][gc,age      ] GC(22) - age   5:     943080 bytes,   11299144 total
[2025-11-17T18:48:34.077+0000][202][trace][gc,age      ] GC(22) - age   6:    5048752 bytes,   16347896 total
[2025-11-17T18:48:34.078+0000][202][info ][gc,heap     ] GC(22) Eden regions: 150->0(148)
[2025-11-17T18:48:34.079+0000][202][info ][gc,heap     ] GC(22) Survivor regions: 3->5(20)
[2025-11-17T18:48:34.079+0000][202][info ][gc,heap     ] GC(22) Old regions: 29->29
[2025-11-17T18:48:34.080+0000][202][info ][gc,heap     ] GC(22) Humongous regions: 0->0
[2025-11-17T18:48:34.081+0000][202][info ][gc,metaspace] GC(22) Metaspace: 148539K(152576K)->148539K(152576K) NonClass: 128001K(130176K)->128001K(130176K) Class: 20537K(22400K)->20537K(22400K)
[2025-11-17T18:48:34.081+0000][202][info ][gc          ] GC(22) Pause Young (Normal) (G1 Evacuation Pause) 726M->131M(1024M) 19.168ms
[2025-11-17T18:48:34.082+0000][202][info ][gc,cpu      ] GC(22) User=0.01s Sys=0.00s Real=0.02s
[2025-11-17T18:48:34.083+0000][202][info ][safepoint   ] Safepoint "G1CollectForAllocation", Time since last: 1594614100 ns, Reaching safepoint: 19970 ns, Cleanup: 10238 ns, At safepoint: 20479413 ns, Total: 20509621 ns
[2025-11-17T18:48:35.134+0000][202][info ][safepoint   ] Safepoint "Cleanup", Time since last: 1050963090 ns, Reaching safepoint: 5070 ns, Cleanup: 11738 ns, At safepoint: 1990 ns, Total: 18798 ns
[2025-11-17T18:48:36.134+0000][202][info ][safepoint   ] Safepoint "Cleanup", Time since last: 1000560664 ns, Reaching safepoint: 79454 ns, Cleanup: 10017 ns, At safepoint: 18456 ns, Total: 107927 ns
[2025-11-17T18:48:37.245+0000][202][info ][safepoint   ] Safepoint "Cleanup", Time since last: 1110428323 ns, Reaching safepoint: 4377 ns, Cleanup: 9227 ns, At safepoint: 10586 ns, Total: 24190 ns
[2025-11-17T18:48:38.382+0000][202][info ][safepoint   ] Safepoint "Cleanup", Time since last: 1137189737 ns, Reaching safepoint: 5506 ns, Cleanup: 19387 ns, At safepoint: 10577 ns, Total: 35470 ns
[2025-11-17T18:48:39.743+0000][202][info ][safepoint   ] Safepoint "Cleanup", Time since last: 1361408795 ns, Reaching safepoint: 15103 ns, Cleanup: 14097 ns, At safepoint: 3392 ns, Total: 32592 ns
[2025-11-17T18:48:42.746+0000][202][info ][safepoint   ] Safepoint "Cleanup", Time since last: 3002799986 ns, Reaching safepoint: 17108 ns, Cleanup: 15302 ns, At safepoint: 6447 ns, Total: 38857 ns
[2025-11-17T18:48:46.756+0000][202][info ][safepoint   ] Safepoint "Cleanup", Time since last: 5008617880 ns, Reaching safepoint: 16496 ns, Cleanup: 11262 ns, At safepoint: 5633 ns, Total: 33391 ns
[2025-11-17T18:48:48.758+0000][202][info ][safepoint   ] Safepoint "Cleanup", Time since last: 2001869436 ns, Reaching safepoint: 17048 ns, Cleanup: 17949 ns, At safepoint: 5328 ns, Total: 40325 ns
[2025-11-17T18:48:53.761+0000][202][info ][safepoint   ] Safepoint "Cleanup", Time since last: 5003016488 ns, Reaching safepoint: 35348 ns, Cleanup: 38289 ns, At safepoint: 15687 ns, Total: 89324 ns
[2025-11-17T18:48:54.762+0000][202][info ][safepoint   ] Safepoint "Cleanup", Time since last: 1001145885 ns, Reaching safepoint: 19855 ns, Cleanup: 12033 ns, At safepoint: 6528 ns, Total: 38416 ns
[2025-11-17T18:48:55.770+0000][202][info ][safepoint   ] Safepoint "Cleanup", Time since last: 1007672967 ns, Reaching safepoint: 20786 ns, Cleanup: 23893 ns, At safepoint: 7836 ns, Total: 52515 ns
[2025-11-17T18:48:56.771+0000][202][info ][safepoint   ] Safepoint "Cleanup", Time since last: 1001015589 ns, Reaching safepoint: 15256 ns, Cleanup: 9824 ns, At safepoint: 4759 ns, Total: 29839 ns
[2025-11-17T18:49:00.780+0000][202][info ][safepoint   ] Safepoint "Cleanup", Time since last: 4008790888 ns, Reaching safepoint: 48658 ns, Cleanup: 15400 ns, At safepoint: 7151 ns, Total: 71209 ns
[2025-11-17T18:49:02.807+0000][202][info ][safepoint   ] Safepoint "Cleanup", Time since last: 2026945471 ns, Reaching safepoint: 16104 ns, Cleanup: 10970 ns, At safepoint: 10634 ns, Total: 37708 ns
[2025-11-17T18:49:04.491+0000][202][info ][safepoint   ] Safepoint "Cleanup", Time since last: 1684612576 ns, Reaching safepoint: 8759 ns, Cleanup: 10564 ns, At safepoint: 4242 ns, Total: 23565 ns
[2025-11-17T18:49:05.532+0000][202][info ][safepoint   ] Safepoint "Cleanup", Time since last: 1041038503 ns, Reaching safepoint: 8271 ns, Cleanup: 13197 ns, At safepoint: 2873 ns, Total: 24341 ns
[2025-11-17T18:49:06.576+0000][202][info ][safepoint   ] Safepoint "Cleanup", Time since last: 1043712936 ns, Reaching safepoint: 13984 ns, Cleanup: 17673 ns, At safepoint: 6786 ns, Total: 38443 ns
[2025-11-17T18:49:07.579+0000][202][info ][safepoint   ] Safepoint "Cleanup", Time since last: 1002838125 ns, Reaching safepoint: 5604 ns, Cleanup: 6979 ns, At safepoint: 11799 ns, Total: 24382 ns
[2025-11-17T18:49:09.804+0000][202][info ][safepoint   ] Safepoint "Cleanup", Time since last: 2225060998 ns, Reaching safepoint: 6285 ns, Cleanup: 9303 ns, At safepoint: 12108 ns, Total: 27696 ns
[2025-11-17T18:49:13.808+0000][202][info ][safepoint   ] Safepoint "Cleanup", Time since last: 5011685701 ns, Reaching safepoint: 33619 ns, Cleanup: 35269 ns, At safepoint: 7396 ns, Total: 76284 ns
[2025-11-17T18:49:15.220+0000][202][info ][safepoint   ] Safepoint "Cleanup", Time since last: 1412735775 ns, Reaching safepoint: 9368 ns, Cleanup: 10343 ns, At safepoint: 2212 ns, Total: 21923 ns
[2025-11-17T18:49:16.289+0000][202][info ][safepoint   ] Safepoint "Cleanup", Time since last: 1068386166 ns, Reaching safepoint: 5717 ns, Cleanup: 6864 ns, At safepoint: 2824 ns, Total: 15405 ns
[2025-11-17T18:49:17.302+0000][202][info ][safepoint   ] Safepoint "Cleanup", Time since last: 1012970944 ns, Reaching safepoint: 4913 ns, Cleanup: 16361 ns, At safepoint: 11759 ns, Total: 33033 ns
[2025-11-17T18:49:19.604+0000][202][info ][safepoint   ] Safepoint "Cleanup", Time since last: 2302019620 ns, Reaching safepoint: 19827 ns, Cleanup: 14272 ns, At safepoint: 8515 ns, Total: 42614 ns
[2025-11-17T18:49:20.605+0000][202][info ][safepoint   ] Safepoint "Cleanup", Time since last: 1000603519 ns, Reaching safepoint: 17023 ns, Cleanup: 27292 ns, At safepoint: 5419 ns, Total: 49734 ns
[2025-11-17T18:49:22.607+0000][202][info ][safepoint   ] Safepoint "Cleanup", Time since last: 2001948739 ns, Reaching safepoint: 20229 ns, Cleanup: 16690 ns, At safepoint: 12175 ns, Total: 49094 ns
[2025-11-17T18:49:24.607+0000][202][info ][safepoint   ] Safepoint "Cleanup", Time since last: 2000462566 ns, Reaching safepoint: 16098 ns, Cleanup: 10594 ns, At safepoint: 5657 ns, Total: 32349 ns
[2025-11-17T18:49:26.612+0000][202][info ][safepoint   ] Safepoint "Cleanup", Time since last: 2004633835 ns, Reaching safepoint: 18099 ns, Cleanup: 10394 ns, At safepoint: 3134 ns, Total: 31627 ns
[2025-11-17T18:49:27.614+0000][202][info ][safepoint   ] Safepoint "Cleanup", Time since last: 1002086775 ns, Reaching safepoint: 23087 ns, Cleanup: 20858 ns, At safepoint: 8441 ns, Total: 52386 ns
[2025-11-17T18:49:29.483+0000][202][info ][gc,start    ] GC(23) Pause Young (Normal) (G1 Evacuation Pause)
[2025-11-17T18:49:29.483+0000][202][info ][gc,task     ] GC(23) Using 15 workers of 15 for evacuation
[2025-11-17T18:49:29.483+0000][202][debug][gc,age      ] GC(23) Desired survivor size 41943040 bytes, new threshold 15 (max threshold 15)
[2025-11-17T18:49:29.487+0000][202][info ][gc,phases   ] GC(23)   Pre Evacuate Collection Set: 0.30ms
[2025-11-17T18:49:29.488+0000][202][info ][gc,phases   ] GC(23)   Merge Heap Roots: 0.16ms
[2025-11-17T18:49:29.488+0000][202][info ][gc,phases   ] GC(23)   Evacuate Collection Set: 2.10ms
[2025-11-17T18:49:29.488+0000][202][info ][gc,phases   ] GC(23)   Post Evacuate Collection Set: 1.36ms
[2025-11-17T18:49:29.488+0000][202][info ][gc,phases   ] GC(23)   Other: 0.55ms
[2025-11-17T18:49:29.488+0000][202][trace][gc,age      ] GC(23) Age table with threshold 15 (max threshold 15)
[2025-11-17T18:49:29.489+0000][202][trace][gc,age      ] GC(23) - age   1:    7247096 bytes,    7247096 total
[2025-11-17T18:49:29.489+0000][202][trace][gc,age      ] GC(23) - age   2:     380776 bytes,    7627872 total
[2025-11-17T18:49:29.489+0000][202][trace][gc,age      ] GC(23) - age   3:     205072 bytes,    7832944 total
[2025-11-17T18:49:29.490+0000][202][trace][gc,age      ] GC(23) - age   4:     714584 bytes,    8547528 total
[2025-11-17T18:49:29.490+0000][202][trace][gc,age      ] GC(23) - age   5:    1027608 bytes,    9575136 total
[2025-11-17T18:49:29.490+0000][202][trace][gc,age      ] GC(23) - age   6:     939560 bytes,   10514696 total
[2025-11-17T18:49:29.491+0000][202][trace][gc,age      ] GC(23) - age   7:    5048464 bytes,   15563160 total
[2025-11-17T18:49:29.491+0000][202][info ][gc,heap     ] GC(23) Eden regions: 148->0(148)
[2025-11-17T18:49:29.491+0000][202][info ][gc,heap     ] GC(23) Survivor regions: 5->5(20)
[2025-11-17T18:49:29.491+0000][202][info ][gc,heap     ] GC(23) Old regions: 29->29
[2025-11-17T18:49:29.492+0000][202][info ][gc,heap     ] GC(23) Humongous regions: 0->0
[2025-11-17T18:49:29.492+0000][202][info ][gc,metaspace] GC(23) Metaspace: 148750K(152768K)->148750K(152768K) NonClass: 128212K(130368K)->128212K(130368K) Class: 20537K(22400K)->20537K(22400K)
[2025-11-17T18:49:29.492+0000][202][info ][gc          ] GC(23) Pause Young (Normal) (G1 Evacuation Pause) 723M->131M(1024M) 9.868ms
[2025-11-17T18:49:29.493+0000][202][info ][gc,cpu      ] GC(23) User=0.03s Sys=0.00s Real=0.01s
[2025-11-17T18:49:29.493+0000][202][info ][safepoint   ] Safepoint "G1CollectForAllocation", Time since last: 1868570780 ns, Reaching safepoint: 16737 ns, Cleanup: 12431 ns, At safepoint: 10592760 ns, Total: 10621928 ns
[2025-11-17T18:49:30.509+0000][202][info ][safepoint   ] Safepoint "Cleanup", Time since last: 1015935024 ns, Reaching safepoint: 87047 ns, Cleanup: 9710 ns, At safepoint: 20898 ns, Total: 117655 ns
[2025-11-17T18:49:32.069+0000][202][info ][safepoint   ] Safepoint "Cleanup", Time since last: 1559992119 ns, Reaching safepoint: 17228 ns, Cleanup: 11191 ns, At safepoint: 5518 ns, Total: 33937 ns
[2025-11-17T18:49:35.071+0000][202][info ][safepoint   ] Safepoint "Cleanup", Time since last: 3001625131 ns, Reaching safepoint: 16596 ns, Cleanup: 13815 ns, At safepoint: 5543 ns, Total: 35954 ns
[2025-11-17T18:49:36.071+0000][202][info ][safepoint   ] Safepoint "Cleanup", Time since last: 1000495697 ns, Reaching safepoint: 5670 ns, Cleanup: 12988 ns, At safepoint: 10382 ns, Total: 29040 ns
[2025-11-17T18:49:37.097+0000][202][info ][safepoint   ] Safepoint "Cleanup", Time since last: 1025380428 ns, Reaching safepoint: 81259 ns, Cleanup: 24287 ns, At safepoint: 10792 ns, Total: 116338 ns
[2025-11-17T18:49:38.138+0000][202][info ][safepoint   ] Safepoint "Cleanup", Time since last: 1041139686 ns, Reaching safepoint: 32794 ns, Cleanup: 10085 ns, At safepoint: 6009 ns, Total: 48888 ns
[2025-11-17T18:49:40.963+0000][202][info ][safepoint   ] Safepoint "Cleanup", Time since last: 3825143976 ns, Reaching safepoint: 31654 ns, Cleanup: 34559 ns, At safepoint: 10058 ns, Total: 76271 ns
[2025-11-17T18:49:41.964+0000][202][info ][safepoint   ] Safepoint "Cleanup", Time since last: 1000874136 ns, Reaching safepoint: 25020 ns, Cleanup: 7017 ns, At safepoint: 20465 ns, Total: 52502 ns
[2025-11-17T18:49:42.966+0000][202][info ][safepoint   ] Safepoint "Cleanup", Time since last: 1001266485 ns, Reaching safepoint: 23183 ns, Cleanup: 40294 ns, At safepoint: 8256 ns, Total: 71733 ns
[2025-11-17T18:49:47.971+0000][202][info ][safepoint   ] Safepoint "Cleanup", Time since last: 5005617670 ns, Reaching safepoint: 18877 ns, Cleanup: 12277 ns, At safepoint: 5777 ns, Total: 36931 ns
[2025-11-17T18:49:48.972+0000][202][info ][safepoint   ] Safepoint "Cleanup", Time since last: 1001045948 ns, Reaching safepoint: 20928 ns, Cleanup: 11264 ns, At safepoint: 5353 ns, Total: 37545 ns
[2025-11-17T18:49:49.973+0000][202][info ][safepoint   ] Safepoint "Cleanup", Time since last: 1000841672 ns, Reaching safepoint: 18553 ns, Cleanup: 12621 ns, At safepoint: 6123 ns, Total: 37297 ns
[2025-11-17T18:49:50.978+0000][202][info ][safepoint   ] Safepoint "Cleanup", Time since last: 1004846356 ns, Reaching safepoint: 23002 ns, Cleanup: 16337 ns, At safepoint: 8882 ns, Total: 48221 ns
[2025-11-17T18:49:53.980+0000][202][info ][safepoint   ] Safepoint "Cleanup", Time since last: 3002173547 ns, Reaching safepoint: 18115 ns, Cleanup: 31807 ns, At safepoint: 6985 ns, Total: 56907 ns
[2025-11-17T18:49:54.981+0000][202][info ][safepoint   ] Safepoint "Cleanup", Time since last: 1000999673 ns, Reaching safepoint: 16196 ns, Cleanup: 18760 ns, At safepoint: 5250 ns, Total: 40206 ns
[2025-11-17T18:49:55.983+0000][202][info ][safepoint   ] Safepoint "Cleanup", Time since last: 1001174007 ns, Reaching safepoint: 27615 ns, Cleanup: 18298 ns, At safepoint: 7039 ns, Total: 52952 ns
[2025-11-17T18:50:00.994+0000][202][info ][safepoint   ] Safepoint "Cleanup", Time since last: 5011644967 ns, Reaching safepoint: 19443 ns, Cleanup: 15157 ns, At safepoint: 6454 ns, Total: 41054 ns
[2025-11-17T18:50:02.996+0000][202][info ][safepoint   ] Safepoint "Cleanup", Time since last: 2001306860 ns, Reaching safepoint: 16774 ns, Cleanup: 14764 ns, At safepoint: 5410 ns, Total: 36948 ns
[2025-11-17T18:50:06.783+0000][202][info ][safepoint   ] Safepoint "Cleanup", Time since last: 3787607855 ns, Reaching safepoint: 5393 ns, Cleanup: 10247 ns, At safepoint: 2112 ns, Total: 17752 ns
[2025-11-17T18:50:07.823+0000][202][info ][safepoint   ] Safepoint "Cleanup", Time since last: 1040078145 ns, Reaching safepoint: 12530 ns, Cleanup: 25052 ns, At safepoint: 5847 ns, Total: 43429 ns
[2025-11-17T18:50:10.513+0000][202][info ][safepoint   ] Safepoint "Cleanup", Time since last: 3684801645 ns, Reaching safepoint: 19264 ns, Cleanup: 14135 ns, At safepoint: 8792 ns, Total: 42191 ns
[2025-11-17T18:50:17.321+0000][202][info ][safepoint   ] Safepoint "Cleanup", Time since last: 6807702622 ns, Reaching safepoint: 5777 ns, Cleanup: 7420 ns, At safepoint: 13390 ns, Total: 26587 ns
[2025-11-17T18:50:18.514+0000][202][info ][safepoint   ] Safepoint "Cleanup", Time since last: 1193387722 ns, Reaching safepoint: 5926 ns, Cleanup: 17899 ns, At safepoint: 4860 ns, Total: 28685 ns
[2025-11-17T18:50:19.516+0000][202][info ][safepoint   ] Safepoint "Cleanup", Time since last: 1001346761 ns, Reaching safepoint: 22382 ns, Cleanup: 22565 ns, At safepoint: 7300 ns, Total: 52247 ns
[2025-11-17T18:50:21.520+0000][202][info ][safepoint   ] Safepoint "Cleanup", Time since last: 2003988507 ns, Reaching safepoint: 17134 ns, Cleanup: 20431 ns, At safepoint: 15160 ns, Total: 52725 ns
[2025-11-17T18:50:22.520+0000][202][info ][safepoint   ] Safepoint "Cleanup", Time since last: 1000490627 ns, Reaching safepoint: 25829 ns, Cleanup: 17080 ns, At safepoint: 9052 ns, Total: 51961 ns
[2025-11-17T18:50:23.521+0000][202][info ][safepoint   ] Safepoint "Cleanup", Time since last: 1000752303 ns, Reaching safepoint: 14768 ns, Cleanup: 7007 ns, At safepoint: 3200 ns, Total: 24975 ns
[2025-11-17T18:50:24.521+0000][202][info ][safepoint   ] Safepoint "Cleanup", Time since last: 1000382691 ns, Reaching safepoint: 16130 ns, Cleanup: 14858 ns, At safepoint: 5288 ns, Total: 36276 ns
[2025-11-17T18:50:28.540+0000][202][info ][safepoint   ] Safepoint "Cleanup", Time since last: 4018880160 ns, Reaching safepoint: 22646 ns, Cleanup: 18431 ns, At safepoint: 7510 ns, Total: 48587 ns
[2025-11-17T18:50:34.543+0000][202][info ][safepoint   ] Safepoint "Cleanup", Time since last: 6002994487 ns, Reaching safepoint: 17066 ns, Cleanup: 13208 ns, At safepoint: 3521 ns, Total: 33795 ns
[2025-11-17T18:50:35.545+0000][202][info ][safepoint   ] Safepoint "Cleanup", Time since last: 1002027335 ns, Reaching safepoint: 18617 ns, Cleanup: 13623 ns, At safepoint: 8037 ns, Total: 40277 ns
[2025-11-17T18:50:37.547+0000][202][info ][safepoint   ] Safepoint "Cleanup", Time since last: 2001485453 ns, Reaching safepoint: 17570 ns, Cleanup: 12495 ns, At safepoint: 5539 ns, Total: 35604 ns
[2025-11-17T18:50:38.644+0000][202][info ][safepoint   ] Safepoint "Cleanup", Time since last: 1097348079 ns, Reaching safepoint: 5666 ns, Cleanup: 16093 ns, At safepoint: 10009 ns, Total: 31768 ns
[2025-11-17T18:50:39.203+0000][202][info ][safepoint   ] Safepoint "Cleanup", Time since last: 1003670211 ns, Reaching safepoint: 84778 ns, Cleanup: 7627 ns, At safepoint: 15928 ns, Total: 108333 ns
[2025-11-17T18:50:39.951+0000][202][info ][safepoint   ] Safepoint "Cleanup", Time since last: 1302381659 ns, Reaching safepoint: 36586 ns, Cleanup: 23367 ns, At safepoint: 5896 ns, Total: 65849 ns
[2025-11-17T18:50:44.959+0000][202][info ][safepoint   ] Safepoint "Cleanup", Time since last: 5006976130 ns, Reaching safepoint: 36669 ns, Cleanup: 44015 ns, At safepoint: 16087 ns, Total: 96771 ns
[2025-11-17T18:50:47.962+0000][202][info ][safepoint   ] Safepoint "Cleanup", Time since last: 3003105781 ns, Reaching safepoint: 34596 ns, Cleanup: 26393 ns, At safepoint: 14314 ns, Total: 75303 ns
[2025-11-17T18:50:51.965+0000][202][info ][safepoint   ] Safepoint "Cleanup", Time since last: 4003419646 ns, Reaching safepoint: 20476 ns, Cleanup: 12032 ns, At safepoint: 6188 ns, Total: 38696 ns
[2025-11-17T18:50:52.966+0000][202][info ][safepoint   ] Safepoint "Cleanup", Time since last: 1000477178 ns, Reaching safepoint: 20892 ns, Cleanup: 7571 ns, At safepoint: 5079 ns, Total: 33542 ns
[2025-11-17T18:50:54.968+0000][202][info ][safepoint   ] Safepoint "Cleanup", Time since last: 2002138807 ns, Reaching safepoint: 19374 ns, Cleanup: 13337 ns, At safepoint: 6412 ns, Total: 39123 ns
[2025-11-17T18:51:04.990+0000][202][info ][safepoint   ] Safepoint "Cleanup", Time since last: 10022184992 ns, Reaching safepoint: 31833 ns, Cleanup: 22732 ns, At safepoint: 12305 ns, Total: 66870 ns
[2025-11-17T18:51:09.133+0000][202][info ][safepoint   ] Safepoint "Cleanup", Time since last: 5139864171 ns, Reaching safepoint: 17805 ns, Cleanup: 15517 ns, At safepoint: 6087 ns, Total: 39409 ns
[2025-11-17T18:51:13.144+0000][202][info ][safepoint   ] Safepoint "Cleanup", Time since last: 4011762042 ns, Reaching safepoint: 16441 ns, Cleanup: 10886 ns, At safepoint: 5504 ns, Total: 32831 ns
[2025-11-17T18:51:14.148+0000][202][info ][safepoint   ] Safepoint "Cleanup", Time since last: 1003796703 ns, Reaching safepoint: 20750 ns, Cleanup: 13538 ns, At safepoint: 12936 ns, Total: 47224 ns
[2025-11-17T18:51:17.161+0000][202][info ][safepoint   ] Safepoint "Cleanup", Time since last: 3012328844 ns, Reaching safepoint: 18562 ns, Cleanup: 14344 ns, At safepoint: 5602 ns, Total: 38508 ns
[2025-11-17T18:51:19.162+0000][202][info ][safepoint   ] Safepoint "Cleanup", Time since last: 2001239521 ns, Reaching safepoint: 17453 ns, Cleanup: 12193 ns, At safepoint: 5853 ns, Total: 35499 ns
[2025-11-17T18:51:22.171+0000][202][info ][safepoint   ] Safepoint "Cleanup", Time since last: 3009377727 ns, Reaching safepoint: 17622 ns, Cleanup: 12225 ns, At safepoint: 5970 ns, Total: 35817 ns
[2025-11-17T18:51:24.184+0000][202][info ][safepoint   ] Safepoint "Cleanup", Time since last: 2012953667 ns, Reaching safepoint: 23433 ns, Cleanup: 55730 ns, At safepoint: 4305 ns, Total: 83468 ns
[2025-11-17T18:51:29.192+0000][202][info ][safepoint   ] Safepoint "Cleanup", Time since last: 5007819135 ns, Reaching safepoint: 42055 ns, Cleanup: 10562 ns, At safepoint: 5357 ns, Total: 57974 ns
[2025-11-17T18:51:33.651+0000][202][info ][gc,start    ] GC(24) Pause Young (Normal) (G1 Evacuation Pause)
[2025-11-17T18:51:33.652+0000][202][info ][gc,task     ] GC(24) Using 15 workers of 15 for evacuation
[2025-11-17T18:51:33.654+0000][202][debug][gc,age      ] GC(24) Desired survivor size 41943040 bytes, new threshold 15 (max threshold 15)
[2025-11-17T18:51:33.659+0000][202][info ][gc,phases   ] GC(24)   Pre Evacuate Collection Set: 0.48ms
[2025-11-17T18:51:33.660+0000][202][info ][gc,phases   ] GC(24)   Merge Heap Roots: 0.24ms
[2025-11-17T18:51:33.660+0000][202][info ][gc,phases   ] GC(24)   Evacuate Collection Set: 2.82ms
[2025-11-17T18:51:33.660+0000][202][info ][gc,phases   ] GC(24)   Post Evacuate Collection Set: 1.04ms
[2025-11-17T18:51:33.661+0000][202][info ][gc,phases   ] GC(24)   Other: 3.16ms
[2025-11-17T18:51:33.661+0000][202][trace][gc,age      ] GC(24) Age table with threshold 15 (max threshold 15)
[2025-11-17T18:51:33.662+0000][202][trace][gc,age      ] GC(24) - age   1:    2139928 bytes,    2139928 total
[2025-11-17T18:51:33.662+0000][202][trace][gc,age      ] GC(24) - age   2:     558896 bytes,    2698824 total
[2025-11-17T18:51:33.662+0000][202][trace][gc,age      ] GC(24) - age   3:     302064 bytes,    3000888 total
[2025-11-17T18:51:33.662+0000][202][trace][gc,age      ] GC(24) - age   4:     202464 bytes,    3203352 total
[2025-11-17T18:51:33.662+0000][202][trace][gc,age      ] GC(24) - age   5:     713976 bytes,    3917328 total
[2025-11-17T18:51:33.662+0000][202][trace][gc,age      ] GC(24) - age   6:    1027608 bytes,    4944936 total
[2025-11-17T18:51:33.662+0000][202][trace][gc,age      ] GC(24) - age   7:     939408 bytes,    5884344 total
[2025-11-17T18:51:33.663+0000][202][trace][gc,age      ] GC(24) - age   8:    5047608 bytes,   10931952 total
[2025-11-17T18:51:33.663+0000][202][info ][gc,heap     ] GC(24) Eden regions: 148->0(149)
[2025-11-17T18:51:33.663+0000][202][info ][gc,heap     ] GC(24) Survivor regions: 5->4(20)
[2025-11-17T18:51:33.663+0000][202][info ][gc,heap     ] GC(24) Old regions: 29->29
[2025-11-17T18:51:33.663+0000][202][info ][gc,heap     ] GC(24) Humongous regions: 0->0
[2025-11-17T18:51:33.663+0000][202][info ][gc,metaspace] GC(24) Metaspace: 149067K(153088K)->149067K(153088K) NonClass: 128518K(130688K)->128518K(130688K) Class: 20549K(22400K)->20549K(22400K)
[2025-11-17T18:51:33.663+0000][202][info ][gc          ] GC(24) Pause Young (Normal) (G1 Evacuation Pause) 723M->127M(1024M) 12.826ms
[2025-11-17T18:51:33.663+0000][202][info ][gc,cpu      ] GC(24) User=0.03s Sys=0.00s Real=0.02s
[2025-11-17T18:51:33.664+0000][202][info ][safepoint   ] Safepoint "G1CollectForAllocation", Time since last: 4458213955 ns, Reaching safepoint: 15032 ns, Cleanup: 6408 ns, At safepoint: 13169136 ns, Total: 13190576 ns
[2025-11-17T18:51:34.664+0000][202][info ][safepoint   ] Safepoint "Cleanup", Time since last: 1000261997 ns, Reaching safepoint: 20305 ns, Cleanup: 13065 ns, At safepoint: 6782 ns, Total: 40152 ns
[2025-11-17T18:51:38.642+0000][202][info ][safepoint   ] Safepoint "Cleanup", Time since last: 5002425663 ns, Reaching safepoint: 417256 ns, Cleanup: 21893 ns, At safepoint: 17736 ns, Total: 456885 ns
[2025-11-17T18:51:48.662+0000][202][info ][safepoint   ] Safepoint "Cleanup", Time since last: 10020459626 ns, Reaching safepoint: 18112 ns, Cleanup: 16944 ns, At safepoint: 5529 ns, Total: 40585 ns
[2025-11-17T18:51:49.680+0000][202][info ][safepoint   ] Safepoint "Cleanup", Time since last: 1017621683 ns, Reaching safepoint: 22329 ns, Cleanup: 16569 ns, At safepoint: 10330 ns, Total: 49228 ns
[2025-11-17T18:51:51.682+0000][202][info ][safepoint   ] Safepoint "Cleanup", Time since last: 2002183585 ns, Reaching safepoint: 32212 ns, Cleanup: 18761 ns, At safepoint: 10527 ns, Total: 61500 ns
[2025-11-17T18:51:58.696+0000][202][info ][safepoint   ] Safepoint "Cleanup", Time since last: 7013992552 ns, Reaching safepoint: 25651 ns, Cleanup: 15510 ns, At safepoint: 11623 ns, Total: 52784 ns
[2025-11-17T18:52:16.926+0000][202][info ][safepoint   ] Safepoint "Cleanup", Time since last: 19227647154 ns, Reaching safepoint: 23617 ns, Cleanup: 14976 ns, At safepoint: 8164 ns, Total: 46757 ns
[2025-11-17T18:52:18.929+0000][202][info ][safepoint   ] Safepoint "Cleanup", Time since last: 2002517342 ns, Reaching safepoint: 20141 ns, Cleanup: 12404 ns, At safepoint: 6711 ns, Total: 39256 ns
[2025-11-17T18:52:26.946+0000][202][info ][safepoint   ] Safepoint "Cleanup", Time since last: 8017434419 ns, Reaching safepoint: 36768 ns, Cleanup: 17313 ns, At safepoint: 13895 ns, Total: 67976 ns
[2025-11-17T18:52:45.986+0000][202][info ][safepoint   ] Safepoint "Cleanup", Time since last: 20039182671 ns, Reaching safepoint: 53497 ns, Cleanup: 38699 ns, At safepoint: 25384 ns, Total: 117580 ns
[2025-11-17T18:52:50.002+0000][202][info ][safepoint   ] Safepoint "Cleanup", Time since last: 4016192789 ns, Reaching safepoint: 17888 ns, Cleanup: 15302 ns, At safepoint: 6449 ns, Total: 39639 ns
[2025-11-17T18:52:51.007+0000][202][info ][safepoint   ] Safepoint "Cleanup", Time since last: 1005019548 ns, Reaching safepoint: 26572 ns, Cleanup: 15458 ns, At safepoint: 12718 ns, Total: 54748 ns
[2025-11-17T18:52:56.020+0000][202][info ][safepoint   ] Safepoint "Cleanup", Time since last: 5013477502 ns, Reaching safepoint: 30300 ns, Cleanup: 16446 ns, At safepoint: 8674 ns, Total: 55420 ns
[2025-11-17T18:53:05.147+0000][202][info ][safepoint   ] Safepoint "Cleanup", Time since last: 10127930155 ns, Reaching safepoint: 18611 ns, Cleanup: 11638 ns, At safepoint: 5693 ns, Total: 35942 ns
[2025-11-17T18:53:14.155+0000][202][info ][safepoint   ] Safepoint "Cleanup", Time since last: 9007404999 ns, Reaching safepoint: 16324 ns, Cleanup: 10898 ns, At safepoint: 14538 ns, Total: 41760 ns
[2025-11-17T18:53:15.155+0000][202][info ][safepoint   ] Safepoint "Cleanup", Time since last: 1000619463 ns, Reaching safepoint: 18485 ns, Cleanup: 11934 ns, At safepoint: 6175 ns, Total: 36594 ns
[2025-11-17T18:53:19.160+0000][202][info ][safepoint   ] Safepoint "Cleanup", Time since last: 4005129917 ns, Reaching safepoint: 21277 ns, Cleanup: 20557 ns, At safepoint: 8980 ns, Total: 50814 ns
[2025-11-17T18:53:20.161+0000][202][info ][safepoint   ] Safepoint "Cleanup", Time since last: 1000811379 ns, Reaching safepoint: 21786 ns, Cleanup: 15137 ns, At safepoint: 7565 ns, Total: 44488 ns
[2025-11-17T18:53:25.170+0000][202][info ][safepoint   ] Safepoint "Cleanup", Time since last: 5008312970 ns, Reaching safepoint: 18350 ns, Cleanup: 10481 ns, At safepoint: 5624 ns, Total: 34455 ns
[2025-11-17T18:53:30.174+0000][202][info ][safepoint   ] Safepoint "Cleanup", Time since last: 5004267388 ns, Reaching safepoint: 17422 ns, Cleanup: 14159 ns, At safepoint: 6222 ns, Total: 37803 ns
[2025-11-17T18:53:39.188+0000][202][info ][safepoint   ] Safepoint "Cleanup", Time since last: 10010595371 ns, Reaching safepoint: 17264 ns, Cleanup: 10180 ns, At safepoint: 6662 ns, Total: 34106 ns
[2025-11-17T18:53:48.209+0000][202][info ][safepoint   ] Safepoint "Cleanup", Time since last: 9020654374 ns, Reaching safepoint: 16493 ns, Cleanup: 10840 ns, At safepoint: 5942 ns, Total: 33275 ns
[2025-11-17T18:53:49.215+0000][202][info ][safepoint   ] Safepoint "Cleanup", Time since last: 1005920819 ns, Reaching safepoint: 26935 ns, Cleanup: 18451 ns, At safepoint: 12556 ns, Total: 57942 ns
[2025-11-17T18:53:53.231+0000][202][info ][safepoint   ] Safepoint "Cleanup", Time since last: 4016544136 ns, Reaching safepoint: 18329 ns, Cleanup: 11542 ns, At safepoint: 5153 ns, Total: 35024 ns
[2025-11-17T18:53:54.235+0000][202][info ][safepoint   ] Safepoint "Cleanup", Time since last: 1004078979 ns, Reaching safepoint: 16301 ns, Cleanup: 11181 ns, At safepoint: 3772 ns, Total: 31254 ns
[2025-11-17T18:54:03.317+0000][202][info ][safepoint   ] Safepoint "Cleanup", Time since last: 10114127674 ns, Reaching safepoint: 32207 ns, Cleanup: 29733 ns, At safepoint: 14036 ns, Total: 75976 ns
[2025-11-17T18:54:08.321+0000][202][info ][safepoint   ] Safepoint "Cleanup", Time since last: 5004071487 ns, Reaching safepoint: 45246 ns, Cleanup: 11800 ns, At safepoint: 6393 ns, Total: 63439 ns
[2025-11-17T18:54:13.345+0000][202][info ][safepoint   ] Safepoint "Cleanup", Time since last: 5023919689 ns, Reaching safepoint: 25706 ns, Cleanup: 17085 ns, At safepoint: 9929 ns, Total: 52720 ns
[2025-11-17T18:54:14.347+0000][202][info ][safepoint   ] Safepoint "Cleanup", Time since last: 1001992503 ns, Reaching safepoint: 17919 ns, Cleanup: 13144 ns, At safepoint: 5560 ns, Total: 36623 ns
[2025-11-17T18:54:16.348+0000][202][info ][safepoint   ] Safepoint "Cleanup", Time since last: 2001168482 ns, Reaching safepoint: 17439 ns, Cleanup: 11772 ns, At safepoint: 5598 ns, Total: 34809 ns
[2025-11-17T18:54:18.358+0000][202][info ][safepoint   ] Safepoint "Cleanup", Time since last: 2009546767 ns, Reaching safepoint: 28239 ns, Cleanup: 13868 ns, At safepoint: 5572 ns, Total: 47679 ns
[2025-11-17T18:54:27.209+0000][202][info ][safepoint   ] Safepoint "Cleanup", Time since last: 8851402724 ns, Reaching safepoint: 5987 ns, Cleanup: 6752 ns, At safepoint: 2921 ns, Total: 15660 ns
[2025-11-17T18:54:29.214+0000][202][info ][safepoint   ] Safepoint "Cleanup", Time since last: 2004901501 ns, Reaching safepoint: 34676 ns, Cleanup: 26496 ns, At safepoint: 16359 ns, Total: 77531 ns
[2025-11-17T18:54:32.220+0000][202][info ][safepoint   ] Safepoint "Cleanup", Time since last: 4007269128 ns, Reaching safepoint: 30010 ns, Cleanup: 18061 ns, At safepoint: 8980 ns, Total: 57051 ns
[2025-11-17T18:54:37.239+0000][202][info ][safepoint   ] Safepoint "Cleanup", Time since last: 5019698850 ns, Reaching safepoint: 25651 ns, Cleanup: 17811 ns, At safepoint: 11096 ns, Total: 54558 ns
[2025-11-17T18:54:41.246+0000][202][info ][safepoint   ] Safepoint "Cleanup", Time since last: 4006603600 ns, Reaching safepoint: 16463 ns, Cleanup: 11485 ns, At safepoint: 5257 ns, Total: 33205 ns
[2025-11-17T18:54:42.250+0000][202][info ][safepoint   ] Safepoint "Cleanup", Time since last: 1003569966 ns, Reaching safepoint: 17678 ns, Cleanup: 15095 ns, At safepoint: 6550 ns, Total: 39323 ns
[2025-11-17T18:55:06.363+0000][202][info ][safepoint   ] Safepoint "Cleanup", Time since last: 25111715067 ns, Reaching safepoint: 21438 ns, Cleanup: 11040 ns, At safepoint: 5563 ns, Total: 38041 ns
[2025-11-17T18:55:08.366+0000][202][info ][safepoint   ] Safepoint "Cleanup", Time since last: 2003145701 ns, Reaching safepoint: 17242 ns, Cleanup: 10871 ns, At safepoint: 5356 ns, Total: 33469 ns
[2025-11-17T18:55:10.373+0000][202][info ][safepoint   ] Safepoint "Cleanup", Time since last: 2006649826 ns, Reaching safepoint: 17051 ns, Cleanup: 13388 ns, At safepoint: 5354 ns, Total: 35793 ns
[2025-11-17T18:55:11.376+0000][202][info ][safepoint   ] Safepoint "Cleanup", Time since last: 1003720050 ns, Reaching safepoint: 33408 ns, Cleanup: 24201 ns, At safepoint: 16865 ns, Total: 74474 ns
[2025-11-17T18:55:16.396+0000][202][info ][safepoint   ] Safepoint "Cleanup", Time since last: 5019852598 ns, Reaching safepoint: 19045 ns, Cleanup: 11413 ns, At safepoint: 8306 ns, Total: 38764 ns
[2025-11-17T18:55:23.423+0000][202][info ][safepoint   ] Safepoint "Cleanup", Time since last: 7026962232 ns, Reaching safepoint: 21265 ns, Cleanup: 11362 ns, At safepoint: 7441 ns, Total: 40068 ns
[2025-11-17T18:55:29.442+0000][202][info ][safepoint   ] Safepoint "Cleanup", Time since last: 7021752652 ns, Reaching safepoint: 27832 ns, Cleanup: 20629 ns, At safepoint: 49426 ns, Total: 97887 ns
[2025-11-17T18:55:30.446+0000][202][info ][safepoint   ] Safepoint "Cleanup", Time since last: 1004053668 ns, Reaching safepoint: 23952 ns, Cleanup: 38215 ns, At safepoint: 9372 ns, Total: 71539 ns
[2025-11-17T18:55:39.468+0000][202][info ][safepoint   ] Safepoint "Cleanup", Time since last: 9022575222 ns, Reaching safepoint: 15432 ns, Cleanup: 73050 ns, At safepoint: 4525 ns, Total: 93007 ns
[2025-11-17T18:55:41.472+0000][202][info ][safepoint   ] Safepoint "Cleanup", Time since last: 2003256007 ns, Reaching safepoint: 16413 ns, Cleanup: 10654 ns, At safepoint: 6035 ns, Total: 33102 ns
[2025-11-17T18:55:44.482+0000][202][info ][safepoint   ] Safepoint "Cleanup", Time since last: 3010853907 ns, Reaching safepoint: 19307 ns, Cleanup: 24148 ns, At safepoint: 17400 ns, Total: 60855 ns
[2025-11-17T18:55:49.271+0000][202][info ][safepoint   ] Safepoint "Cleanup", Time since last: 4788742990 ns, Reaching safepoint: 6291 ns, Cleanup: 20209 ns, At safepoint: 20025 ns, Total: 46525 ns
[2025-11-17T18:55:50.368+0000][202][info ][safepoint   ] Safepoint "Cleanup", Time since last: 1096225155 ns, Reaching safepoint: 9610 ns, Cleanup: 29405 ns, At safepoint: 27805 ns, Total: 66820 ns
[2025-11-17T18:55:52.007+0000][202][info ][safepoint   ] Safepoint "Cleanup", Time since last: 1638929331 ns, Reaching safepoint: 29648 ns, Cleanup: 17410 ns, At safepoint: 11936 ns, Total: 58994 ns
[2025-11-17T18:55:53.428+0000][202][info ][safepoint   ] Safepoint "Cleanup", Time since last: 1421546183 ns, Reaching safepoint: 54552 ns, Cleanup: 19658 ns, At safepoint: 10974 ns, Total: 85184 ns
[2025-11-17T18:55:58.253+0000][202][info ][safepoint   ] Safepoint "Cleanup", Time since last: 5270985924 ns, Reaching safepoint: 80959 ns, Cleanup: 5367 ns, At safepoint: 10292 ns, Total: 96618 ns
[2025-11-17T18:56:06.305+0000][202][info ][safepoint   ] Safepoint "Cleanup", Time since last: 8606223494 ns, Reaching safepoint: 19641 ns, Cleanup: 13655 ns, At safepoint: 6050 ns, Total: 39346 ns
[2025-11-17T18:56:23.381+0000][202][info ][safepoint   ] Safepoint "Cleanup", Time since last: 17076772942 ns, Reaching safepoint: 32214 ns, Cleanup: 16835 ns, At safepoint: 6367 ns, Total: 55416 ns
[2025-11-17T18:56:27.352+0000][202][info ][safepoint   ] Safepoint "Cleanup", Time since last: 5007166912 ns, Reaching safepoint: 19017 ns, Cleanup: 12221 ns, At safepoint: 7252 ns, Total: 38490 ns
[2025-11-17T18:56:34.360+0000][202][info ][safepoint   ] Safepoint "Cleanup", Time since last: 7008019394 ns, Reaching safepoint: 26301 ns, Cleanup: 13257 ns, At safepoint: 9249 ns, Total: 48807 ns
[2025-11-17T18:56:40.395+0000][202][info ][safepoint   ] Safepoint "Cleanup", Time since last: 6035411299 ns, Reaching safepoint: 17171 ns, Cleanup: 10052 ns, At safepoint: 6717 ns, Total: 33940 ns
[2025-11-17T18:57:10.741+0000][202][info ][safepoint   ] Safepoint "Cleanup", Time since last: 31353040113 ns, Reaching safepoint: 27291 ns, Cleanup: 20419 ns, At safepoint: 11469 ns, Total: 59179 ns
[2025-11-17T18:57:20.764+0000][202][info ][safepoint   ] Safepoint "Cleanup", Time since last: 10023324938 ns, Reaching safepoint: 37532 ns, Cleanup: 20752 ns, At safepoint: 20108 ns, Total: 78392 ns
[2025-11-17T18:57:21.766+0000][202][info ][safepoint   ] Safepoint "Cleanup", Time since last: 1001499101 ns, Reaching safepoint: 16224 ns, Cleanup: 10208 ns, At safepoint: 5174 ns, Total: 31606 ns
[2025-11-17T18:57:37.803+0000][202][info ][safepoint   ] Safepoint "Cleanup", Time since last: 17040991698 ns, Reaching safepoint: 48912 ns, Cleanup: 33380 ns, At safepoint: 21541 ns, Total: 103833 ns
[2025-11-17T18:57:39.807+0000][202][info ][safepoint   ] Safepoint "Cleanup", Time since last: 2004358297 ns, Reaching safepoint: 16329 ns, Cleanup: 10138 ns, At safepoint: 5899 ns, Total: 32366 ns
[2025-11-17T18:58:18.981+0000][202][info ][safepoint   ] Safepoint "Cleanup", Time since last: 40187797193 ns, Reaching safepoint: 43062 ns, Cleanup: 11006 ns, At safepoint: 5633 ns, Total: 59701 ns
[2025-11-17T18:58:27.632+0000][202][info ][safepoint   ] Safepoint "Cleanup", Time since last: 9659116164 ns, Reaching safepoint: 6721 ns, Cleanup: 11711 ns, At safepoint: 2224 ns, Total: 20656 ns
[2025-11-17T18:58:28.641+0000][202][info ][safepoint   ] Safepoint "Cleanup", Time since last: 1008301894 ns, Reaching safepoint: 6491 ns, Cleanup: 17306 ns, At safepoint: 19121 ns, Total: 42918 ns
[2025-11-17T18:58:30.026+0000][202][info ][safepoint   ] Safepoint "Cleanup", Time since last: 1385644035 ns, Reaching safepoint: 21897 ns, Cleanup: 20879 ns, At safepoint: 7863 ns, Total: 50639 ns
[2025-11-17T18:58:47.428+0000][202][info ][safepoint   ] Safepoint "Cleanup", Time since last: 17401328594 ns, Reaching safepoint: 29609 ns, Cleanup: 11169 ns, At safepoint: 4956 ns, Total: 45734 ns
[2025-11-17T18:58:49.225+0000][202][info ][safepoint   ] Safepoint "Cleanup", Time since last: 1797130673 ns, Reaching safepoint: 102029 ns, Cleanup: 50691 ns, At safepoint: 9321 ns, Total: 162041 ns
[2025-11-17T18:58:50.754+0000][202][info ][safepoint   ] Safepoint "Cleanup", Time since last: 1529284956 ns, Reaching safepoint: 51935 ns, Cleanup: 25385 ns, At safepoint: 10122 ns, Total: 87442 ns
[2025-11-17T18:58:52.389+0000][202][info ][safepoint   ] Safepoint "Cleanup", Time since last: 2097657344 ns, Reaching safepoint: 40855 ns, Cleanup: 10915 ns, At safepoint: 5127 ns, Total: 56897 ns
[2025-11-17T18:58:54.368+0000][202][info ][safepoint   ] Safepoint "Cleanup", Time since last: 2538983727 ns, Reaching safepoint: 22313 ns, Cleanup: 11995 ns, At safepoint: 5292 ns, Total: 39600 ns
[2025-11-17T18:58:56.370+0000][202][info ][safepoint   ] Safepoint "Cleanup", Time since last: 2001963702 ns, Reaching safepoint: 18492 ns, Cleanup: 15774 ns, At safepoint: 5123 ns, Total: 39389 ns
[2025-11-17T18:59:01.375+0000][202][info ][safepoint   ] Safepoint "Cleanup", Time since last: 5004879711 ns, Reaching safepoint: 16521 ns, Cleanup: 9299 ns, At safepoint: 5190 ns, Total: 31010 ns
[2025-11-17T18:59:03.378+0000][202][info ][safepoint   ] Safepoint "Cleanup", Time since last: 2002744056 ns, Reaching safepoint: 17957 ns, Cleanup: 8863 ns, At safepoint: 5668 ns, Total: 32488 ns
[2025-11-17T18:59:05.382+0000][202][info ][safepoint   ] Safepoint "Cleanup", Time since last: 2004416165 ns, Reaching safepoint: 39612 ns, Cleanup: 114882 ns, At safepoint: 23743 ns, Total: 178237 ns
[2025-11-17T18:59:08.386+0000][202][info ][safepoint   ] Safepoint "Cleanup", Time since last: 3003441005 ns, Reaching safepoint: 18107 ns, Cleanup: 13348 ns, At safepoint: 5503 ns, Total: 36958 ns
[2025-11-17T18:59:12.114+0000][202][info ][gc,start    ] GC(25) Pause Young (Normal) (G1 Evacuation Pause)
[2025-11-17T18:59:12.115+0000][202][info ][gc,task     ] GC(25) Using 15 workers of 15 for evacuation
[2025-11-17T18:59:12.116+0000][202][debug][gc,age      ] GC(25) Desired survivor size 41943040 bytes, new threshold 15 (max threshold 15)
[2025-11-17T18:59:12.123+0000][202][info ][gc,phases   ] GC(25)   Pre Evacuate Collection Set: 0.36ms
[2025-11-17T18:59:12.123+0000][202][info ][gc,phases   ] GC(25)   Merge Heap Roots: 0.12ms
[2025-11-17T18:59:12.123+0000][202][info ][gc,phases   ] GC(25)   Evacuate Collection Set: 3.44ms
[2025-11-17T18:59:12.123+0000][202][info ][gc,phases   ] GC(25)   Post Evacuate Collection Set: 1.05ms
[2025-11-17T18:59:12.124+0000][202][info ][gc,phases   ] GC(25)   Other: 2.42ms
[2025-11-17T18:59:12.125+0000][202][trace][gc,age      ] GC(25) Age table with threshold 15 (max threshold 15)
[2025-11-17T18:59:12.125+0000][202][trace][gc,age      ] GC(25) - age   1:    8543408 bytes,    8543408 total
[2025-11-17T18:59:12.126+0000][202][trace][gc,age      ] GC(25) - age   2:    1339064 bytes,    9882472 total
[2025-11-17T18:59:12.127+0000][202][trace][gc,age      ] GC(25) - age   3:     168824 bytes,   10051296 total
[2025-11-17T18:59:12.128+0000][202][trace][gc,age      ] GC(25) - age   4:     235944 bytes,   10287240 total
[2025-11-17T18:59:12.129+0000][202][trace][gc,age      ] GC(25) - age   5:     200664 bytes,   10487904 total
[2025-11-17T18:59:12.130+0000][202][trace][gc,age      ] GC(25) - age   6:     713552 bytes,   11201456 total
[2025-11-17T18:59:12.130+0000][202][trace][gc,age      ] GC(25) - age   7:    1027608 bytes,   12229064 total
[2025-11-17T18:59:12.132+0000][202][trace][gc,age      ] GC(25) - age   8:     939256 bytes,   13168320 total
[2025-11-17T18:59:12.133+0000][202][trace][gc,age      ] GC(25) - age   9:    4904232 bytes,   18072552 total
[2025-11-17T18:59:12.133+0000][202][info ][gc,heap     ] GC(25) Eden regions: 149->0(148)
[2025-11-17T18:59:12.133+0000][202][info ][gc,heap     ] GC(25) Survivor regions: 4->5(20)
[2025-11-17T18:59:12.134+0000][202][info ][gc,heap     ] GC(25) Old regions: 29->29
[2025-11-17T18:59:12.134+0000][202][info ][gc,heap     ] GC(25) Humongous regions: 0->0
[2025-11-17T18:59:12.135+0000][202][info ][gc,metaspace] GC(25) Metaspace: 149718K(153728K)->149718K(153728K) NonClass: 129159K(131328K)->129159K(131328K) Class: 20558K(22400K)->20558K(22400K)
[2025-11-17T18:59:12.135+0000][202][info ][gc          ] GC(25) Pause Young (Normal) (G1 Evacuation Pause) 723M->134M(1024M) 21.579ms
[2025-11-17T18:59:12.136+0000][202][info ][gc,cpu      ] GC(25) User=0.05s Sys=0.00s Real=0.02s
[2025-11-17T18:59:12.136+0000][202][info ][safepoint   ] Safepoint "G1CollectForAllocation", Time since last: 3728141052 ns, Reaching safepoint: 17230 ns, Cleanup: 3830 ns, At safepoint: 22718983 ns, Total: 22740043 ns
[2025-11-17T18:59:16.206+0000][202][info ][safepoint   ] Safepoint "Cleanup", Time since last: 4069886102 ns, Reaching safepoint: 6324 ns, Cleanup: 8598 ns, At safepoint: 2880 ns, Total: 17802 ns
[2025-11-17T18:59:18.086+0000][202][info ][safepoint   ] Safepoint "Cleanup", Time since last: 1879953741 ns, Reaching safepoint: 21717 ns, Cleanup: 10036 ns, At safepoint: 5093 ns, Total: 36846 ns
[2025-11-17T18:59:19.110+0000][202][info ][safepoint   ] Safepoint "Cleanup", Time since last: 1023158947 ns, Reaching safepoint: 6073 ns, Cleanup: 8181 ns, At safepoint: 11437 ns, Total: 25691 ns
[2025-11-17T18:59:21.056+0000][202][info ][safepoint   ] Safepoint "Cleanup", Time since last: 1946095714 ns, Reaching safepoint: 28159 ns, Cleanup: 18897 ns, At safepoint: 39430 ns, Total: 86486 ns
[2025-11-17T18:59:22.481+0000][202][info ][safepoint   ] Safepoint "Cleanup", Time since last: 2430317547 ns, Reaching safepoint: 12855 ns, Cleanup: 15860 ns, At safepoint: 36644 ns, Total: 65359 ns
[2025-11-17T18:59:23.507+0000][202][info ][safepoint   ] Safepoint "Cleanup", Time since last: 1026466158 ns, Reaching safepoint: 4376 ns, Cleanup: 8875 ns, At safepoint: 4280 ns, Total: 17531 ns
[2025-11-17T18:59:24.913+0000][202][info ][safepoint   ] Safepoint "Cleanup", Time since last: 1406098896 ns, Reaching safepoint: 16657 ns, Cleanup: 15884 ns, At safepoint: 5539 ns, Total: 38080 ns
[2025-11-17T18:59:25.916+0000][202][info ][safepoint   ] Safepoint "Cleanup", Time since last: 1002338736 ns, Reaching safepoint: 12880 ns, Cleanup: 9562 ns, At safepoint: 4433 ns, Total: 26875 ns
[2025-11-17T18:59:26.932+0000][202][info ][safepoint   ] Safepoint "Cleanup", Time since last: 1016645168 ns, Reaching safepoint: 5172 ns, Cleanup: 11692 ns, At safepoint: 10332 ns, Total: 27196 ns
[2025-11-17T18:59:27.942+0000][202][info ][safepoint   ] Safepoint "Cleanup", Time since last: 1009046882 ns, Reaching safepoint: 204807 ns, Cleanup: 22305 ns, At safepoint: 10119 ns, Total: 237231 ns
[2025-11-17T18:59:29.768+0000][202][info ][safepoint   ] Safepoint "Cleanup", Time since last: 1826530628 ns, Reaching safepoint: 18275 ns, Cleanup: 19973 ns, At safepoint: 6038 ns, Total: 44286 ns
[2025-11-17T18:59:30.770+0000][202][info ][safepoint   ] Safepoint "Cleanup", Time since last: 1001782493 ns, Reaching safepoint: 19188 ns, Cleanup: 13989 ns, At safepoint: 7641 ns, Total: 40818 ns
[2025-11-17T18:59:32.015+0000][202][info ][safepoint   ] Safepoint "Cleanup", Time since last: 1245158988 ns, Reaching safepoint: 23375 ns, Cleanup: 14158 ns, At safepoint: 11170 ns, Total: 48703 ns
[2025-11-17T18:59:33.026+0000][202][info ][safepoint   ] Safepoint "Cleanup", Time since last: 1010771685 ns, Reaching safepoint: 6038 ns, Cleanup: 18233 ns, At safepoint: 13554 ns, Total: 37825 ns
[2025-11-17T18:59:34.567+0000][202][info ][safepoint   ] Safepoint "Cleanup", Time since last: 1540695173 ns, Reaching safepoint: 14629 ns, Cleanup: 14517 ns, At safepoint: 4181 ns, Total: 33327 ns
[2025-11-17T18:59:36.588+0000][202][info ][safepoint   ] Safepoint "Cleanup", Time since last: 2020997212 ns, Reaching safepoint: 17637 ns, Cleanup: 15611 ns, At safepoint: 5862 ns, Total: 39110 ns
[2025-11-17T18:59:37.588+0000][202][info ][safepoint   ] Safepoint "Cleanup", Time since last: 1000465422 ns, Reaching safepoint: 27506 ns, Cleanup: 13617 ns, At safepoint: 8719 ns, Total: 49842 ns
[2025-11-17T18:59:38.589+0000][202][info ][safepoint   ] Safepoint "Cleanup", Time since last: 1000728663 ns, Reaching safepoint: 25948 ns, Cleanup: 20037 ns, At safepoint: 6714 ns, Total: 52699 ns
[2025-11-17T18:59:44.598+0000][202][info ][safepoint   ] Safepoint "Cleanup", Time since last: 6008534135 ns, Reaching safepoint: 16533 ns, Cleanup: 24734 ns, At safepoint: 5859 ns, Total: 47126 ns
[2025-11-17T18:59:46.254+0000][202][info ][safepoint   ] Safepoint "Cleanup", Time since last: 1656418959 ns, Reaching safepoint: 5864 ns, Cleanup: 5102 ns, At safepoint: 12088 ns, Total: 23054 ns
[2025-11-17T18:59:47.256+0000][202][info ][safepoint   ] Safepoint "Cleanup", Time since last: 1002114730 ns, Reaching safepoint: 23024 ns, Cleanup: 13165 ns, At safepoint: 7293 ns, Total: 43482 ns
[2025-11-17T18:59:48.411+0000][202][info ][safepoint   ] Safepoint "Cleanup", Time since last: 1154438045 ns, Reaching safepoint: 78855 ns, Cleanup: 5312 ns, At safepoint: 9677 ns, Total: 93844 ns
[2025-11-17T18:59:49.411+0000][202][info ][safepoint   ] Safepoint "Cleanup", Time since last: 1000069177 ns, Reaching safepoint: 5483 ns, Cleanup: 12478 ns, At safepoint: 10091 ns, Total: 28052 ns
[2025-11-17T18:59:50.415+0000][202][info ][safepoint   ] Safepoint "Cleanup", Time since last: 1003748087 ns, Reaching safepoint: 6032 ns, Cleanup: 14306 ns, At safepoint: 11467 ns, Total: 31805 ns
[2025-11-17T18:59:50.413+0000][202][info ][safepoint   ] Safepoint "Cleanup", Time since last: 1002347218 ns, Reaching safepoint: 11538 ns, Cleanup: 14726 ns, At safepoint: 11926 ns, Total: 38190 ns
[2025-11-17T18:59:51.593+0000][202][info ][safepoint   ] Safepoint "Cleanup", Time since last: 1179463483 ns, Reaching safepoint: 15668 ns, Cleanup: 14977 ns, At safepoint: 5154 ns, Total: 35799 ns
[2025-11-17T18:59:56.335+0000][202][info ][safepoint   ] Safepoint "Cleanup", Time since last: 4742524271 ns, Reaching safepoint: 16498 ns, Cleanup: 11916 ns, At safepoint: 5947 ns, Total: 34361 ns
[2025-11-17T18:59:58.351+0000][202][info ][safepoint   ] Safepoint "Cleanup", Time since last: 2015712976 ns, Reaching safepoint: 16471 ns, Cleanup: 10775 ns, At safepoint: 3235 ns, Total: 30481 ns
[2025-11-17T19:00:00.355+0000][202][info ][safepoint   ] Safepoint "Cleanup", Time since last: 2004263288 ns, Reaching safepoint: 20084 ns, Cleanup: 14114 ns, At safepoint: 6314 ns, Total: 40512 ns
[2025-11-17T19:00:03.373+0000][202][info ][safepoint   ] Safepoint "Cleanup", Time since last: 3017173427 ns, Reaching safepoint: 41854 ns, Cleanup: 14127 ns, At safepoint: 7307 ns, Total: 63288 ns
[2025-11-17T19:00:04.211+0000][202][info ][gc,start    ] GC(26) Pause Young (Normal) (G1 Evacuation Pause)
[2025-11-17T19:00:04.212+0000][202][info ][gc,task     ] GC(26) Using 15 workers of 15 for evacuation
[2025-11-17T19:00:04.213+0000][202][debug][gc,age      ] GC(26) Desired survivor size 41943040 bytes, new threshold 15 (max threshold 15)
[2025-11-17T19:00:04.219+0000][202][info ][gc,phases   ] GC(26)   Pre Evacuate Collection Set: 0.26ms
[2025-11-17T19:00:04.220+0000][202][info ][gc,phases   ] GC(26)   Merge Heap Roots: 0.19ms
[2025-11-17T19:00:04.220+0000][202][info ][gc,phases   ] GC(26)   Evacuate Collection Set: 2.91ms
[2025-11-17T19:00:04.221+0000][202][info ][gc,phases   ] GC(26)   Post Evacuate Collection Set: 1.28ms
[2025-11-17T19:00:04.221+0000][202][info ][gc,phases   ] GC(26)   Other: 2.53ms
[2025-11-17T19:00:04.222+0000][202][trace][gc,age      ] GC(26) Age table with threshold 15 (max threshold 15)
[2025-11-17T19:00:04.222+0000][202][trace][gc,age      ] GC(26) - age   1:    9725960 bytes,    9725960 total
[2025-11-17T19:00:04.222+0000][202][trace][gc,age      ] GC(26) - age   2:     459144 bytes,   10185104 total
[2025-11-17T19:00:04.223+0000][202][trace][gc,age      ] GC(26) - age   3:    1338464 bytes,   11523568 total
[2025-11-17T19:00:04.223+0000][202][trace][gc,age      ] GC(26) - age   4:     167752 bytes,   11691320 total
[2025-11-17T19:00:04.224+0000][202][trace][gc,age      ] GC(26) - age   5:     235168 bytes,   11926488 total
[2025-11-17T19:00:04.224+0000][202][trace][gc,age      ] GC(26) - age   6:     197104 bytes,   12123592 total
[2025-11-17T19:00:04.225+0000][202][trace][gc,age      ] GC(26) - age   7:     713424 bytes,   12837016 total
[2025-11-17T19:00:04.225+0000][202][trace][gc,age      ] GC(26) - age   8:    1027608 bytes,   13864624 total
[2025-11-17T19:00:04.226+0000][202][trace][gc,age      ] GC(26) - age   9:     938752 bytes,   14803376 total
[2025-11-17T19:00:04.226+0000][202][trace][gc,age      ] GC(26) - age  10:    4858648 bytes,   19662024 total
[2025-11-17T19:00:04.227+0000][202][info ][gc,heap     ] GC(26) Eden regions: 148->0(147)
[2025-11-17T19:00:04.228+0000][202][info ][gc,heap     ] GC(26) Survivor regions: 5->6(20)
[2025-11-17T19:00:04.228+0000][202][info ][gc,heap     ] GC(26) Old regions: 29->29
[2025-11-17T19:00:04.228+0000][202][info ][gc,heap     ] GC(26) Humongous regions: 0->0
[2025-11-17T19:00:04.229+0000][202][info ][gc,metaspace] GC(26) Metaspace: 149914K(153984K)->149914K(153984K) NonClass: 129355K(131584K)->129355K(131584K) Class: 20558K(22400K)->20558K(22400K)
[2025-11-17T19:00:04.229+0000][202][info ][gc          ] GC(26) Pause Young (Normal) (G1 Evacuation Pause) 726M->135M(1024M) 18.480ms
[2025-11-17T19:00:04.230+0000][202][info ][gc,cpu      ] GC(26) User=0.03s Sys=0.00s Real=0.02s
[2025-11-17T19:00:04.230+0000][202][info ][safepoint   ] Safepoint "G1CollectForAllocation", Time since last: 838297727 ns, Reaching safepoint: 16280 ns, Cleanup: 3705 ns, At safepoint: 19484897 ns, Total: 19504882 ns
[2025-11-17T19:00:05.232+0000][202][info ][safepoint   ] Safepoint "Cleanup", Time since last: 1001822280 ns, Reaching safepoint: 15756 ns, Cleanup: 25130 ns, At safepoint: 5575 ns, Total: 46461 ns
[2025-11-17T19:00:10.252+0000][202][info ][safepoint   ] Safepoint "Cleanup", Time since last: 5019249849 ns, Reaching safepoint: 27370 ns, Cleanup: 18247 ns, At safepoint: 12163 ns, Total: 57780 ns
[2025-11-17T19:00:12.253+0000][202][info ][safepoint   ] Safepoint "Cleanup", Time since last: 2001279514 ns, Reaching safepoint: 18012 ns, Cleanup: 18385 ns, At safepoint: 6227 ns, Total: 42624 ns
[2025-11-17T19:00:15.948+0000][202][info ][safepoint   ] Safepoint "Cleanup", Time since last: 3695036718 ns, Reaching safepoint: 5640 ns, Cleanup: 6833 ns, At safepoint: 12256 ns, Total: 24729 ns
[2025-11-17T19:00:16.972+0000][202][info ][safepoint   ] Safepoint "Cleanup", Time since last: 1024217074 ns, Reaching safepoint: 7923 ns, Cleanup: 12818 ns, At safepoint: 11457 ns, Total: 32198 ns
[2025-11-17T19:00:18.354+0000][202][info ][safepoint   ] Safepoint "Cleanup", Time since last: 1381567639 ns, Reaching safepoint: 16837 ns, Cleanup: 9245 ns, At safepoint: 6049 ns, Total: 32131 ns
[2025-11-17T19:00:19.539+0000][202][info ][safepoint   ] Safepoint "Cleanup", Time since last: 1184751119 ns, Reaching safepoint: 4956 ns, Cleanup: 6313 ns, At safepoint: 1948 ns, Total: 13217 ns
[2025-11-17T19:00:19.547+0000][202][info ][safepoint   ] Safepoint "Cleanup", Time since last: 1026996047 ns, Reaching safepoint: 8934 ns, Cleanup: 6324 ns, At safepoint: 19177 ns, Total: 34435 ns
[2025-11-17T19:00:20.550+0000][202][info ][safepoint   ] Safepoint "Cleanup", Time since last: 1002235439 ns, Reaching safepoint: 5463 ns, Cleanup: 7507 ns, At safepoint: 23067 ns, Total: 36037 ns
[2025-11-17T19:00:23.232+0000][202][info ][safepoint   ] Safepoint "Cleanup", Time since last: 2682470814 ns, Reaching safepoint: 18266 ns, Cleanup: 15179 ns, At safepoint: 5656 ns, Total: 39101 ns
[2025-11-17T19:00:24.274+0000][202][info ][safepoint   ] Safepoint "Cleanup", Time since last: 1041364239 ns, Reaching safepoint: 545527 ns, Cleanup: 14882 ns, At safepoint: 61008 ns, Total: 621417 ns
[2025-11-17T19:00:25.300+0000][202][info ][safepoint   ] Safepoint "Cleanup", Time since last: 1025463921 ns, Reaching safepoint: 352317 ns, Cleanup: 47362 ns, At safepoint: 59923 ns, Total: 459602 ns
[2025-11-17T19:00:26.305+0000][202][info ][safepoint   ] Safepoint "Cleanup", Time since last: 1005282595 ns, Reaching safepoint: 166179 ns, Cleanup: 25351 ns, At safepoint: 30395 ns, Total: 221925 ns
[2025-11-17T19:00:28.295+0000][202][info ][safepoint   ] Safepoint "Cleanup", Time since last: 1989508709 ns, Reaching safepoint: 14079 ns, Cleanup: 14143 ns, At safepoint: 5037 ns, Total: 33259 ns
[2025-11-17T19:00:30.303+0000][202][info ][safepoint   ] Safepoint "Cleanup", Time since last: 2007854325 ns, Reaching safepoint: 34727 ns, Cleanup: 9539 ns, At safepoint: 6333 ns, Total: 50599 ns
[2025-11-17T19:00:31.712+0000][202][info ][safepoint   ] Safepoint "Cleanup", Time since last: 1409235485 ns, Reaching safepoint: 98918 ns, Cleanup: 24123 ns, At safepoint: 33975 ns, Total: 157016 ns
[2025-11-17T19:00:32.738+0000][202][info ][safepoint   ] Safepoint "Cleanup", Time since last: 1025348822 ns, Reaching safepoint: 7139 ns, Cleanup: 8260 ns, At safepoint: 10206 ns, Total: 25605 ns
[2025-11-17T19:00:34.486+0000][202][info ][safepoint   ] Safepoint "Cleanup", Time since last: 1748566849 ns, Reaching safepoint: 15698 ns, Cleanup: 17608 ns, At safepoint: 5142 ns, Total: 38448 ns
[2025-11-17T19:00:44.538+0000][202][info ][safepoint   ] Safepoint "Cleanup", Time since last: 10051902870 ns, Reaching safepoint: 19713 ns, Cleanup: 13168 ns, At safepoint: 7189 ns, Total: 40070 ns
[2025-11-17T19:00:46.535+0000][202][info ][safepoint   ] Safepoint "Cleanup", Time since last: 1996962094 ns, Reaching safepoint: 5651 ns, Cleanup: 8430 ns, At safepoint: 12871 ns, Total: 26952 ns
[2025-11-17T19:00:49.654+0000][202][info ][safepoint   ] Safepoint "Cleanup", Time since last: 4127781255 ns, Reaching safepoint: 5762 ns, Cleanup: 9142 ns, At safepoint: 2057 ns, Total: 16961 ns
[2025-11-17T19:00:50.656+0000][202][info ][safepoint   ] Safepoint "Cleanup", Time since last: 1001192018 ns, Reaching safepoint: 5182 ns, Cleanup: 5773 ns, At safepoint: 10437 ns, Total: 21392 ns
[2025-11-17T19:00:51.676+0000][202][info ][safepoint   ] Safepoint "Cleanup", Time since last: 1020633644 ns, Reaching safepoint: 6172 ns, Cleanup: 7727 ns, At safepoint: 11645 ns, Total: 25544 ns
[2025-11-17T19:00:53.059+0000][202][info ][safepoint   ] Safepoint "Cleanup", Time since last: 1382376389 ns, Reaching safepoint: 71109 ns, Cleanup: 14114 ns, At safepoint: 6523 ns, Total: 91746 ns
[2025-11-17T19:00:54.468+0000][202][info ][safepoint   ] Safepoint "Cleanup", Time since last: 1408930805 ns, Reaching safepoint: 92562 ns, Cleanup: 13198 ns, At safepoint: 24434 ns, Total: 130194 ns
[2025-11-17T19:00:55.475+0000][202][info ][safepoint   ] Safepoint "Cleanup", Time since last: 1006837628 ns, Reaching safepoint: 11118 ns, Cleanup: 9974 ns, At safepoint: 4493 ns, Total: 25585 ns
[2025-11-17T19:00:56.774+0000][202][info ][safepoint   ] Safepoint "Cleanup", Time since last: 1299611636 ns, Reaching safepoint: 25275 ns, Cleanup: 21152 ns, At safepoint: 10205 ns, Total: 56632 ns
[2025-11-17T19:00:57.032+0000][202][info ][gc,start    ] GC(27) Pause Young (Normal) (G1 Evacuation Pause)
[2025-11-17T19:00:57.034+0000][202][info ][gc,task     ] GC(27) Using 15 workers of 15 for evacuation
[2025-11-17T19:00:57.035+0000][202][debug][gc,age      ] GC(27) Desired survivor size 41943040 bytes, new threshold 15 (max threshold 15)
[2025-11-17T19:00:57.041+0000][202][info ][gc,phases   ] GC(27)   Pre Evacuate Collection Set: 0.30ms
[2025-11-17T19:00:57.042+0000][202][info ][gc,phases   ] GC(27)   Merge Heap Roots: 0.13ms
[2025-11-17T19:00:57.044+0000][202][info ][gc,phases   ] GC(27)   Evacuate Collection Set: 2.36ms
[2025-11-17T19:00:57.046+0000][202][info ][gc,phases   ] GC(27)   Post Evacuate Collection Set: 0.77ms
[2025-11-17T19:00:57.049+0000][202][info ][gc,phases   ] GC(27)   Other: 3.22ms
[2025-11-17T19:00:57.050+0000][202][trace][gc,age      ] GC(27) Age table with threshold 15 (max threshold 15)
[2025-11-17T19:00:57.051+0000][202][trace][gc,age      ] GC(27) - age   1:    4989768 bytes,    4989768 total
[2025-11-17T19:00:57.053+0000][202][trace][gc,age      ] GC(27) - age   2:     154920 bytes,    5144688 total
[2025-11-17T19:00:57.055+0000][202][trace][gc,age      ] GC(27) - age   3:     450152 bytes,    5594840 total
[2025-11-17T19:00:57.057+0000][202][trace][gc,age      ] GC(27) - age   4:    1338288 bytes,    6933128 total
[2025-11-17T19:00:57.057+0000][202][trace][gc,age      ] GC(27) - age   5:     167688 bytes,    7100816 total
[2025-11-17T19:00:57.058+0000][202][trace][gc,age      ] GC(27) - age   6:     234912 bytes,    7335728 total
[2025-11-17T19:00:57.059+0000][202][trace][gc,age      ] GC(27) - age   7:     197064 bytes,    7532792 total
[2025-11-17T19:00:57.059+0000][202][trace][gc,age      ] GC(27) - age   8:     713296 bytes,    8246088 total
[2025-11-17T19:00:57.059+0000][202][trace][gc,age      ] GC(27) - age   9:    1010064 bytes,    9256152 total
[2025-11-17T19:00:57.061+0000][202][trace][gc,age      ] GC(27) - age  10:     937792 bytes,   10193944 total
[2025-11-17T19:00:57.063+0000][202][trace][gc,age      ] GC(27) - age  11:    4858504 bytes,   15052448 total
[2025-11-17T19:00:57.063+0000][202][info ][gc,heap     ] GC(27) Eden regions: 147->0(148)
[2025-11-17T19:00:57.064+0000][202][info ][gc,heap     ] GC(27) Survivor regions: 6->5(20)
[2025-11-17T19:00:57.065+0000][202][info ][gc,heap     ] GC(27) Old regions: 29->29
[2025-11-17T19:00:57.066+0000][202][info ][gc,heap     ] GC(27) Humongous regions: 0->0
[2025-11-17T19:00:57.067+0000][202][info ][gc,metaspace] GC(27) Metaspace: 150035K(154048K)->150035K(154048K) NonClass: 129476K(131648K)->129476K(131648K) Class: 20558K(22400K)->20558K(22400K)
[2025-11-17T19:00:57.068+0000][202][info ][gc          ] GC(27) Pause Young (Normal) (G1 Evacuation Pause) 723M->131M(1024M) 35.439ms
[2025-11-17T19:00:57.068+0000][202][info ][gc,cpu      ] GC(27) User=0.02s Sys=0.00s Real=0.04s
[2025-11-17T19:00:57.069+0000][202][info ][safepoint   ] Safepoint "G1CollectForAllocation", Time since last: 255455956 ns, Reaching safepoint: 2175773 ns, Cleanup: 3639 ns, At safepoint: 36624093 ns, Total: 38803505 ns
[2025-11-17T19:00:58.089+0000][202][info ][safepoint   ] Safepoint "Cleanup", Time since last: 1020532673 ns, Reaching safepoint: 16458 ns, Cleanup: 16319 ns, At safepoint: 6204 ns, Total: 38981 ns
[2025-11-17T19:01:03.103+0000][202][info ][safepoint   ] Safepoint "Cleanup", Time since last: 5013491621 ns, Reaching safepoint: 102742 ns, Cleanup: 24423 ns, At safepoint: 44835 ns, Total: 172000 ns
[2025-11-17T19:01:05.135+0000][202][info ][safepoint   ] Safepoint "Cleanup", Time since last: 2032530665 ns, Reaching safepoint: 17759 ns, Cleanup: 10844 ns, At safepoint: 6002 ns, Total: 34605 ns
[2025-11-17T19:01:10.176+0000][202][info ][safepoint   ] Safepoint "Cleanup", Time since last: 5040017696 ns, Reaching safepoint: 16653 ns, Cleanup: 9415 ns, At safepoint: 4928 ns, Total: 30996 ns
[2025-11-17T19:01:15.696+0000][202][info ][safepoint   ] Safepoint "Cleanup", Time since last: 5520438935 ns, Reaching safepoint: 11851 ns, Cleanup: 7445 ns, At safepoint: 12063 ns, Total: 31359 ns
[2025-11-17T19:01:16.697+0000][202][info ][safepoint   ] Safepoint "Cleanup", Time since last: 1000665127 ns, Reaching safepoint: 5902 ns, Cleanup: 6498 ns, At safepoint: 12416 ns, Total: 24816 ns
[2025-11-17T19:01:17.016+0000][202][info ][safepoint   ] Safepoint "Cleanup", Time since last: 1336073942 ns, Reaching safepoint: 15979 ns, Cleanup: 14365 ns, At safepoint: 4863 ns, Total: 35207 ns
[2025-11-17T19:01:18.200+0000][202][info ][safepoint   ] Safepoint "Cleanup", Time since last: 1184185447 ns, Reaching safepoint: 4964 ns, Cleanup: 7335 ns, At safepoint: 1887 ns, Total: 14186 ns
[2025-11-17T19:01:23.027+0000][202][info ][safepoint   ] Safepoint "Cleanup", Time since last: 4826264111 ns, Reaching safepoint: 10315 ns, Cleanup: 34061 ns, At safepoint: 22947 ns, Total: 67323 ns
[2025-11-17T19:01:24.040+0000][202][info ][safepoint   ] Safepoint "Cleanup", Time since last: 1013616195 ns, Reaching safepoint: 5371 ns, Cleanup: 15277 ns, At safepoint: 10719 ns, Total: 31367 ns
[2025-11-17T19:01:25.058+0000][202][info ][safepoint   ] Safepoint "Cleanup", Time since last: 1017791028 ns, Reaching safepoint: 5382 ns, Cleanup: 22548 ns, At safepoint: 10412 ns, Total: 38342 ns
[2025-11-17T19:01:26.488+0000][202][info ][safepoint   ] Safepoint "Cleanup", Time since last: 1430190080 ns, Reaching safepoint: 5751 ns, Cleanup: 28572 ns, At safepoint: 13081 ns, Total: 47404 ns
[2025-11-17T19:01:27.568+0000][202][info ][safepoint   ] Safepoint "Cleanup", Time since last: 1079626627 ns, Reaching safepoint: 7063 ns, Cleanup: 16385 ns, At safepoint: 15983 ns, Total: 39431 ns
[2025-11-17T19:01:28.801+0000][202][info ][safepoint   ] Safepoint "Cleanup", Time since last: 1233005371 ns, Reaching safepoint: 16355 ns, Cleanup: 10713 ns, At safepoint: 4975 ns, Total: 32043 ns
[2025-11-17T19:01:29.802+0000][202][info ][safepoint   ] Safepoint "Cleanup", Time since last: 1001337247 ns, Reaching safepoint: 16426 ns, Cleanup: 7733 ns, At safepoint: 5281 ns, Total: 29440 ns
[2025-11-17T19:01:30.908+0000][202][info ][safepoint   ] Safepoint "Cleanup", Time since last: 1105345128 ns, Reaching safepoint: 6053 ns, Cleanup: 21449 ns, At safepoint: 12937 ns, Total: 40439 ns
[2025-11-17T19:01:32.769+0000][202][info ][safepoint   ] Safepoint "Cleanup", Time since last: 1861028843 ns, Reaching safepoint: 16947 ns, Cleanup: 22430 ns, At safepoint: 5625 ns, Total: 45002 ns
[2025-11-17T19:01:36.794+0000][202][info ][safepoint   ] Safepoint "Cleanup", Time since last: 4025001069 ns, Reaching safepoint: 18245 ns, Cleanup: 12253 ns, At safepoint: 5583 ns, Total: 36081 ns
[2025-11-17T19:01:41.801+0000][202][info ][safepoint   ] Safepoint "Cleanup", Time since last: 5006700316 ns, Reaching safepoint: 36343 ns, Cleanup: 11444 ns, At safepoint: 4737 ns, Total: 52524 ns
[2025-11-17T19:01:46.086+0000][202][info ][safepoint   ] Safepoint "Cleanup", Time since last: 4285634211 ns, Reaching safepoint: 6387 ns, Cleanup: 9804 ns, At safepoint: 13046 ns, Total: 29237 ns
[2025-11-17T19:01:48.012+0000][202][info ][safepoint   ] Safepoint "Cleanup", Time since last: 2933001044 ns, Reaching safepoint: 6063 ns, Cleanup: 20197 ns, At safepoint: 11955 ns, Total: 38215 ns
[2025-11-17T19:01:49.878+0000][202][info ][safepoint   ] Safepoint "Cleanup", Time since last: 1865604310 ns, Reaching safepoint: 17008 ns, Cleanup: 21285 ns, At safepoint: 5552 ns, Total: 43845 ns
[2025-11-17T19:01:50.051+0000][202][info ][gc,start    ] GC(28) Pause Young (Normal) (G1 Evacuation Pause)
[2025-11-17T19:01:50.051+0000][202][info ][gc,task     ] GC(28) Using 15 workers of 15 for evacuation
[2025-11-17T19:01:50.051+0000][202][debug][gc,age      ] GC(28) Desired survivor size 41943040 bytes, new threshold 15 (max threshold 15)
[2025-11-17T19:01:50.055+0000][202][info ][gc,phases   ] GC(28)   Pre Evacuate Collection Set: 0.27ms
[2025-11-17T19:01:50.056+0000][202][info ][gc,phases   ] GC(28)   Merge Heap Roots: 0.12ms
[2025-11-17T19:01:50.058+0000][202][info ][gc,phases   ] GC(28)   Evacuate Collection Set: 2.32ms
[2025-11-17T19:01:50.059+0000][202][info ][gc,phases   ] GC(28)   Post Evacuate Collection Set: 0.86ms
[2025-11-17T19:01:50.060+0000][202][info ][gc,phases   ] GC(28)   Other: 0.52ms
[2025-11-17T19:01:50.061+0000][202][trace][gc,age      ] GC(28) Age table with threshold 15 (max threshold 15)
[2025-11-17T19:01:50.062+0000][202][trace][gc,age      ] GC(28) - age   1:    7811776 bytes,    7811776 total
[2025-11-17T19:01:50.063+0000][202][trace][gc,age      ] GC(28) - age   2:     564384 bytes,    8376160 total
[2025-11-17T19:01:50.064+0000][202][trace][gc,age      ] GC(28) - age   3:      65712 bytes,    8441872 total
[2025-11-17T19:01:50.064+0000][202][trace][gc,age      ] GC(28) - age   4:     444280 bytes,    8886152 total
[2025-11-17T19:01:50.066+0000][202][trace][gc,age      ] GC(28) - age   5:    1337240 bytes,   10223392 total
[2025-11-17T19:01:50.068+0000][202][trace][gc,age      ] GC(28) - age   6:     167560 bytes,   10390952 total
[2025-11-17T19:01:50.070+0000][202][trace][gc,age      ] GC(28) - age   7:     234736 bytes,   10625688 total
[2025-11-17T19:01:50.072+0000][202][trace][gc,age      ] GC(28) - age   8:     197064 bytes,   10822752 total
[2025-11-17T19:01:50.073+0000][202][trace][gc,age      ] GC(28) - age   9:     713160 bytes,   11535912 total
[2025-11-17T19:01:50.075+0000][202][trace][gc,age      ] GC(28) - age  10:    1009776 bytes,   12545688 total
[2025-11-17T19:01:50.076+0000][202][trace][gc,age      ] GC(28) - age  11:     937752 bytes,   13483440 total
[2025-11-17T19:01:50.077+0000][202][trace][gc,age      ] GC(28) - age  12:    4857560 bytes,   18341000 total
[2025-11-17T19:01:50.078+0000][202][info ][gc,heap     ] GC(28) Eden regions: 148->0(148)
[2025-11-17T19:01:50.080+0000][202][info ][gc,heap     ] GC(28) Survivor regions: 5->5(20)
[2025-11-17T19:01:50.081+0000][202][info ][gc,heap     ] GC(28) Old regions: 29->29
[2025-11-17T19:01:50.082+0000][202][info ][gc,heap     ] GC(28) Humongous regions: 0->0
[2025-11-17T19:01:50.084+0000][202][info ][gc,metaspace] GC(28) Metaspace: 150426K(154496K)->150426K(154496K) NonClass: 129827K(132032K)->129827K(132032K) Class: 20598K(22464K)->20598K(22464K)
[2025-11-17T19:01:50.085+0000][202][info ][gc          ] GC(28) Pause Young (Normal) (G1 Evacuation Pause) 723M->134M(1024M) 34.571ms
[2025-11-17T19:01:50.087+0000][202][info ][gc,cpu      ] GC(28) User=0.02s Sys=0.00s Real=0.04s
[2025-11-17T19:01:50.089+0000][202][info ][safepoint   ] Safepoint "G1CollectForAllocation", Time since last: 172479953 ns, Reaching safepoint: 16050 ns, Cleanup: 15093 ns, At safepoint: 38172343 ns, Total: 38203486 ns
[2025-11-17T19:01:51.194+0000][202][info ][safepoint   ] Safepoint "Cleanup", Time since last: 1105288976 ns, Reaching safepoint: 7033 ns, Cleanup: 19428 ns, At safepoint: 18509 ns, Total: 44970 ns
[2025-11-17T19:01:55.770+0000][202][info ][safepoint   ] Safepoint "Cleanup", Time since last: 4575921017 ns, Reaching safepoint: 14613 ns, Cleanup: 12496 ns, At safepoint: 5654 ns, Total: 32763 ns
[2025-11-17T19:01:56.962+0000][202][info ][safepoint   ] Safepoint "Cleanup", Time since last: 1191529515 ns, Reaching safepoint: 5476 ns, Cleanup: 7669 ns, At safepoint: 12159 ns, Total: 25304 ns
[2025-11-17T19:01:58.622+0000][202][info ][safepoint   ] Safepoint "Cleanup", Time since last: 1660195174 ns, Reaching safepoint: 17394 ns, Cleanup: 13911 ns, At safepoint: 6296 ns, Total: 37601 ns
[2025-11-17T19:02:00.637+0000][202][info ][safepoint   ] Safepoint "Cleanup", Time since last: 2015041516 ns, Reaching safepoint: 13680 ns, Cleanup: 5952 ns, At safepoint: 4567 ns, Total: 24199 ns
[2025-11-17T19:02:01.638+0000][202][info ][safepoint   ] Safepoint "Cleanup", Time since last: 1000746445 ns, Reaching safepoint: 15366 ns, Cleanup: 10797 ns, At safepoint: 5302 ns, Total: 31465 ns
[2025-11-17T19:02:02.640+0000][202][info ][safepoint   ] Safepoint "Cleanup", Time since last: 1002178515 ns, Reaching safepoint: 36894 ns, Cleanup: 32920 ns, At safepoint: 14734 ns, Total: 84548 ns
[2025-11-17T19:02:04.642+0000][202][info ][safepoint   ] Safepoint "Cleanup", Time since last: 2002494672 ns, Reaching safepoint: 15543 ns, Cleanup: 14511 ns, At safepoint: 6773 ns, Total: 36827 ns
[2025-11-17T19:02:09.648+0000][202][info ][safepoint   ] Safepoint "Cleanup", Time since last: 5005170567 ns, Reaching safepoint: 36451 ns, Cleanup: 23051 ns, At safepoint: 15754 ns, Total: 75256 ns
[2025-11-17T19:02:12.651+0000][202][info ][safepoint   ] Safepoint "Cleanup", Time since last: 3002777044 ns, Reaching safepoint: 18468 ns, Cleanup: 16377 ns, At safepoint: 7191 ns, Total: 42036 ns
[2025-11-17T19:02:16.340+0000][202][info ][safepoint   ] Safepoint "Cleanup", Time since last: 4715979840 ns, Reaching safepoint: 17160 ns, Cleanup: 18516 ns, At safepoint: 3114 ns, Total: 38790 ns
[2025-11-17T19:02:17.951+0000][202][info ][safepoint   ] Safepoint "Cleanup", Time since last: 1610820344 ns, Reaching safepoint: 10412 ns, Cleanup: 13007 ns, At safepoint: 2075 ns, Total: 25494 ns
[2025-11-17T19:02:22.073+0000][202][info ][safepoint   ] Safepoint "Cleanup", Time since last: 4122112004 ns, Reaching safepoint: 5763 ns, Cleanup: 5982 ns, At safepoint: 10636 ns, Total: 22381 ns
[2025-11-17T19:02:23.121+0000][202][info ][safepoint   ] Safepoint "Cleanup", Time since last: 1048092165 ns, Reaching safepoint: 5007 ns, Cleanup: 13699 ns, At safepoint: 11567 ns, Total: 30273 ns
[2025-11-17T19:02:24.126+0000][202][info ][safepoint   ] Safepoint "Cleanup", Time since last: 1004543078 ns, Reaching safepoint: 5210 ns, Cleanup: 13686 ns, At safepoint: 10482 ns, Total: 29378 ns
[2025-11-17T19:02:25.324+0000][202][info ][safepoint   ] Safepoint "Cleanup", Time since last: 1197656670 ns, Reaching safepoint: 28489 ns, Cleanup: 15503 ns, At safepoint: 9609 ns, Total: 53601 ns
[2025-11-17T19:02:26.863+0000][202][info ][safepoint   ] Safepoint "Cleanup", Time since last: 1539252335 ns, Reaching safepoint: 5984 ns, Cleanup: 9050 ns, At safepoint: 10348 ns, Total: 25382 ns
[2025-11-17T19:02:30.503+0000][202][info ][safepoint   ] Safepoint "Cleanup", Time since last: 3639779357 ns, Reaching safepoint: 24275 ns, Cleanup: 24373 ns, At safepoint: 11125 ns, Total: 59773 ns
[2025-11-17T19:02:32.866+0000][202][info ][safepoint   ] Safepoint "Cleanup", Time since last: 2362985530 ns, Reaching safepoint: 6596 ns, Cleanup: 7476 ns, At safepoint: 1568 ns, Total: 15640 ns
[2025-11-17T19:02:34.491+0000][202][info ][safepoint   ] Safepoint "Cleanup", Time since last: 1624971091 ns, Reaching safepoint: 16789 ns, Cleanup: 11357 ns, At safepoint: 6564 ns, Total: 34710 ns
[2025-11-17T19:02:37.493+0000][202][info ][safepoint   ] Safepoint "Cleanup", Time since last: 3002103228 ns, Reaching safepoint: 17617 ns, Cleanup: 13273 ns, At safepoint: 6219 ns, Total: 37109 ns
[2025-11-17T19:02:44.351+0000][202][info ][safepoint   ] Safepoint "Cleanup", Time since last: 7877237520 ns, Reaching safepoint: 38764 ns, Cleanup: 8110 ns, At safepoint: 62950 ns, Total: 109824 ns
[2025-11-17T19:02:44.361+0000][202][info ][gc,start    ] GC(29) Pause Young (Normal) (G1 Evacuation Pause)
[2025-11-17T19:02:44.361+0000][202][info ][gc,task     ] GC(29) Using 15 workers of 15 for evacuation
[2025-11-17T19:02:44.362+0000][202][debug][gc,age      ] GC(29) Desired survivor size 41943040 bytes, new threshold 15 (max threshold 15)
[2025-11-17T19:02:44.367+0000][202][info ][gc,phases   ] GC(29)   Pre Evacuate Collection Set: 0.23ms
[2025-11-17T19:02:44.369+0000][202][info ][gc,phases   ] GC(29)   Merge Heap Roots: 0.08ms
[2025-11-17T19:02:44.370+0000][202][info ][gc,phases   ] GC(29)   Evacuate Collection Set: 4.21ms
[2025-11-17T19:02:44.372+0000][202][info ][gc,phases   ] GC(29)   Post Evacuate Collection Set: 0.88ms
[2025-11-17T19:02:44.373+0000][202][info ][gc,phases   ] GC(29)   Other: 0.60ms
[2025-11-17T19:02:44.374+0000][202][trace][gc,age      ] GC(29) Age table with threshold 15 (max threshold 15)
[2025-11-17T19:02:44.375+0000][202][trace][gc,age      ] GC(29) - age   1:   10163536 bytes,   10163536 total
[2025-11-17T19:02:44.377+0000][202][trace][gc,age      ] GC(29) - age   2:     884800 bytes,   11048336 total
[2025-11-17T19:02:44.378+0000][202][trace][gc,age      ] GC(29) - age   3:      23632 bytes,   11071968 total
[2025-11-17T19:02:44.380+0000][202][trace][gc,age      ] GC(29) - age   4:      18032 bytes,   11090000 total
[2025-11-17T19:02:44.382+0000][202][trace][gc,age      ] GC(29) - age   5:     444024 bytes,   11534024 total
[2025-11-17T19:02:44.383+0000][202][trace][gc,age      ] GC(29) - age   6:    1337240 bytes,   12871264 total
[2025-11-17T19:02:44.384+0000][202][trace][gc,age      ] GC(29) - age   7:     167496 bytes,   13038760 total
[2025-11-17T19:02:44.385+0000][202][trace][gc,age      ] GC(29) - age   8:     234704 bytes,   13273464 total
[2025-11-17T19:02:44.385+0000][202][trace][gc,age      ] GC(29) - age   9:     196968 bytes,   13470432 total
[2025-11-17T19:02:44.386+0000][202][trace][gc,age      ] GC(29) - age  10:     712816 bytes,   14183248 total
[2025-11-17T19:02:44.386+0000][202][trace][gc,age      ] GC(29) - age  11:    1009736 bytes,   15192984 total
[2025-11-17T19:02:44.386+0000][202][trace][gc,age      ] GC(29) - age  12:     937360 bytes,   16130344 total
[2025-11-17T19:02:44.387+0000][202][trace][gc,age      ] GC(29) - age  13:    4841264 bytes,   20971608 total
[2025-11-17T19:02:44.387+0000][202][info ][gc,heap     ] GC(29) Eden regions: 148->0(147)
[2025-11-17T19:02:44.387+0000][202][info ][gc,heap     ] GC(29) Survivor regions: 5->6(20)
[2025-11-17T19:02:44.387+0000][202][info ][gc,heap     ] GC(29) Old regions: 29->29
[2025-11-17T19:02:44.387+0000][202][info ][gc,heap     ] GC(29) Humongous regions: 0->0
[2025-11-17T19:02:44.388+0000][202][info ][gc,metaspace] GC(29) Metaspace: 150491K(154496K)->150491K(154496K) NonClass: 129892K(132032K)->129892K(132032K) Class: 20598K(22464K)->20598K(22464K)
[2025-11-17T19:02:44.388+0000][202][info ][gc          ] GC(29) Pause Young (Normal) (G1 Evacuation Pause) 726M->137M(1024M) 26.786ms
[2025-11-17T19:02:44.388+0000][202][info ][gc,cpu      ] GC(29) User=0.02s Sys=0.00s Real=0.03s
[2025-11-17T19:02:44.388+0000][202][info ][safepoint   ] Safepoint "G1CollectForAllocation", Time since last: 9768728 ns, Reaching safepoint: 12912 ns, Cleanup: 2802 ns, At safepoint: 27356881 ns, Total: 27372595 ns
[2025-11-17T19:02:48.362+0000][202][info ][safepoint   ] Safepoint "Cleanup", Time since last: 3973500006 ns, Reaching safepoint: 89076 ns, Cleanup: 9316 ns, At safepoint: 19355 ns, Total: 117747 ns
[2025-11-17T19:02:49.773+0000][202][info ][safepoint   ] Safepoint "Cleanup", Time since last: 1411323502 ns, Reaching safepoint: 16054 ns, Cleanup: 15769 ns, At safepoint: 4909 ns, Total: 36732 ns
[2025-11-17T19:02:51.510+0000][202][info ][safepoint   ] Safepoint "Cleanup", Time since last: 1736500906 ns, Reaching safepoint: 36057 ns, Cleanup: 13298 ns, At safepoint: 7948 ns, Total: 57303 ns
[2025-11-17T19:02:52.752+0000][202][info ][safepoint   ] Safepoint "Cleanup", Time since last: 1242162891 ns, Reaching safepoint: 88190 ns, Cleanup: 8839 ns, At safepoint: 28548 ns, Total: 125577 ns
[2025-11-17T19:02:53.843+0000][202][info ][safepoint   ] Safepoint "Cleanup", Time since last: 1090394144 ns, Reaching safepoint: 5772 ns, Cleanup: 11445 ns, At safepoint: 2386 ns, Total: 19603 ns
[2025-11-17T19:02:56.732+0000][202][info ][safepoint   ] Safepoint "Cleanup", Time since last: 2889137018 ns, Reaching safepoint: 5766 ns, Cleanup: 8654 ns, At safepoint: 12330 ns, Total: 26750 ns
[2025-11-17T19:02:57.819+0000][202][info ][safepoint   ] Safepoint "Cleanup", Time since last: 1087558405 ns, Reaching safepoint: 5360 ns, Cleanup: 13454 ns, At safepoint: 2112 ns, Total: 20926 ns
[2025-11-17T19:02:59.832+0000][202][info ][safepoint   ] Safepoint "Cleanup", Time since last: 2012904561 ns, Reaching safepoint: 15345 ns, Cleanup: 6762 ns, At safepoint: 4185 ns, Total: 26292 ns
[2025-11-17T19:03:04.841+0000][202][info ][safepoint   ] Safepoint "Cleanup", Time since last: 5009123144 ns, Reaching safepoint: 15933 ns, Cleanup: 9755 ns, At safepoint: 4872 ns, Total: 30560 ns
[2025-11-17T19:03:06.851+0000][202][info ][safepoint   ] Safepoint "Cleanup", Time since last: 2009460812 ns, Reaching safepoint: 15003 ns, Cleanup: 17261 ns, At safepoint: 5644 ns, Total: 37908 ns
[2025-11-17T19:03:11.862+0000][202][info ][safepoint   ] Safepoint "Cleanup", Time since last: 5010539423 ns, Reaching safepoint: 30067 ns, Cleanup: 23257 ns, At safepoint: 14912 ns, Total: 68236 ns
[2025-11-17T19:03:12.869+0000][202][info ][safepoint   ] Safepoint "Cleanup", Time since last: 1007463610 ns, Reaching safepoint: 14598 ns, Cleanup: 10474 ns, At safepoint: 5274 ns, Total: 30346 ns
[2025-11-17T19:03:13.768+0000][202][info ][safepoint   ] Safepoint "Cleanup", Time since last: 1906769601 ns, Reaching safepoint: 9749 ns, Cleanup: 10208 ns, At safepoint: 2663 ns, Total: 22620 ns
[2025-11-17T19:03:17.163+0000][202][info ][safepoint   ] Safepoint "Cleanup", Time since last: 3395118273 ns, Reaching safepoint: 16895 ns, Cleanup: 11439 ns, At safepoint: 6545 ns, Total: 34879 ns
[2025-11-17T19:03:20.575+0000][202][info ][safepoint   ] Safepoint "Cleanup", Time since last: 3411392672 ns, Reaching safepoint: 90062 ns, Cleanup: 15174 ns, At safepoint: 45825 ns, Total: 151061 ns
[2025-11-17T19:03:21.577+0000][202][info ][safepoint   ] Safepoint "Cleanup", Time since last: 1002177112 ns, Reaching safepoint: 5570 ns, Cleanup: 13761 ns, At safepoint: 10832 ns, Total: 30163 ns
[2025-11-17T19:03:22.656+0000][202][info ][safepoint   ] Safepoint "Cleanup", Time since last: 1078505820 ns, Reaching safepoint: 6088 ns, Cleanup: 10143 ns, At safepoint: 12966 ns, Total: 29197 ns
[2025-11-17T19:03:24.088+0000][202][info ][safepoint   ] Safepoint "Cleanup", Time since last: 1432876999 ns, Reaching safepoint: 16181 ns, Cleanup: 10695 ns, At safepoint: 5207 ns, Total: 32083 ns
[2025-11-17T19:03:28.584+0000][202][info ][safepoint   ] Safepoint "Cleanup", Time since last: 4494954626 ns, Reaching safepoint: 86560 ns, Cleanup: 7457 ns, At safepoint: 22823 ns, Total: 116840 ns
[2025-11-17T19:03:30.670+0000][202][info ][safepoint   ] Safepoint "Cleanup", Time since last: 2086098132 ns, Reaching safepoint: 62988 ns, Cleanup: 14673 ns, At safepoint: 7838 ns, Total: 85499 ns
[2025-11-17T19:03:39.806+0000][202][info ][safepoint   ] Safepoint "Cleanup", Time since last: 9136105268 ns, Reaching safepoint: 15831 ns, Cleanup: 11250 ns, At safepoint: 5833 ns, Total: 32914 ns
[2025-11-17T19:03:45.102+0000][202][info ][gc,start    ] GC(30) Pause Young (Normal) (G1 Evacuation Pause)
[2025-11-17T19:03:45.103+0000][202][info ][gc,task     ] GC(30) Using 15 workers of 15 for evacuation
[2025-11-17T19:03:45.104+0000][202][debug][gc,age      ] GC(30) Desired survivor size 41943040 bytes, new threshold 15 (max threshold 15)
[2025-11-17T19:03:45.108+0000][202][info ][gc,phases   ] GC(30)   Pre Evacuate Collection Set: 0.31ms
[2025-11-17T19:03:45.108+0000][202][info ][gc,phases   ] GC(30)   Merge Heap Roots: 0.12ms
[2025-11-17T19:03:45.110+0000][202][info ][gc,phases   ] GC(30)   Evacuate Collection Set: 1.96ms
[2025-11-17T19:03:45.113+0000][202][info ][gc,phases   ] GC(30)   Post Evacuate Collection Set: 0.97ms
[2025-11-17T19:03:45.115+0000][202][info ][gc,phases   ] GC(30)   Other: 1.22ms
[2025-11-17T19:03:45.116+0000][202][trace][gc,age      ] GC(30) Age table with threshold 15 (max threshold 15)
[2025-11-17T19:03:45.116+0000][202][trace][gc,age      ] GC(30) - age   1:    6628984 bytes,    6628984 total
[2025-11-17T19:03:45.117+0000][202][trace][gc,age      ] GC(30) - age   2:    1163000 bytes,    7791984 total
[2025-11-17T19:03:45.117+0000][202][trace][gc,age      ] GC(30) - age   3:     609016 bytes,    8401000 total
[2025-11-17T19:03:45.118+0000][202][trace][gc,age      ] GC(30) - age   4:      16072 bytes,    8417072 total
[2025-11-17T19:03:45.119+0000][202][trace][gc,age      ] GC(30) - age   5:      14600 bytes,    8431672 total
[2025-11-17T19:03:45.119+0000][202][trace][gc,age      ] GC(30) - age   6:     444024 bytes,    8875696 total
[2025-11-17T19:03:45.120+0000][202][trace][gc,age      ] GC(30) - age   7:    1337240 bytes,   10212936 total
[2025-11-17T19:03:45.120+0000][202][trace][gc,age      ] GC(30) - age   8:     167496 bytes,   10380432 total
[2025-11-17T19:03:45.121+0000][202][trace][gc,age      ] GC(30) - age   9:     234512 bytes,   10614944 total
[2025-11-17T19:03:45.121+0000][202][trace][gc,age      ] GC(30) - age  10:     196744 bytes,   10811688 total
[2025-11-17T19:03:45.121+0000][202][trace][gc,age      ] GC(30) - age  11:     712816 bytes,   11524504 total
[2025-11-17T19:03:45.122+0000][202][trace][gc,age      ] GC(30) - age  12:    1009736 bytes,   12534240 total
[2025-11-17T19:03:45.122+0000][202][trace][gc,age      ] GC(30) - age  13:     936776 bytes,   13471016 total
[2025-11-17T19:03:45.123+0000][202][trace][gc,age      ] GC(30) - age  14:    4841264 bytes,   18312280 total
[2025-11-17T19:03:45.123+0000][202][info ][gc,heap     ] GC(30) Eden regions: 147->0(148)
[2025-11-17T19:03:45.124+0000][202][info ][gc,heap     ] GC(30) Survivor regions: 6->5(20)
[2025-11-17T19:03:45.124+0000][202][info ][gc,heap     ] GC(30) Old regions: 29->29
[2025-11-17T19:03:45.125+0000][202][info ][gc,heap     ] GC(30) Humongous regions: 0->0
[2025-11-17T19:03:45.125+0000][202][info ][gc,metaspace] GC(30) Metaspace: 150538K(154560K)->150538K(154560K) NonClass: 129939K(132096K)->129939K(132096K) Class: 20598K(22464K)->20598K(22464K)
[2025-11-17T19:03:45.126+0000][202][info ][gc          ] GC(30) Pause Young (Normal) (G1 Evacuation Pause) 725M->134M(1024M) 23.185ms
[2025-11-17T19:03:45.126+0000][202][info ][gc,cpu      ] GC(30) User=0.02s Sys=0.01s Real=0.02s
[2025-11-17T19:03:45.127+0000][202][info ][safepoint   ] Safepoint "G1CollectForAllocation", Time since last: 6307719347 ns, Reaching safepoint: 17030 ns, Cleanup: 3941 ns, At safepoint: 24666469 ns, Total: 24687440 ns
[2025-11-17T19:03:47.616+0000][202][info ][safepoint   ] Safepoint "Cleanup", Time since last: 2489259924 ns, Reaching safepoint: 10518 ns, Cleanup: 7401 ns, At safepoint: 21496 ns, Total: 39415 ns
[2025-11-17T19:03:51.632+0000][202][info ][safepoint   ] Safepoint "Cleanup", Time since last: 4015466738 ns, Reaching safepoint: 20988 ns, Cleanup: 12803 ns, At safepoint: 5546 ns, Total: 39337 ns
[2025-11-17T19:03:59.692+0000][202][info ][safepoint   ] Safepoint "Cleanup", Time since last: 8059779706 ns, Reaching safepoint: 5499 ns, Cleanup: 10270 ns, At safepoint: 10255 ns, Total: 26024 ns
[2025-11-17T19:04:00.709+0000][202][info ][safepoint   ] Safepoint "Cleanup", Time since last: 1017271536 ns, Reaching safepoint: 91768 ns, Cleanup: 8907 ns, At safepoint: 29889 ns, Total: 130564 ns
[2025-11-17T19:04:02.380+0000][202][info ][safepoint   ] Safepoint "Cleanup", Time since last: 1670558281 ns, Reaching safepoint: 25390 ns, Cleanup: 15121 ns, At safepoint: 9021 ns, Total: 49532 ns
[2025-11-17T19:04:13.339+0000][202][info ][safepoint   ] Safepoint "Cleanup", Time since last: 11970262909 ns, Reaching safepoint: 12740 ns, Cleanup: 12553 ns, At safepoint: 5240 ns, Total: 30533 ns
[2025-11-17T19:04:19.089+0000][202][info ][safepoint   ] Safepoint "Cleanup", Time since last: 5749600980 ns, Reaching safepoint: 34303 ns, Cleanup: 8589 ns, At safepoint: 18195 ns, Total: 61087 ns
[2025-11-17T19:04:20.094+0000][202][info ][safepoint   ] Safepoint "Cleanup", Time since last: 1005345863 ns, Reaching safepoint: 15680 ns, Cleanup: 7196 ns, At safepoint: 4609 ns, Total: 27485 ns
[2025-11-17T19:04:21.100+0000][202][info ][safepoint   ] Safepoint "Cleanup", Time since last: 1005987169 ns, Reaching safepoint: 5428 ns, Cleanup: 25511 ns, At safepoint: 3846 ns, Total: 34785 ns
[2025-11-17T19:04:22.110+0000][202][info ][safepoint   ] Safepoint "Cleanup", Time since last: 1010483602 ns, Reaching safepoint: 6212 ns, Cleanup: 11348 ns, At safepoint: 11067 ns, Total: 28627 ns
[2025-11-17T19:04:23.948+0000][202][info ][safepoint   ] Safepoint "Cleanup", Time since last: 1837244501 ns, Reaching safepoint: 22778 ns, Cleanup: 17480 ns, At safepoint: 8974 ns, Total: 49232 ns
[2025-11-17T19:04:26.882+0000][202][info ][safepoint   ] Safepoint "Cleanup", Time since last: 2934462013 ns, Reaching safepoint: 6032 ns, Cleanup: 8276 ns, At safepoint: 2294 ns, Total: 16602 ns
[2025-11-17T19:04:32.546+0000][202][info ][safepoint   ] Safepoint "Cleanup", Time since last: 5663331271 ns, Reaching safepoint: 17340 ns, Cleanup: 12761 ns, At safepoint: 7302 ns, Total: 37403 ns
[2025-11-17T19:04:39.626+0000][202][info ][safepoint   ] Safepoint "Cleanup", Time since last: 7080704379 ns, Reaching safepoint: 17703 ns, Cleanup: 13086 ns, At safepoint: 6360 ns, Total: 37149 ns
[2025-11-17T19:04:40.088+0000][202][info ][gc,start    ] GC(31) Pause Young (Normal) (G1 Evacuation Pause)
[2025-11-17T19:04:40.090+0000][202][info ][gc,task     ] GC(31) Using 15 workers of 15 for evacuation
[2025-11-17T19:04:40.091+0000][202][debug][gc,age      ] GC(31) Desired survivor size 41943040 bytes, new threshold 15 (max threshold 15)
[2025-11-17T19:04:40.097+0000][202][info ][gc,phases   ] GC(31)   Pre Evacuate Collection Set: 0.33ms
[2025-11-17T19:04:40.097+0000][202][info ][gc,phases   ] GC(31)   Merge Heap Roots: 0.12ms
[2025-11-17T19:04:40.098+0000][202][info ][gc,phases   ] GC(31)   Evacuate Collection Set: 2.71ms
[2025-11-17T19:04:40.098+0000][202][info ][gc,phases   ] GC(31)   Post Evacuate Collection Set: 0.87ms
[2025-11-17T19:04:40.099+0000][202][info ][gc,phases   ] GC(31)   Other: 3.02ms
[2025-11-17T19:04:40.099+0000][202][trace][gc,age      ] GC(31) Age table with threshold 15 (max threshold 15)
[2025-11-17T19:04:40.099+0000][202][trace][gc,age      ] GC(31) - age   1:    6660792 bytes,    6660792 total
[2025-11-17T19:04:40.099+0000][202][trace][gc,age      ] GC(31) - age   2:     791232 bytes,    7452024 total
[2025-11-17T19:04:40.099+0000][202][trace][gc,age      ] GC(31) - age   3:     895176 bytes,    8347200 total
[2025-11-17T19:04:40.099+0000][202][trace][gc,age      ] GC(31) - age   4:     550008 bytes,    8897208 total
[2025-11-17T19:04:40.099+0000][202][trace][gc,age      ] GC(31) - age   5:      14416 bytes,    8911624 total
[2025-11-17T19:04:40.100+0000][202][trace][gc,age      ] GC(31) - age   6:      14208 bytes,    8925832 total
[2025-11-17T19:04:40.100+0000][202][trace][gc,age      ] GC(31) - age   7:     443768 bytes,    9369600 total
[2025-11-17T19:04:40.100+0000][202][trace][gc,age      ] GC(31) - age   8:    1337240 bytes,   10706840 total
[2025-11-17T19:04:40.100+0000][202][trace][gc,age      ] GC(31) - age   9:     167496 bytes,   10874336 total
[2025-11-17T19:04:40.100+0000][202][trace][gc,age      ] GC(31) - age  10:     234448 bytes,   11108784 total
[2025-11-17T19:04:40.100+0000][202][trace][gc,age      ] GC(31) - age  11:     196616 bytes,   11305400 total
[2025-11-17T19:04:40.100+0000][202][trace][gc,age      ] GC(31) - age  12:     712752 bytes,   12018152 total
[2025-11-17T19:04:40.100+0000][202][trace][gc,age      ] GC(31) - age  13:    1009736 bytes,   13027888 total
[2025-11-17T19:04:40.101+0000][202][trace][gc,age      ] GC(31) - age  14:     936728 bytes,   13964616 total
[2025-11-17T19:04:40.101+0000][202][trace][gc,age      ] GC(31) - age  15:    4841144 bytes,   18805760 total
[2025-11-17T19:04:40.101+0000][202][info ][gc,heap     ] GC(31) Eden regions: 148->0(148)
[2025-11-17T19:04:40.101+0000][202][info ][gc,heap     ] GC(31) Survivor regions: 5->5(20)
[2025-11-17T19:04:40.101+0000][202][info ][gc,heap     ] GC(31) Old regions: 29->29
[2025-11-17T19:04:40.102+0000][202][info ][gc,heap     ] GC(31) Humongous regions: 0->0
[2025-11-17T19:04:40.102+0000][202][info ][gc,metaspace] GC(31) Metaspace: 150590K(154624K)->150590K(154624K) NonClass: 129991K(132160K)->129991K(132160K) Class: 20598K(22464K)->20598K(22464K)
[2025-11-17T19:04:40.102+0000][202][info ][gc          ] GC(31) Pause Young (Normal) (G1 Evacuation Pause) 726M->134M(1024M) 13.604ms
[2025-11-17T19:04:40.102+0000][202][info ][gc,cpu      ] GC(31) User=0.02s Sys=0.00s Real=0.01s
[2025-11-17T19:04:40.103+0000][202][info ][safepoint   ] Safepoint "G1CollectForAllocation", Time since last: 923591289 ns, Reaching safepoint: 29716 ns, Cleanup: 4795 ns, At safepoint: 14201076 ns, Total: 14235587 ns
[2025-11-17T19:04:47.443+0000][202][info ][safepoint   ] Safepoint "Cleanup", Time since last: 7899261282 ns, Reaching safepoint: 18350 ns, Cleanup: 13814 ns, At safepoint: 6259 ns, Total: 38423 ns
[2025-11-17T19:04:51.921+0000][202][info ][safepoint   ] Safepoint "Cleanup", Time since last: 4478017390 ns, Reaching safepoint: 87677 ns, Cleanup: 7671 ns, At safepoint: 13508 ns, Total: 108856 ns
[2025-11-17T19:04:54.138+0000][202][info ][safepoint   ] Safepoint "Cleanup", Time since last: 2217212692 ns, Reaching safepoint: 21847 ns, Cleanup: 34469 ns, At safepoint: 10085 ns, Total: 66401 ns
[2025-11-17T19:04:56.161+0000][202][info ][safepoint   ] Safepoint "Cleanup", Time since last: 2023027799 ns, Reaching safepoint: 17241 ns, Cleanup: 13655 ns, At safepoint: 7080 ns, Total: 37976 ns
[2025-11-17T19:04:57.987+0000][202][info ][safepoint   ] Safepoint "Cleanup", Time since last: 1825459395 ns, Reaching safepoint: 16781 ns, Cleanup: 11130 ns, At safepoint: 6669 ns, Total: 34580 ns
[2025-11-17T19:04:58.988+0000][202][info ][safepoint   ] Safepoint "Cleanup", Time since last: 1001079397 ns, Reaching safepoint: 34048 ns, Cleanup: 21774 ns, At safepoint: 7483 ns, Total: 63305 ns
[2025-11-17T19:05:00.880+0000][202][info ][safepoint   ] Safepoint "Cleanup", Time since last: 1892431807 ns, Reaching safepoint: 5745 ns, Cleanup: 18308 ns, At safepoint: 24339 ns, Total: 48392 ns
[2025-11-17T19:05:01.888+0000][202][info ][safepoint   ] Safepoint "Cleanup", Time since last: 1007236268 ns, Reaching safepoint: 5454 ns, Cleanup: 9621 ns, At safepoint: 2315 ns, Total: 17390 ns
[2025-11-17T19:05:06.268+0000][202][info ][safepoint   ] Safepoint "Cleanup", Time since last: 4379886141 ns, Reaching safepoint: 17476 ns, Cleanup: 17904 ns, At safepoint: 5821 ns, Total: 41201 ns
[2025-11-17T19:05:08.269+0000][202][info ][safepoint   ] Safepoint "Cleanup", Time since last: 2001540714 ns, Reaching safepoint: 24379 ns, Cleanup: 17809 ns, At safepoint: 11858 ns, Total: 54046 ns
[2025-11-17T19:05:12.254+0000][202][info ][safepoint   ] Safepoint "Cleanup", Time since last: 5004613872 ns, Reaching safepoint: 22276 ns, Cleanup: 17143 ns, At safepoint: 10736 ns, Total: 50155 ns
[2025-11-17T19:05:13.483+0000][202][info ][safepoint   ] Safepoint "Cleanup", Time since last: 1228985123 ns, Reaching safepoint: 133390 ns, Cleanup: 11160 ns, At safepoint: 26701 ns, Total: 171251 ns
[2025-11-17T19:05:15.180+0000][202][info ][safepoint   ] Safepoint "Cleanup", Time since last: 1696883246 ns, Reaching safepoint: 19500 ns, Cleanup: 11437 ns, At safepoint: 8858 ns, Total: 39795 ns
[2025-11-17T19:05:17.160+0000][202][info ][safepoint   ] Safepoint "Cleanup", Time since last: 1980372470 ns, Reaching safepoint: 17592 ns, Cleanup: 12941 ns, At safepoint: 6474 ns, Total: 37007 ns
[2025-11-17T19:05:18.162+0000][202][info ][safepoint   ] Safepoint "Cleanup", Time since last: 1002058639 ns, Reaching safepoint: 39755 ns, Cleanup: 7492 ns, At safepoint: 8352 ns, Total: 55599 ns
[2025-11-17T19:05:19.592+0000][202][info ][safepoint   ] Safepoint "Cleanup", Time since last: 1430014573 ns, Reaching safepoint: 5568 ns, Cleanup: 15233 ns, At safepoint: 12492 ns, Total: 33293 ns
[2025-11-17T19:05:20.604+0000][202][info ][safepoint   ] Safepoint "Cleanup", Time since last: 1011410142 ns, Reaching safepoint: 103589 ns, Cleanup: 19549 ns, At safepoint: 57027 ns, Total: 180165 ns
[2025-11-17T19:05:21.931+0000][202][info ][safepoint   ] Safepoint "Cleanup", Time since last: 1326587552 ns, Reaching safepoint: 11978 ns, Cleanup: 13917 ns, At safepoint: 30608 ns, Total: 56503 ns
[2025-11-17T19:05:23.809+0000][202][info ][safepoint   ] Safepoint "Cleanup", Time since last: 1878167754 ns, Reaching safepoint: 16449 ns, Cleanup: 13079 ns, At safepoint: 5743 ns, Total: 35271 ns
[2025-11-17T19:05:25.811+0000][202][info ][safepoint   ] Safepoint "Cleanup", Time since last: 2002046498 ns, Reaching safepoint: 18317 ns, Cleanup: 11548 ns, At safepoint: 6345 ns, Total: 36210 ns
[2025-11-17T19:05:27.374+0000][202][info ][safepoint   ] Safepoint "Cleanup", Time since last: 1562645181 ns, Reaching safepoint: 16123 ns, Cleanup: 18823 ns, At safepoint: 17354 ns, Total: 52300 ns
[2025-11-17T19:05:33.955+0000][202][info ][gc,start    ] GC(32) Pause Young (Normal) (G1 Evacuation Pause)
[2025-11-17T19:05:33.955+0000][202][info ][gc,task     ] GC(32) Using 15 workers of 15 for evacuation
[2025-11-17T19:05:33.955+0000][202][debug][gc,age      ] GC(32) Desired survivor size 41943040 bytes, new threshold 15 (max threshold 15)
[2025-11-17T19:05:33.960+0000][202][info ][gc,phases   ] GC(32)   Pre Evacuate Collection Set: 0.36ms
[2025-11-17T19:05:33.960+0000][202][info ][gc,phases   ] GC(32)   Merge Heap Roots: 0.14ms
[2025-11-17T19:05:33.960+0000][202][info ][gc,phases   ] GC(32)   Evacuate Collection Set: 3.00ms
[2025-11-17T19:05:33.960+0000][202][info ][gc,phases   ] GC(32)   Post Evacuate Collection Set: 0.94ms
[2025-11-17T19:05:33.960+0000][202][info ][gc,phases   ] GC(32)   Other: 0.54ms
[2025-11-17T19:05:33.961+0000][202][trace][gc,age      ] GC(32) Age table with threshold 15 (max threshold 15)
[2025-11-17T19:05:33.961+0000][202][trace][gc,age      ] GC(32) - age   1:    7523800 bytes,    7523800 total
[2025-11-17T19:05:33.961+0000][202][trace][gc,age      ] GC(32) - age   2:     518560 bytes,    8042360 total
[2025-11-17T19:05:33.961+0000][202][trace][gc,age      ] GC(32) - age   3:     781360 bytes,    8823720 total
[2025-11-17T19:05:33.961+0000][202][trace][gc,age      ] GC(32) - age   4:     893248 bytes,    9716968 total
[2025-11-17T19:05:33.961+0000][202][trace][gc,age      ] GC(32) - age   5:     549784 bytes,   10266752 total
[2025-11-17T19:05:33.961+0000][202][trace][gc,age      ] GC(32) - age   6:      14328 bytes,   10281080 total
[2025-11-17T19:05:33.961+0000][202][trace][gc,age      ] GC(32) - age   7:      14080 bytes,   10295160 total
[2025-11-17T19:05:33.962+0000][202][trace][gc,age      ] GC(32) - age   8:     443480 bytes,   10738640 total
[2025-11-17T19:05:33.962+0000][202][trace][gc,age      ] GC(32) - age   9:    1336296 bytes,   12074936 total
[2025-11-17T19:05:33.962+0000][202][trace][gc,age      ] GC(32) - age  10:     167496 bytes,   12242432 total
[2025-11-17T19:05:33.962+0000][202][trace][gc,age      ] GC(32) - age  11:     234448 bytes,   12476880 total
[2025-11-17T19:05:33.962+0000][202][trace][gc,age      ] GC(32) - age  12:     196616 bytes,   12673496 total
[2025-11-17T19:05:33.962+0000][202][trace][gc,age      ] GC(32) - age  13:     712752 bytes,   13386248 total
[2025-11-17T19:05:33.963+0000][202][trace][gc,age      ] GC(32) - age  14:    1009736 bytes,   14395984 total
[2025-11-17T19:05:33.963+0000][202][trace][gc,age      ] GC(32) - age  15:     936728 bytes,   15332712 total
[2025-11-17T19:05:33.963+0000][202][info ][gc,heap     ] GC(32) Eden regions: 148->0(148)
[2025-11-17T19:05:33.963+0000][202][info ][gc,heap     ] GC(32) Survivor regions: 5->5(20)
[2025-11-17T19:05:33.963+0000][202][info ][gc,heap     ] GC(32) Old regions: 29->30
[2025-11-17T19:05:33.963+0000][202][info ][gc,heap     ] GC(32) Humongous regions: 0->0
[2025-11-17T19:05:33.963+0000][202][info ][gc,metaspace] GC(32) Metaspace: 150693K(154752K)->150693K(154752K) NonClass: 130094K(132288K)->130094K(132288K) Class: 20598K(22464K)->20598K(22464K)
[2025-11-17T19:05:33.963+0000][202][info ][gc          ] GC(32) Pause Young (Normal) (G1 Evacuation Pause) 726M->136M(1024M) 8.803ms
[2025-11-17T19:05:33.964+0000][202][info ][gc,cpu      ] GC(32) User=0.02s Sys=0.01s Real=0.02s
[2025-11-17T19:05:33.964+0000][202][info ][safepoint   ] Safepoint "G1CollectForAllocation", Time since last: 6580813345 ns, Reaching safepoint: 126554 ns, Cleanup: 5578 ns, At safepoint: 9179816 ns, Total: 9311948 ns
[2025-11-17T19:05:39.694+0000][202][info ][safepoint   ] Safepoint "Cleanup", Time since last: 6766163219 ns, Reaching safepoint: 21252 ns, Cleanup: 13554 ns, At safepoint: 7944 ns, Total: 42750 ns
[2025-11-17T19:05:42.707+0000][202][info ][safepoint   ] Safepoint "Cleanup", Time since last: 3012803987 ns, Reaching safepoint: 35204 ns, Cleanup: 13059 ns, At safepoint: 7294 ns, Total: 55557 ns
[2025-11-17T19:05:45.202+0000][202][info ][safepoint   ] Safepoint "Cleanup", Time since last: 2494883681 ns, Reaching safepoint: 29917 ns, Cleanup: 17447 ns, At safepoint: 10586 ns, Total: 57950 ns
[2025-11-17T19:05:46.318+0000][202][info ][safepoint   ] Safepoint "Cleanup", Time since last: 1115292928 ns, Reaching safepoint: 85643 ns, Cleanup: 7499 ns, At safepoint: 14699 ns, Total: 107841 ns
[2025-11-17T19:05:47.321+0000][202][info ][safepoint   ] Safepoint "Cleanup", Time since last: 1002850913 ns, Reaching safepoint: 20095 ns, Cleanup: 10582 ns, At safepoint: 5301 ns, Total: 35978 ns
[2025-11-17T19:05:53.862+0000][202][info ][safepoint   ] Safepoint "Cleanup", Time since last: 6541688973 ns, Reaching safepoint: 39055 ns, Cleanup: 27341 ns, At safepoint: 16946 ns, Total: 83342 ns
[2025-11-17T19:05:55.534+0000][202][info ][safepoint   ] Safepoint "Cleanup", Time since last: 1671938623 ns, Reaching safepoint: 9083 ns, Cleanup: 10320 ns, At safepoint: 3564 ns, Total: 22967 ns
[2025-11-17T19:05:56.534+0000][202][info ][safepoint   ] Safepoint "Cleanup", Time since last: 1000159924 ns, Reaching safepoint: 5500 ns, Cleanup: 14972 ns, At safepoint: 2952 ns, Total: 23424 ns
[2025-11-17T19:05:58.987+0000][202][info ][safepoint   ] Safepoint "Cleanup", Time since last: 2452764827 ns, Reaching safepoint: 16871 ns, Cleanup: 11540 ns, At safepoint: 3847 ns, Total: 32258 ns
[2025-11-17T19:06:00.991+0000][202][info ][safepoint   ] Safepoint "Cleanup", Time since last: 2004172666 ns, Reaching safepoint: 17295 ns, Cleanup: 11320 ns, At safepoint: 6407 ns, Total: 35022 ns
[2025-11-17T19:06:05.996+0000][202][info ][safepoint   ] Safepoint "Cleanup", Time since last: 5004656066 ns, Reaching safepoint: 16305 ns, Cleanup: 10612 ns, At safepoint: 5766 ns, Total: 32683 ns
[2025-11-17T19:06:12.294+0000][202][info ][safepoint   ] Safepoint "Cleanup", Time since last: 7311166027 ns, Reaching safepoint: 7486 ns, Cleanup: 11260 ns, At safepoint: 5309 ns, Total: 24055 ns
[2025-11-17T19:06:16.930+0000][202][info ][safepoint   ] Safepoint "Cleanup", Time since last: 4636536229 ns, Reaching safepoint: 5798 ns, Cleanup: 9841 ns, At safepoint: 10508 ns, Total: 26147 ns
[2025-11-17T19:06:18.204+0000][202][info ][safepoint   ] Safepoint "Cleanup", Time since last: 1273939774 ns, Reaching safepoint: 5257 ns, Cleanup: 7323 ns, At safepoint: 11599 ns, Total: 24179 ns
[2025-11-17T19:06:19.235+0000][202][info ][safepoint   ] Safepoint "Cleanup", Time since last: 1030219102 ns, Reaching safepoint: 6550 ns, Cleanup: 11147 ns, At safepoint: 12057 ns, Total: 29754 ns
[2025-11-17T19:06:20.505+0000][202][info ][safepoint   ] Safepoint "Cleanup", Time since last: 1270741111 ns, Reaching safepoint: 6002 ns, Cleanup: 10138 ns, At safepoint: 2473 ns, Total: 18613 ns
[2025-11-17T19:06:21.834+0000][202][info ][safepoint   ] Safepoint "Cleanup", Time since last: 1328388951 ns, Reaching safepoint: 5076 ns, Cleanup: 7319 ns, At safepoint: 11992 ns, Total: 24387 ns
[2025-11-17T19:06:23.643+0000][202][info ][safepoint   ] Safepoint "Cleanup", Time since last: 1808926813 ns, Reaching safepoint: 20792 ns, Cleanup: 12817 ns, At safepoint: 9384 ns, Total: 42993 ns
[2025-11-17T19:06:27.087+0000][202][info ][gc,start    ] GC(33) Pause Young (Normal) (G1 Evacuation Pause)
[2025-11-17T19:06:27.090+0000][202][info ][gc,task     ] GC(33) Using 15 workers of 15 for evacuation
[2025-11-17T19:06:27.093+0000][202][debug][gc,age      ] GC(33) Desired survivor size 41943040 bytes, new threshold 15 (max threshold 15)
[2025-11-17T19:06:27.097+0000][202][info ][gc,phases   ] GC(33)   Pre Evacuate Collection Set: 0.24ms
[2025-11-17T19:06:27.098+0000][202][info ][gc,phases   ] GC(33)   Merge Heap Roots: 0.17ms
[2025-11-17T19:06:27.108+0000][202][info ][gc,phases   ] GC(33)   Evacuate Collection Set: 2.16ms
[2025-11-17T19:06:27.109+0000][202][info ][gc,phases   ] GC(33)   Post Evacuate Collection Set: 0.82ms
[2025-11-17T19:06:27.109+0000][202][info ][gc,phases   ] GC(33)   Other: 3.83ms
[2025-11-17T19:06:27.110+0000][202][trace][gc,age      ] GC(33) Age table with threshold 15 (max threshold 15)
[2025-11-17T19:06:27.110+0000][202][trace][gc,age      ] GC(33) - age   1:    7599072 bytes,    7599072 total
[2025-11-17T19:06:27.110+0000][202][trace][gc,age      ] GC(33) - age   2:     123512 bytes,    7722584 total
[2025-11-17T19:06:27.111+0000][202][trace][gc,age      ] GC(33) - age   3:     217160 bytes,    7939744 total
[2025-11-17T19:06:27.111+0000][202][trace][gc,age      ] GC(33) - age   4:     780528 bytes,    8720272 total
[2025-11-17T19:06:27.111+0000][202][trace][gc,age      ] GC(33) - age   5:     892784 bytes,    9613056 total
[2025-11-17T19:06:27.111+0000][202][trace][gc,age      ] GC(33) - age   6:     549392 bytes,   10162448 total
[2025-11-17T19:06:27.111+0000][202][trace][gc,age      ] GC(33) - age   7:      14128 bytes,   10176576 total
[2025-11-17T19:06:27.111+0000][202][trace][gc,age      ] GC(33) - age   8:      13888 bytes,   10190464 total
[2025-11-17T19:06:27.111+0000][202][trace][gc,age      ] GC(33) - age   9:     442976 bytes,   10633440 total
[2025-11-17T19:06:27.112+0000][202][trace][gc,age      ] GC(33) - age  10:    1336296 bytes,   11969736 total
[2025-11-17T19:06:27.112+0000][202][trace][gc,age      ] GC(33) - age  11:     167496 bytes,   12137232 total
[2025-11-17T19:06:27.112+0000][202][trace][gc,age      ] GC(33) - age  12:     234448 bytes,   12371680 total
[2025-11-17T19:06:27.112+0000][202][trace][gc,age      ] GC(33) - age  13:     196552 bytes,   12568232 total
[2025-11-17T19:06:27.112+0000][202][trace][gc,age      ] GC(33) - age  14:     712688 bytes,   13280920 total
[2025-11-17T19:06:27.112+0000][202][trace][gc,age      ] GC(33) - age  15:    1009640 bytes,   14290560 total
[2025-11-17T19:06:27.112+0000][202][info ][gc,heap     ] GC(33) Eden regions: 148->0(149)
[2025-11-17T19:06:27.112+0000][202][info ][gc,heap     ] GC(33) Survivor regions: 5->4(20)
[2025-11-17T19:06:27.113+0000][202][info ][gc,heap     ] GC(33) Old regions: 30->31
[2025-11-17T19:06:27.113+0000][202][info ][gc,heap     ] GC(33) Humongous regions: 0->0
[2025-11-17T19:06:27.113+0000][202][info ][gc,metaspace] GC(33) Metaspace: 150769K(154752K)->150769K(154752K) NonClass: 130170K(132288K)->130170K(132288K) Class: 20599K(22464K)->20599K(22464K)
[2025-11-17T19:06:27.113+0000][202][info ][gc          ] GC(33) Pause Young (Normal) (G1 Evacuation Pause) 728M->136M(1024M) 25.550ms
[2025-11-17T19:06:27.113+0000][202][info ][gc,cpu      ] GC(33) User=0.02s Sys=0.00s Real=0.02s
[2025-11-17T19:06:27.113+0000][202][info ][safepoint   ] Safepoint "G1CollectForAllocation", Time since last: 3444556137 ns, Reaching safepoint: 14863 ns, Cleanup: 3288 ns, At safepoint: 25954673 ns, Total: 25972824 ns
[2025-11-17T19:06:34.622+0000][202][info ][safepoint   ] Safepoint "Cleanup", Time since last: 7508826079 ns, Reaching safepoint: 45684 ns, Cleanup: 29943 ns, At safepoint: 19661 ns, Total: 95288 ns
[2025-11-17T19:06:38.878+0000][202][info ][safepoint   ] Safepoint "Cleanup", Time since last: 5267801329 ns, Reaching safepoint: 29305 ns, Cleanup: 48080 ns, At safepoint: 7691 ns, Total: 85076 ns
[2025-11-17T19:06:46.288+0000][202][info ][safepoint   ] Safepoint "Cleanup", Time since last: 7409822903 ns, Reaching safepoint: 47026 ns, Cleanup: 13092 ns, At safepoint: 10279 ns, Total: 70397 ns
[2025-11-17T19:06:51.592+0000][202][info ][safepoint   ] Safepoint "Cleanup", Time since last: 5303619566 ns, Reaching safepoint: 6101 ns, Cleanup: 9420 ns, At safepoint: 10420 ns, Total: 25941 ns
[2025-11-17T19:06:52.657+0000][202][info ][safepoint   ] Safepoint "Cleanup", Time since last: 1065558903 ns, Reaching safepoint: 6945 ns, Cleanup: 10236 ns, At safepoint: 14359 ns, Total: 31540 ns
[2025-11-17T19:06:54.264+0000][202][info ][safepoint   ] Safepoint "Cleanup", Time since last: 1607140529 ns, Reaching safepoint: 16674 ns, Cleanup: 14128 ns, At safepoint: 5276 ns, Total: 36078 ns
[2025-11-17T19:06:55.322+0000][202][info ][safepoint   ] Safepoint "Cleanup", Time since last: 1057078437 ns, Reaching safepoint: 5948 ns, Cleanup: 6058 ns, At safepoint: 12178 ns, Total: 24184 ns
[2025-11-17T19:06:56.523+0000][202][info ][safepoint   ] Safepoint "Cleanup", Time since last: 1201404501 ns, Reaching safepoint: 6486 ns, Cleanup: 13576 ns, At safepoint: 13385 ns, Total: 33447 ns
[2025-11-17T19:06:58.393+0000][202][info ][safepoint   ] Safepoint "Cleanup", Time since last: 1869803483 ns, Reaching safepoint: 17986 ns, Cleanup: 11652 ns, At safepoint: 6040 ns, Total: 35678 ns
[2025-11-17T19:07:08.388+0000][202][info ][safepoint   ] Safepoint "Cleanup", Time since last: 11010823438 ns, Reaching safepoint: 17107 ns, Cleanup: 10355 ns, At safepoint: 5115 ns, Total: 32577 ns
[2025-11-17T19:07:11.832+0000][202][info ][safepoint   ] Safepoint "Cleanup", Time since last: 3444432764 ns, Reaching safepoint: 6032 ns, Cleanup: 7866 ns, At safepoint: 2280 ns, Total: 16178 ns
[2025-11-17T19:07:12.837+0000][202][info ][safepoint   ] Safepoint "Cleanup", Time since last: 1004674588 ns, Reaching safepoint: 5648 ns, Cleanup: 8315 ns, At safepoint: 11404 ns, Total: 25367 ns
[2025-11-17T19:07:14.429+0000][202][info ][safepoint   ] Safepoint "Cleanup", Time since last: 1591817677 ns, Reaching safepoint: 5609 ns, Cleanup: 7660 ns, At safepoint: 2398 ns, Total: 15667 ns
[2025-11-17T19:07:15.443+0000][202][info ][safepoint   ] Safepoint "Cleanup", Time since last: 1014802045 ns, Reaching safepoint: 7434 ns, Cleanup: 18466 ns, At safepoint: 11215 ns, Total: 37115 ns
[2025-11-17T19:07:16.452+0000][202][info ][safepoint   ] Safepoint "Cleanup", Time since last: 1008310593 ns, Reaching safepoint: 5875 ns, Cleanup: 15090 ns, At safepoint: 13008 ns, Total: 33973 ns
[2025-11-17T19:07:17.457+0000][202][info ][safepoint   ] Safepoint "Cleanup", Time since last: 1004476277 ns, Reaching safepoint: 255570 ns, Cleanup: 8038 ns, At safepoint: 51918 ns, Total: 315526 ns
[2025-11-17T19:07:18.872+0000][202][info ][safepoint   ] Safepoint "Cleanup", Time since last: 1415084070 ns, Reaching safepoint: 15042 ns, Cleanup: 11629 ns, At safepoint: 4903 ns, Total: 31574 ns
[2025-11-17T19:07:21.490+0000][202][info ][safepoint   ] Safepoint "Cleanup", Time since last: 2618671760 ns, Reaching safepoint: 10314 ns, Cleanup: 8600 ns, At safepoint: 15620 ns, Total: 34534 ns
[2025-11-17T19:07:22.127+0000][202][info ][gc,start    ] GC(34) Pause Young (Normal) (G1 Evacuation Pause)
[2025-11-17T19:07:22.128+0000][202][info ][gc,task     ] GC(34) Using 15 workers of 15 for evacuation
[2025-11-17T19:07:22.128+0000][202][debug][gc,age      ] GC(34) Desired survivor size 41943040 bytes, new threshold 15 (max threshold 15)
[2025-11-17T19:07:22.131+0000][202][info ][gc,phases   ] GC(34)   Pre Evacuate Collection Set: 0.30ms
[2025-11-17T19:07:22.132+0000][202][info ][gc,phases   ] GC(34)   Merge Heap Roots: 0.14ms
[2025-11-17T19:07:22.133+0000][202][info ][gc,phases   ] GC(34)   Evacuate Collection Set: 1.40ms
[2025-11-17T19:07:22.133+0000][202][info ][gc,phases   ] GC(34)   Post Evacuate Collection Set: 0.68ms
[2025-11-17T19:07:22.134+0000][202][info ][gc,phases   ] GC(34)   Other: 1.10ms
[2025-11-17T19:07:22.134+0000][202][trace][gc,age      ] GC(34) Age table with threshold 15 (max threshold 15)
[2025-11-17T19:07:22.134+0000][202][trace][gc,age      ] GC(34) - age   1:    6759560 bytes,    6759560 total
[2025-11-17T19:07:22.135+0000][202][trace][gc,age      ] GC(34) - age   2:     457144 bytes,    7216704 total
[2025-11-17T19:07:22.135+0000][202][trace][gc,age      ] GC(34) - age   3:      62976 bytes,    7279680 total
[2025-11-17T19:07:22.136+0000][202][trace][gc,age      ] GC(34) - age   4:     212080 bytes,    7491760 total
[2025-11-17T19:07:22.136+0000][202][trace][gc,age      ] GC(34) - age   5:     780400 bytes,    8272160 total
[2025-11-17T19:07:22.136+0000][202][trace][gc,age      ] GC(34) - age   6:     892528 bytes,    9164688 total
[2025-11-17T19:07:22.137+0000][202][trace][gc,age      ] GC(34) - age   7:     546064 bytes,    9710752 total
[2025-11-17T19:07:22.138+0000][202][trace][gc,age      ] GC(34) - age   8:      14096 bytes,    9724848 total
[2025-11-17T19:07:22.139+0000][202][trace][gc,age      ] GC(34) - age   9:      13888 bytes,    9738736 total
[2025-11-17T19:07:22.139+0000][202][trace][gc,age      ] GC(34) - age  10:     409648 bytes,   10148384 total
[2025-11-17T19:07:22.140+0000][202][trace][gc,age      ] GC(34) - age  11:    1336232 bytes,   11484616 total
[2025-11-17T19:07:22.141+0000][202][trace][gc,age      ] GC(34) - age  12:     167496 bytes,   11652112 total
[2025-11-17T19:07:22.142+0000][202][trace][gc,age      ] GC(34) - age  13:     234384 bytes,   11886496 total
[2025-11-17T19:07:22.142+0000][202][trace][gc,age      ] GC(34) - age  14:     196512 bytes,   12083008 total
[2025-11-17T19:07:22.143+0000][202][trace][gc,age      ] GC(34) - age  15:     712624 bytes,   12795632 total
[2025-11-17T19:07:22.143+0000][202][info ][gc,heap     ] GC(34) Eden regions: 149->0(149)
[2025-11-17T19:07:22.144+0000][202][info ][gc,heap     ] GC(34) Survivor regions: 4->4(20)
[2025-11-17T19:07:22.145+0000][202][info ][gc,heap     ] GC(34) Old regions: 31->31
[2025-11-17T19:07:22.145+0000][202][info ][gc,heap     ] GC(34) Humongous regions: 0->0
[2025-11-17T19:07:22.146+0000][202][info ][gc,metaspace] GC(34) Metaspace: 150833K(154880K)->150833K(154880K) NonClass: 130233K(132416K)->130233K(132416K) Class: 20600K(22464K)->20600K(22464K)
[2025-11-17T19:07:22.146+0000][202][info ][gc          ] GC(34) Pause Young (Normal) (G1 Evacuation Pause) 732M->135M(1024M) 18.923ms
[2025-11-17T19:07:22.146+0000][202][info ][gc,cpu      ] GC(34) User=0.01s Sys=0.00s Real=0.02s
[2025-11-17T19:07:22.147+0000][202][info ][safepoint   ] Safepoint "G1CollectForAllocation", Time since last: 636572380 ns, Reaching safepoint: 14451 ns, Cleanup: 10105 ns, At safepoint: 19816904 ns, Total: 19841460 ns
[2025-11-17T19:07:23.150+0000][202][info ][safepoint   ] Safepoint "Cleanup", Time since last: 1002938163 ns, Reaching safepoint: 9954 ns, Cleanup: 8592 ns, At safepoint: 20684 ns, Total: 39230 ns
[2025-11-17T19:07:24.169+0000][202][info ][safepoint   ] Safepoint "Cleanup", Time since last: 1018772882 ns, Reaching safepoint: 13848 ns, Cleanup: 9250 ns, At safepoint: 11230 ns, Total: 34328 ns
[2025-11-17T19:07:27.590+0000][202][info ][safepoint   ] Safepoint "Cleanup", Time since last: 3421510049 ns, Reaching safepoint: 28255 ns, Cleanup: 15771 ns, At safepoint: 6387 ns, Total: 50413 ns
[2025-11-17T19:07:33.909+0000][202][info ][safepoint   ] Safepoint "Cleanup", Time since last: 7344258995 ns, Reaching safepoint: 15542 ns, Cleanup: 12677 ns, At safepoint: 5302 ns, Total: 33521 ns
[2025-11-17T19:07:36.933+0000][202][info ][safepoint   ] Safepoint "Cleanup", Time since last: 3023353544 ns, Reaching safepoint: 16012 ns, Cleanup: 10472 ns, At safepoint: 5303 ns, Total: 31787 ns
[2025-11-17T19:07:43.151+0000][202][info ][safepoint   ] Safepoint "Cleanup", Time since last: 6218464470 ns, Reaching safepoint: 14628 ns, Cleanup: 10904 ns, At safepoint: 4773 ns, Total: 30305 ns
[2025-11-17T19:07:50.320+0000][202][info ][safepoint   ] Safepoint "Cleanup", Time since last: 7168540920 ns, Reaching safepoint: 33984 ns, Cleanup: 21088 ns, At safepoint: 15409 ns, Total: 70481 ns
[2025-11-17T19:07:53.659+0000][202][info ][safepoint   ] Safepoint "Cleanup", Time since last: 3338908288 ns, Reaching safepoint: 5092 ns, Cleanup: 5161 ns, At safepoint: 10808 ns, Total: 21061 ns
[2025-11-17T19:07:54.669+0000][202][info ][safepoint   ] Safepoint "Cleanup", Time since last: 1010061594 ns, Reaching safepoint: 9178 ns, Cleanup: 11892 ns, At safepoint: 3810 ns, Total: 24880 ns
[2025-11-17T19:07:56.056+0000][202][info ][safepoint   ] Safepoint "Cleanup", Time since last: 1387359903 ns, Reaching safepoint: 28969 ns, Cleanup: 18530 ns, At safepoint: 10077 ns, Total: 57576 ns
[2025-11-17T19:08:02.062+0000][202][info ][safepoint   ] Safepoint "Cleanup", Time since last: 6005832939 ns, Reaching safepoint: 19005 ns, Cleanup: 14589 ns, At safepoint: 6064 ns, Total: 39658 ns
[2025-11-17T19:08:04.042+0000][202][info ][safepoint   ] Safepoint "Cleanup", Time since last: 3001734265 ns, Reaching safepoint: 17336 ns, Cleanup: 14256 ns, At safepoint: 5490 ns, Total: 37082 ns
[2025-11-17T19:08:05.043+0000][202][info ][safepoint   ] Safepoint "Cleanup", Time since last: 1000615014 ns, Reaching safepoint: 17380 ns, Cleanup: 11772 ns, At safepoint: 5482 ns, Total: 34634 ns
[2025-11-17T19:08:09.045+0000][202][info ][safepoint   ] Safepoint "Cleanup", Time since last: 4001896621 ns, Reaching safepoint: 28397 ns, Cleanup: 29458 ns, At safepoint: 12661 ns, Total: 70516 ns
[2025-11-17T19:08:11.046+0000][202][info ][safepoint   ] Safepoint "Cleanup", Time since last: 2001421606 ns, Reaching safepoint: 28095 ns, Cleanup: 22571 ns, At safepoint: 11476 ns, Total: 62142 ns
[2025-11-17T19:08:14.308+0000][202][info ][safepoint   ] Safepoint "Cleanup", Time since last: 3262402046 ns, Reaching safepoint: 10903 ns, Cleanup: 8915 ns, At safepoint: 59520 ns, Total: 79338 ns
[2025-11-17T19:08:15.359+0000][202][info ][safepoint   ] Safepoint "Cleanup", Time since last: 1050574782 ns, Reaching safepoint: 8144 ns, Cleanup: 6986 ns, At safepoint: 10604 ns, Total: 25734 ns
[2025-11-17T19:08:17.027+0000][202][info ][gc,start    ] GC(35) Pause Young (Normal) (G1 Evacuation Pause)
[2025-11-17T19:08:17.028+0000][202][info ][gc,task     ] GC(35) Using 15 workers of 15 for evacuation
[2025-11-17T19:08:17.028+0000][202][debug][gc,age      ] GC(35) Desired survivor size 41943040 bytes, new threshold 15 (max threshold 15)
[2025-11-17T19:08:17.031+0000][202][info ][gc,phases   ] GC(35)   Pre Evacuate Collection Set: 0.25ms
[2025-11-17T19:08:17.031+0000][202][info ][gc,phases   ] GC(35)   Merge Heap Roots: 0.12ms
[2025-11-17T19:08:17.031+0000][202][info ][gc,phases   ] GC(35)   Evacuate Collection Set: 1.50ms
[2025-11-17T19:08:17.031+0000][202][info ][gc,phases   ] GC(35)   Post Evacuate Collection Set: 0.88ms
[2025-11-17T19:08:17.031+0000][202][info ][gc,phases   ] GC(35)   Other: 0.31ms
[2025-11-17T19:08:17.032+0000][202][trace][gc,age      ] GC(35) Age table with threshold 15 (max threshold 15)
[2025-11-17T19:08:17.032+0000][202][trace][gc,age      ] GC(35) - age   1:    8380672 bytes,    8380672 total
[2025-11-17T19:08:17.032+0000][202][trace][gc,age      ] GC(35) - age   2:     305400 bytes,    8686072 total
[2025-11-17T19:08:17.032+0000][202][trace][gc,age      ] GC(35) - age   3:     143264 bytes,    8829336 total
[2025-11-17T19:08:17.032+0000][202][trace][gc,age      ] GC(35) - age   4:      58784 bytes,    8888120 total
[2025-11-17T19:08:17.032+0000][202][trace][gc,age      ] GC(35) - age   5:     211952 bytes,    9100072 total
[2025-11-17T19:08:17.033+0000][202][trace][gc,age      ] GC(35) - age   6:     780144 bytes,    9880216 total
[2025-11-17T19:08:17.033+0000][202][trace][gc,age      ] GC(35) - age   7:     892272 bytes,   10772488 total
[2025-11-17T19:08:17.033+0000][202][trace][gc,age      ] GC(35) - age   8:     545808 bytes,   11318296 total
[2025-11-17T19:08:17.033+0000][202][trace][gc,age      ] GC(35) - age   9:      13776 bytes,   11332072 total
[2025-11-17T19:08:17.034+0000][202][trace][gc,age      ] GC(35) - age  10:      13632 bytes,   11345704 total
[2025-11-17T19:08:17.034+0000][202][trace][gc,age      ] GC(35) - age  11:     409648 bytes,   11755352 total
[2025-11-17T19:08:17.034+0000][202][trace][gc,age      ] GC(35) - age  12:    1336232 bytes,   13091584 total
[2025-11-17T19:08:17.034+0000][202][trace][gc,age      ] GC(35) - age  13:     167496 bytes,   13259080 total
[2025-11-17T19:08:17.034+0000][202][trace][gc,age      ] GC(35) - age  14:     234320 bytes,   13493400 total
[2025-11-17T19:08:17.034+0000][202][trace][gc,age      ] GC(35) - age  15:     196512 bytes,   13689912 total
[2025-11-17T19:08:17.034+0000][202][info ][gc,heap     ] GC(35) Eden regions: 149->0(149)
[2025-11-17T19:08:17.034+0000][202][info ][gc,heap     ] GC(35) Survivor regions: 4->4(20)
[2025-11-17T19:08:17.035+0000][202][info ][gc,heap     ] GC(35) Old regions: 31->31
[2025-11-17T19:08:17.035+0000][202][info ][gc,heap     ] GC(35) Humongous regions: 0->0
[2025-11-17T19:08:17.035+0000][202][info ][gc,metaspace] GC(35) Metaspace: 150906K(154944K)->150906K(154944K) NonClass: 130306K(132480K)->130306K(132480K) Class: 20600K(22464K)->20600K(22464K)
[2025-11-17T19:08:17.035+0000][202][info ][gc          ] GC(35) Pause Young (Normal) (G1 Evacuation Pause) 731M->136M(1024M) 7.620ms
[2025-11-17T19:08:17.035+0000][202][info ][gc,cpu      ] GC(35) User=0.02s Sys=0.00s Real=0.01s
[2025-11-17T19:08:17.035+0000][202][info ][safepoint   ] Safepoint "G1CollectForAllocation", Time since last: 1668336374 ns, Reaching safepoint: 12892 ns, Cleanup: 2606 ns, At safepoint: 8028196 ns, Total: 8043694 ns
[2025-11-17T19:08:19.036+0000][202][info ][safepoint   ] Safepoint "Cleanup", Time since last: 2000659197 ns, Reaching safepoint: 17002 ns, Cleanup: 13888 ns, At safepoint: 5622 ns, Total: 36512 ns
[2025-11-17T19:08:23.038+0000][202][info ][safepoint   ] Safepoint "Cleanup", Time since last: 4001504092 ns, Reaching safepoint: 19182 ns, Cleanup: 15382 ns, At safepoint: 8604 ns, Total: 43168 ns
[2025-11-17T19:08:24.050+0000][202][info ][safepoint   ] Safepoint "Cleanup", Time since last: 1011791857 ns, Reaching safepoint: 13698 ns, Cleanup: 15238 ns, At safepoint: 5713 ns, Total: 34649 ns
[2025-11-17T19:08:25.789+0000][202][info ][safepoint   ] Safepoint "Cleanup", Time since last: 1739557364 ns, Reaching safepoint: 7102 ns, Cleanup: 8530 ns, At safepoint: 2195 ns, Total: 17827 ns
[2025-11-17T19:08:27.259+0000][202][info ][safepoint   ] Safepoint "Cleanup", Time since last: 1469956278 ns, Reaching safepoint: 16937 ns, Cleanup: 13531 ns, At safepoint: 4984 ns, Total: 35452 ns
[2025-11-17T19:08:30.784+0000][202][info ][safepoint   ] Safepoint "Cleanup", Time since last: 3525090869 ns, Reaching safepoint: 5616 ns, Cleanup: 11466 ns, At safepoint: 2140 ns, Total: 19222 ns
[2025-11-17T19:08:34.079+0000][202][info ][safepoint   ] Safepoint "Cleanup", Time since last: 4307840679 ns, Reaching safepoint: 17111 ns, Cleanup: 13924 ns, At safepoint: 5515 ns, Total: 36550 ns
[2025-11-17T19:08:35.082+0000][202][info ][safepoint   ] Safepoint "Cleanup", Time since last: 1003079432 ns, Reaching safepoint: 30022 ns, Cleanup: 35986 ns, At safepoint: 14514 ns, Total: 80522 ns
[2025-11-17T19:08:41.097+0000][202][info ][safepoint   ] Safepoint "Cleanup", Time since last: 6014949113 ns, Reaching safepoint: 21186 ns, Cleanup: 10964 ns, At safepoint: 5311 ns, Total: 37461 ns
[2025-11-17T19:08:42.527+0000][202][info ][safepoint   ] Safepoint "Cleanup", Time since last: 1429944912 ns, Reaching safepoint: 18714 ns, Cleanup: 13225 ns, At safepoint: 6253 ns, Total: 38192 ns
[2025-11-17T19:08:44.806+0000][202][info ][safepoint   ] Safepoint "Cleanup", Time since last: 2278439482 ns, Reaching safepoint: 6102 ns, Cleanup: 7134 ns, At safepoint: 17803 ns, Total: 31039 ns
[2025-11-17T19:08:48.617+0000][202][info ][safepoint   ] Safepoint "Cleanup", Time since last: 3811081568 ns, Reaching safepoint: 17714 ns, Cleanup: 14238 ns, At safepoint: 5449 ns, Total: 37401 ns
[2025-11-17T19:08:54.847+0000][202][info ][safepoint   ] Safepoint "Cleanup", Time since last: 6229691037 ns, Reaching safepoint: 5943 ns, Cleanup: 5811 ns, At safepoint: 11107 ns, Total: 22861 ns
[2025-11-17T19:08:56.558+0000][202][info ][safepoint   ] Safepoint "Cleanup", Time since last: 1711436259 ns, Reaching safepoint: 18475 ns, Cleanup: 16475 ns, At safepoint: 6332 ns, Total: 41282 ns
[2025-11-17T19:08:57.560+0000][202][info ][safepoint   ] Safepoint "Cleanup", Time since last: 1001777576 ns, Reaching safepoint: 25798 ns, Cleanup: 11484 ns, At safepoint: 4723 ns, Total: 42005 ns
[2025-11-17T19:09:01.533+0000][202][info ][safepoint   ] Safepoint "Cleanup", Time since last: 5012195396 ns, Reaching safepoint: 19675 ns, Cleanup: 12715 ns, At safepoint: 6103 ns, Total: 38493 ns
[2025-11-17T19:09:03.535+0000][202][info ][safepoint   ] Safepoint "Cleanup", Time since last: 2001932168 ns, Reaching safepoint: 18831 ns, Cleanup: 16218 ns, At safepoint: 5894 ns, Total: 40943 ns
[2025-11-17T19:09:08.538+0000][202][info ][safepoint   ] Safepoint "Cleanup", Time since last: 5002894985 ns, Reaching safepoint: 17440 ns, Cleanup: 11098 ns, At safepoint: 5702 ns, Total: 34240 ns
[2025-11-17T19:09:12.634+0000][202][info ][safepoint   ] Safepoint "Cleanup", Time since last: 4096356985 ns, Reaching safepoint: 5972 ns, Cleanup: 6652 ns, At safepoint: 10685 ns, Total: 23309 ns
[2025-11-17T19:09:13.654+0000][202][info ][safepoint   ] Safepoint "Cleanup", Time since last: 1020268264 ns, Reaching safepoint: 4868 ns, Cleanup: 5592 ns, At safepoint: 9861 ns, Total: 20321 ns
[2025-11-17T19:09:23.718+0000][202][info ][gc,start    ] GC(36) Pause Young (Normal) (G1 Evacuation Pause)
[2025-11-17T19:09:23.719+0000][202][info ][gc,task     ] GC(36) Using 15 workers of 15 for evacuation
[2025-11-17T19:09:23.720+0000][202][debug][gc,age      ] GC(36) Desired survivor size 41943040 bytes, new threshold 15 (max threshold 15)
[2025-11-17T19:09:23.724+0000][202][info ][gc,phases   ] GC(36)   Pre Evacuate Collection Set: 0.30ms
[2025-11-17T19:09:23.726+0000][202][info ][gc,phases   ] GC(36)   Merge Heap Roots: 0.12ms
[2025-11-17T19:09:23.728+0000][202][info ][gc,phases   ] GC(36)   Evacuate Collection Set: 1.71ms
[2025-11-17T19:09:23.729+0000][202][info ][gc,phases   ] GC(36)   Post Evacuate Collection Set: 1.16ms
[2025-11-17T19:09:23.729+0000][202][info ][gc,phases   ] GC(36)   Other: 1.44ms
[2025-11-17T19:09:23.729+0000][202][trace][gc,age      ] GC(36) Age table with threshold 15 (max threshold 15)
[2025-11-17T19:09:23.730+0000][202][trace][gc,age      ] GC(36) - age   1:    5901264 bytes,    5901264 total
[2025-11-17T19:09:23.730+0000][202][trace][gc,age      ] GC(36) - age   2:      84048 bytes,    5985312 total
[2025-11-17T19:09:23.730+0000][202][trace][gc,age      ] GC(36) - age   3:      26688 bytes,    6012000 total
[2025-11-17T19:09:23.730+0000][202][trace][gc,age      ] GC(36) - age   4:     142000 bytes,    6154000 total
[2025-11-17T19:09:23.731+0000][202][trace][gc,age      ] GC(36) - age   5:      58656 bytes,    6212656 total
[2025-11-17T19:09:23.731+0000][202][trace][gc,age      ] GC(36) - age   6:     211432 bytes,    6424088 total
[2025-11-17T19:09:23.731+0000][202][trace][gc,age      ] GC(36) - age   7:     780016 bytes,    7204104 total
[2025-11-17T19:09:23.731+0000][202][trace][gc,age      ] GC(36) - age   8:     892208 bytes,    8096312 total
[2025-11-17T19:09:23.732+0000][202][trace][gc,age      ] GC(36) - age   9:     545808 bytes,    8642120 total
[2025-11-17T19:09:23.732+0000][202][trace][gc,age      ] GC(36) - age  10:      13648 bytes,    8655768 total
[2025-11-17T19:09:23.732+0000][202][trace][gc,age      ] GC(36) - age  11:      13504 bytes,    8669272 total
[2025-11-17T19:09:23.732+0000][202][trace][gc,age      ] GC(36) - age  12:     409648 bytes,    9078920 total
[2025-11-17T19:09:23.733+0000][202][trace][gc,age      ] GC(36) - age  13:    1336168 bytes,   10415088 total
[2025-11-17T19:09:23.733+0000][202][trace][gc,age      ] GC(36) - age  14:     167496 bytes,   10582584 total
[2025-11-17T19:09:23.733+0000][202][trace][gc,age      ] GC(36) - age  15:     234320 bytes,   10816904 total
[2025-11-17T19:09:23.734+0000][202][info ][gc,heap     ] GC(36) Eden regions: 149->0(150)
[2025-11-17T19:09:23.734+0000][202][info ][gc,heap     ] GC(36) Survivor regions: 4->3(20)
[2025-11-17T19:09:23.735+0000][202][info ][gc,heap     ] GC(36) Old regions: 31->31
[2025-11-17T19:09:23.735+0000][202][info ][gc,heap     ] GC(36) Humongous regions: 0->0
[2025-11-17T19:09:23.735+0000][202][info ][gc,metaspace] GC(36) Metaspace: 150929K(155008K)->150929K(155008K) NonClass: 130329K(132544K)->130329K(132544K) Class: 20600K(22464K)->20600K(22464K)
[2025-11-17T19:09:23.736+0000][202][info ][gc          ] GC(36) Pause Young (Normal) (G1 Evacuation Pause) 732M->133M(1024M) 17.383ms
[2025-11-17T19:09:23.736+0000][202][info ][gc,cpu      ] GC(36) User=0.01s Sys=0.00s Real=0.02s
[2025-11-17T19:09:23.737+0000][202][info ][safepoint   ] Safepoint "G1CollectForAllocation", Time since last: 10063766057 ns, Reaching safepoint: 16601 ns, Cleanup: 3772 ns, At safepoint: 18336676 ns, Total: 18357049 ns
[2025-11-17T19:09:24.774+0000][202][info ][safepoint   ] Safepoint "Cleanup", Time since last: 1037022310 ns, Reaching safepoint: 5656 ns, Cleanup: 8595 ns, At safepoint: 10506 ns, Total: 24757 ns
[2025-11-17T19:09:26.001+0000][202][info ][safepoint   ] Safepoint "Cleanup", Time since last: 1227238201 ns, Reaching safepoint: 6765 ns, Cleanup: 9560 ns, At safepoint: 3341 ns, Total: 19666 ns
[2025-11-17T19:09:28.507+0000][202][info ][safepoint   ] Safepoint "Cleanup", Time since last: 2505843731 ns, Reaching safepoint: 36354 ns, Cleanup: 9289 ns, At safepoint: 6094 ns, Total: 51737 ns
[2025-11-17T19:09:29.983+0000][202][info ][safepoint   ] Safepoint "Cleanup", Time since last: 1476183335 ns, Reaching safepoint: 23462 ns, Cleanup: 12429 ns, At safepoint: 5791 ns, Total: 41682 ns
[2025-11-17T19:09:33.267+0000][202][info ][safepoint   ] Safepoint "Cleanup", Time since last: 4292107144 ns, Reaching safepoint: 32386 ns, Cleanup: 21535 ns, At safepoint: 16343 ns, Total: 70264 ns
[2025-11-17T19:09:40.272+0000][202][info ][safepoint   ] Safepoint "Cleanup", Time since last: 7005342009 ns, Reaching safepoint: 23542 ns, Cleanup: 11860 ns, At safepoint: 6865 ns, Total: 42267 ns
[2025-11-17T19:09:45.112+0000][202][info ][safepoint   ] Safepoint "Cleanup", Time since last: 4839564685 ns, Reaching safepoint: 6673 ns, Cleanup: 6607 ns, At safepoint: 10765 ns, Total: 24045 ns
[2025-11-17T19:09:47.206+0000][202][info ][safepoint   ] Safepoint "Cleanup", Time since last: 2094609449 ns, Reaching safepoint: 18473 ns, Cleanup: 13357 ns, At safepoint: 6291 ns, Total: 38121 ns
[2025-11-17T19:09:50.210+0000][202][info ][safepoint   ] Safepoint "Cleanup", Time since last: 3003412121 ns, Reaching safepoint: 18909 ns, Cleanup: 12173 ns, At safepoint: 4867 ns, Total: 35949 ns
[2025-11-17T19:09:53.954+0000][202][info ][safepoint   ] Safepoint "Cleanup", Time since last: 3744287376 ns, Reaching safepoint: 5342 ns, Cleanup: 6283 ns, At safepoint: 10006 ns, Total: 21631 ns
[2025-11-17T19:09:55.760+0000][202][info ][safepoint   ] Safepoint "Cleanup", Time since last: 1805716847 ns, Reaching safepoint: 5810 ns, Cleanup: 7104 ns, At safepoint: 12374 ns, Total: 25288 ns
[2025-11-17T19:10:01.025+0000][202][info ][safepoint   ] Safepoint "Cleanup", Time since last: 6314900489 ns, Reaching safepoint: 6117 ns, Cleanup: 10717 ns, At safepoint: 11251 ns, Total: 28085 ns
[2025-11-17T19:10:06.573+0000][202][info ][safepoint   ] Safepoint "Cleanup", Time since last: 5547976359 ns, Reaching safepoint: 17281 ns, Cleanup: 12391 ns, At safepoint: 4292 ns, Total: 33964 ns
[2025-11-17T19:10:08.578+0000][202][info ][safepoint   ] Safepoint "Cleanup", Time since last: 2004412539 ns, Reaching safepoint: 33444 ns, Cleanup: 22314 ns, At safepoint: 15291 ns, Total: 71049 ns
[2025-11-17T19:10:11.224+0000][202][info ][safepoint   ] Safepoint "Cleanup", Time since last: 2646556113 ns, Reaching safepoint: 6044 ns, Cleanup: 8455 ns, At safepoint: 31564 ns, Total: 46063 ns
[2025-11-17T19:10:12.232+0000][202][info ][safepoint   ] Safepoint "Cleanup", Time since last: 1007259742 ns, Reaching safepoint: 5761 ns, Cleanup: 6757 ns, At safepoint: 10460 ns, Total: 22978 ns
[2025-11-17T19:10:13.234+0000][202][info ][safepoint   ] Safepoint "Cleanup", Time since last: 1002447422 ns, Reaching safepoint: 6928 ns, Cleanup: 11229 ns, At safepoint: 10444 ns, Total: 28601 ns
[2025-11-17T19:10:14.451+0000][202][info ][gc,start    ] GC(37) Pause Young (Normal) (G1 Evacuation Pause)
[2025-11-17T19:10:14.454+0000][202][info ][gc,task     ] GC(37) Using 15 workers of 15 for evacuation
[2025-11-17T19:10:14.456+0000][202][debug][gc,age      ] GC(37) Desired survivor size 41943040 bytes, new threshold 15 (max threshold 15)
[2025-11-17T19:10:14.461+0000][202][info ][gc,phases   ] GC(37)   Pre Evacuate Collection Set: 0.26ms
[2025-11-17T19:10:14.462+0000][202][info ][gc,phases   ] GC(37)   Merge Heap Roots: 0.12ms
[2025-11-17T19:10:14.463+0000][202][info ][gc,phases   ] GC(37)   Evacuate Collection Set: 1.72ms
[2025-11-17T19:10:14.465+0000][202][info ][gc,phases   ] GC(37)   Post Evacuate Collection Set: 0.89ms
[2025-11-17T19:10:14.466+0000][202][info ][gc,phases   ] GC(37)   Other: 4.06ms
[2025-11-17T19:10:14.468+0000][202][trace][gc,age      ] GC(37) Age table with threshold 15 (max threshold 15)
[2025-11-17T19:10:14.470+0000][202][trace][gc,age      ] GC(37) - age   1:    7632384 bytes,    7632384 total
[2025-11-17T19:10:14.471+0000][202][trace][gc,age      ] GC(37) - age   2:     224048 bytes,    7856432 total
[2025-11-17T19:10:14.473+0000][202][trace][gc,age      ] GC(37) - age   3:      11216 bytes,    7867648 total
[2025-11-17T19:10:14.475+0000][202][trace][gc,age      ] GC(37) - age   4:      20496 bytes,    7888144 total
[2025-11-17T19:10:14.476+0000][202][trace][gc,age      ] GC(37) - age   5:     141272 bytes,    8029416 total
[2025-11-17T19:10:14.477+0000][202][trace][gc,age      ] GC(37) - age   6:      58376 bytes,    8087792 total
[2025-11-17T19:10:14.479+0000][202][trace][gc,age      ] GC(37) - age   7:     211368 bytes,    8299160 total
[2025-11-17T19:10:14.480+0000][202][trace][gc,age      ] GC(37) - age   8:     780016 bytes,    9079176 total
[2025-11-17T19:10:14.482+0000][202][trace][gc,age      ] GC(37) - age   9:     892080 bytes,    9971256 total
[2025-11-17T19:10:14.483+0000][202][trace][gc,age      ] GC(37) - age  10:     545744 bytes,   10517000 total
[2025-11-17T19:10:14.485+0000][202][trace][gc,age      ] GC(37) - age  11:      13520 bytes,   10530520 total
[2025-11-17T19:10:14.486+0000][202][trace][gc,age      ] GC(37) - age  12:      13504 bytes,   10544024 total
[2025-11-17T19:10:14.488+0000][202][trace][gc,age      ] GC(37) - age  13:     409464 bytes,   10953488 total
[2025-11-17T19:10:14.489+0000][202][trace][gc,age      ] GC(37) - age  14:    1336168 bytes,   12289656 total
[2025-11-17T19:10:14.491+0000][202][trace][gc,age      ] GC(37) - age  15:     167432 bytes,   12457088 total
[2025-11-17T19:10:14.492+0000][202][info ][gc,heap     ] GC(37) Eden regions: 150->0(149)
[2025-11-17T19:10:14.494+0000][202][info ][gc,heap     ] GC(37) Survivor regions: 3->4(20)
[2025-11-17T19:10:14.495+0000][202][info ][gc,heap     ] GC(37) Old regions: 31->31
[2025-11-17T19:10:14.495+0000][202][info ][gc,heap     ] GC(37) Humongous regions: 0->0
[2025-11-17T19:10:14.496+0000][202][info ][gc,metaspace] GC(37) Metaspace: 150969K(155008K)->150969K(155008K) NonClass: 130368K(132544K)->130368K(132544K) Class: 20600K(22464K)->20600K(22464K)
[2025-11-17T19:10:14.496+0000][202][info ][gc          ] GC(37) Pause Young (Normal) (G1 Evacuation Pause) 733M->135M(1024M) 44.628ms
[2025-11-17T19:10:14.496+0000][202][info ][gc,cpu      ] GC(37) User=0.01s Sys=0.00s Real=0.04s
[2025-11-17T19:10:14.497+0000][202][info ][safepoint   ] Safepoint "G1CollectForAllocation", Time since last: 1217115983 ns, Reaching safepoint: 17977 ns, Cleanup: 5720 ns, At safepoint: 45625703 ns, Total: 45649400 ns
[2025-11-17T19:10:15.560+0000][202][info ][safepoint   ] Safepoint "Cleanup", Time since last: 1062585183 ns, Reaching safepoint: 6170 ns, Cleanup: 6369 ns, At safepoint: 10973 ns, Total: 23512 ns
[2025-11-17T19:10:23.627+0000][202][info ][safepoint   ] Safepoint "Cleanup", Time since last: 8067789921 ns, Reaching safepoint: 6120 ns, Cleanup: 7745 ns, At safepoint: 12534 ns, Total: 26399 ns
[2025-11-17T19:10:24.802+0000][202][info ][safepoint   ] Safepoint "Cleanup", Time since last: 1174437786 ns, Reaching safepoint: 5602 ns, Cleanup: 8966 ns, At safepoint: 10321 ns, Total: 24889 ns
[2025-11-17T19:10:27.717+0000][202][info ][safepoint   ] Safepoint "Cleanup", Time since last: 2914910679 ns, Reaching safepoint: 22708 ns, Cleanup: 14510 ns, At safepoint: 7186 ns, Total: 44404 ns
[2025-11-17T19:10:54.545+0000][202][info ][safepoint   ] Safepoint "Cleanup", Time since last: 27845406920 ns, Reaching safepoint: 13285 ns, Cleanup: 15148 ns, At safepoint: 33262 ns, Total: 61695 ns
[2025-11-17T19:10:56.796+0000][202][info ][safepoint   ] Safepoint "Cleanup", Time since last: 3275177261 ns, Reaching safepoint: 87112 ns, Cleanup: 8755 ns, At safepoint: 17548 ns, Total: 113415 ns
[2025-11-17T19:10:58.548+0000][202][info ][safepoint   ] Safepoint "Cleanup", Time since last: 1751817929 ns, Reaching safepoint: 17590 ns, Cleanup: 10530 ns, At safepoint: 5271 ns, Total: 33391 ns
[2025-11-17T19:10:59.562+0000][202][info ][safepoint   ] Safepoint "Cleanup", Time since last: 1013930548 ns, Reaching safepoint: 52175 ns, Cleanup: 31131 ns, At safepoint: 20748 ns, Total: 104054 ns
[2025-11-17T19:11:09.775+0000][202][info ][safepoint   ] Safepoint "Cleanup", Time since last: 10212966813 ns, Reaching safepoint: 178027 ns, Cleanup: 15529 ns, At safepoint: 73845 ns, Total: 267401 ns
[2025-11-17T19:11:10.799+0000][202][info ][safepoint   ] Safepoint "Cleanup", Time since last: 1024194588 ns, Reaching safepoint: 5573 ns, Cleanup: 9252 ns, At safepoint: 12538 ns, Total: 27363 ns
[2025-11-17T19:11:11.044+0000][202][info ][gc,start    ] GC(38) Pause Young (Normal) (G1 Evacuation Pause)
[2025-11-17T19:11:11.045+0000][202][info ][gc,task     ] GC(38) Using 15 workers of 15 for evacuation
[2025-11-17T19:11:11.046+0000][202][debug][gc,age      ] GC(38) Desired survivor size 41943040 bytes, new threshold 15 (max threshold 15)
[2025-11-17T19:11:11.049+0000][202][info ][gc,phases   ] GC(38)   Pre Evacuate Collection Set: 0.24ms
[2025-11-17T19:11:11.050+0000][202][info ][gc,phases   ] GC(38)   Merge Heap Roots: 0.12ms
[2025-11-17T19:11:11.050+0000][202][info ][gc,phases   ] GC(38)   Evacuate Collection Set: 1.38ms
[2025-11-17T19:11:11.051+0000][202][info ][gc,phases   ] GC(38)   Post Evacuate Collection Set: 0.72ms
[2025-11-17T19:11:11.051+0000][202][info ][gc,phases   ] GC(38)   Other: 1.31ms
[2025-11-17T19:11:11.052+0000][202][trace][gc,age      ] GC(38) Age table with threshold 15 (max threshold 15)
[2025-11-17T19:11:11.052+0000][202][trace][gc,age      ] GC(38) - age   1:   10284304 bytes,   10284304 total
[2025-11-17T19:11:11.052+0000][202][trace][gc,age      ] GC(38) - age   2:     513368 bytes,   10797672 total
[2025-11-17T19:11:11.052+0000][202][trace][gc,age      ] GC(38) - age   3:       7408 bytes,   10805080 total
[2025-11-17T19:11:11.053+0000][202][trace][gc,age      ] GC(38) - age   4:      10520 bytes,   10815600 total
[2025-11-17T19:11:11.053+0000][202][trace][gc,age      ] GC(38) - age   5:      20176 bytes,   10835776 total
[2025-11-17T19:11:11.053+0000][202][trace][gc,age      ] GC(38) - age   6:     140664 bytes,   10976440 total
[2025-11-17T19:11:11.053+0000][202][trace][gc,age      ] GC(38) - age   7:      58184 bytes,   11034624 total
[2025-11-17T19:11:11.053+0000][202][trace][gc,age      ] GC(38) - age   8:     211176 bytes,   11245800 total
[2025-11-17T19:11:11.054+0000][202][trace][gc,age      ] GC(38) - age   9:     780016 bytes,   12025816 total
[2025-11-17T19:11:11.054+0000][202][trace][gc,age      ] GC(38) - age  10:     892080 bytes,   12917896 total
[2025-11-17T19:11:11.054+0000][202][trace][gc,age      ] GC(38) - age  11:     544704 bytes,   13462600 total
[2025-11-17T19:11:11.054+0000][202][trace][gc,age      ] GC(38) - age  12:      13408 bytes,   13476008 total
[2025-11-17T19:11:11.054+0000][202][trace][gc,age      ] GC(38) - age  13:      13504 bytes,   13489512 total
[2025-11-17T19:11:11.055+0000][202][trace][gc,age      ] GC(38) - age  14:     408912 bytes,   13898424 total
[2025-11-17T19:11:11.055+0000][202][trace][gc,age      ] GC(38) - age  15:    1336168 bytes,   15234592 total
[2025-11-17T19:11:11.055+0000][202][info ][gc,heap     ] GC(38) Eden regions: 149->0(148)
[2025-11-17T19:11:11.055+0000][202][info ][gc,heap     ] GC(38) Survivor regions: 4->5(20)
[2025-11-17T19:11:11.056+0000][202][info ][gc,heap     ] GC(38) Old regions: 31->31
[2025-11-17T19:11:11.056+0000][202][info ][gc,heap     ] GC(38) Humongous regions: 0->0
[2025-11-17T19:11:11.056+0000][202][info ][gc,metaspace] GC(38) Metaspace: 150987K(155008K)->150987K(155008K) NonClass: 130387K(132544K)->130387K(132544K) Class: 20600K(22464K)->20600K(22464K)
[2025-11-17T19:11:11.056+0000][202][info ][gc          ] GC(38) Pause Young (Normal) (G1 Evacuation Pause) 731M->138M(1024M) 12.454ms
[2025-11-17T19:11:11.057+0000][202][info ][gc,cpu      ] GC(38) User=0.01s Sys=0.00s Real=0.01s
[2025-11-17T19:11:11.057+0000][202][info ][safepoint   ] Safepoint "G1CollectForAllocation", Time since last: 244304176 ns, Reaching safepoint: 14672 ns, Cleanup: 3048 ns, At safepoint: 13060072 ns, Total: 13077792 ns
[2025-11-17T19:11:12.059+0000][202][info ][safepoint   ] Safepoint "Cleanup", Time since last: 1002264707 ns, Reaching safepoint: 9528 ns, Cleanup: 15619 ns, At safepoint: 24739 ns, Total: 49886 ns
[2025-11-17T19:11:16.940+0000][202][info ][safepoint   ] Safepoint "Cleanup", Time since last: 4880736948 ns, Reaching safepoint: 36745 ns, Cleanup: 47514 ns, At safepoint: 13402 ns, Total: 97661 ns
[2025-11-17T19:11:19.422+0000][202][info ][safepoint   ] Safepoint "Cleanup", Time since last: 2482158853 ns, Reaching safepoint: 89005 ns, Cleanup: 8003 ns, At safepoint: 21653 ns, Total: 118661 ns
[2025-11-17T19:11:26.005+0000][202][info ][safepoint   ] Safepoint "Cleanup", Time since last: 7046055144 ns, Reaching safepoint: 5215 ns, Cleanup: 10298 ns, At safepoint: 3133 ns, Total: 18646 ns
[2025-11-17T19:11:43.494+0000][202][info ][safepoint   ] Safepoint "Cleanup", Time since last: 18052966089 ns, Reaching safepoint: 18156 ns, Cleanup: 13519 ns, At safepoint: 5574 ns, Total: 37249 ns
[2025-11-17T19:11:45.545+0000][202][info ][safepoint   ] Safepoint "Cleanup", Time since last: 2051304796 ns, Reaching safepoint: 5242 ns, Cleanup: 5683 ns, At safepoint: 11047 ns, Total: 21972 ns
[2025-11-17T19:11:52.881+0000][202][info ][safepoint   ] Safepoint "Cleanup", Time since last: 7335382734 ns, Reaching safepoint: 12410 ns, Cleanup: 11175 ns, At safepoint: 4339 ns, Total: 27924 ns
[2025-11-17T19:11:54.815+0000][202][info ][safepoint   ] Safepoint "Cleanup", Time since last: 2952966506 ns, Reaching safepoint: 5876 ns, Cleanup: 9345 ns, At safepoint: 2777 ns, Total: 17998 ns
[2025-11-17T19:11:57.529+0000][202][info ][safepoint   ] Safepoint "Cleanup", Time since last: 2713785432 ns, Reaching safepoint: 17328 ns, Cleanup: 11321 ns, At safepoint: 14651 ns, Total: 43300 ns
[2025-11-17T19:11:58.829+0000][202][info ][safepoint   ] Safepoint "Cleanup", Time since last: 1300222737 ns, Reaching safepoint: 6150 ns, Cleanup: 8117 ns, At safepoint: 1936 ns, Total: 16203 ns
[2025-11-17T19:12:03.574+0000][202][info ][safepoint   ] Safepoint "Cleanup", Time since last: 4744636615 ns, Reaching safepoint: 21100 ns, Cleanup: 10998 ns, At safepoint: 5959 ns, Total: 38057 ns
[2025-11-17T19:12:04.619+0000][202][info ][gc,start    ] GC(39) Pause Young (Normal) (G1 Evacuation Pause)
[2025-11-17T19:12:04.619+0000][202][info ][gc,task     ] GC(39) Using 15 workers of 15 for evacuation
[2025-11-17T19:12:04.619+0000][202][debug][gc,age      ] GC(39) Desired survivor size 41943040 bytes, new threshold 15 (max threshold 15)
[2025-11-17T19:12:04.623+0000][202][info ][gc,phases   ] GC(39)   Pre Evacuate Collection Set: 0.28ms
[2025-11-17T19:12:04.623+0000][202][info ][gc,phases   ] GC(39)   Merge Heap Roots: 0.14ms
[2025-11-17T19:12:04.623+0000][202][info ][gc,phases   ] GC(39)   Evacuate Collection Set: 1.90ms
[2025-11-17T19:12:04.623+0000][202][info ][gc,phases   ] GC(39)   Post Evacuate Collection Set: 0.69ms
[2025-11-17T19:12:04.623+0000][202][info ][gc,phases   ] GC(39)   Other: 0.38ms
[2025-11-17T19:12:04.623+0000][202][trace][gc,age      ] GC(39) Age table with threshold 15 (max threshold 15)
[2025-11-17T19:12:04.623+0000][202][trace][gc,age      ] GC(39) - age   1:    9751368 bytes,    9751368 total
[2025-11-17T19:12:04.624+0000][202][trace][gc,age      ] GC(39) - age   2:      71816 bytes,    9823184 total
[2025-11-17T19:12:04.624+0000][202][trace][gc,age      ] GC(39) - age   3:     111528 bytes,    9934712 total
[2025-11-17T19:12:04.624+0000][202][trace][gc,age      ] GC(39) - age   4:       5768 bytes,    9940480 total
[2025-11-17T19:12:04.624+0000][202][trace][gc,age      ] GC(39) - age   5:      10432 bytes,    9950912 total
[2025-11-17T19:12:04.624+0000][202][trace][gc,age      ] GC(39) - age   6:      20112 bytes,    9971024 total
[2025-11-17T19:12:04.624+0000][202][trace][gc,age      ] GC(39) - age   7:     140400 bytes,   10111424 total
[2025-11-17T19:12:04.624+0000][202][trace][gc,age      ] GC(39) - age   8:      58056 bytes,   10169480 total
[2025-11-17T19:12:04.625+0000][202][trace][gc,age      ] GC(39) - age   9:     211112 bytes,   10380592 total
[2025-11-17T19:12:04.625+0000][202][trace][gc,age      ] GC(39) - age  10:     779888 bytes,   11160480 total
[2025-11-17T19:12:04.625+0000][202][trace][gc,age      ] GC(39) - age  11:     892080 bytes,   12052560 total
[2025-11-17T19:12:04.625+0000][202][trace][gc,age      ] GC(39) - age  12:     544576 bytes,   12597136 total
[2025-11-17T19:12:04.625+0000][202][trace][gc,age      ] GC(39) - age  13:      13408 bytes,   12610544 total
[2025-11-17T19:12:04.625+0000][202][trace][gc,age      ] GC(39) - age  14:      13504 bytes,   12624048 total
[2025-11-17T19:12:04.626+0000][202][trace][gc,age      ] GC(39) - age  15:     408912 bytes,   13032960 total
[2025-11-17T19:12:04.626+0000][202][info ][gc,heap     ] GC(39) Eden regions: 148->0(149)
[2025-11-17T19:12:04.626+0000][202][info ][gc,heap     ] GC(39) Survivor regions: 5->4(20)
[2025-11-17T19:12:04.626+0000][202][info ][gc,heap     ] GC(39) Old regions: 31->32
[2025-11-17T19:12:04.626+0000][202][info ][gc,heap     ] GC(39) Humongous regions: 0->0
[2025-11-17T19:12:04.626+0000][202][info ][gc,metaspace] GC(39) Metaspace: 151033K(155072K)->151033K(155072K) NonClass: 130432K(132608K)->130432K(132608K) Class: 20600K(22464K)->20600K(22464K)
[2025-11-17T19:12:04.627+0000][202][info ][gc          ] GC(39) Pause Young (Normal) (G1 Evacuation Pause) 730M->137M(1024M) 7.586ms
[2025-11-17T19:12:04.627+0000][202][info ][gc,cpu      ] GC(39) User=0.02s Sys=0.00s Real=0.01s
[2025-11-17T19:12:04.627+0000][202][info ][safepoint   ] Safepoint "G1CollectForAllocation", Time since last: 1045349203 ns, Reaching safepoint: 15410 ns, Cleanup: 3674 ns, At safepoint: 7992262 ns, Total: 8011346 ns
[2025-11-17T19:12:11.108+0000][202][info ][safepoint   ] Safepoint "Cleanup", Time since last: 6480833304 ns, Reaching safepoint: 37051 ns, Cleanup: 13091 ns, At safepoint: 12401 ns, Total: 62543 ns
