[2025-11-17T17:43:25.832+0000][116][info][gc,init] CardTable entry size: 512
[2025-11-17T17:43:25.833+0000][116][info][gc     ] Using G1
[2025-11-17T17:43:25.840+0000][116][info][gc,init] Version: 22.0.1+8-16 (release)
[2025-11-17T17:43:25.841+0000][116][info][gc,init] CPUs: 20 total, 20 available
[2025-11-17T17:43:25.841+0000][116][info][gc,init] Memory: 15845M
[2025-11-17T17:43:25.841+0000][116][info][gc,init] Large Page Support: Disabled
[2025-11-17T17:43:25.842+0000][116][info][gc,init] NUMA Support: Disabled
[2025-11-17T17:43:25.842+0000][116][info][gc,init] Compressed Oops: Enabled (32-bit)
[2025-11-17T17:43:25.842+0000][116][info][gc,init] Heap Region Size: 1M
[2025-11-17T17:43:25.844+0000][116][info][gc,init] Heap Min Capacity: 1G
[2025-11-17T17:43:25.844+0000][116][info][gc,init] Heap Initial Capacity: 1G
[2025-11-17T17:43:25.844+0000][116][info][gc,init] Heap Max Capacity: 1G
[2025-11-17T17:43:25.844+0000][116][info][gc,init] Pre-touch: Disabled
[2025-11-17T17:43:25.845+0000][116][info][gc,init] Parallel Workers: 15
[2025-11-17T17:43:25.845+0000][116][info][gc,init] Concurrent Workers: 4
[2025-11-17T17:43:25.845+0000][116][info][gc,init] Concurrent Refinement Workers: 15
[2025-11-17T17:43:25.845+0000][116][info][gc,init] Periodic GC: Disabled
[2025-11-17T17:43:25.852+0000][116][info][gc,metaspace] CDS archive(s) mapped at: [0x00007cfbea000000-0x00007cfbeac74000-0x00007cfbeac74000), size 13058048, SharedBaseAddress: 0x00007cfbea000000, ArchiveRelocationMode: 1.
[2025-11-17T17:43:25.852+0000][116][info][gc,metaspace] Compressed class space mapped at: 0x00007cfbeb000000-0x00007cfc2b000000, reserved size: 1073741824
[2025-11-17T17:43:25.852+0000][116][info][gc,metaspace] Narrow klass base: 0x00007cfbea000000, Narrow klass shift: 0, Narrow klass range: 0x100000000
[2025-11-17T17:43:25.885+0000][116][info][gc,heap,exit] Heap
[2025-11-17T17:43:25.886+0000][116][info][gc,heap,exit]  garbage-first heap   total reserved 1048576K, committed 1048576K, used 4129K [0x00000000c0000000, 0x0000000100000000)
[2025-11-17T17:43:25.886+0000][116][info][gc,heap,exit]   region size 1024K, 3 young (3072K), 0 survivors (0K)
[2025-11-17T17:43:25.886+0000][116][info][gc,heap,exit]  Metaspace       used 226K, committed 448K, reserved 1114112K
[2025-11-17T17:43:25.887+0000][116][info][gc,heap,exit]   class space    used 5K, committed 128K, reserved 1048576K
