[2025-11-17T08:29:03.660+0000][141][info][gc,init] CardTable entry size: 512
[2025-11-17T08:29:03.661+0000][141][info][gc     ] Using G1
[2025-11-17T08:29:03.821+0000][141][info][gc,init] Version: 22.0.1+8-16 (release)
[2025-11-17T08:29:03.822+0000][141][info][gc,init] CPUs: 20 total, 20 available
[2025-11-17T08:29:03.822+0000][141][info][gc,init] Memory: 15845M
[2025-11-17T08:29:03.823+0000][141][info][gc,init] Large Page Support: Disabled
[2025-11-17T08:29:03.823+0000][141][info][gc,init] NUMA Support: Disabled
[2025-11-17T08:29:03.824+0000][141][info][gc,init] Compressed Oops: Enabled (32-bit)
[2025-11-17T08:29:03.824+0000][141][info][gc,init] Heap Region Size: 4M
[2025-11-17T08:29:03.826+0000][141][info][gc,init] Heap Min Capacity: 1G
[2025-11-17T08:29:03.827+0000][141][info][gc,init] Heap Initial Capacity: 1G
[2025-11-17T08:29:03.827+0000][141][info][gc,init] Heap Max Capacity: 1G
[2025-11-17T08:29:03.828+0000][141][info][gc,init] Pre-touch: Enabled
[2025-11-17T08:29:03.828+0000][141][info][gc,init] Parallel Workers: 15
[2025-11-17T08:29:03.828+0000][141][info][gc,init] Concurrent Workers: 4
[2025-11-17T08:29:03.829+0000][141][info][gc,init] Concurrent Refinement Workers: 15
[2025-11-17T08:29:03.829+0000][141][info][gc,init] Periodic GC: Disabled
[2025-11-17T08:29:03.838+0000][141][info][gc,metaspace] CDS archive(s) mapped at: [0x00007a6dc6000000-0x00007a6dc6c74000-0x00007a6dc6c74000), size 13058048, SharedBaseAddress: 0x00007a6dc6000000, ArchiveRelocationMode: 1.
[2025-11-17T08:29:03.839+0000][141][info][gc,metaspace] Compressed class space mapped at: 0x00007a6dc7000000-0x00007a6e07000000, reserved size: 1073741824
[2025-11-17T08:29:03.839+0000][141][info][gc,metaspace] Narrow klass base: 0x00007a6dc6000000, Narrow klass shift: 0, Narrow klass range: 0x100000000
[2025-11-17T08:29:03.968+0000][141][info][safepoint   ] Safepoint "ICBufferFull", Time since last: 125659415 ns, Reaching safepoint: 3439 ns, Cleanup: 107126 ns, At safepoint: 28247 ns, Total: 138812 ns
[2025-11-17T08:29:04.158+0000][141][info][safepoint   ] Safepoint "ICBufferFull", Time since last: 189904406 ns, Reaching safepoint: 2295 ns, Cleanup: 56840 ns, At safepoint: 3676 ns, Total: 62811 ns
[2025-11-17T08:29:04.176+0000][141][info][gc,start    ] GC(0) Pause Young (Normal) (G1 Evacuation Pause)
[2025-11-17T08:29:04.177+0000][141][info][gc,task     ] GC(0) Using 15 workers of 15 for evacuation
[2025-11-17T08:29:04.177+0000][141][debug][gc,age      ] GC(0) Desired survivor size 4194304 bytes, new threshold 15 (max threshold 15)
[2025-11-17T08:29:04.179+0000][141][info ][gc,phases   ] GC(0)   Pre Evacuate Collection Set: 0.19ms
[2025-11-17T08:29:04.181+0000][141][info ][gc,phases   ] GC(0)   Merge Heap Roots: 0.12ms
[2025-11-17T08:29:04.182+0000][141][info ][gc,phases   ] GC(0)   Evacuate Collection Set: 0.92ms
[2025-11-17T08:29:04.182+0000][141][info ][gc,phases   ] GC(0)   Post Evacuate Collection Set: 0.47ms
[2025-11-17T08:29:04.183+0000][141][info ][gc,phases   ] GC(0)   Other: 0.30ms
[2025-11-17T08:29:04.183+0000][141][trace][gc,age      ] GC(0) Age table with threshold 15 (max threshold 15)
[2025-11-17T08:29:04.183+0000][141][trace][gc,age      ] GC(0) - age   1:    4279608 bytes,    4279608 total
[2025-11-17T08:29:04.183+0000][141][info ][gc,heap     ] GC(0) Eden regions: 12->0(21)
[2025-11-17T08:29:04.184+0000][141][info ][gc,heap     ] GC(0) Survivor regions: 0->2(2)
[2025-11-17T08:29:04.184+0000][141][info ][gc,heap     ] GC(0) Old regions: 1->1
[2025-11-17T08:29:04.184+0000][141][info ][gc,heap     ] GC(0) Humongous regions: 0->0
[2025-11-17T08:29:04.184+0000][141][info ][gc,metaspace] GC(0) Metaspace: 6668K(6912K)->6668K(6912K) NonClass: 5901K(6016K)->5901K(6016K) Class: 766K(896K)->766K(896K)
[2025-11-17T08:29:04.185+0000][141][info ][gc          ] GC(0) Pause Young (Normal) (G1 Evacuation Pause) 49M->5M(1024M) 9.164ms
[2025-11-17T08:29:04.185+0000][141][info ][gc,cpu      ] GC(0) User=0.00s Sys=0.01s Real=0.01s
[2025-11-17T08:29:04.185+0000][141][info ][safepoint   ] Safepoint "G1CollectForAllocation", Time since last: 17695477 ns, Reaching safepoint: 2546 ns, Cleanup: 8151 ns, At safepoint: 9699578 ns, Total: 9710275 ns
[2025-11-17T08:29:04.357+0000][141][info ][safepoint   ] Safepoint "ICBufferFull", Time since last: 171357292 ns, Reaching safepoint: 2478 ns, Cleanup: 70757 ns, At safepoint: 11893 ns, Total: 85128 ns
[2025-11-17T08:29:04.528+0000][141][info ][safepoint   ] Safepoint "ICBufferFull", Time since last: 171006162 ns, Reaching safepoint: 2919 ns, Cleanup: 77860 ns, At safepoint: 38822 ns, Total: 119601 ns
[2025-11-17T08:29:04.949+0000][141][info ][safepoint   ] Safepoint "ICBufferFull", Time since last: 421179354 ns, Reaching safepoint: 74266 ns, Cleanup: 65080 ns, At safepoint: 12127 ns, Total: 151473 ns
[2025-11-17T08:29:05.210+0000][141][info ][gc,start    ] GC(1) Pause Young (Normal) (G1 Evacuation Pause)
[2025-11-17T08:29:05.217+0000][141][info ][gc,task     ] GC(1) Using 15 workers of 15 for evacuation
[2025-11-17T08:29:05.235+0000][141][debug][gc,age      ] GC(1) Desired survivor size 6291456 bytes, new threshold 15 (max threshold 15)
[2025-11-17T08:29:05.254+0000][141][info ][gc,phases   ] GC(1)   Pre Evacuate Collection Set: 0.23ms
[2025-11-17T08:29:05.270+0000][141][info ][gc,phases   ] GC(1)   Merge Heap Roots: 0.11ms
[2025-11-17T08:29:05.281+0000][141][info ][gc,phases   ] GC(1)   Evacuate Collection Set: 2.43ms
[2025-11-17T08:29:05.294+0000][141][info ][gc,phases   ] GC(1)   Post Evacuate Collection Set: 0.96ms
[2025-11-17T08:29:05.296+0000][141][info ][gc,phases   ] GC(1)   Other: 32.96ms
[2025-11-17T08:29:05.297+0000][141][trace][gc,age      ] GC(1) Age table with threshold 15 (max threshold 15)
[2025-11-17T08:29:05.297+0000][141][trace][gc,age      ] GC(1) - age   1:    5294936 bytes,    5294936 total
[2025-11-17T08:29:05.297+0000][141][trace][gc,age      ] GC(1) - age   2:    4175704 bytes,    9470640 total
[2025-11-17T08:29:05.297+0000][141][info ][gc,heap     ] GC(1) Eden regions: 21->0(28)
[2025-11-17T08:29:05.297+0000][141][info ][gc,heap     ] GC(1) Survivor regions: 2->3(3)
[2025-11-17T08:29:05.297+0000][141][info ][gc,heap     ] GC(1) Old regions: 1->1
[2025-11-17T08:29:05.298+0000][141][info ][gc,heap     ] GC(1) Humongous regions: 0->0
[2025-11-17T08:29:05.298+0000][141][info ][gc,metaspace] GC(1) Metaspace: 20610K(21312K)->20610K(21312K) NonClass: 18274K(18688K)->18274K(18688K) Class: 2336K(2624K)->2336K(2624K)
[2025-11-17T08:29:05.298+0000][141][info ][gc          ] GC(1) Pause Young (Normal) (G1 Evacuation Pause) 89M->10M(1024M) 87.831ms
[2025-11-17T08:29:05.298+0000][141][info ][gc,cpu      ] GC(1) User=0.04s Sys=0.00s Real=0.09s
[2025-11-17T08:29:05.298+0000][141][info ][safepoint   ] Safepoint "G1CollectForAllocation", Time since last: 260656552 ns, Reaching safepoint: 2707 ns, Cleanup: 70021 ns, At safepoint: 88129419 ns, Total: 88202147 ns
[2025-11-17T08:29:05.466+0000][141][info ][gc,start    ] GC(2) Pause Young (Concurrent Start) (Metadata GC Threshold)
[2025-11-17T08:29:05.469+0000][141][info ][gc,task     ] GC(2) Using 15 workers of 15 for evacuation
[2025-11-17T08:29:05.470+0000][141][debug][gc,age      ] GC(2) Desired survivor size 8388608 bytes, new threshold 2 (max threshold 15)
[2025-11-17T08:29:05.477+0000][141][info ][gc,phases   ] GC(2)   Pre Evacuate Collection Set: 0.43ms
[2025-11-17T08:29:05.477+0000][141][info ][gc,phases   ] GC(2)   Merge Heap Roots: 0.28ms
[2025-11-17T08:29:05.477+0000][141][info ][gc,phases   ] GC(2)   Evacuate Collection Set: 4.55ms
[2025-11-17T08:29:05.478+0000][141][info ][gc,phases   ] GC(2)   Post Evacuate Collection Set: 1.16ms
[2025-11-17T08:29:05.478+0000][141][info ][gc,phases   ] GC(2)   Other: 1.14ms
[2025-11-17T08:29:05.478+0000][141][trace][gc,age      ] GC(2) Age table with threshold 2 (max threshold 15)
[2025-11-17T08:29:05.479+0000][141][trace][gc,age      ] GC(2) - age   1:     339024 bytes,     339024 total
[2025-11-17T08:29:05.480+0000][141][trace][gc,age      ] GC(2) - age   2:    4429248 bytes,    4768272 total
[2025-11-17T08:29:05.481+0000][141][info ][gc,heap     ] GC(2) Eden regions: 7->0(51)
[2025-11-17T08:29:05.481+0000][141][info ][gc,heap     ] GC(2) Survivor regions: 3->2(4)
[2025-11-17T08:29:05.482+0000][141][info ][gc,heap     ] GC(2) Old regions: 1->3
[2025-11-17T08:29:05.482+0000][141][info ][gc,heap     ] GC(2) Humongous regions: 0->0
[2025-11-17T08:29:05.482+0000][141][info ][gc,metaspace] GC(2) Metaspace: 20809K(21504K)->20809K(21504K) NonClass: 18459K(18816K)->18459K(18816K) Class: 2349K(2688K)->2349K(2688K)
[2025-11-17T08:29:05.483+0000][141][info ][gc          ] GC(2) Pause Young (Concurrent Start) (Metadata GC Threshold) 37M->10M(1024M) 17.164ms
[2025-11-17T08:29:05.483+0000][141][info ][gc,cpu      ] GC(2) User=0.01s Sys=0.00s Real=0.02s
[2025-11-17T08:29:05.483+0000][141][info ][gc          ] GC(3) Concurrent Mark Cycle
[2025-11-17T08:29:05.484+0000][141][info ][gc,marking  ] GC(3) Concurrent Scan Root Regions
[2025-11-17T08:29:05.484+0000][141][info ][safepoint   ] Safepoint "CollectForMetadataAllocation", Time since last: 167392734 ns, Reaching safepoint: 4430 ns, Cleanup: 36157 ns, At safepoint: 18211872 ns, Total: 18252459 ns
[2025-11-17T08:29:05.486+0000][141][info ][gc,marking  ] GC(3) Concurrent Scan Root Regions 2.315ms
[2025-11-17T08:29:05.487+0000][141][info ][gc,marking  ] GC(3) Concurrent Mark
[2025-11-17T08:29:05.490+0000][141][info ][gc,marking  ] GC(3) Concurrent Mark From Roots
[2025-11-17T08:29:05.494+0000][141][info ][gc,task     ] GC(3) Using 4 workers of 4 for marking
[2025-11-17T08:29:05.497+0000][141][info ][gc,marking  ] GC(3) Concurrent Mark From Roots 6.392ms
[2025-11-17T08:29:05.498+0000][141][info ][gc,marking  ] GC(3) Concurrent Preclean
[2025-11-17T08:29:05.499+0000][141][info ][gc,marking  ] GC(3) Concurrent Preclean 0.264ms
[2025-11-17T08:29:05.500+0000][141][info ][gc,start    ] GC(3) Pause Remark
[2025-11-17T08:29:05.504+0000][141][info ][gc          ] GC(3) Pause Remark 12M->12M(1024M) 4.267ms
[2025-11-17T08:29:05.506+0000][141][info ][gc,cpu      ] GC(3) User=0.00s Sys=0.00s Real=0.00s
[2025-11-17T08:29:05.506+0000][141][info ][safepoint   ] Safepoint "G1PauseRemark", Time since last: 15586100 ns, Reaching safepoint: 502944 ns, Cleanup: 77934 ns, At safepoint: 6345092 ns, Total: 6925970 ns
[2025-11-17T08:29:05.507+0000][141][info ][gc,marking  ] GC(3) Concurrent Mark 19.641ms
[2025-11-17T08:29:05.507+0000][141][info ][gc,marking  ] GC(3) Concurrent Rebuild Remembered Sets and Scrub Regions
[2025-11-17T08:29:05.509+0000][141][info ][gc,marking  ] GC(3) Concurrent Rebuild Remembered Sets and Scrub Regions 1.998ms
[2025-11-17T08:29:05.510+0000][141][info ][gc,start    ] GC(3) Pause Cleanup
[2025-11-17T08:29:05.510+0000][141][info ][gc          ] GC(3) Pause Cleanup 12M->12M(1024M) 0.560ms
[2025-11-17T08:29:05.510+0000][141][info ][gc,cpu      ] GC(3) User=0.00s Sys=0.00s Real=0.00s
[2025-11-17T08:29:05.511+0000][141][info ][safepoint   ] Safepoint "G1PauseCleanup", Time since last: 3315338 ns, Reaching safepoint: 82063 ns, Cleanup: 3253 ns, At safepoint: 1055117 ns, Total: 1140433 ns
[2025-11-17T08:29:05.511+0000][141][info ][gc,marking  ] GC(3) Concurrent Clear Claimed Marks
[2025-11-17T08:29:05.511+0000][141][info ][gc,marking  ] GC(3) Concurrent Clear Claimed Marks 0.328ms
[2025-11-17T08:29:05.512+0000][141][info ][gc,marking  ] GC(3) Concurrent Cleanup for Next Mark
[2025-11-17T08:29:05.513+0000][141][info ][gc,marking  ] GC(3) Concurrent Cleanup for Next Mark 0.870ms
[2025-11-17T08:29:05.514+0000][141][info ][gc          ] GC(3) Concurrent Mark Cycle 30.610ms
[2025-11-17T08:29:05.840+0000][141][info ][safepoint   ] Safepoint "ICBufferFull", Time since last: 329115116 ns, Reaching safepoint: 2743 ns, Cleanup: 87963 ns, At safepoint: 4146 ns, Total: 94852 ns
[2025-11-17T08:29:05.951+0000][141][info ][gc,start    ] GC(4) Pause Young (Prepare Mixed) (G1 Evacuation Pause)
[2025-11-17T08:29:05.951+0000][141][info ][gc,task     ] GC(4) Using 15 workers of 15 for evacuation
[2025-11-17T08:29:05.952+0000][141][debug][gc,age      ] GC(4) Desired survivor size 14680064 bytes, new threshold 15 (max threshold 15)
[2025-11-17T08:29:05.955+0000][141][info ][gc,phases   ] GC(4)   Pre Evacuate Collection Set: 0.18ms
[2025-11-17T08:29:05.955+0000][141][info ][gc,phases   ] GC(4)   Merge Heap Roots: 0.20ms
[2025-11-17T08:29:05.956+0000][141][info ][gc,phases   ] GC(4)   Evacuate Collection Set: 1.90ms
[2025-11-17T08:29:05.956+0000][141][info ][gc,phases   ] GC(4)   Post Evacuate Collection Set: 0.62ms
[2025-11-17T08:29:05.956+0000][141][info ][gc,phases   ] GC(4)   Other: 0.69ms
[2025-11-17T08:29:05.956+0000][141][trace][gc,age      ] GC(4) Age table with threshold 15 (max threshold 15)
[2025-11-17T08:29:05.957+0000][141][trace][gc,age      ] GC(4) - age   1:    4209880 bytes,    4209880 total
[2025-11-17T08:29:05.957+0000][141][trace][gc,age      ] GC(4) - age   2:     336224 bytes,    4546104 total
[2025-11-17T08:29:05.957+0000][141][trace][gc,age      ] GC(4) - age   3:    4392640 bytes,    8938744 total
[2025-11-17T08:29:05.957+0000][141][info ][gc,heap     ] GC(4) Eden regions: 51->0(95)
[2025-11-17T08:29:05.957+0000][141][info ][gc,heap     ] GC(4) Survivor regions: 2->3(7)
[2025-11-17T08:29:05.958+0000][141][info ][gc,heap     ] GC(4) Old regions: 3->3
[2025-11-17T08:29:05.958+0000][141][info ][gc,heap     ] GC(4) Humongous regions: 0->0
[2025-11-17T08:29:05.958+0000][141][info ][gc,metaspace] GC(4) Metaspace: 23931K(24640K)->23931K(24640K) NonClass: 21192K(21568K)->21192K(21568K) Class: 2738K(3072K)->2738K(3072K)
[2025-11-17T08:29:05.958+0000][141][info ][gc          ] GC(4) Pause Young (Prepare Mixed) (G1 Evacuation Pause) 214M->14M(1024M) 7.600ms
[2025-11-17T08:29:05.959+0000][141][info ][gc,cpu      ] GC(4) User=0.02s Sys=0.00s Real=0.01s
[2025-11-17T08:29:05.959+0000][141][info ][safepoint   ] Safepoint "G1CollectForAllocation", Time since last: 110899235 ns, Reaching safepoint: 3346 ns, Cleanup: 48781 ns, At safepoint: 8078537 ns, Total: 8130664 ns
[2025-11-17T08:29:06.290+0000][141][info ][safepoint   ] Safepoint "ICBufferFull", Time since last: 331231274 ns, Reaching safepoint: 2753 ns, Cleanup: 74445 ns, At safepoint: 3925 ns, Total: 81123 ns
[2025-11-17T08:29:06.538+0000][141][info ][gc,start    ] GC(5) Pause Young (Mixed) (G1 Evacuation Pause)
[2025-11-17T08:29:06.538+0000][141][info ][gc,task     ] GC(5) Using 15 workers of 15 for evacuation
[2025-11-17T08:29:06.538+0000][141][debug][gc,age      ] GC(5) Desired survivor size 27262976 bytes, new threshold 15 (max threshold 15)
[2025-11-17T08:29:06.543+0000][141][info ][gc,phases   ] GC(5)   Pre Evacuate Collection Set: 0.19ms
[2025-11-17T08:29:06.544+0000][141][info ][gc,phases   ] GC(5)   Merge Heap Roots: 0.12ms
[2025-11-17T08:29:06.544+0000][141][info ][gc,phases   ] GC(5)   Evacuate Collection Set: 3.85ms
[2025-11-17T08:29:06.544+0000][141][info ][gc,phases   ] GC(5)   Post Evacuate Collection Set: 0.77ms
[2025-11-17T08:29:06.544+0000][141][info ][gc,phases   ] GC(5)   Other: 0.33ms
[2025-11-17T08:29:06.544+0000][141][trace][gc,age      ] GC(5) Age table with threshold 15 (max threshold 15)
[2025-11-17T08:29:06.544+0000][141][trace][gc,age      ] GC(5) - age   1:    7613048 bytes,    7613048 total
[2025-11-17T08:29:06.544+0000][141][trace][gc,age      ] GC(5) - age   2:    2393552 bytes,   10006600 total
[2025-11-17T08:29:06.544+0000][141][trace][gc,age      ] GC(5) - age   3:     335904 bytes,   10342504 total
[2025-11-17T08:29:06.545+0000][141][trace][gc,age      ] GC(5) - age   4:    4384400 bytes,   14726904 total
[2025-11-17T08:29:06.545+0000][141][info ][gc,heap     ] GC(5) Eden regions: 95->0(149)
[2025-11-17T08:29:06.545+0000][141][info ][gc,heap     ] GC(5) Survivor regions: 3->4(13)
[2025-11-17T08:29:06.545+0000][141][info ][gc,heap     ] GC(5) Old regions: 3->2
[2025-11-17T08:29:06.545+0000][141][info ][gc,heap     ] GC(5) Humongous regions: 0->0
[2025-11-17T08:29:06.545+0000][141][info ][gc,metaspace] GC(5) Metaspace: 30534K(31360K)->30534K(31360K) NonClass: 27015K(27520K)->27015K(27520K) Class: 3519K(3840K)->3519K(3840K)
[2025-11-17T08:29:06.545+0000][141][info ][gc          ] GC(5) Pause Young (Mixed) (G1 Evacuation Pause) 394M->20M(1024M) 7.068ms
[2025-11-17T08:29:06.545+0000][141][info ][gc,cpu      ] GC(5) User=0.03s Sys=0.00s Real=0.01s
[2025-11-17T08:29:06.545+0000][141][info ][safepoint   ] Safepoint "G1CollectForAllocation", Time since last: 247517209 ns, Reaching safepoint: 2287 ns, Cleanup: 56534 ns, At safepoint: 7249146 ns, Total: 7307967 ns
[2025-11-17T08:29:06.851+0000][141][info ][safepoint   ] Safepoint "ICBufferFull", Time since last: 305449419 ns, Reaching safepoint: 2558 ns, Cleanup: 81910 ns, At safepoint: 3385 ns, Total: 87853 ns
[2025-11-17T08:29:06.928+0000][141][info ][gc,start    ] GC(6) Pause Young (Concurrent Start) (Metadata GC Threshold)
[2025-11-17T08:29:06.928+0000][141][info ][gc,task     ] GC(6) Using 15 workers of 15 for evacuation
[2025-11-17T08:29:06.929+0000][141][debug][gc,age      ] GC(6) Desired survivor size 41943040 bytes, new threshold 15 (max threshold 15)
[2025-11-17T08:29:06.934+0000][141][info ][gc,phases   ] GC(6)   Pre Evacuate Collection Set: 0.21ms
[2025-11-17T08:29:06.934+0000][141][info ][gc,phases   ] GC(6)   Merge Heap Roots: 0.11ms
[2025-11-17T08:29:06.934+0000][141][info ][gc,phases   ] GC(6)   Evacuate Collection Set: 3.68ms
[2025-11-17T08:29:06.934+0000][141][info ][gc,phases   ] GC(6)   Post Evacuate Collection Set: 1.01ms
[2025-11-17T08:29:06.935+0000][141][info ][gc,phases   ] GC(6)   Other: 0.58ms
[2025-11-17T08:29:06.935+0000][141][trace][gc,age      ] GC(6) Age table with threshold 15 (max threshold 15)
[2025-11-17T08:29:06.935+0000][141][trace][gc,age      ] GC(6) - age   1:    4452528 bytes,    4452528 total
[2025-11-17T08:29:06.935+0000][141][trace][gc,age      ] GC(6) - age   2:    7457144 bytes,   11909672 total
[2025-11-17T08:29:06.935+0000][141][trace][gc,age      ] GC(6) - age   3:    2391984 bytes,   14301656 total
[2025-11-17T08:29:06.936+0000][141][trace][gc,age      ] GC(6) - age   4:     335816 bytes,   14637472 total
[2025-11-17T08:29:06.936+0000][141][trace][gc,age      ] GC(6) - age   5:    4383520 bytes,   19020992 total
[2025-11-17T08:29:06.936+0000][141][info ][gc,heap     ] GC(6) Eden regions: 86->0(148)
[2025-11-17T08:29:06.937+0000][141][info ][gc,heap     ] GC(6) Survivor regions: 4->5(20)
[2025-11-17T08:29:06.937+0000][141][info ][gc,heap     ] GC(6) Old regions: 2->2
[2025-11-17T08:29:06.937+0000][141][info ][gc,heap     ] GC(6) Humongous regions: 0->0
[2025-11-17T08:29:06.937+0000][141][info ][gc,metaspace] GC(6) Metaspace: 35228K(36096K)->35228K(36096K) NonClass: 31214K(31744K)->31214K(31744K) Class: 4014K(4352K)->4014K(4352K)
[2025-11-17T08:29:06.937+0000][141][info ][gc          ] GC(6) Pause Young (Concurrent Start) (Metadata GC Threshold) 364M->24M(1024M) 9.080ms
[2025-11-17T08:29:06.937+0000][141][info ][gc,cpu      ] GC(6) User=0.02s Sys=0.00s Real=0.01s
[2025-11-17T08:29:06.937+0000][141][info ][gc          ] GC(7) Concurrent Mark Cycle
[2025-11-17T08:29:06.938+0000][141][info ][gc,marking  ] GC(7) Concurrent Scan Root Regions
[2025-11-17T08:29:06.938+0000][141][info ][safepoint   ] Safepoint "CollectForMetadataAllocation", Time since last: 77547721 ns, Reaching safepoint: 2627 ns, Cleanup: 22581 ns, At safepoint: 9447239 ns, Total: 9472447 ns
[2025-11-17T08:29:06.939+0000][141][info ][gc,marking  ] GC(7) Concurrent Scan Root Regions 1.374ms
[2025-11-17T08:29:06.939+0000][141][info ][gc,marking  ] GC(7) Concurrent Mark
[2025-11-17T08:29:06.939+0000][141][info ][gc,marking  ] GC(7) Concurrent Mark From Roots
[2025-11-17T08:29:06.939+0000][141][info ][gc,task     ] GC(7) Using 4 workers of 4 for marking
[2025-11-17T08:29:06.941+0000][141][info ][gc,marking  ] GC(7) Concurrent Mark From Roots 1.613ms
[2025-11-17T08:29:06.941+0000][141][info ][gc,marking  ] GC(7) Concurrent Preclean
[2025-11-17T08:29:06.941+0000][141][info ][gc,marking  ] GC(7) Concurrent Preclean 0.121ms
[2025-11-17T08:29:06.942+0000][141][info ][gc,start    ] GC(7) Pause Remark
[2025-11-17T08:29:06.945+0000][141][info ][gc          ] GC(7) Pause Remark 27M->27M(1024M) 3.034ms
[2025-11-17T08:29:06.945+0000][141][info ][gc,cpu      ] GC(7) User=0.01s Sys=0.00s Real=0.00s
[2025-11-17T08:29:06.945+0000][141][info ][safepoint   ] Safepoint "G1PauseRemark", Time since last: 3766828 ns, Reaching safepoint: 84673 ns, Cleanup: 1939 ns, At safepoint: 3362415 ns, Total: 3449027 ns
[2025-11-17T08:29:06.945+0000][141][info ][gc,marking  ] GC(7) Concurrent Mark 5.707ms
[2025-11-17T08:29:06.945+0000][141][info ][gc,marking  ] GC(7) Concurrent Rebuild Remembered Sets and Scrub Regions
[2025-11-17T08:29:06.946+0000][141][info ][gc,marking  ] GC(7) Concurrent Rebuild Remembered Sets and Scrub Regions 1.068ms
[2025-11-17T08:29:06.946+0000][141][info ][gc,start    ] GC(7) Pause Cleanup
[2025-11-17T08:29:06.947+0000][141][info ][gc          ] GC(7) Pause Cleanup 27M->27M(1024M) 0.223ms
[2025-11-17T08:29:06.947+0000][141][info ][gc,cpu      ] GC(7) User=0.00s Sys=0.00s Real=0.00s
[2025-11-17T08:29:06.947+0000][141][info ][safepoint   ] Safepoint "G1PauseCleanup", Time since last: 1521648 ns, Reaching safepoint: 73769 ns, Cleanup: 4956 ns, At safepoint: 447468 ns, Total: 526193 ns
[2025-11-17T08:29:06.947+0000][141][info ][gc,marking  ] GC(7) Concurrent Clear Claimed Marks
[2025-11-17T08:29:06.947+0000][141][info ][gc,marking  ] GC(7) Concurrent Clear Claimed Marks 0.105ms
[2025-11-17T08:29:06.947+0000][141][info ][gc,marking  ] GC(7) Concurrent Cleanup for Next Mark
[2025-11-17T08:29:06.948+0000][141][info ][gc,marking  ] GC(7) Concurrent Cleanup for Next Mark 0.874ms
[2025-11-17T08:29:06.948+0000][141][info ][gc          ] GC(7) Concurrent Mark Cycle 10.939ms
[2025-11-17T08:29:07.546+0000][141][info ][gc,start    ] GC(8) Pause Young (Normal) (G1 Evacuation Pause)
[2025-11-17T08:29:07.546+0000][141][info ][gc,task     ] GC(8) Using 15 workers of 15 for evacuation
[2025-11-17T08:29:07.547+0000][141][debug][gc,age      ] GC(8) Desired survivor size 41943040 bytes, new threshold 15 (max threshold 15)
[2025-11-17T08:29:07.552+0000][141][info ][gc,phases   ] GC(8)   Pre Evacuate Collection Set: 0.21ms
[2025-11-17T08:29:07.552+0000][141][info ][gc,phases   ] GC(8)   Merge Heap Roots: 0.14ms
[2025-11-17T08:29:07.553+0000][141][info ][gc,phases   ] GC(8)   Evacuate Collection Set: 4.02ms
[2025-11-17T08:29:07.553+0000][141][info ][gc,phases   ] GC(8)   Post Evacuate Collection Set: 0.79ms
[2025-11-17T08:29:07.553+0000][141][info ][gc,phases   ] GC(8)   Other: 0.58ms
[2025-11-17T08:29:07.553+0000][141][trace][gc,age      ] GC(8) Age table with threshold 15 (max threshold 15)
[2025-11-17T08:29:07.553+0000][141][trace][gc,age      ] GC(8) - age   1:    9289720 bytes,    9289720 total
[2025-11-17T08:29:07.553+0000][141][trace][gc,age      ] GC(8) - age   2:    4399704 bytes,   13689424 total
[2025-11-17T08:29:07.553+0000][141][trace][gc,age      ] GC(8) - age   3:    7449712 bytes,   21139136 total
[2025-11-17T08:29:07.553+0000][141][trace][gc,age      ] GC(8) - age   4:    2369968 bytes,   23509104 total
[2025-11-17T08:29:07.553+0000][141][trace][gc,age      ] GC(8) - age   5:     335720 bytes,   23844824 total
[2025-11-17T08:29:07.553+0000][141][trace][gc,age      ] GC(8) - age   6:    4374608 bytes,   28219432 total
[2025-11-17T08:29:07.553+0000][141][info ][gc,heap     ] GC(8) Eden regions: 148->0(145)
[2025-11-17T08:29:07.554+0000][141][info ][gc,heap     ] GC(8) Survivor regions: 5->8(20)
[2025-11-17T08:29:07.554+0000][141][info ][gc,heap     ] GC(8) Old regions: 2->2
[2025-11-17T08:29:07.554+0000][141][info ][gc,heap     ] GC(8) Humongous regions: 0->0
[2025-11-17T08:29:07.554+0000][141][info ][gc,metaspace] GC(8) Metaspace: 38738K(39808K)->38738K(39808K) NonClass: 34236K(34880K)->34236K(34880K) Class: 4502K(4928K)->4502K(4928K)
[2025-11-17T08:29:07.554+0000][141][info ][gc          ] GC(8) Pause Young (Normal) (G1 Evacuation Pause) 616M->35M(1024M) 8.127ms
[2025-11-17T08:29:07.554+0000][141][info ][gc,cpu      ] GC(8) User=0.03s Sys=0.00s Real=0.01s
[2025-11-17T08:29:07.555+0000][141][info ][safepoint   ] Safepoint "G1CollectForAllocation", Time since last: 599138132 ns, Reaching safepoint: 74426 ns, Cleanup: 80569 ns, At safepoint: 8415304 ns, Total: 8570299 ns
[2025-11-17T08:29:07.982+0000][141][info ][safepoint   ] Safepoint "ICBufferFull", Time since last: 427741205 ns, Reaching safepoint: 2624 ns, Cleanup: 66088 ns, At safepoint: 3442 ns, Total: 72154 ns
[2025-11-17T08:29:08.455+0000][141][info ][safepoint   ] Safepoint "ICBufferFull", Time since last: 472049368 ns, Reaching safepoint: 3139 ns, Cleanup: 85157 ns, At safepoint: 3912 ns, Total: 92208 ns
[2025-11-17T08:29:09.065+0000][141][info ][gc,start    ] GC(9) Pause Young (Normal) (G1 Evacuation Pause)
[2025-11-17T08:29:09.065+0000][141][info ][gc,task     ] GC(9) Using 15 workers of 15 for evacuation
[2025-11-17T08:29:09.065+0000][141][debug][gc,age      ] GC(9) Desired survivor size 41943040 bytes, new threshold 15 (max threshold 15)
[2025-11-17T08:29:09.073+0000][141][info ][gc,phases   ] GC(9)   Pre Evacuate Collection Set: 0.22ms
[2025-11-17T08:29:09.073+0000][141][info ][gc,phases   ] GC(9)   Merge Heap Roots: 0.11ms
[2025-11-17T08:29:09.073+0000][141][info ][gc,phases   ] GC(9)   Evacuate Collection Set: 6.48ms
[2025-11-17T08:29:09.074+0000][141][info ][gc,phases   ] GC(9)   Post Evacuate Collection Set: 1.01ms
[2025-11-17T08:29:09.074+0000][141][info ][gc,phases   ] GC(9)   Other: 0.33ms
[2025-11-17T08:29:09.074+0000][141][trace][gc,age      ] GC(9) Age table with threshold 15 (max threshold 15)
[2025-11-17T08:29:09.074+0000][141][trace][gc,age      ] GC(9) - age   1:    8721376 bytes,    8721376 total
[2025-11-17T08:29:09.075+0000][141][trace][gc,age      ] GC(9) - age   2:    8642936 bytes,   17364312 total
[2025-11-17T08:29:09.075+0000][141][trace][gc,age      ] GC(9) - age   3:    4376152 bytes,   21740464 total
[2025-11-17T08:29:09.075+0000][141][trace][gc,age      ] GC(9) - age   4:    7421584 bytes,   29162048 total
[2025-11-17T08:29:09.075+0000][141][trace][gc,age      ] GC(9) - age   5:    2195560 bytes,   31357608 total
[2025-11-17T08:29:09.075+0000][141][trace][gc,age      ] GC(9) - age   6:     335368 bytes,   31692976 total
[2025-11-17T08:29:09.075+0000][141][trace][gc,age      ] GC(9) - age   7:    4347744 bytes,   36040720 total
[2025-11-17T08:29:09.075+0000][141][info ][gc,heap     ] GC(9) Eden regions: 145->0(143)
[2025-11-17T08:29:09.075+0000][141][info ][gc,heap     ] GC(9) Survivor regions: 8->10(20)
[2025-11-17T08:29:09.075+0000][141][info ][gc,heap     ] GC(9) Old regions: 2->2
[2025-11-17T08:29:09.076+0000][141][info ][gc,heap     ] GC(9) Humongous regions: 0->0
[2025-11-17T08:29:09.076+0000][141][info ][gc,metaspace] GC(9) Metaspace: 52606K(53952K)->52606K(53952K) NonClass: 46298K(47168K)->46298K(47168K) Class: 6308K(6784K)->6308K(6784K)
[2025-11-17T08:29:09.076+0000][141][info ][gc          ] GC(9) Pause Young (Normal) (G1 Evacuation Pause) 615M->42M(1024M) 11.025ms
[2025-11-17T08:29:09.076+0000][141][info ][gc,cpu      ] GC(9) User=0.03s Sys=0.00s Real=0.01s
[2025-11-17T08:29:09.076+0000][141][info ][safepoint   ] Safepoint "G1CollectForAllocation", Time since last: 610146107 ns, Reaching safepoint: 2509 ns, Cleanup: 59107 ns, At safepoint: 11237263 ns, Total: 11298879 ns
[2025-11-17T08:29:09.313+0000][141][info ][gc,start    ] GC(10) Pause Young (Concurrent Start) (Metadata GC Threshold)
[2025-11-17T08:29:09.322+0000][141][info ][gc,task     ] GC(10) Using 15 workers of 15 for evacuation
[2025-11-17T08:29:09.330+0000][141][debug][gc,age      ] GC(10) Desired survivor size 41943040 bytes, new threshold 15 (max threshold 15)
[2025-11-17T08:29:09.345+0000][141][info ][gc,phases   ] GC(10)   Pre Evacuate Collection Set: 0.20ms
[2025-11-17T08:29:09.353+0000][141][info ][gc,phases   ] GC(10)   Merge Heap Roots: 0.12ms
[2025-11-17T08:29:09.360+0000][141][info ][gc,phases   ] GC(10)   Evacuate Collection Set: 5.23ms
[2025-11-17T08:29:09.370+0000][141][info ][gc,phases   ] GC(10)   Post Evacuate Collection Set: 1.09ms
[2025-11-17T08:29:09.385+0000][141][info ][gc,phases   ] GC(10)   Other: 16.76ms
[2025-11-17T08:29:09.388+0000][141][trace][gc,age      ] GC(10) Age table with threshold 15 (max threshold 15)
[2025-11-17T08:29:09.389+0000][141][trace][gc,age      ] GC(10) - age   1:    1499744 bytes,    1499744 total
[2025-11-17T08:29:09.389+0000][141][trace][gc,age      ] GC(10) - age   2:    8564720 bytes,   10064464 total
[2025-11-17T08:29:09.391+0000][141][trace][gc,age      ] GC(10) - age   3:    8640024 bytes,   18704488 total
[2025-11-17T08:29:09.392+0000][141][trace][gc,age      ] GC(10) - age   4:    4375568 bytes,   23080056 total
[2025-11-17T08:29:09.392+0000][141][trace][gc,age      ] GC(10) - age   5:    7420416 bytes,   30500472 total
[2025-11-17T08:29:09.393+0000][141][trace][gc,age      ] GC(10) - age   6:    2195528 bytes,   32696000 total
[2025-11-17T08:29:09.393+0000][141][trace][gc,age      ] GC(10) - age   7:     335368 bytes,   33031368 total
[2025-11-17T08:29:09.393+0000][141][trace][gc,age      ] GC(10) - age   8:    4347520 bytes,   37378888 total
[2025-11-17T08:29:09.393+0000][141][info ][gc,heap     ] GC(10) Eden regions: 9->0(142)
[2025-11-17T08:29:09.393+0000][141][info ][gc,heap     ] GC(10) Survivor regions: 10->11(20)
[2025-11-17T08:29:09.394+0000][141][info ][gc,heap     ] GC(10) Old regions: 2->2
[2025-11-17T08:29:09.394+0000][141][info ][gc,heap     ] GC(10) Humongous regions: 0->0
[2025-11-17T08:29:09.394+0000][141][info ][gc,metaspace] GC(10) Metaspace: 58939K(60416K)->58939K(60416K) NonClass: 51622K(52480K)->51622K(52480K) Class: 7317K(7936K)->7317K(7936K)
[2025-11-17T08:29:09.394+0000][141][info ][gc          ] GC(10) Pause Young (Concurrent Start) (Metadata GC Threshold) 78M->47M(1024M) 81.135ms
[2025-11-17T08:29:09.394+0000][141][info ][gc,cpu      ] GC(10) User=0.03s Sys=0.00s Real=0.08s
[2025-11-17T08:29:09.394+0000][141][info ][gc          ] GC(11) Concurrent Mark Cycle
[2025-11-17T08:29:09.395+0000][141][info ][gc,marking  ] GC(11) Concurrent Scan Root Regions
[2025-11-17T08:29:09.395+0000][141][info ][safepoint   ] Safepoint "CollectForMetadataAllocation", Time since last: 236647199 ns, Reaching safepoint: 2240 ns, Cleanup: 51117 ns, At safepoint: 81875451 ns, Total: 81928808 ns
[2025-11-17T08:29:09.398+0000][141][info ][gc,marking  ] GC(11) Concurrent Scan Root Regions 3.445ms
[2025-11-17T08:29:09.406+0000][141][info ][gc,marking  ] GC(11) Concurrent Mark
[2025-11-17T08:29:09.409+0000][141][info ][gc,marking  ] GC(11) Concurrent Mark From Roots
[2025-11-17T08:29:09.409+0000][141][info ][gc,task     ] GC(11) Using 4 workers of 4 for marking
[2025-11-17T08:29:09.411+0000][141][info ][gc,marking  ] GC(11) Concurrent Mark From Roots 2.437ms
[2025-11-17T08:29:09.417+0000][141][info ][gc,marking  ] GC(11) Concurrent Preclean
[2025-11-17T08:29:09.422+0000][141][info ][gc,marking  ] GC(11) Concurrent Preclean 4.411ms
[2025-11-17T08:29:09.424+0000][141][info ][gc,start    ] GC(11) Pause Remark
[2025-11-17T08:29:09.430+0000][141][info ][gc          ] GC(11) Pause Remark 49M->49M(1024M) 5.870ms
[2025-11-17T08:29:09.430+0000][141][info ][gc,cpu      ] GC(11) User=0.01s Sys=0.01s Real=0.00s
[2025-11-17T08:29:09.431+0000][141][info ][safepoint   ] Safepoint "G1PauseRemark", Time since last: 28848807 ns, Reaching safepoint: 2370 ns, Cleanup: 2287 ns, At safepoint: 7253333 ns, Total: 7257990 ns
[2025-11-17T08:29:09.436+0000][141][info ][gc,marking  ] GC(11) Concurrent Mark 30.126ms
[2025-11-17T08:29:09.436+0000][141][info ][gc,marking  ] GC(11) Concurrent Rebuild Remembered Sets and Scrub Regions
[2025-11-17T08:29:09.437+0000][141][info ][gc,marking  ] GC(11) Concurrent Rebuild Remembered Sets and Scrub Regions 1.134ms
[2025-11-17T08:29:09.438+0000][141][info ][gc,start    ] GC(11) Pause Cleanup
[2025-11-17T08:29:09.438+0000][141][info ][gc          ] GC(11) Pause Cleanup 51M->51M(1024M) 0.543ms
[2025-11-17T08:29:09.439+0000][141][info ][gc,cpu      ] GC(11) User=0.00s Sys=0.00s Real=0.00s
[2025-11-17T08:29:09.439+0000][141][info ][safepoint   ] Safepoint "G1PauseCleanup", Time since last: 6997823 ns, Reaching safepoint: 2663 ns, Cleanup: 8520 ns, At safepoint: 1281391 ns, Total: 1292574 ns
[2025-11-17T08:29:09.439+0000][141][info ][gc,marking  ] GC(11) Concurrent Clear Claimed Marks
[2025-11-17T08:29:09.444+0000][141][info ][gc,marking  ] GC(11) Concurrent Clear Claimed Marks 4.810ms
[2025-11-17T08:29:09.444+0000][141][info ][gc,marking  ] GC(11) Concurrent Cleanup for Next Mark
[2025-11-17T08:29:09.445+0000][141][info ][gc,marking  ] GC(11) Concurrent Cleanup for Next Mark 0.826ms
[2025-11-17T08:29:09.446+0000][141][info ][gc          ] GC(11) Concurrent Mark Cycle 51.148ms
[2025-11-17T08:29:10.088+0000][141][info ][safepoint   ] Safepoint "ICBufferFull", Time since last: 648465670 ns, Reaching safepoint: 89840 ns, Cleanup: 72141 ns, At safepoint: 13962 ns, Total: 175943 ns
[2025-11-17T08:29:10.739+0000][141][info ][safepoint   ] Safepoint "ICBufferFull", Time since last: 650816765 ns, Reaching safepoint: 3553 ns, Cleanup: 70837 ns, At safepoint: 11961 ns, Total: 86351 ns
[2025-11-17T08:29:11.178+0000][141][info ][gc,start    ] GC(12) Pause Young (Normal) (G1 Evacuation Pause)
[2025-11-17T08:29:11.178+0000][141][info ][gc,task     ] GC(12) Using 15 workers of 15 for evacuation
[2025-11-17T08:29:11.179+0000][141][debug][gc,age      ] GC(12) Desired survivor size 41943040 bytes, new threshold 15 (max threshold 15)
[2025-11-17T08:29:11.194+0000][141][info ][gc,phases   ] GC(12)   Pre Evacuate Collection Set: 0.25ms
[2025-11-17T08:29:11.194+0000][141][info ][gc,phases   ] GC(12)   Merge Heap Roots: 0.14ms
[2025-11-17T08:29:11.194+0000][141][info ][gc,phases   ] GC(12)   Evacuate Collection Set: 11.48ms
[2025-11-17T08:29:11.194+0000][141][info ][gc,phases   ] GC(12)   Post Evacuate Collection Set: 2.74ms
[2025-11-17T08:29:11.194+0000][141][info ][gc,phases   ] GC(12)   Other: 0.72ms
[2025-11-17T08:29:11.194+0000][141][trace][gc,age      ] GC(12) Age table with threshold 15 (max threshold 15)
[2025-11-17T08:29:11.195+0000][141][trace][gc,age      ] GC(12) - age   1:   11275368 bytes,   11275368 total
[2025-11-17T08:29:11.195+0000][141][trace][gc,age      ] GC(12) - age   2:    1357664 bytes,   12633032 total
[2025-11-17T08:29:11.195+0000][141][trace][gc,age      ] GC(12) - age   3:    8365424 bytes,   20998456 total
[2025-11-17T08:29:11.195+0000][141][trace][gc,age      ] GC(12) - age   4:    8590072 bytes,   29588528 total
[2025-11-17T08:29:11.195+0000][141][trace][gc,age      ] GC(12) - age   5:    4368912 bytes,   33957440 total
[2025-11-17T08:29:11.196+0000][141][trace][gc,age      ] GC(12) - age   6:    7392488 bytes,   41349928 total
[2025-11-17T08:29:11.196+0000][141][trace][gc,age      ] GC(12) - age   7:    2188048 bytes,   43537976 total
[2025-11-17T08:29:11.196+0000][141][trace][gc,age      ] GC(12) - age   8:     334984 bytes,   43872960 total
[2025-11-17T08:29:11.196+0000][141][trace][gc,age      ] GC(12) - age   9:    4329504 bytes,   48202464 total
[2025-11-17T08:29:11.196+0000][141][info ][gc,heap     ] GC(12) Eden regions: 142->0(140)
[2025-11-17T08:29:11.197+0000][141][info ][gc,heap     ] GC(12) Survivor regions: 11->13(20)
[2025-11-17T08:29:11.197+0000][141][info ][gc,heap     ] GC(12) Old regions: 2->2
[2025-11-17T08:29:11.197+0000][141][info ][gc,heap     ] GC(12) Humongous regions: 0->0
[2025-11-17T08:29:11.197+0000][141][info ][gc,metaspace] GC(12) Metaspace: 75649K(77504K)->75649K(77504K) NonClass: 65544K(66688K)->65544K(66688K) Class: 10104K(10816K)->10104K(10816K)
[2025-11-17T08:29:11.197+0000][141][info ][gc          ] GC(12) Pause Young (Normal) (G1 Evacuation Pause) 615M->55M(1024M) 19.513ms
[2025-11-17T08:29:11.198+0000][141][info ][gc,cpu      ] GC(12) User=0.07s Sys=0.01s Real=0.02s
[2025-11-17T08:29:11.198+0000][141][info ][safepoint   ] Safepoint "G1CollectForAllocation", Time since last: 439372272 ns, Reaching safepoint: 4206 ns, Cleanup: 50304 ns, At safepoint: 19792052 ns, Total: 19846562 ns
[2025-11-17T08:29:11.620+0000][141][info ][safepoint   ] Safepoint "ICBufferFull", Time since last: 422057752 ns, Reaching safepoint: 2619 ns, Cleanup: 86252 ns, At safepoint: 3460 ns, Total: 92331 ns
[2025-11-17T08:29:12.176+0000][141][info ][safepoint   ] Safepoint "ICBufferFull", Time since last: 555528283 ns, Reaching safepoint: 2492 ns, Cleanup: 75306 ns, At safepoint: 3122 ns, Total: 80920 ns
[2025-11-17T08:29:12.558+0000][141][info ][gc,start    ] GC(13) Pause Young (Concurrent Start) (Metadata GC Threshold)
[2025-11-17T08:29:12.560+0000][141][info ][gc,task     ] GC(13) Using 15 workers of 15 for evacuation
[2025-11-17T08:29:12.561+0000][141][debug][gc,age      ] GC(13) Desired survivor size 41943040 bytes, new threshold 7 (max threshold 15)
[2025-11-17T08:29:12.577+0000][141][info ][gc,phases   ] GC(13)   Pre Evacuate Collection Set: 0.20ms
[2025-11-17T08:29:12.577+0000][141][info ][gc,phases   ] GC(13)   Merge Heap Roots: 0.14ms
[2025-11-17T08:29:12.578+0000][141][info ][gc,phases   ] GC(13)   Evacuate Collection Set: 12.75ms
[2025-11-17T08:29:12.578+0000][141][info ][gc,phases   ] GC(13)   Post Evacuate Collection Set: 2.39ms
[2025-11-17T08:29:12.578+0000][141][info ][gc,phases   ] GC(13)   Other: 1.45ms
[2025-11-17T08:29:12.579+0000][141][trace][gc,age      ] GC(13) Age table with threshold 7 (max threshold 15)
[2025-11-17T08:29:12.579+0000][141][trace][gc,age      ] GC(13) - age   1:    9516528 bytes,    9516528 total
[2025-11-17T08:29:12.579+0000][141][trace][gc,age      ] GC(13) - age   2:   10908656 bytes,   20425184 total
[2025-11-17T08:29:12.580+0000][141][trace][gc,age      ] GC(13) - age   3:    1353856 bytes,   21779040 total
[2025-11-17T08:29:12.580+0000][141][trace][gc,age      ] GC(13) - age   4:    8211608 bytes,   29990648 total
[2025-11-17T08:29:12.580+0000][141][trace][gc,age      ] GC(13) - age   5:    8571720 bytes,   38562368 total
[2025-11-17T08:29:12.580+0000][141][trace][gc,age      ] GC(13) - age   6:    4351200 bytes,   42913568 total
[2025-11-17T08:29:12.580+0000][141][trace][gc,age      ] GC(13) - age   7:    7381304 bytes,   50294872 total
[2025-11-17T08:29:12.580+0000][141][info ][gc,heap     ] GC(13) Eden regions: 72->0(139)
[2025-11-17T08:29:12.580+0000][141][info ][gc,heap     ] GC(13) Survivor regions: 13->14(20)
[2025-11-17T08:29:12.581+0000][141][info ][gc,heap     ] GC(13) Old regions: 2->3
[2025-11-17T08:29:12.581+0000][141][info ][gc,heap     ] GC(13) Humongous regions: 0->0
[2025-11-17T08:29:12.581+0000][141][info ][gc,metaspace] GC(13) Metaspace: 99273K(101248K)->99273K(101248K) NonClass: 85901K(87040K)->85901K(87040K) Class: 13371K(14208K)->13371K(14208K)
[2025-11-17T08:29:12.581+0000][141][info ][gc          ] GC(13) Pause Young (Concurrent Start) (Metadata GC Threshold) 343M->65M(1024M) 23.264ms
[2025-11-17T08:29:12.581+0000][141][info ][gc,cpu      ] GC(13) User=0.09s Sys=0.00s Real=0.03s
[2025-11-17T08:29:12.581+0000][141][info ][gc          ] GC(14) Concurrent Mark Cycle
[2025-11-17T08:29:12.582+0000][141][info ][safepoint   ] Safepoint "CollectForMetadataAllocation", Time since last: 382431135 ns, Reaching safepoint: 3094 ns, Cleanup: 33518 ns, At safepoint: 23560415 ns, Total: 23597027 ns
[2025-11-17T08:29:12.582+0000][141][info ][gc,marking  ] GC(14) Concurrent Scan Root Regions
[2025-11-17T08:29:12.587+0000][141][info ][gc,marking  ] GC(14) Concurrent Scan Root Regions 5.905ms
[2025-11-17T08:29:12.588+0000][141][info ][gc,marking  ] GC(14) Concurrent Mark
[2025-11-17T08:29:12.588+0000][141][info ][gc,marking  ] GC(14) Concurrent Mark From Roots
[2025-11-17T08:29:12.588+0000][141][info ][gc,task     ] GC(14) Using 4 workers of 4 for marking
[2025-11-17T08:29:12.590+0000][141][info ][gc,marking  ] GC(14) Concurrent Mark From Roots 1.879ms
[2025-11-17T08:29:12.590+0000][141][info ][gc,marking  ] GC(14) Concurrent Preclean
[2025-11-17T08:29:12.591+0000][141][info ][gc,marking  ] GC(14) Concurrent Preclean 0.243ms
[2025-11-17T08:29:12.591+0000][141][info ][gc,start    ] GC(14) Pause Remark
[2025-11-17T08:29:12.595+0000][141][info ][gc          ] GC(14) Pause Remark 70M->70M(1024M) 3.510ms
[2025-11-17T08:29:12.595+0000][141][info ][gc,cpu      ] GC(14) User=0.01s Sys=0.00s Real=0.01s
[2025-11-17T08:29:12.595+0000][141][info ][safepoint   ] Safepoint "G1PauseRemark", Time since last: 9454405 ns, Reaching safepoint: 211599 ns, Cleanup: 6007 ns, At safepoint: 3864688 ns, Total: 4082294 ns
[2025-11-17T08:29:12.595+0000][141][info ][gc,marking  ] GC(14) Concurrent Mark 7.418ms
[2025-11-17T08:29:12.595+0000][141][info ][gc,marking  ] GC(14) Concurrent Rebuild Remembered Sets and Scrub Regions
[2025-11-17T08:29:12.596+0000][141][info ][gc,marking  ] GC(14) Concurrent Rebuild Remembered Sets and Scrub Regions 0.838ms
[2025-11-17T08:29:12.597+0000][141][info ][gc,start    ] GC(14) Pause Cleanup
[2025-11-17T08:29:12.597+0000][141][info ][gc          ] GC(14) Pause Cleanup 70M->70M(1024M) 0.170ms
[2025-11-17T08:29:12.597+0000][141][info ][gc,cpu      ] GC(14) User=0.00s Sys=0.00s Real=0.00s
[2025-11-17T08:29:12.598+0000][141][info ][safepoint   ] Safepoint "G1PauseCleanup", Time since last: 1721141 ns, Reaching safepoint: 213873 ns, Cleanup: 8333 ns, At safepoint: 528034 ns, Total: 750240 ns
[2025-11-17T08:29:12.598+0000][141][info ][gc,marking  ] GC(14) Concurrent Clear Claimed Marks
[2025-11-17T08:29:12.598+0000][141][info ][gc,marking  ] GC(14) Concurrent Clear Claimed Marks 0.193ms
[2025-11-17T08:29:12.598+0000][141][info ][gc,marking  ] GC(14) Concurrent Cleanup for Next Mark
[2025-11-17T08:29:12.599+0000][141][info ][gc,marking  ] GC(14) Concurrent Cleanup for Next Mark 0.633ms
[2025-11-17T08:29:12.599+0000][141][info ][gc          ] GC(14) Concurrent Mark Cycle 17.408ms
[2025-11-17T08:29:13.301+0000][141][info ][safepoint   ] Safepoint "ICBufferFull", Time since last: 703548479 ns, Reaching safepoint: 87772 ns, Cleanup: 71846 ns, At safepoint: 16135 ns, Total: 175753 ns
[2025-11-17T08:29:13.965+0000][141][info ][safepoint   ] Safepoint "ICBufferFull", Time since last: 663324451 ns, Reaching safepoint: 3347 ns, Cleanup: 73493 ns, At safepoint: 4543 ns, Total: 81383 ns
[2025-11-17T08:29:14.591+0000][141][info ][safepoint   ] Safepoint "ICBufferFull", Time since last: 626306822 ns, Reaching safepoint: 114454 ns, Cleanup: 71169 ns, At safepoint: 41679 ns, Total: 227302 ns
[2025-11-17T08:29:14.811+0000][141][info ][safepoint   ] Safepoint "ICBufferFull", Time since last: 219903905 ns, Reaching safepoint: 4427 ns, Cleanup: 60886 ns, At safepoint: 24593 ns, Total: 89906 ns
[2025-11-17T08:29:15.657+0000][141][info ][safepoint   ] Safepoint "ICBufferFull", Time since last: 845788803 ns, Reaching safepoint: 5355 ns, Cleanup: 73029 ns, At safepoint: 3838 ns, Total: 82222 ns
[2025-11-17T08:29:16.882+0000][141][info ][safepoint   ] Safepoint "Cleanup", Time since last: 1225185992 ns, Reaching safepoint: 6160 ns, Cleanup: 62361 ns, At safepoint: 5042 ns, Total: 73563 ns
[2025-11-17T08:29:17.883+0000][141][info ][safepoint   ] Safepoint "Cleanup", Time since last: 1000234739 ns, Reaching safepoint: 6897 ns, Cleanup: 42952 ns, At safepoint: 4804 ns, Total: 54653 ns
[2025-11-17T08:29:19.376+0000][141][info ][safepoint   ] Safepoint "Cleanup", Time since last: 1492783651 ns, Reaching safepoint: 11402 ns, Cleanup: 73174 ns, At safepoint: 9815 ns, Total: 94391 ns
[2025-11-17T08:29:28.378+0000][141][info ][safepoint   ] Safepoint "Cleanup", Time since last: 9002161983 ns, Reaching safepoint: 72859 ns, Cleanup: 20282 ns, At safepoint: 10085 ns, Total: 103226 ns
[2025-11-17T08:29:29.565+0000][141][info ][safepoint   ] Safepoint "Cleanup", Time since last: 1000804880 ns, Reaching safepoint: 7939 ns, Cleanup: 10072 ns, At safepoint: 4763 ns, Total: 22774 ns
[2025-11-17T08:29:37.567+0000][141][info ][safepoint   ] Safepoint "Cleanup", Time since last: 8002013709 ns, Reaching safepoint: 52384 ns, Cleanup: 24878 ns, At safepoint: 11225 ns, Total: 88487 ns
[2025-11-17T08:29:45.570+0000][141][info ][safepoint   ] Safepoint "Cleanup", Time since last: 8002582692 ns, Reaching safepoint: 10929 ns, Cleanup: 23029 ns, At safepoint: 7154 ns, Total: 41112 ns
[2025-11-17T08:29:46.571+0000][141][info ][safepoint   ] Safepoint "Cleanup", Time since last: 1000803212 ns, Reaching safepoint: 40020 ns, Cleanup: 15420 ns, At safepoint: 7647 ns, Total: 63087 ns
[2025-11-17T08:29:47.572+0000][141][info ][safepoint   ] Safepoint "Cleanup", Time since last: 1000824136 ns, Reaching safepoint: 46172 ns, Cleanup: 14815 ns, At safepoint: 7907 ns, Total: 68894 ns
[2025-11-17T08:29:49.579+0000][141][info ][safepoint   ] Safepoint "Cleanup", Time since last: 2007149109 ns, Reaching safepoint: 27428 ns, Cleanup: 48059 ns, At safepoint: 8370 ns, Total: 83857 ns
[2025-11-17T08:29:52.594+0000][141][info ][safepoint   ] Safepoint "Cleanup", Time since last: 3015166015 ns, Reaching safepoint: 8367 ns, Cleanup: 9540 ns, At safepoint: 6080 ns, Total: 23987 ns
[2025-11-17T08:29:55.607+0000][141][info ][safepoint   ] Safepoint "Cleanup", Time since last: 3012337238 ns, Reaching safepoint: 7970 ns, Cleanup: 9079 ns, At safepoint: 5633 ns, Total: 22682 ns
[2025-11-17T08:29:56.609+0000][141][info ][safepoint   ] Safepoint "Cleanup", Time since last: 1002713321 ns, Reaching safepoint: 9639 ns, Cleanup: 11171 ns, At safepoint: 6055 ns, Total: 26865 ns
[2025-11-17T08:30:02.378+0000][141][info ][safepoint   ] Safepoint "Cleanup", Time since last: 6003309233 ns, Reaching safepoint: 46661 ns, Cleanup: 14659 ns, At safepoint: 8871 ns, Total: 70191 ns
[2025-11-17T08:30:11.740+0000][141][info ][safepoint   ] Safepoint "Cleanup", Time since last: 9361562524 ns, Reaching safepoint: 16534 ns, Cleanup: 25417 ns, At safepoint: 14565 ns, Total: 56516 ns
[2025-11-17T08:30:12.741+0000][141][info ][safepoint   ] Safepoint "Cleanup", Time since last: 1001253127 ns, Reaching safepoint: 10103 ns, Cleanup: 10411 ns, At safepoint: 22919 ns, Total: 43433 ns
[2025-11-17T08:30:15.742+0000][141][info ][safepoint   ] Safepoint "Cleanup", Time since last: 3001057133 ns, Reaching safepoint: 10725 ns, Cleanup: 11746 ns, At safepoint: 31126 ns, Total: 53597 ns
[2025-11-17T08:30:17.746+0000][141][info ][safepoint   ] Safepoint "Cleanup", Time since last: 2003134885 ns, Reaching safepoint: 42396 ns, Cleanup: 16350 ns, At safepoint: 6741 ns, Total: 65487 ns
[2025-11-17T08:30:18.746+0000][141][info ][safepoint   ] Safepoint "Cleanup", Time since last: 1000725612 ns, Reaching safepoint: 8770 ns, Cleanup: 10706 ns, At safepoint: 5167 ns, Total: 24643 ns
[2025-11-17T08:30:26.748+0000][141][info ][safepoint   ] Safepoint "Cleanup", Time since last: 8001917766 ns, Reaching safepoint: 103601 ns, Cleanup: 13751 ns, At safepoint: 7500 ns, Total: 124852 ns
[2025-11-17T08:30:31.914+0000][141][info ][safepoint   ] Safepoint "Cleanup", Time since last: 5006927130 ns, Reaching safepoint: 44042 ns, Cleanup: 16589 ns, At safepoint: 11542 ns, Total: 72173 ns
[2025-11-17T08:30:38.916+0000][141][info ][safepoint   ] Safepoint "Cleanup", Time since last: 7001717931 ns, Reaching safepoint: 8898 ns, Cleanup: 10341 ns, At safepoint: 5357 ns, Total: 24596 ns
[2025-11-17T08:30:39.918+0000][141][info ][safepoint   ] Safepoint "Cleanup", Time since last: 1001648317 ns, Reaching safepoint: 13603 ns, Cleanup: 13457 ns, At safepoint: 7890 ns, Total: 34950 ns
[2025-11-17T08:30:41.919+0000][141][info ][safepoint   ] Safepoint "Cleanup", Time since last: 2000849805 ns, Reaching safepoint: 9739 ns, Cleanup: 13144 ns, At safepoint: 7509 ns, Total: 30392 ns
[2025-11-17T08:30:44.920+0000][141][info ][safepoint   ] Safepoint "Cleanup", Time since last: 3001286638 ns, Reaching safepoint: 8711 ns, Cleanup: 12754 ns, At safepoint: 6543 ns, Total: 28008 ns
[2025-11-17T08:30:48.922+0000][141][info ][safepoint   ] Safepoint "Cleanup", Time since last: 4001783217 ns, Reaching safepoint: 15705 ns, Cleanup: 17714 ns, At safepoint: 9684 ns, Total: 43103 ns
[2025-11-17T08:31:15.959+0000][141][info ][safepoint   ] Safepoint "Cleanup", Time since last: 27008111583 ns, Reaching safepoint: 10847 ns, Cleanup: 12721 ns, At safepoint: 7876 ns, Total: 31444 ns
[2025-11-17T08:31:17.960+0000][141][info ][safepoint   ] Safepoint "Cleanup", Time since last: 2001013403 ns, Reaching safepoint: 10524 ns, Cleanup: 14899 ns, At safepoint: 6191 ns, Total: 31614 ns
[2025-11-17T08:31:18.962+0000][141][info ][safepoint   ] Safepoint "Cleanup", Time since last: 1002079811 ns, Reaching safepoint: 9252 ns, Cleanup: 15750 ns, At safepoint: 6107 ns, Total: 31109 ns
[2025-11-17T08:31:36.953+0000][141][info ][safepoint   ] Safepoint "Cleanup", Time since last: 18004762940 ns, Reaching safepoint: 47843 ns, Cleanup: 13368 ns, At safepoint: 7638 ns, Total: 68849 ns
[2025-11-17T08:31:37.954+0000][141][info ][safepoint   ] Safepoint "Cleanup", Time since last: 1000433950 ns, Reaching safepoint: 9245 ns, Cleanup: 13541 ns, At safepoint: 6014 ns, Total: 28800 ns
[2025-11-17T08:31:41.628+0000][141][info ][gc,start    ] GC(15) Pause Young (Normal) (G1 Evacuation Pause)
[2025-11-17T08:31:41.629+0000][141][info ][gc,task     ] GC(15) Using 15 workers of 15 for evacuation
[2025-11-17T08:31:41.629+0000][141][debug][gc,age      ] GC(15) Desired survivor size 41943040 bytes, new threshold 6 (max threshold 15)
[2025-11-17T08:31:41.650+0000][141][info ][gc,phases   ] GC(15)   Pre Evacuate Collection Set: 0.32ms
[2025-11-17T08:31:41.650+0000][141][info ][gc,phases   ] GC(15)   Merge Heap Roots: 0.14ms
[2025-11-17T08:31:41.651+0000][141][info ][gc,phases   ] GC(15)   Evacuate Collection Set: 15.74ms
[2025-11-17T08:31:41.651+0000][141][info ][gc,phases   ] GC(15)   Post Evacuate Collection Set: 3.47ms
[2025-11-17T08:31:41.651+0000][141][info ][gc,phases   ] GC(15)   Other: 1.08ms
[2025-11-17T08:31:41.651+0000][141][trace][gc,age      ] GC(15) Age table with threshold 6 (max threshold 15)
[2025-11-17T08:31:41.652+0000][141][trace][gc,age      ] GC(15) - age   1:   46619016 bytes,   46619016 total
[2025-11-17T08:31:41.652+0000][141][trace][gc,age      ] GC(15) - age   2:    8399896 bytes,   55018912 total
[2025-11-17T08:31:41.652+0000][141][trace][gc,age      ] GC(15) - age   3:    9814320 bytes,   64833232 total
[2025-11-17T08:31:41.652+0000][141][trace][gc,age      ] GC(15) - age   4:    1030440 bytes,   65863672 total
[2025-11-17T08:31:41.652+0000][141][trace][gc,age      ] GC(15) - age   5:    7793984 bytes,   73657656 total
[2025-11-17T08:31:41.653+0000][141][trace][gc,age      ] GC(15) - age   6:    8520784 bytes,   82178440 total
[2025-11-17T08:31:41.653+0000][141][info ][gc,heap     ] GC(15) Eden regions: 139->0(133)
[2025-11-17T08:31:41.653+0000][141][info ][gc,heap     ] GC(15) Survivor regions: 14->20(20)
[2025-11-17T08:31:41.654+0000][141][info ][gc,heap     ] GC(15) Old regions: 3->8
[2025-11-17T08:31:41.654+0000][141][info ][gc,heap     ] GC(15) Humongous regions: 0->0
[2025-11-17T08:31:41.654+0000][141][info ][gc,metaspace] GC(15) Metaspace: 138098K(142144K)->138098K(142144K) NonClass: 118486K(120704K)->118486K(120704K) Class: 19611K(21440K)->19611K(21440K)
[2025-11-17T08:31:41.654+0000][141][info ][gc          ] GC(15) Pause Young (Normal) (G1 Evacuation Pause) 621M->109M(1024M) 26.149ms
[2025-11-17T08:31:41.655+0000][141][info ][gc,cpu      ] GC(15) User=0.19s Sys=0.02s Real=0.02s
[2025-11-17T08:31:41.655+0000][141][info ][safepoint   ] Safepoint "G1CollectForAllocation", Time since last: 3674431890 ns, Reaching safepoint: 5895 ns, Cleanup: 27575 ns, At safepoint: 26685023 ns, Total: 26718493 ns
[2025-11-17T08:31:42.655+0000][141][info ][safepoint   ] Safepoint "Cleanup", Time since last: 1000426658 ns, Reaching safepoint: 5156 ns, Cleanup: 16494 ns, At safepoint: 29264 ns, Total: 50914 ns
[2025-11-17T08:31:43.543+0000][141][info ][gc,heap,exit] Heap
[2025-11-17T08:31:43.544+0000][141][info ][gc,heap,exit]  garbage-first heap   total reserved 1048576K, committed 1048576K, used 149084K [0x00000000c0000000, 0x0000000100000000)
[2025-11-17T08:31:43.546+0000][141][info ][gc,heap,exit]   region size 4096K, 29 young (118784K), 20 survivors (81920K)
[2025-11-17T08:31:43.547+0000][141][info ][gc,heap,exit]  Metaspace       used 138175K, committed 142208K, reserved 1179648K
[2025-11-17T08:31:43.548+0000][141][info ][gc,heap,exit]   class space    used 19630K, committed 21440K, reserved 1048576K
