[2025-11-17T08:33:09.822+0000][201][info][gc,init] CardTable entry size: 512
[2025-11-17T08:33:09.823+0000][201][info][gc     ] Using G1
[2025-11-17T08:33:09.902+0000][201][info][gc,init] Version: 22.0.1+8-16 (release)
[2025-11-17T08:33:09.902+0000][201][info][gc,init] CPUs: 20 total, 20 available
[2025-11-17T08:33:09.903+0000][201][info][gc,init] Memory: 15845M
[2025-11-17T08:33:09.903+0000][201][info][gc,init] Large Page Support: Disabled
[2025-11-17T08:33:09.903+0000][201][info][gc,init] NUMA Support: Disabled
[2025-11-17T08:33:09.903+0000][201][info][gc,init] Compressed Oops: Enabled (32-bit)
[2025-11-17T08:33:09.904+0000][201][info][gc,init] Heap Region Size: 4M
[2025-11-17T08:33:09.905+0000][201][info][gc,init] Heap Min Capacity: 1G
[2025-11-17T08:33:09.905+0000][201][info][gc,init] Heap Initial Capacity: 1G
[2025-11-17T08:33:09.906+0000][201][info][gc,init] Heap Max Capacity: 1G
[2025-11-17T08:33:09.906+0000][201][info][gc,init] Pre-touch: Enabled
[2025-11-17T08:33:09.907+0000][201][info][gc,init] Parallel Workers: 15
[2025-11-17T08:33:09.907+0000][201][info][gc,init] Concurrent Workers: 4
[2025-11-17T08:33:09.907+0000][201][info][gc,init] Concurrent Refinement Workers: 15
[2025-11-17T08:33:09.908+0000][201][info][gc,init] Periodic GC: Disabled
[2025-11-17T08:33:09.916+0000][201][info][gc,metaspace] CDS archive(s) mapped at: [0x00007ec482000000-0x00007ec482c74000-0x00007ec482c74000), size 13058048, SharedBaseAddress: 0x00007ec482000000, ArchiveRelocationMode: 1.
[2025-11-17T08:33:09.916+0000][201][info][gc,metaspace] Compressed class space mapped at: 0x00007ec483000000-0x00007ec4c3000000, reserved size: 1073741824
[2025-11-17T08:33:09.917+0000][201][info][gc,metaspace] Narrow klass base: 0x00007ec482000000, Narrow klass shift: 0, Narrow klass range: 0x100000000
[2025-11-17T08:33:10.035+0000][201][info][safepoint   ] Safepoint "ICBufferFull", Time since last: 116012377 ns, Reaching safepoint: 2388 ns, Cleanup: 47039 ns, At safepoint: 2887 ns, Total: 52314 ns
[2025-11-17T08:33:10.207+0000][201][info][safepoint   ] Safepoint "ICBufferFull", Time since last: 171222693 ns, Reaching safepoint: 2406 ns, Cleanup: 74749 ns, At safepoint: 3293 ns, Total: 80448 ns
[2025-11-17T08:33:10.214+0000][201][info][gc,start    ] GC(0) Pause Young (Normal) (G1 Evacuation Pause)
[2025-11-17T08:33:10.215+0000][201][info][gc,task     ] GC(0) Using 15 workers of 15 for evacuation
[2025-11-17T08:33:10.215+0000][201][debug][gc,age      ] GC(0) Desired survivor size 4194304 bytes, new threshold 15 (max threshold 15)
[2025-11-17T08:33:10.217+0000][201][info ][gc,phases   ] GC(0)   Pre Evacuate Collection Set: 0.20ms
[2025-11-17T08:33:10.218+0000][201][info ][gc,phases   ] GC(0)   Merge Heap Roots: 0.12ms
[2025-11-17T08:33:10.218+0000][201][info ][gc,phases   ] GC(0)   Evacuate Collection Set: 1.02ms
[2025-11-17T08:33:10.218+0000][201][info ][gc,phases   ] GC(0)   Post Evacuate Collection Set: 0.48ms
[2025-11-17T08:33:10.218+0000][201][info ][gc,phases   ] GC(0)   Other: 0.90ms
[2025-11-17T08:33:10.218+0000][201][trace][gc,age      ] GC(0) Age table with threshold 15 (max threshold 15)
[2025-11-17T08:33:10.219+0000][201][trace][gc,age      ] GC(0) - age   1:    4280328 bytes,    4280328 total
[2025-11-17T08:33:10.219+0000][201][info ][gc,heap     ] GC(0) Eden regions: 12->0(21)
[2025-11-17T08:33:10.219+0000][201][info ][gc,heap     ] GC(0) Survivor regions: 0->2(2)
[2025-11-17T08:33:10.219+0000][201][info ][gc,heap     ] GC(0) Old regions: 1->1
[2025-11-17T08:33:10.219+0000][201][info ][gc,heap     ] GC(0) Humongous regions: 0->0
[2025-11-17T08:33:10.220+0000][201][info ][gc,metaspace] GC(0) Metaspace: 6663K(6912K)->6663K(6912K) NonClass: 5896K(6016K)->5896K(6016K) Class: 766K(896K)->766K(896K)
[2025-11-17T08:33:10.220+0000][201][info ][gc          ] GC(0) Pause Young (Normal) (G1 Evacuation Pause) 49M->5M(1024M) 5.397ms
[2025-11-17T08:33:10.220+0000][201][info ][gc,cpu      ] GC(0) User=0.01s Sys=0.00s Real=0.01s
[2025-11-17T08:33:10.220+0000][201][info ][safepoint   ] Safepoint "G1CollectForAllocation", Time since last: 7818130 ns, Reaching safepoint: 2006 ns, Cleanup: 5566 ns, At safepoint: 5884244 ns, Total: 5891816 ns
[2025-11-17T08:33:10.365+0000][201][info ][safepoint   ] Safepoint "ICBufferFull", Time since last: 144256319 ns, Reaching safepoint: 2409 ns, Cleanup: 59212 ns, At safepoint: 27145 ns, Total: 88766 ns
[2025-11-17T08:33:10.511+0000][201][info ][safepoint   ] Safepoint "ICBufferFull", Time since last: 146642214 ns, Reaching safepoint: 2527 ns, Cleanup: 76902 ns, At safepoint: 12426 ns, Total: 91855 ns
[2025-11-17T08:33:10.766+0000][201][info ][safepoint   ] Safepoint "ICBufferFull", Time since last: 254516412 ns, Reaching safepoint: 162101 ns, Cleanup: 60708 ns, At safepoint: 27142 ns, Total: 249951 ns
[2025-11-17T08:33:11.006+0000][201][info ][gc,start    ] GC(1) Pause Young (Normal) (G1 Evacuation Pause)
[2025-11-17T08:33:11.006+0000][201][info ][gc,task     ] GC(1) Using 15 workers of 15 for evacuation
[2025-11-17T08:33:11.006+0000][201][debug][gc,age      ] GC(1) Desired survivor size 6291456 bytes, new threshold 15 (max threshold 15)
[2025-11-17T08:33:11.010+0000][201][info ][gc,phases   ] GC(1)   Pre Evacuate Collection Set: 0.20ms
[2025-11-17T08:33:11.011+0000][201][info ][gc,phases   ] GC(1)   Merge Heap Roots: 0.12ms
[2025-11-17T08:33:11.011+0000][201][info ][gc,phases   ] GC(1)   Evacuate Collection Set: 2.06ms
[2025-11-17T08:33:11.012+0000][201][info ][gc,phases   ] GC(1)   Post Evacuate Collection Set: 1.15ms
[2025-11-17T08:33:11.012+0000][201][info ][gc,phases   ] GC(1)   Other: 0.46ms
[2025-11-17T08:33:11.013+0000][201][trace][gc,age      ] GC(1) Age table with threshold 15 (max threshold 15)
[2025-11-17T08:33:11.013+0000][201][trace][gc,age      ] GC(1) - age   1:    5302688 bytes,    5302688 total
[2025-11-17T08:33:11.013+0000][201][trace][gc,age      ] GC(1) - age   2:    4176296 bytes,    9478984 total
[2025-11-17T08:33:11.013+0000][201][info ][gc,heap     ] GC(1) Eden regions: 21->0(29)
[2025-11-17T08:33:11.013+0000][201][info ][gc,heap     ] GC(1) Survivor regions: 2->3(3)
[2025-11-17T08:33:11.013+0000][201][info ][gc,heap     ] GC(1) Old regions: 1->1
[2025-11-17T08:33:11.013+0000][201][info ][gc,heap     ] GC(1) Humongous regions: 0->0
[2025-11-17T08:33:11.014+0000][201][info ][gc,metaspace] GC(1) Metaspace: 20605K(21248K)->20605K(21248K) NonClass: 18269K(18624K)->18269K(18624K) Class: 2336K(2624K)->2336K(2624K)
[2025-11-17T08:33:11.014+0000][201][info ][gc          ] GC(1) Pause Young (Normal) (G1 Evacuation Pause) 89M->10M(1024M) 8.187ms
[2025-11-17T08:33:11.015+0000][201][info ][gc,cpu      ] GC(1) User=0.04s Sys=0.00s Real=0.01s
[2025-11-17T08:33:11.015+0000][201][info ][safepoint   ] Safepoint "G1CollectForAllocation", Time since last: 239520004 ns, Reaching safepoint: 90390 ns, Cleanup: 65167 ns, At safepoint: 9188030 ns, Total: 9343587 ns
[2025-11-17T08:33:11.107+0000][201][info ][gc,start    ] GC(2) Pause Young (Concurrent Start) (Metadata GC Threshold)
[2025-11-17T08:33:11.107+0000][201][info ][gc,task     ] GC(2) Using 15 workers of 15 for evacuation
[2025-11-17T08:33:11.108+0000][201][debug][gc,age      ] GC(2) Desired survivor size 8388608 bytes, new threshold 2 (max threshold 15)
[2025-11-17T08:33:11.112+0000][201][info ][gc,phases   ] GC(2)   Pre Evacuate Collection Set: 0.22ms
[2025-11-17T08:33:11.112+0000][201][info ][gc,phases   ] GC(2)   Merge Heap Roots: 0.12ms
[2025-11-17T08:33:11.112+0000][201][info ][gc,phases   ] GC(2)   Evacuate Collection Set: 2.21ms
[2025-11-17T08:33:11.113+0000][201][info ][gc,phases   ] GC(2)   Post Evacuate Collection Set: 0.91ms
[2025-11-17T08:33:11.113+0000][201][info ][gc,phases   ] GC(2)   Other: 1.10ms
[2025-11-17T08:33:11.113+0000][201][trace][gc,age      ] GC(2) Age table with threshold 2 (max threshold 15)
[2025-11-17T08:33:11.114+0000][201][trace][gc,age      ] GC(2) - age   1:     344096 bytes,     344096 total
[2025-11-17T08:33:11.114+0000][201][trace][gc,age      ] GC(2) - age   2:    4428680 bytes,    4772776 total
[2025-11-17T08:33:11.114+0000][201][info ][gc,heap     ] GC(2) Eden regions: 7->0(53)
[2025-11-17T08:33:11.115+0000][201][info ][gc,heap     ] GC(2) Survivor regions: 3->2(4)
[2025-11-17T08:33:11.115+0000][201][info ][gc,heap     ] GC(2) Old regions: 1->3
[2025-11-17T08:33:11.115+0000][201][info ][gc,heap     ] GC(2) Humongous regions: 0->0
[2025-11-17T08:33:11.116+0000][201][info ][gc,metaspace] GC(2) Metaspace: 20816K(21504K)->20816K(21504K) NonClass: 18466K(18816K)->18466K(18816K) Class: 2349K(2688K)->2349K(2688K)
[2025-11-17T08:33:11.116+0000][201][info ][gc          ] GC(2) Pause Young (Concurrent Start) (Metadata GC Threshold) 37M->10M(1024M) 9.249ms
[2025-11-17T08:33:11.116+0000][201][info ][gc,cpu      ] GC(2) User=0.01s Sys=0.01s Real=0.01s
[2025-11-17T08:33:11.116+0000][201][info ][gc          ] GC(3) Concurrent Mark Cycle
[2025-11-17T08:33:11.117+0000][201][info ][gc,marking  ] GC(3) Concurrent Scan Root Regions
[2025-11-17T08:33:11.116+0000][201][info ][safepoint   ] Safepoint "CollectForMetadataAllocation", Time since last: 91534833 ns, Reaching safepoint: 2555 ns, Cleanup: 29591 ns, At safepoint: 9747179 ns, Total: 9779325 ns
[2025-11-17T08:33:11.119+0000][201][info ][gc,marking  ] GC(3) Concurrent Scan Root Regions 2.028ms
[2025-11-17T08:33:11.119+0000][201][info ][gc,marking  ] GC(3) Concurrent Mark
[2025-11-17T08:33:11.119+0000][201][info ][gc,marking  ] GC(3) Concurrent Mark From Roots
[2025-11-17T08:33:11.119+0000][201][info ][gc,task     ] GC(3) Using 4 workers of 4 for marking
[2025-11-17T08:33:11.120+0000][201][info ][gc,marking  ] GC(3) Concurrent Mark From Roots 1.218ms
[2025-11-17T08:33:11.120+0000][201][info ][gc,marking  ] GC(3) Concurrent Preclean
[2025-11-17T08:33:11.121+0000][201][info ][gc,marking  ] GC(3) Concurrent Preclean 0.137ms
[2025-11-17T08:33:11.121+0000][201][info ][gc,start    ] GC(3) Pause Remark
[2025-11-17T08:33:11.123+0000][201][info ][gc          ] GC(3) Pause Remark 13M->13M(1024M) 1.669ms
[2025-11-17T08:33:11.123+0000][201][info ][gc,cpu      ] GC(3) User=0.01s Sys=0.00s Real=0.00s
[2025-11-17T08:33:11.123+0000][201][info ][safepoint   ] Safepoint "G1PauseRemark", Time since last: 4445626 ns, Reaching safepoint: 76229 ns, Cleanup: 4217 ns, At safepoint: 2306291 ns, Total: 2386737 ns
[2025-11-17T08:33:11.123+0000][201][info ][gc,marking  ] GC(3) Concurrent Mark 4.527ms
[2025-11-17T08:33:11.124+0000][201][info ][gc,marking  ] GC(3) Concurrent Rebuild Remembered Sets and Scrub Regions
[2025-11-17T08:33:11.125+0000][201][info ][gc,marking  ] GC(3) Concurrent Rebuild Remembered Sets and Scrub Regions 1.241ms
[2025-11-17T08:33:11.125+0000][201][info ][gc,start    ] GC(3) Pause Cleanup
[2025-11-17T08:33:11.125+0000][201][info ][gc          ] GC(3) Pause Cleanup 13M->13M(1024M) 0.293ms
[2025-11-17T08:33:11.126+0000][201][info ][gc,cpu      ] GC(3) User=0.00s Sys=0.00s Real=0.00s
[2025-11-17T08:33:11.126+0000][201][info ][safepoint   ] Safepoint "G1PauseCleanup", Time since last: 1867189 ns, Reaching safepoint: 172061 ns, Cleanup: 2039 ns, At safepoint: 890697 ns, Total: 1064797 ns
[2025-11-17T08:33:11.126+0000][201][info ][gc,marking  ] GC(3) Concurrent Clear Claimed Marks
[2025-11-17T08:33:11.126+0000][201][info ][gc,marking  ] GC(3) Concurrent Clear Claimed Marks 0.263ms
[2025-11-17T08:33:11.127+0000][201][info ][gc,marking  ] GC(3) Concurrent Cleanup for Next Mark
[2025-11-17T08:33:11.127+0000][201][info ][gc,marking  ] GC(3) Concurrent Cleanup for Next Mark 0.492ms
[2025-11-17T08:33:11.127+0000][201][info ][gc          ] GC(3) Concurrent Mark Cycle 11.270ms
[2025-11-17T08:33:11.347+0000][201][info ][safepoint   ] Safepoint "ICBufferFull", Time since last: 220466283 ns, Reaching safepoint: 3663 ns, Cleanup: 84424 ns, At safepoint: 5357 ns, Total: 93444 ns
[2025-11-17T08:33:11.498+0000][201][info ][gc,start    ] GC(4) Pause Young (Prepare Mixed) (G1 Evacuation Pause)
[2025-11-17T08:33:11.498+0000][201][info ][gc,task     ] GC(4) Using 15 workers of 15 for evacuation
[2025-11-17T08:33:11.499+0000][201][debug][gc,age      ] GC(4) Desired survivor size 14680064 bytes, new threshold 15 (max threshold 15)
[2025-11-17T08:33:11.502+0000][201][info ][gc,phases   ] GC(4)   Pre Evacuate Collection Set: 0.25ms
[2025-11-17T08:33:11.502+0000][201][info ][gc,phases   ] GC(4)   Merge Heap Roots: 0.12ms
[2025-11-17T08:33:11.502+0000][201][info ][gc,phases   ] GC(4)   Evacuate Collection Set: 1.79ms
[2025-11-17T08:33:11.502+0000][201][info ][gc,phases   ] GC(4)   Post Evacuate Collection Set: 0.58ms
[2025-11-17T08:33:11.503+0000][201][info ][gc,phases   ] GC(4)   Other: 0.72ms
[2025-11-17T08:33:11.503+0000][201][trace][gc,age      ] GC(4) Age table with threshold 15 (max threshold 15)
[2025-11-17T08:33:11.503+0000][201][trace][gc,age      ] GC(4) - age   1:    3105208 bytes,    3105208 total
[2025-11-17T08:33:11.503+0000][201][trace][gc,age      ] GC(4) - age   2:     336544 bytes,    3441752 total
[2025-11-17T08:33:11.503+0000][201][trace][gc,age      ] GC(4) - age   3:    4391944 bytes,    7833696 total
[2025-11-17T08:33:11.504+0000][201][info ][gc,heap     ] GC(4) Eden regions: 53->0(97)
[2025-11-17T08:33:11.504+0000][201][info ][gc,heap     ] GC(4) Survivor regions: 2->3(7)
[2025-11-17T08:33:11.504+0000][201][info ][gc,heap     ] GC(4) Old regions: 3->3
[2025-11-17T08:33:11.504+0000][201][info ][gc,heap     ] GC(4) Humongous regions: 0->0
[2025-11-17T08:33:11.504+0000][201][info ][gc,metaspace] GC(4) Metaspace: 23940K(24704K)->23940K(24704K) NonClass: 21201K(21632K)->21201K(21632K) Class: 2738K(3072K)->2738K(3072K)
[2025-11-17T08:33:11.505+0000][201][info ][gc          ] GC(4) Pause Young (Prepare Mixed) (G1 Evacuation Pause) 222M->13M(1024M) 6.947ms
[2025-11-17T08:33:11.505+0000][201][info ][gc,cpu      ] GC(4) User=0.03s Sys=0.00s Real=0.00s
[2025-11-17T08:33:11.505+0000][201][info ][safepoint   ] Safepoint "G1CollectForAllocation", Time since last: 150992564 ns, Reaching safepoint: 2617 ns, Cleanup: 52454 ns, At safepoint: 7411254 ns, Total: 7466325 ns
[2025-11-17T08:33:11.730+0000][201][info ][safepoint   ] Safepoint "ICBufferFull", Time since last: 224759016 ns, Reaching safepoint: 3057 ns, Cleanup: 61089 ns, At safepoint: 3552 ns, Total: 67698 ns
[2025-11-17T08:33:11.943+0000][201][info ][safepoint   ] Safepoint "ICBufferFull", Time since last: 212827117 ns, Reaching safepoint: 2807 ns, Cleanup: 67594 ns, At safepoint: 4216 ns, Total: 74617 ns
[2025-11-17T08:33:12.003+0000][201][info ][gc,start    ] GC(5) Pause Young (Mixed) (G1 Evacuation Pause)
[2025-11-17T08:33:12.003+0000][201][info ][gc,task     ] GC(5) Using 15 workers of 15 for evacuation
[2025-11-17T08:33:12.004+0000][201][debug][gc,age      ] GC(5) Desired survivor size 27262976 bytes, new threshold 15 (max threshold 15)
[2025-11-17T08:33:12.010+0000][201][info ][gc,phases   ] GC(5)   Pre Evacuate Collection Set: 0.40ms
[2025-11-17T08:33:12.010+0000][201][info ][gc,phases   ] GC(5)   Merge Heap Roots: 0.12ms
[2025-11-17T08:33:12.010+0000][201][info ][gc,phases   ] GC(5)   Evacuate Collection Set: 4.17ms
[2025-11-17T08:33:12.011+0000][201][info ][gc,phases   ] GC(5)   Post Evacuate Collection Set: 0.99ms
[2025-11-17T08:33:12.011+0000][201][info ][gc,phases   ] GC(5)   Other: 1.06ms
[2025-11-17T08:33:12.011+0000][201][trace][gc,age      ] GC(5) Age table with threshold 15 (max threshold 15)
[2025-11-17T08:33:12.011+0000][201][trace][gc,age      ] GC(5) - age   1:    7693568 bytes,    7693568 total
[2025-11-17T08:33:12.012+0000][201][trace][gc,age      ] GC(5) - age   2:    3064288 bytes,   10757856 total
[2025-11-17T08:33:12.012+0000][201][trace][gc,age      ] GC(5) - age   3:     336224 bytes,   11094080 total
[2025-11-17T08:33:12.012+0000][201][trace][gc,age      ] GC(5) - age   4:    4383704 bytes,   15477784 total
[2025-11-17T08:33:12.012+0000][201][info ][gc,heap     ] GC(5) Eden regions: 97->0(149)
[2025-11-17T08:33:12.012+0000][201][info ][gc,heap     ] GC(5) Survivor regions: 3->4(13)
[2025-11-17T08:33:12.012+0000][201][info ][gc,heap     ] GC(5) Old regions: 3->2
[2025-11-17T08:33:12.012+0000][201][info ][gc,heap     ] GC(5) Humongous regions: 0->0
[2025-11-17T08:33:12.013+0000][201][info ][gc,metaspace] GC(5) Metaspace: 30538K(31360K)->30538K(31360K) NonClass: 27016K(27520K)->27016K(27520K) Class: 3521K(3840K)->3521K(3840K)
[2025-11-17T08:33:12.013+0000][201][info ][gc          ] GC(5) Pause Young (Mixed) (G1 Evacuation Pause) 401M->20M(1024M) 10.204ms
[2025-11-17T08:33:12.013+0000][201][info ][gc,cpu      ] GC(5) User=0.03s Sys=0.02s Real=0.01s
[2025-11-17T08:33:12.013+0000][201][info ][safepoint   ] Safepoint "G1CollectForAllocation", Time since last: 59628930 ns, Reaching safepoint: 2530 ns, Cleanup: 28929 ns, At safepoint: 10585862 ns, Total: 10617321 ns
[2025-11-17T08:33:12.309+0000][201][info ][safepoint   ] Safepoint "ICBufferFull", Time since last: 295309148 ns, Reaching safepoint: 88784 ns, Cleanup: 96564 ns, At safepoint: 19373 ns, Total: 204721 ns
[2025-11-17T08:33:12.359+0000][201][info ][gc,start    ] GC(6) Pause Young (Concurrent Start) (Metadata GC Threshold)
[2025-11-17T08:33:12.360+0000][201][info ][gc,task     ] GC(6) Using 15 workers of 15 for evacuation
[2025-11-17T08:33:12.360+0000][201][debug][gc,age      ] GC(6) Desired survivor size 41943040 bytes, new threshold 15 (max threshold 15)
[2025-11-17T08:33:12.365+0000][201][info ][gc,phases   ] GC(6)   Pre Evacuate Collection Set: 0.19ms
[2025-11-17T08:33:12.366+0000][201][info ][gc,phases   ] GC(6)   Merge Heap Roots: 0.13ms
[2025-11-17T08:33:12.366+0000][201][info ][gc,phases   ] GC(6)   Evacuate Collection Set: 2.81ms
[2025-11-17T08:33:12.367+0000][201][info ][gc,phases   ] GC(6)   Post Evacuate Collection Set: 1.24ms
[2025-11-17T08:33:12.367+0000][201][info ][gc,phases   ] GC(6)   Other: 1.04ms
[2025-11-17T08:33:12.368+0000][201][trace][gc,age      ] GC(6) Age table with threshold 15 (max threshold 15)
[2025-11-17T08:33:12.368+0000][201][trace][gc,age      ] GC(6) - age   1:    3854752 bytes,    3854752 total
[2025-11-17T08:33:12.369+0000][201][trace][gc,age      ] GC(6) - age   2:    7372776 bytes,   11227528 total
[2025-11-17T08:33:12.369+0000][201][trace][gc,age      ] GC(6) - age   3:    3062720 bytes,   14290248 total
[2025-11-17T08:33:12.370+0000][201][trace][gc,age      ] GC(6) - age   4:     336136 bytes,   14626384 total
[2025-11-17T08:33:12.370+0000][201][trace][gc,age      ] GC(6) - age   5:    4382824 bytes,   19009208 total
[2025-11-17T08:33:12.371+0000][201][info ][gc,heap     ] GC(6) Eden regions: 81->0(148)
[2025-11-17T08:33:12.371+0000][201][info ][gc,heap     ] GC(6) Survivor regions: 4->5(20)
[2025-11-17T08:33:12.372+0000][201][info ][gc,heap     ] GC(6) Old regions: 2->2
[2025-11-17T08:33:12.372+0000][201][info ][gc,heap     ] GC(6) Humongous regions: 0->0
[2025-11-17T08:33:12.373+0000][201][info ][gc,metaspace] GC(6) Metaspace: 35076K(35968K)->35076K(35968K) NonClass: 31080K(31616K)->31080K(31616K) Class: 3996K(4352K)->3996K(4352K)
[2025-11-17T08:33:12.373+0000][201][info ][gc          ] GC(6) Pause Young (Concurrent Start) (Metadata GC Threshold) 342M->24M(1024M) 14.530ms
[2025-11-17T08:33:12.374+0000][201][info ][gc,cpu      ] GC(6) User=0.02s Sys=0.01s Real=0.01s
[2025-11-17T08:33:12.374+0000][201][info ][gc          ] GC(7) Concurrent Mark Cycle
[2025-11-17T08:33:12.375+0000][201][info ][gc,marking  ] GC(7) Concurrent Scan Root Regions
[2025-11-17T08:33:12.374+0000][201][info ][safepoint   ] Safepoint "CollectForMetadataAllocation", Time since last: 50160261 ns, Reaching safepoint: 2587 ns, Cleanup: 15480 ns, At safepoint: 15674827 ns, Total: 15692894 ns
[2025-11-17T08:33:12.377+0000][201][info ][gc,marking  ] GC(7) Concurrent Scan Root Regions 2.082ms
[2025-11-17T08:33:12.378+0000][201][info ][gc,marking  ] GC(7) Concurrent Mark
[2025-11-17T08:33:12.378+0000][201][info ][gc,marking  ] GC(7) Concurrent Mark From Roots
[2025-11-17T08:33:12.378+0000][201][info ][gc,task     ] GC(7) Using 4 workers of 4 for marking
[2025-11-17T08:33:12.381+0000][201][info ][gc,marking  ] GC(7) Concurrent Mark From Roots 2.599ms
[2025-11-17T08:33:12.381+0000][201][info ][gc,marking  ] GC(7) Concurrent Preclean
[2025-11-17T08:33:12.381+0000][201][info ][gc,marking  ] GC(7) Concurrent Preclean 0.413ms
[2025-11-17T08:33:12.382+0000][201][info ][safepoint   ] Safepoint "CollectForMetadataAllocation", Time since last: 7332594 ns, Reaching safepoint: 4199 ns, Cleanup: 2183 ns, At safepoint: 37346 ns, Total: 43728 ns
[2025-11-17T08:33:12.383+0000][201][info ][gc,start    ] GC(7) Pause Remark
[2025-11-17T08:33:12.386+0000][201][info ][gc          ] GC(7) Pause Remark 27M->27M(1024M) 3.157ms
[2025-11-17T08:33:12.386+0000][201][info ][gc,cpu      ] GC(7) User=0.01s Sys=0.01s Real=0.00s
[2025-11-17T08:33:12.386+0000][201][info ][safepoint   ] Safepoint "G1PauseRemark", Time since last: 888389 ns, Reaching safepoint: 80705 ns, Cleanup: 1142 ns, At safepoint: 3647436 ns, Total: 3729283 ns
[2025-11-17T08:33:12.387+0000][201][info ][gc,marking  ] GC(7) Concurrent Mark 9.157ms
[2025-11-17T08:33:12.387+0000][201][info ][gc,marking  ] GC(7) Concurrent Rebuild Remembered Sets and Scrub Regions
[2025-11-17T08:33:12.388+0000][201][info ][gc,marking  ] GC(7) Concurrent Rebuild Remembered Sets and Scrub Regions 1.283ms
[2025-11-17T08:33:12.389+0000][201][info ][gc,start    ] GC(7) Pause Cleanup
[2025-11-17T08:33:12.389+0000][201][info ][gc          ] GC(7) Pause Cleanup 28M->28M(1024M) 0.557ms
[2025-11-17T08:33:12.390+0000][201][info ][gc,cpu      ] GC(7) User=0.00s Sys=0.00s Real=0.00s
[2025-11-17T08:33:12.390+0000][201][info ][safepoint   ] Safepoint "G1PauseCleanup", Time since last: 2168043 ns, Reaching safepoint: 80667 ns, Cleanup: 6326 ns, At safepoint: 1391474 ns, Total: 1478467 ns
[2025-11-17T08:33:12.391+0000][201][info ][gc,marking  ] GC(7) Concurrent Clear Claimed Marks
[2025-11-17T08:33:12.391+0000][201][info ][gc,marking  ] GC(7) Concurrent Clear Claimed Marks 0.536ms
[2025-11-17T08:33:12.392+0000][201][info ][gc,marking  ] GC(7) Concurrent Cleanup for Next Mark
[2025-11-17T08:33:12.392+0000][201][info ][gc,marking  ] GC(7) Concurrent Cleanup for Next Mark 0.879ms
[2025-11-17T08:33:12.393+0000][201][info ][gc          ] GC(7) Concurrent Mark Cycle 19.029ms
[2025-11-17T08:33:12.834+0000][201][info ][gc,start    ] GC(8) Pause Young (Normal) (G1 Evacuation Pause)
[2025-11-17T08:33:12.834+0000][201][info ][gc,task     ] GC(8) Using 15 workers of 15 for evacuation
[2025-11-17T08:33:12.835+0000][201][debug][gc,age      ] GC(8) Desired survivor size 41943040 bytes, new threshold 15 (max threshold 15)
[2025-11-17T08:33:12.841+0000][201][info ][gc,phases   ] GC(8)   Pre Evacuate Collection Set: 0.23ms
[2025-11-17T08:33:12.841+0000][201][info ][gc,phases   ] GC(8)   Merge Heap Roots: 0.12ms
[2025-11-17T08:33:12.841+0000][201][info ][gc,phases   ] GC(8)   Evacuate Collection Set: 3.50ms
[2025-11-17T08:33:12.841+0000][201][info ][gc,phases   ] GC(8)   Post Evacuate Collection Set: 1.60ms
[2025-11-17T08:33:12.842+0000][201][info ][gc,phases   ] GC(8)   Other: 0.88ms
[2025-11-17T08:33:12.842+0000][201][trace][gc,age      ] GC(8) Age table with threshold 15 (max threshold 15)
[2025-11-17T08:33:12.842+0000][201][trace][gc,age      ] GC(8) - age   1:    9393016 bytes,    9393016 total
[2025-11-17T08:33:12.842+0000][201][trace][gc,age      ] GC(8) - age   2:    3809088 bytes,   13202104 total
[2025-11-17T08:33:12.843+0000][201][trace][gc,age      ] GC(8) - age   3:    7365440 bytes,   20567544 total
[2025-11-17T08:33:12.843+0000][201][trace][gc,age      ] GC(8) - age   4:    3040640 bytes,   23608184 total
[2025-11-17T08:33:12.844+0000][201][trace][gc,age      ] GC(8) - age   5:     336040 bytes,   23944224 total
[2025-11-17T08:33:12.844+0000][201][trace][gc,age      ] GC(8) - age   6:    4373976 bytes,   28318200 total
[2025-11-17T08:33:12.844+0000][201][info ][gc,heap     ] GC(8) Eden regions: 148->0(145)
[2025-11-17T08:33:12.845+0000][201][info ][gc,heap     ] GC(8) Survivor regions: 5->8(20)
[2025-11-17T08:33:12.845+0000][201][info ][gc,heap     ] GC(8) Old regions: 2->2
[2025-11-17T08:33:12.845+0000][201][info ][gc,heap     ] GC(8) Humongous regions: 0->0
[2025-11-17T08:33:12.846+0000][201][info ][gc,metaspace] GC(8) Metaspace: 38748K(39808K)->38748K(39808K) NonClass: 34246K(34880K)->34246K(34880K) Class: 4502K(4928K)->4502K(4928K)
[2025-11-17T08:33:12.846+0000][201][info ][gc          ] GC(8) Pause Young (Normal) (G1 Evacuation Pause) 616M->35M(1024M) 12.142ms
[2025-11-17T08:33:12.846+0000][201][info ][gc,cpu      ] GC(8) User=0.06s Sys=0.00s Real=0.01s
[2025-11-17T08:33:12.846+0000][201][info ][safepoint   ] Safepoint "G1CollectForAllocation", Time since last: 443494953 ns, Reaching safepoint: 3323 ns, Cleanup: 71944 ns, At safepoint: 12683039 ns, Total: 12758306 ns
[2025-11-17T08:33:13.143+0000][201][info ][safepoint   ] Safepoint "ICBufferFull", Time since last: 296295832 ns, Reaching safepoint: 2466 ns, Cleanup: 85789 ns, At safepoint: 4664 ns, Total: 92919 ns
[2025-11-17T08:33:13.434+0000][201][info ][safepoint   ] Safepoint "ICBufferFull", Time since last: 291278863 ns, Reaching safepoint: 3976 ns, Cleanup: 99852 ns, At safepoint: 50788 ns, Total: 154616 ns
[2025-11-17T08:33:14.114+0000][201][info ][safepoint   ] Safepoint "ICBufferFull", Time since last: 680038448 ns, Reaching safepoint: 2366 ns, Cleanup: 64678 ns, At safepoint: 3249 ns, Total: 70293 ns
[2025-11-17T08:33:14.209+0000][201][info ][gc,start    ] GC(9) Pause Young (Normal) (G1 Evacuation Pause)
[2025-11-17T08:33:14.210+0000][201][info ][gc,task     ] GC(9) Using 15 workers of 15 for evacuation
[2025-11-17T08:33:14.210+0000][201][debug][gc,age      ] GC(9) Desired survivor size 41943040 bytes, new threshold 15 (max threshold 15)
[2025-11-17T08:33:14.218+0000][201][info ][gc,phases   ] GC(9)   Pre Evacuate Collection Set: 0.35ms
[2025-11-17T08:33:14.219+0000][201][info ][gc,phases   ] GC(9)   Merge Heap Roots: 0.10ms
[2025-11-17T08:33:14.220+0000][201][info ][gc,phases   ] GC(9)   Evacuate Collection Set: 5.38ms
[2025-11-17T08:33:14.220+0000][201][info ][gc,phases   ] GC(9)   Post Evacuate Collection Set: 1.59ms
[2025-11-17T08:33:14.220+0000][201][info ][gc,phases   ] GC(9)   Other: 0.81ms
[2025-11-17T08:33:14.221+0000][201][trace][gc,age      ] GC(9) Age table with threshold 15 (max threshold 15)
[2025-11-17T08:33:14.221+0000][201][trace][gc,age      ] GC(9) - age   1:    9150576 bytes,    9150576 total
[2025-11-17T08:33:14.222+0000][201][trace][gc,age      ] GC(9) - age   2:    8645376 bytes,   17795952 total
[2025-11-17T08:33:14.222+0000][201][trace][gc,age      ] GC(9) - age   3:    3785720 bytes,   21581672 total
[2025-11-17T08:33:14.223+0000][201][trace][gc,age      ] GC(9) - age   4:    7336224 bytes,   28917896 total
[2025-11-17T08:33:14.223+0000][201][trace][gc,age      ] GC(9) - age   5:    2866264 bytes,   31784160 total
[2025-11-17T08:33:14.223+0000][201][trace][gc,age      ] GC(9) - age   6:     335688 bytes,   32119848 total
[2025-11-17T08:33:14.224+0000][201][trace][gc,age      ] GC(9) - age   7:    4346952 bytes,   36466800 total
[2025-11-17T08:33:14.224+0000][201][info ][gc,heap     ] GC(9) Eden regions: 145->0(143)
[2025-11-17T08:33:14.224+0000][201][info ][gc,heap     ] GC(9) Survivor regions: 8->10(20)
[2025-11-17T08:33:14.224+0000][201][info ][gc,heap     ] GC(9) Old regions: 2->2
[2025-11-17T08:33:14.225+0000][201][info ][gc,heap     ] GC(9) Humongous regions: 0->0
[2025-11-17T08:33:14.225+0000][201][info ][gc,metaspace] GC(9) Metaspace: 54416K(55872K)->54416K(55872K) NonClass: 47888K(48768K)->47888K(48768K) Class: 6527K(7104K)->6527K(7104K)
[2025-11-17T08:33:14.225+0000][201][info ][gc          ] GC(9) Pause Young (Normal) (G1 Evacuation Pause) 615M->44M(1024M) 16.056ms
[2025-11-17T08:33:14.226+0000][201][info ][gc,cpu      ] GC(9) User=0.03s Sys=0.00s Real=0.01s
[2025-11-17T08:33:14.226+0000][201][info ][safepoint   ] Safepoint "G1CollectForAllocation", Time since last: 94973194 ns, Reaching safepoint: 2238 ns, Cleanup: 16294 ns, At safepoint: 16569865 ns, Total: 16588397 ns
[2025-11-17T08:33:14.355+0000][201][info ][gc,start    ] GC(10) Pause Young (Concurrent Start) (Metadata GC Threshold)
[2025-11-17T08:33:14.356+0000][201][info ][gc,task     ] GC(10) Using 15 workers of 15 for evacuation
[2025-11-17T08:33:14.357+0000][201][debug][gc,age      ] GC(10) Desired survivor size 41943040 bytes, new threshold 15 (max threshold 15)
[2025-11-17T08:33:14.365+0000][201][info ][gc,phases   ] GC(10)   Pre Evacuate Collection Set: 0.36ms
[2025-11-17T08:33:14.365+0000][201][info ][gc,phases   ] GC(10)   Merge Heap Roots: 0.12ms
[2025-11-17T08:33:14.366+0000][201][info ][gc,phases   ] GC(10)   Evacuate Collection Set: 5.88ms
[2025-11-17T08:33:14.366+0000][201][info ][gc,phases   ] GC(10)   Post Evacuate Collection Set: 1.36ms
[2025-11-17T08:33:14.367+0000][201][info ][gc,phases   ] GC(10)   Other: 1.35ms
[2025-11-17T08:33:14.367+0000][201][trace][gc,age      ] GC(10) Age table with threshold 15 (max threshold 15)
[2025-11-17T08:33:14.367+0000][201][trace][gc,age      ] GC(10) - age   1:    1150888 bytes,    1150888 total
[2025-11-17T08:33:14.367+0000][201][trace][gc,age      ] GC(10) - age   2:    8953872 bytes,   10104760 total
[2025-11-17T08:33:14.367+0000][201][trace][gc,age      ] GC(10) - age   3:    8645152 bytes,   18749912 total
[2025-11-17T08:33:14.367+0000][201][trace][gc,age      ] GC(10) - age   4:    3785664 bytes,   22535576 total
[2025-11-17T08:33:14.367+0000][201][trace][gc,age      ] GC(10) - age   5:    7335408 bytes,   29870984 total
[2025-11-17T08:33:14.368+0000][201][trace][gc,age      ] GC(10) - age   6:    2866232 bytes,   32737216 total
[2025-11-17T08:33:14.368+0000][201][trace][gc,age      ] GC(10) - age   7:     335688 bytes,   33072904 total
[2025-11-17T08:33:14.368+0000][201][trace][gc,age      ] GC(10) - age   8:    4346728 bytes,   37419632 total
[2025-11-17T08:33:14.368+0000][201][info ][gc,heap     ] GC(10) Eden regions: 8->0(142)
[2025-11-17T08:33:14.368+0000][201][info ][gc,heap     ] GC(10) Survivor regions: 10->11(20)
[2025-11-17T08:33:14.368+0000][201][info ][gc,heap     ] GC(10) Old regions: 2->2
[2025-11-17T08:33:14.368+0000][201][info ][gc,heap     ] GC(10) Humongous regions: 0->0
[2025-11-17T08:33:14.368+0000][201][info ][gc,metaspace] GC(10) Metaspace: 59151K(60608K)->59151K(60608K) NonClass: 51789K(52672K)->51789K(52672K) Class: 7362K(7936K)->7362K(7936K)
[2025-11-17T08:33:14.369+0000][201][info ][gc          ] GC(10) Pause Young (Concurrent Start) (Metadata GC Threshold) 74M->45M(1024M) 13.206ms
[2025-11-17T08:33:14.369+0000][201][info ][gc,cpu      ] GC(10) User=0.05s Sys=0.00s Real=0.02s
[2025-11-17T08:33:14.369+0000][201][info ][gc          ] GC(11) Concurrent Mark Cycle
[2025-11-17T08:33:14.369+0000][201][info ][gc,marking  ] GC(11) Concurrent Scan Root Regions
[2025-11-17T08:33:14.369+0000][201][info ][safepoint   ] Safepoint "CollectForMetadataAllocation", Time since last: 129472626 ns, Reaching safepoint: 2478 ns, Cleanup: 21392 ns, At safepoint: 13601953 ns, Total: 13625823 ns
[2025-11-17T08:33:14.371+0000][201][info ][gc,marking  ] GC(11) Concurrent Scan Root Regions 2.343ms
[2025-11-17T08:33:14.376+0000][201][info ][gc,marking  ] GC(11) Concurrent Mark
[2025-11-17T08:33:14.378+0000][201][info ][gc,marking  ] GC(11) Concurrent Mark From Roots
[2025-11-17T08:33:14.378+0000][201][info ][gc,task     ] GC(11) Using 4 workers of 4 for marking
[2025-11-17T08:33:14.380+0000][201][info ][gc,marking  ] GC(11) Concurrent Mark From Roots 2.369ms
[2025-11-17T08:33:14.381+0000][201][info ][gc,marking  ] GC(11) Concurrent Preclean
[2025-11-17T08:33:14.381+0000][201][info ][gc,marking  ] GC(11) Concurrent Preclean 0.342ms
[2025-11-17T08:33:14.381+0000][201][info ][gc,start    ] GC(11) Pause Remark
[2025-11-17T08:33:14.385+0000][201][info ][gc          ] GC(11) Pause Remark 49M->49M(1024M) 3.737ms
[2025-11-17T08:33:14.385+0000][201][info ][gc,cpu      ] GC(11) User=0.01s Sys=0.00s Real=0.00s
[2025-11-17T08:33:14.386+0000][201][info ][safepoint   ] Safepoint "G1PauseRemark", Time since last: 12190208 ns, Reaching safepoint: 177542 ns, Cleanup: 7916 ns, At safepoint: 4755738 ns, Total: 4941196 ns
[2025-11-17T08:33:14.387+0000][201][info ][gc,marking  ] GC(11) Concurrent Mark 10.901ms
[2025-11-17T08:33:14.387+0000][201][info ][gc,marking  ] GC(11) Concurrent Rebuild Remembered Sets and Scrub Regions
[2025-11-17T08:33:14.389+0000][201][info ][gc,marking  ] GC(11) Concurrent Rebuild Remembered Sets and Scrub Regions 1.413ms
[2025-11-17T08:33:14.389+0000][201][info ][gc,start    ] GC(11) Pause Cleanup
[2025-11-17T08:33:14.390+0000][201][info ][gc          ] GC(11) Pause Cleanup 49M->49M(1024M) 0.594ms
[2025-11-17T08:33:14.390+0000][201][info ][gc,cpu      ] GC(11) User=0.00s Sys=0.00s Real=0.00s
[2025-11-17T08:33:14.390+0000][201][info ][safepoint   ] Safepoint "G1PauseCleanup", Time since last: 2964146 ns, Reaching safepoint: 194567 ns, Cleanup: 8064 ns, At safepoint: 1180532 ns, Total: 1383163 ns
[2025-11-17T08:33:14.391+0000][201][info ][gc,marking  ] GC(11) Concurrent Clear Claimed Marks
[2025-11-17T08:33:14.391+0000][201][info ][gc,marking  ] GC(11) Concurrent Clear Claimed Marks 0.301ms
[2025-11-17T08:33:14.391+0000][201][info ][gc,marking  ] GC(11) Concurrent Cleanup for Next Mark
[2025-11-17T08:33:14.392+0000][201][info ][gc,marking  ] GC(11) Concurrent Cleanup for Next Mark 0.598ms
[2025-11-17T08:33:14.392+0000][201][info ][gc          ] GC(11) Concurrent Mark Cycle 23.388ms
[2025-11-17T08:33:14.862+0000][201][info ][safepoint   ] Safepoint "ICBufferFull", Time since last: 471472560 ns, Reaching safepoint: 8302 ns, Cleanup: 112476 ns, At safepoint: 6124 ns, Total: 126902 ns
[2025-11-17T08:33:15.541+0000][201][info ][safepoint   ] Safepoint "ICBufferFull", Time since last: 678809190 ns, Reaching safepoint: 99835 ns, Cleanup: 72007 ns, At safepoint: 52280 ns, Total: 224122 ns
[2025-11-17T08:33:15.808+0000][201][info ][gc,start    ] GC(12) Pause Young (Normal) (G1 Evacuation Pause)
[2025-11-17T08:33:15.809+0000][201][info ][gc,task     ] GC(12) Using 15 workers of 15 for evacuation
[2025-11-17T08:33:15.809+0000][201][debug][gc,age      ] GC(12) Desired survivor size 41943040 bytes, new threshold 15 (max threshold 15)
[2025-11-17T08:33:15.819+0000][201][info ][gc,phases   ] GC(12)   Pre Evacuate Collection Set: 0.19ms
[2025-11-17T08:33:15.819+0000][201][info ][gc,phases   ] GC(12)   Merge Heap Roots: 0.15ms
[2025-11-17T08:33:15.819+0000][201][info ][gc,phases   ] GC(12)   Evacuate Collection Set: 7.06ms
[2025-11-17T08:33:15.820+0000][201][info ][gc,phases   ] GC(12)   Post Evacuate Collection Set: 1.80ms
[2025-11-17T08:33:15.820+0000][201][info ][gc,phases   ] GC(12)   Other: 0.53ms
[2025-11-17T08:33:15.820+0000][201][trace][gc,age      ] GC(12) Age table with threshold 15 (max threshold 15)
[2025-11-17T08:33:15.821+0000][201][trace][gc,age      ] GC(12) - age   1:   11221744 bytes,   11221744 total
[2025-11-17T08:33:15.821+0000][201][trace][gc,age      ] GC(12) - age   2:    1038824 bytes,   12260568 total
[2025-11-17T08:33:15.822+0000][201][trace][gc,age      ] GC(12) - age   3:    8749584 bytes,   21010152 total
[2025-11-17T08:33:15.822+0000][201][trace][gc,age      ] GC(12) - age   4:    8595232 bytes,   29605384 total
[2025-11-17T08:33:15.823+0000][201][trace][gc,age      ] GC(12) - age   5:    3779128 bytes,   33384512 total
[2025-11-17T08:33:15.823+0000][201][trace][gc,age      ] GC(12) - age   6:    7307448 bytes,   40691960 total
[2025-11-17T08:33:15.823+0000][201][trace][gc,age      ] GC(12) - age   7:    2858752 bytes,   43550712 total
[2025-11-17T08:33:15.824+0000][201][trace][gc,age      ] GC(12) - age   8:     335304 bytes,   43886016 total
[2025-11-17T08:33:15.824+0000][201][trace][gc,age      ] GC(12) - age   9:    4328968 bytes,   48214984 total
[2025-11-17T08:33:15.824+0000][201][info ][gc,heap     ] GC(12) Eden regions: 142->0(140)
[2025-11-17T08:33:15.824+0000][201][info ][gc,heap     ] GC(12) Survivor regions: 11->13(20)
[2025-11-17T08:33:15.825+0000][201][info ][gc,heap     ] GC(12) Old regions: 2->2
[2025-11-17T08:33:15.825+0000][201][info ][gc,heap     ] GC(12) Humongous regions: 0->0
[2025-11-17T08:33:15.826+0000][201][info ][gc,metaspace] GC(12) Metaspace: 75649K(77440K)->75649K(77440K) NonClass: 65544K(66624K)->65544K(66624K) Class: 10104K(10816K)->10104K(10816K)
[2025-11-17T08:33:15.826+0000][201][info ][gc          ] GC(12) Pause Young (Normal) (G1 Evacuation Pause) 613M->56M(1024M) 17.432ms
[2025-11-17T08:33:15.826+0000][201][info ][gc,cpu      ] GC(12) User=0.06s Sys=0.02s Real=0.01s
[2025-11-17T08:33:15.827+0000][201][info ][safepoint   ] Safepoint "G1CollectForAllocation", Time since last: 267277236 ns, Reaching safepoint: 3354 ns, Cleanup: 52252 ns, At safepoint: 18188229 ns, Total: 18243835 ns
[2025-11-17T08:33:16.147+0000][201][info ][safepoint   ] Safepoint "ICBufferFull", Time since last: 320051818 ns, Reaching safepoint: 4634 ns, Cleanup: 96335 ns, At safepoint: 5309 ns, Total: 106278 ns
[2025-11-17T08:33:16.619+0000][201][info ][safepoint   ] Safepoint "ICBufferFull", Time since last: 472533248 ns, Reaching safepoint: 2891 ns, Cleanup: 69965 ns, At safepoint: 12914 ns, Total: 85770 ns
[2025-11-17T08:33:17.124+0000][201][info ][gc,start    ] GC(13) Pause Young (Concurrent Start) (Metadata GC Threshold)
[2025-11-17T08:33:17.125+0000][201][info ][gc,task     ] GC(13) Using 15 workers of 15 for evacuation
[2025-11-17T08:33:17.125+0000][201][debug][gc,age      ] GC(13) Desired survivor size 41943040 bytes, new threshold 7 (max threshold 15)
[2025-11-17T08:33:17.136+0000][201][info ][gc,phases   ] GC(13)   Pre Evacuate Collection Set: 0.19ms
[2025-11-17T08:33:17.137+0000][201][info ][gc,phases   ] GC(13)   Merge Heap Roots: 0.12ms
[2025-11-17T08:33:17.137+0000][201][info ][gc,phases   ] GC(13)   Evacuate Collection Set: 9.31ms
[2025-11-17T08:33:17.137+0000][201][info ][gc,phases   ] GC(13)   Post Evacuate Collection Set: 1.57ms
[2025-11-17T08:33:17.138+0000][201][info ][gc,phases   ] GC(13)   Other: 0.39ms
[2025-11-17T08:33:17.138+0000][201][trace][gc,age      ] GC(13) Age table with threshold 7 (max threshold 15)
[2025-11-17T08:33:17.138+0000][201][trace][gc,age      ] GC(13) - age   1:    9551152 bytes,    9551152 total
[2025-11-17T08:33:17.138+0000][201][trace][gc,age      ] GC(13) - age   2:   10845640 bytes,   20396792 total
[2025-11-17T08:33:17.138+0000][201][trace][gc,age      ] GC(13) - age   3:    1037504 bytes,   21434296 total
[2025-11-17T08:33:17.138+0000][201][trace][gc,age      ] GC(13) - age   4:    8592984 bytes,   30027280 total
[2025-11-17T08:33:17.139+0000][201][trace][gc,age      ] GC(13) - age   5:    8576728 bytes,   38604008 total
[2025-11-17T08:33:17.139+0000][201][trace][gc,age      ] GC(13) - age   6:    3761344 bytes,   42365352 total
[2025-11-17T08:33:17.139+0000][201][trace][gc,age      ] GC(13) - age   7:    7295600 bytes,   49660952 total
[2025-11-17T08:33:17.139+0000][201][info ][gc,heap     ] GC(13) Eden regions: 82->0(139)
[2025-11-17T08:33:17.139+0000][201][info ][gc,heap     ] GC(13) Survivor regions: 13->14(20)
[2025-11-17T08:33:17.139+0000][201][info ][gc,heap     ] GC(13) Old regions: 2->4
[2025-11-17T08:33:17.139+0000][201][info ][gc,heap     ] GC(13) Humongous regions: 0->0
[2025-11-17T08:33:17.139+0000][201][info ][gc,metaspace] GC(13) Metaspace: 99438K(101440K)->99438K(101440K) NonClass: 86055K(87232K)->86055K(87232K) Class: 13382K(14208K)->13382K(14208K)
[2025-11-17T08:33:17.139+0000][201][info ][gc          ] GC(13) Pause Young (Concurrent Start) (Metadata GC Threshold) 384M->65M(1024M) 15.207ms
[2025-11-17T08:33:17.140+0000][201][info ][gc,cpu      ] GC(13) User=0.12s Sys=0.01s Real=0.02s
[2025-11-17T08:33:17.140+0000][201][info ][gc          ] GC(14) Concurrent Mark Cycle
[2025-11-17T08:33:17.140+0000][201][info ][gc,marking  ] GC(14) Concurrent Scan Root Regions
[2025-11-17T08:33:17.140+0000][201][info ][safepoint   ] Safepoint "CollectForMetadataAllocation", Time since last: 504845615 ns, Reaching safepoint: 3140 ns, Cleanup: 45041 ns, At safepoint: 15667175 ns, Total: 15715356 ns
[2025-11-17T08:33:17.144+0000][201][info ][gc,marking  ] GC(14) Concurrent Scan Root Regions 4.422ms
[2025-11-17T08:33:17.145+0000][201][info ][gc,marking  ] GC(14) Concurrent Mark
[2025-11-17T08:33:17.145+0000][201][info ][gc,marking  ] GC(14) Concurrent Mark From Roots
[2025-11-17T08:33:17.145+0000][201][info ][gc,task     ] GC(14) Using 4 workers of 4 for marking
[2025-11-17T08:33:17.147+0000][201][info ][gc,marking  ] GC(14) Concurrent Mark From Roots 1.681ms
[2025-11-17T08:33:17.147+0000][201][info ][gc,marking  ] GC(14) Concurrent Preclean
[2025-11-17T08:33:17.147+0000][201][info ][gc,marking  ] GC(14) Concurrent Preclean 0.161ms
[2025-11-17T08:33:17.147+0000][201][info ][gc,start    ] GC(14) Pause Remark
[2025-11-17T08:33:17.150+0000][201][info ][gc          ] GC(14) Pause Remark 67M->67M(1024M) 3.329ms
[2025-11-17T08:33:17.151+0000][201][info ][gc,cpu      ] GC(14) User=0.01s Sys=0.00s Real=0.01s
[2025-11-17T08:33:17.151+0000][201][info ][safepoint   ] Safepoint "G1PauseRemark", Time since last: 7053196 ns, Reaching safepoint: 82413 ns, Cleanup: 4671 ns, At safepoint: 3760809 ns, Total: 3847893 ns
[2025-11-17T08:33:17.151+0000][201][info ][gc,marking  ] GC(14) Concurrent Mark 6.354ms
[2025-11-17T08:33:17.151+0000][201][info ][gc,marking  ] GC(14) Concurrent Rebuild Remembered Sets and Scrub Regions
[2025-11-17T08:33:17.153+0000][201][info ][gc,marking  ] GC(14) Concurrent Rebuild Remembered Sets and Scrub Regions 1.560ms
[2025-11-17T08:33:17.153+0000][201][info ][gc,start    ] GC(14) Pause Cleanup
[2025-11-17T08:33:17.153+0000][201][info ][gc          ] GC(14) Pause Cleanup 67M->67M(1024M) 0.359ms
[2025-11-17T08:33:17.154+0000][201][info ][gc,cpu      ] GC(14) User=0.00s Sys=0.00s Real=0.00s
[2025-11-17T08:33:17.154+0000][201][info ][safepoint   ] Safepoint "G1PauseCleanup", Time since last: 2115974 ns, Reaching safepoint: 163678 ns, Cleanup: 6950 ns, At safepoint: 689743 ns, Total: 860371 ns
[2025-11-17T08:33:17.154+0000][201][info ][gc,marking  ] GC(14) Concurrent Clear Claimed Marks
[2025-11-17T08:33:17.154+0000][201][info ][gc,marking  ] GC(14) Concurrent Clear Claimed Marks 0.217ms
[2025-11-17T08:33:17.154+0000][201][info ][gc,marking  ] GC(14) Concurrent Cleanup for Next Mark
[2025-11-17T08:33:17.155+0000][201][info ][gc,marking  ] GC(14) Concurrent Cleanup for Next Mark 0.535ms
[2025-11-17T08:33:17.155+0000][201][info ][gc          ] GC(14) Concurrent Mark Cycle 15.350ms
[2025-11-17T08:33:17.707+0000][201][info ][safepoint   ] Safepoint "ICBufferFull", Time since last: 553432553 ns, Reaching safepoint: 3193 ns, Cleanup: 82643 ns, At safepoint: 26923 ns, Total: 112759 ns
[2025-11-17T08:33:18.473+0000][201][info ][safepoint   ] Safepoint "ICBufferFull", Time since last: 765277952 ns, Reaching safepoint: 3306 ns, Cleanup: 74600 ns, At safepoint: 39385 ns, Total: 117291 ns
[2025-11-17T08:33:18.914+0000][201][info ][safepoint   ] Safepoint "ICBufferFull", Time since last: 440920319 ns, Reaching safepoint: 340069 ns, Cleanup: 195400 ns, At safepoint: 24329 ns, Total: 559798 ns
[2025-11-17T08:33:19.319+0000][201][info ][safepoint   ] Safepoint "ICBufferFull", Time since last: 405127840 ns, Reaching safepoint: 3779 ns, Cleanup: 69093 ns, At safepoint: 27851 ns, Total: 100723 ns
[2025-11-17T08:33:19.957+0000][201][info ][safepoint   ] Safepoint "ICBufferFull", Time since last: 637682762 ns, Reaching safepoint: 6220 ns, Cleanup: 73446 ns, At safepoint: 14552 ns, Total: 94218 ns
[2025-11-17T08:33:21.332+0000][201][info ][safepoint   ] Safepoint "ICBufferFull", Time since last: 1374622392 ns, Reaching safepoint: 6047 ns, Cleanup: 91427 ns, At safepoint: 35895 ns, Total: 133369 ns
[2025-11-17T08:33:22.332+0000][201][info ][safepoint   ] Safepoint "Cleanup", Time since last: 1000366663 ns, Reaching safepoint: 6844 ns, Cleanup: 46502 ns, At safepoint: 4314 ns, Total: 57660 ns
[2025-11-17T08:33:23.478+0000][201][info ][safepoint   ] Safepoint "Cleanup", Time since last: 1145769715 ns, Reaching safepoint: 7854 ns, Cleanup: 26864 ns, At safepoint: 6045 ns, Total: 40763 ns
[2025-11-17T08:33:24.482+0000][201][info ][safepoint   ] Safepoint "Cleanup", Time since last: 1003457380 ns, Reaching safepoint: 7267 ns, Cleanup: 10026 ns, At safepoint: 5883 ns, Total: 23176 ns
[2025-11-17T08:33:32.469+0000][201][info ][safepoint   ] Safepoint "Cleanup", Time since last: 8002776829 ns, Reaching safepoint: 10198 ns, Cleanup: 17283 ns, At safepoint: 7637 ns, Total: 35118 ns
[2025-11-17T08:33:33.473+0000][201][info ][safepoint   ] Safepoint "Cleanup", Time since last: 1003993187 ns, Reaching safepoint: 12759 ns, Cleanup: 19004 ns, At safepoint: 7838 ns, Total: 39601 ns
[2025-11-17T08:33:36.475+0000][201][info ][safepoint   ] Safepoint "Cleanup", Time since last: 3001063268 ns, Reaching safepoint: 35855 ns, Cleanup: 10513 ns, At safepoint: 4813 ns, Total: 51181 ns
[2025-11-17T08:33:41.476+0000][201][info ][safepoint   ] Safepoint "Cleanup", Time since last: 5001354386 ns, Reaching safepoint: 10565 ns, Cleanup: 16559 ns, At safepoint: 7782 ns, Total: 34906 ns
[2025-11-17T08:33:49.478+0000][201][info ][safepoint   ] Safepoint "Cleanup", Time since last: 8002293285 ns, Reaching safepoint: 15769 ns, Cleanup: 28092 ns, At safepoint: 11112 ns, Total: 54973 ns
[2025-11-17T08:33:50.479+0000][201][info ][safepoint   ] Safepoint "Cleanup", Time since last: 1000833535 ns, Reaching safepoint: 11661 ns, Cleanup: 23792 ns, At safepoint: 8470 ns, Total: 43923 ns
[2025-11-17T08:33:51.480+0000][201][info ][safepoint   ] Safepoint "Cleanup", Time since last: 1001032244 ns, Reaching safepoint: 12183 ns, Cleanup: 16422 ns, At safepoint: 9249 ns, Total: 37854 ns
[2025-11-17T08:33:53.481+0000][201][info ][safepoint   ] Safepoint "Cleanup", Time since last: 2000988213 ns, Reaching safepoint: 8080 ns, Cleanup: 16019 ns, At safepoint: 4424 ns, Total: 28523 ns
[2025-11-17T08:33:56.484+0000][201][info ][safepoint   ] Safepoint "Cleanup", Time since last: 3002962935 ns, Reaching safepoint: 8709 ns, Cleanup: 9564 ns, At safepoint: 5063 ns, Total: 23336 ns
[2025-11-17T08:34:00.428+0000][201][info ][safepoint   ] Safepoint "Cleanup", Time since last: 4002582874 ns, Reaching safepoint: 9242 ns, Cleanup: 14434 ns, At safepoint: 5649 ns, Total: 29325 ns
[2025-11-17T08:34:06.430+0000][201][info ][safepoint   ] Safepoint "Cleanup", Time since last: 6001224373 ns, Reaching safepoint: 44264 ns, Cleanup: 12423 ns, At safepoint: 6267 ns, Total: 62954 ns
[2025-11-17T08:34:14.935+0000][201][info ][safepoint   ] Safepoint "Cleanup", Time since last: 8505182793 ns, Reaching safepoint: 8684 ns, Cleanup: 120810 ns, At safepoint: 4962 ns, Total: 134456 ns
[2025-11-17T08:34:16.938+0000][201][info ][safepoint   ] Safepoint "Cleanup", Time since last: 2003218798 ns, Reaching safepoint: 7730 ns, Cleanup: 9143 ns, At safepoint: 4119 ns, Total: 20992 ns
[2025-11-17T08:34:17.939+0000][201][info ][safepoint   ] Safepoint "Cleanup", Time since last: 1001147337 ns, Reaching safepoint: 8915 ns, Cleanup: 11776 ns, At safepoint: 6314 ns, Total: 27005 ns
[2025-11-17T08:34:20.943+0000][201][info ][safepoint   ] Safepoint "Cleanup", Time since last: 3003380231 ns, Reaching safepoint: 15951 ns, Cleanup: 18811 ns, At safepoint: 15843 ns, Total: 50605 ns
[2025-11-17T08:34:21.944+0000][201][info ][safepoint   ] Safepoint "Cleanup", Time since last: 1001053026 ns, Reaching safepoint: 54225 ns, Cleanup: 50511 ns, At safepoint: 8824 ns, Total: 113560 ns
[2025-11-17T08:34:22.945+0000][201][info ][safepoint   ] Safepoint "Cleanup", Time since last: 1001187509 ns, Reaching safepoint: 10098 ns, Cleanup: 15263 ns, At safepoint: 6287 ns, Total: 31648 ns
[2025-11-17T08:34:32.898+0000][201][info ][safepoint   ] Safepoint "Cleanup", Time since last: 10005600076 ns, Reaching safepoint: 19558 ns, Cleanup: 28574 ns, At safepoint: 13729 ns, Total: 61861 ns
[2025-11-17T08:34:36.900+0000][201][info ][safepoint   ] Safepoint "Cleanup", Time since last: 4001548314 ns, Reaching safepoint: 19813 ns, Cleanup: 9559 ns, At safepoint: 3987 ns, Total: 33359 ns
[2025-11-17T08:34:38.175+0000][201][info ][safepoint   ] Safepoint "Cleanup", Time since last: 1274477037 ns, Reaching safepoint: 3124 ns, Cleanup: 5735 ns, At safepoint: 1580 ns, Total: 10439 ns
[2025-11-17T08:34:39.181+0000][201][info ][safepoint   ] Safepoint "Cleanup", Time since last: 1006171656 ns, Reaching safepoint: 7308 ns, Cleanup: 15691 ns, At safepoint: 5295 ns, Total: 28294 ns
[2025-11-17T08:34:43.183+0000][201][info ][safepoint   ] Safepoint "Cleanup", Time since last: 4002650853 ns, Reaching safepoint: 23907 ns, Cleanup: 7216 ns, At safepoint: 4885 ns, Total: 36008 ns
[2025-11-17T08:34:44.184+0000][201][info ][safepoint   ] Safepoint "Cleanup", Time since last: 1000673697 ns, Reaching safepoint: 15944 ns, Cleanup: 11656 ns, At safepoint: 3956 ns, Total: 31556 ns
[2025-11-17T08:34:49.186+0000][201][info ][safepoint   ] Safepoint "Cleanup", Time since last: 5001589047 ns, Reaching safepoint: 7650 ns, Cleanup: 9848 ns, At safepoint: 5177 ns, Total: 22675 ns
[2025-11-17T08:34:53.189+0000][201][info ][safepoint   ] Safepoint "Cleanup", Time since last: 4002872746 ns, Reaching safepoint: 20330 ns, Cleanup: 11420 ns, At safepoint: 5378 ns, Total: 37128 ns
[2025-11-17T08:34:56.190+0000][201][info ][safepoint   ] Safepoint "Cleanup", Time since last: 3000871757 ns, Reaching safepoint: 7159 ns, Cleanup: 9058 ns, At safepoint: 4198 ns, Total: 20415 ns
[2025-11-17T08:35:00.130+0000][201][info ][safepoint   ] Safepoint "Cleanup", Time since last: 4005441724 ns, Reaching safepoint: 8454 ns, Cleanup: 93920 ns, At safepoint: 4929 ns, Total: 107303 ns
[2025-11-17T08:35:01.701+0000][201][info ][safepoint   ] Safepoint "Cleanup", Time since last: 1571242335 ns, Reaching safepoint: 13359 ns, Cleanup: 109471 ns, At safepoint: 6911 ns, Total: 129741 ns
[2025-11-17T08:35:05.721+0000][201][info ][gc,start    ] GC(15) Pause Young (Normal) (G1 Evacuation Pause)
[2025-11-17T08:35:05.721+0000][201][info ][gc,task     ] GC(15) Using 15 workers of 15 for evacuation
[2025-11-17T08:35:05.721+0000][201][debug][gc,age      ] GC(15) Desired survivor size 41943040 bytes, new threshold 6 (max threshold 15)
[2025-11-17T08:35:05.743+0000][201][info ][gc,phases   ] GC(15)   Pre Evacuate Collection Set: 0.40ms
[2025-11-17T08:35:05.743+0000][201][info ][gc,phases   ] GC(15)   Merge Heap Roots: 0.13ms
[2025-11-17T08:35:05.743+0000][201][info ][gc,phases   ] GC(15)   Evacuate Collection Set: 15.31ms
[2025-11-17T08:35:05.743+0000][201][info ][gc,phases   ] GC(15)   Post Evacuate Collection Set: 5.25ms
[2025-11-17T08:35:05.744+0000][201][info ][gc,phases   ] GC(15)   Other: 0.45ms
[2025-11-17T08:35:05.744+0000][201][trace][gc,age      ] GC(15) Age table with threshold 6 (max threshold 15)
[2025-11-17T08:35:05.744+0000][201][trace][gc,age      ] GC(15) - age   1:   44286264 bytes,   44286264 total
[2025-11-17T08:35:05.744+0000][201][trace][gc,age      ] GC(15) - age   2:    8752672 bytes,   53038936 total
[2025-11-17T08:35:05.744+0000][201][trace][gc,age      ] GC(15) - age   3:   10555200 bytes,   63594136 total
[2025-11-17T08:35:05.744+0000][201][trace][gc,age      ] GC(15) - age   4:     923328 bytes,   64517464 total
[2025-11-17T08:35:05.745+0000][201][trace][gc,age      ] GC(15) - age   5:    8316416 bytes,   72833880 total
[2025-11-17T08:35:05.745+0000][201][trace][gc,age      ] GC(15) - age   6:    8532816 bytes,   81366696 total
[2025-11-17T08:35:05.745+0000][201][info ][gc,heap     ] GC(15) Eden regions: 139->0(133)
[2025-11-17T08:35:05.745+0000][201][info ][gc,heap     ] GC(15) Survivor regions: 14->20(20)
[2025-11-17T08:35:05.745+0000][201][info ][gc,heap     ] GC(15) Old regions: 4->8
[2025-11-17T08:35:05.745+0000][201][info ][gc,heap     ] GC(15) Humongous regions: 0->0
[2025-11-17T08:35:05.746+0000][201][info ][gc,metaspace] GC(15) Metaspace: 139576K(143552K)->139576K(143552K) NonClass: 119729K(121856K)->119729K(121856K) Class: 19846K(21696K)->19846K(21696K)
[2025-11-17T08:35:05.746+0000][201][info ][gc          ] GC(15) Pause Young (Normal) (G1 Evacuation Pause) 621M->111M(1024M) 25.046ms
[2025-11-17T08:35:05.746+0000][201][info ][gc,cpu      ] GC(15) User=0.21s Sys=0.00s Real=0.03s
[2025-11-17T08:35:05.747+0000][201][info ][safepoint   ] Safepoint "G1CollectForAllocation", Time since last: 4019950155 ns, Reaching safepoint: 111120 ns, Cleanup: 13385 ns, At safepoint: 25571429 ns, Total: 25695934 ns
[2025-11-17T08:35:06.747+0000][201][info ][safepoint   ] Safepoint "Cleanup", Time since last: 1000343412 ns, Reaching safepoint: 20697 ns, Cleanup: 19515 ns, At safepoint: 8229 ns, Total: 48441 ns
[2025-11-17T08:35:10.868+0000][201][info ][safepoint   ] Safepoint "Cleanup", Time since last: 4121349212 ns, Reaching safepoint: 13226 ns, Cleanup: 17419 ns, At safepoint: 4836 ns, Total: 35481 ns
[2025-11-17T08:35:15.869+0000][201][info ][safepoint   ] Safepoint "Cleanup", Time since last: 5000733044 ns, Reaching safepoint: 14442 ns, Cleanup: 15618 ns, At safepoint: 5538 ns, Total: 35598 ns
[2025-11-17T08:35:18.870+0000][201][info ][safepoint   ] Safepoint "Cleanup", Time since last: 3000531176 ns, Reaching safepoint: 15252 ns, Cleanup: 11604 ns, At safepoint: 4822 ns, Total: 31678 ns
[2025-11-17T08:35:19.870+0000][201][info ][safepoint   ] Safepoint "Cleanup", Time since last: 1000397167 ns, Reaching safepoint: 12777 ns, Cleanup: 15871 ns, At safepoint: 5345 ns, Total: 33993 ns
[2025-11-17T08:35:20.871+0000][201][info ][safepoint   ] Safepoint "Cleanup", Time since last: 1000730718 ns, Reaching safepoint: 13505 ns, Cleanup: 17395 ns, At safepoint: 4589 ns, Total: 35489 ns
[2025-11-17T08:35:21.872+0000][201][info ][safepoint   ] Safepoint "Cleanup", Time since last: 1000759205 ns, Reaching safepoint: 46619 ns, Cleanup: 11647 ns, At safepoint: 5800 ns, Total: 64066 ns
[2025-11-17T08:35:22.873+0000][201][info ][safepoint   ] Safepoint "Cleanup", Time since last: 1001147951 ns, Reaching safepoint: 27368 ns, Cleanup: 27495 ns, At safepoint: 10121 ns, Total: 64984 ns
[2025-11-17T08:35:23.874+0000][201][info ][safepoint   ] Safepoint "Cleanup", Time since last: 1000598818 ns, Reaching safepoint: 14267 ns, Cleanup: 12233 ns, At safepoint: 4829 ns, Total: 31329 ns
[2025-11-17T08:35:25.874+0000][201][info ][safepoint   ] Safepoint "Cleanup", Time since last: 2000424048 ns, Reaching safepoint: 12049 ns, Cleanup: 15922 ns, At safepoint: 4053 ns, Total: 32024 ns
[2025-11-17T08:35:26.874+0000][201][info ][safepoint   ] Safepoint "Cleanup", Time since last: 1000382125 ns, Reaching safepoint: 14730 ns, Cleanup: 10089 ns, At safepoint: 5442 ns, Total: 30261 ns
[2025-11-17T08:35:30.834+0000][201][info ][safepoint   ] Safepoint "Cleanup", Time since last: 4000865341 ns, Reaching safepoint: 20040 ns, Cleanup: 48041 ns, At safepoint: 8539 ns, Total: 76620 ns
[2025-11-17T08:35:34.834+0000][201][info ][safepoint   ] Safepoint "Cleanup", Time since last: 4000787270 ns, Reaching safepoint: 16000 ns, Cleanup: 13179 ns, At safepoint: 6031 ns, Total: 35210 ns
[2025-11-17T08:35:35.835+0000][201][info ][safepoint   ] Safepoint "Cleanup", Time since last: 1000648817 ns, Reaching safepoint: 13768 ns, Cleanup: 15933 ns, At safepoint: 4797 ns, Total: 34498 ns
[2025-11-17T08:35:38.836+0000][201][info ][safepoint   ] Safepoint "Cleanup", Time since last: 3000558453 ns, Reaching safepoint: 62483 ns, Cleanup: 22514 ns, At safepoint: 34388 ns, Total: 119385 ns
[2025-11-17T08:35:40.837+0000][201][info ][safepoint   ] Safepoint "Cleanup", Time since last: 2000712384 ns, Reaching safepoint: 13918 ns, Cleanup: 15747 ns, At safepoint: 4488 ns, Total: 34153 ns
[2025-11-17T08:35:42.837+0000][201][info ][safepoint   ] Safepoint "Cleanup", Time since last: 2000564892 ns, Reaching safepoint: 19878 ns, Cleanup: 24269 ns, At safepoint: 6942 ns, Total: 51089 ns
[2025-11-17T08:35:45.838+0000][201][info ][safepoint   ] Safepoint "Cleanup", Time since last: 3000646149 ns, Reaching safepoint: 14151 ns, Cleanup: 10090 ns, At safepoint: 5212 ns, Total: 29453 ns
[2025-11-17T08:35:49.839+0000][201][info ][safepoint   ] Safepoint "Cleanup", Time since last: 4001341099 ns, Reaching safepoint: 12483 ns, Cleanup: 5960 ns, At safepoint: 4128 ns, Total: 22571 ns
[2025-11-17T08:35:50.840+0000][201][info ][safepoint   ] Safepoint "Cleanup", Time since last: 1000698063 ns, Reaching safepoint: 14058 ns, Cleanup: 15335 ns, At safepoint: 5107 ns, Total: 34500 ns
[2025-11-17T08:35:51.841+0000][201][info ][safepoint   ] Safepoint "Cleanup", Time since last: 1000548301 ns, Reaching safepoint: 14054 ns, Cleanup: 12955 ns, At safepoint: 4576 ns, Total: 31585 ns
[2025-11-17T08:35:52.849+0000][201][info ][safepoint   ] Safepoint "Cleanup", Time since last: 1008624176 ns, Reaching safepoint: 19190 ns, Cleanup: 15920 ns, At safepoint: 7296 ns, Total: 42406 ns
[2025-11-17T08:35:55.850+0000][201][info ][safepoint   ] Safepoint "Cleanup", Time since last: 3000901250 ns, Reaching safepoint: 14708 ns, Cleanup: 16782 ns, At safepoint: 5787 ns, Total: 37277 ns
[2025-11-17T08:36:00.801+0000][201][info ][safepoint   ] Safepoint "Cleanup", Time since last: 5004534599 ns, Reaching safepoint: 15416 ns, Cleanup: 25253 ns, At safepoint: 6120 ns, Total: 46789 ns
[2025-11-17T08:36:04.802+0000][201][info ][safepoint   ] Safepoint "Cleanup", Time since last: 4000935355 ns, Reaching safepoint: 16115 ns, Cleanup: 13389 ns, At safepoint: 5746 ns, Total: 35250 ns
[2025-11-17T08:36:05.803+0000][201][info ][safepoint   ] Safepoint "Cleanup", Time since last: 1000850377 ns, Reaching safepoint: 12974 ns, Cleanup: 10172 ns, At safepoint: 3872 ns, Total: 27018 ns
[2025-11-17T08:36:08.803+0000][201][info ][safepoint   ] Safepoint "Cleanup", Time since last: 3000545991 ns, Reaching safepoint: 31604 ns, Cleanup: 9582 ns, At safepoint: 5518 ns, Total: 46704 ns
[2025-11-17T08:36:10.812+0000][201][info ][safepoint   ] Safepoint "Cleanup", Time since last: 2008804575 ns, Reaching safepoint: 13409 ns, Cleanup: 13537 ns, At safepoint: 6320 ns, Total: 33266 ns
[2025-11-17T08:36:15.814+0000][201][info ][safepoint   ] Safepoint "Cleanup", Time since last: 5001795569 ns, Reaching safepoint: 13590 ns, Cleanup: 17142 ns, At safepoint: 5681 ns, Total: 36413 ns
[2025-11-17T08:36:18.817+0000][201][info ][safepoint   ] Safepoint "Cleanup", Time since last: 3002726660 ns, Reaching safepoint: 20483 ns, Cleanup: 10773 ns, At safepoint: 5544 ns, Total: 36800 ns
[2025-11-17T08:36:19.818+0000][201][info ][safepoint   ] Safepoint "Cleanup", Time since last: 1001030293 ns, Reaching safepoint: 29026 ns, Cleanup: 17574 ns, At safepoint: 10595 ns, Total: 57195 ns
[2025-11-17T08:36:20.819+0000][201][info ][safepoint   ] Safepoint "Cleanup", Time since last: 1000831257 ns, Reaching safepoint: 13113 ns, Cleanup: 13159 ns, At safepoint: 5211 ns, Total: 31483 ns
[2025-11-17T08:36:22.820+0000][201][info ][safepoint   ] Safepoint "Cleanup", Time since last: 2001208981 ns, Reaching safepoint: 66158 ns, Cleanup: 33049 ns, At safepoint: 12971 ns, Total: 112178 ns
[2025-11-17T08:36:25.823+0000][201][info ][safepoint   ] Safepoint "Cleanup", Time since last: 3003185571 ns, Reaching safepoint: 13866 ns, Cleanup: 11530 ns, At safepoint: 5878 ns, Total: 31274 ns
[2025-11-17T08:36:30.764+0000][201][info ][safepoint   ] Safepoint "Cleanup", Time since last: 5005224716 ns, Reaching safepoint: 21155 ns, Cleanup: 10329 ns, At safepoint: 5303 ns, Total: 36787 ns
[2025-11-17T08:36:31.764+0000][201][info ][safepoint   ] Safepoint "Cleanup", Time since last: 1000632657 ns, Reaching safepoint: 30471 ns, Cleanup: 20903 ns, At safepoint: 20312 ns, Total: 71686 ns
[2025-11-17T08:36:34.766+0000][201][info ][safepoint   ] Safepoint "Cleanup", Time since last: 3001339199 ns, Reaching safepoint: 18709 ns, Cleanup: 14604 ns, At safepoint: 8326 ns, Total: 41639 ns
[2025-11-17T08:36:35.767+0000][201][info ][safepoint   ] Safepoint "Cleanup", Time since last: 1000930738 ns, Reaching safepoint: 11116 ns, Cleanup: 12925 ns, At safepoint: 5311 ns, Total: 29352 ns
[2025-11-17T08:36:38.768+0000][201][info ][safepoint   ] Safepoint "Cleanup", Time since last: 3000907395 ns, Reaching safepoint: 58689 ns, Cleanup: 31977 ns, At safepoint: 9114 ns, Total: 99780 ns
[2025-11-17T08:36:40.768+0000][201][info ][safepoint   ] Safepoint "Cleanup", Time since last: 2000565101 ns, Reaching safepoint: 11602 ns, Cleanup: 15416 ns, At safepoint: 3464 ns, Total: 30482 ns
[2025-11-17T08:36:46.770+0000][201][info ][safepoint   ] Safepoint "Cleanup", Time since last: 6001335626 ns, Reaching safepoint: 24454 ns, Cleanup: 13193 ns, At safepoint: 4516 ns, Total: 42163 ns
[2025-11-17T08:36:49.771+0000][201][info ][safepoint   ] Safepoint "Cleanup", Time since last: 3001107260 ns, Reaching safepoint: 19127 ns, Cleanup: 13767 ns, At safepoint: 5423 ns, Total: 38317 ns
[2025-11-17T08:36:50.771+0000][201][info ][safepoint   ] Safepoint "Cleanup", Time since last: 1000406072 ns, Reaching safepoint: 14940 ns, Cleanup: 9935 ns, At safepoint: 4557 ns, Total: 29432 ns
[2025-11-17T08:36:51.772+0000][201][info ][safepoint   ] Safepoint "Cleanup", Time since last: 1000590655 ns, Reaching safepoint: 16060 ns, Cleanup: 24335 ns, At safepoint: 5527 ns, Total: 45922 ns
[2025-11-17T08:36:52.773+0000][201][info ][safepoint   ] Safepoint "Cleanup", Time since last: 1001346935 ns, Reaching safepoint: 34626 ns, Cleanup: 13770 ns, At safepoint: 6229 ns, Total: 54625 ns
[2025-11-17T08:36:54.774+0000][201][info ][safepoint   ] Safepoint "Cleanup", Time since last: 2000955600 ns, Reaching safepoint: 21628 ns, Cleanup: 15436 ns, At safepoint: 6179 ns, Total: 43243 ns
[2025-11-17T08:36:55.776+0000][201][info ][safepoint   ] Safepoint "Cleanup", Time since last: 1001286170 ns, Reaching safepoint: 22925 ns, Cleanup: 13903 ns, At safepoint: 8254 ns, Total: 45082 ns
[2025-11-17T08:36:56.777+0000][201][info ][safepoint   ] Safepoint "Cleanup", Time since last: 1001282014 ns, Reaching safepoint: 23092 ns, Cleanup: 19290 ns, At safepoint: 11091 ns, Total: 53473 ns
[2025-11-17T08:36:57.778+0000][201][info ][safepoint   ] Safepoint "Cleanup", Time since last: 1001131211 ns, Reaching safepoint: 18932 ns, Cleanup: 14933 ns, At safepoint: 7386 ns, Total: 41251 ns
[2025-11-17T08:36:58.730+0000][201][info ][safepoint   ] Safepoint "Cleanup", Time since last: 1000969344 ns, Reaching safepoint: 16844 ns, Cleanup: 11580 ns, At safepoint: 5308 ns, Total: 33732 ns
[2025-11-17T08:37:01.731+0000][201][info ][safepoint   ] Safepoint "Cleanup", Time since last: 3000967565 ns, Reaching safepoint: 21233 ns, Cleanup: 19191 ns, At safepoint: 6964 ns, Total: 47388 ns
[2025-11-17T08:37:06.732+0000][201][info ][safepoint   ] Safepoint "Cleanup", Time since last: 5001138082 ns, Reaching safepoint: 17146 ns, Cleanup: 13881 ns, At safepoint: 7522 ns, Total: 38549 ns
[2025-11-17T08:37:11.759+0000][201][info ][safepoint   ] Safepoint "Cleanup", Time since last: 5026769700 ns, Reaching safepoint: 33764 ns, Cleanup: 38245 ns, At safepoint: 110881 ns, Total: 182890 ns
[2025-11-17T08:37:16.762+0000][201][info ][safepoint   ] Safepoint "Cleanup", Time since last: 5002620148 ns, Reaching safepoint: 52633 ns, Cleanup: 15939 ns, At safepoint: 6870 ns, Total: 75442 ns
[2025-11-17T08:37:19.764+0000][201][info ][safepoint   ] Safepoint "Cleanup", Time since last: 3001416481 ns, Reaching safepoint: 62213 ns, Cleanup: 13194 ns, At safepoint: 6455 ns, Total: 81862 ns
[2025-11-17T08:37:21.765+0000][201][info ][safepoint   ] Safepoint "Cleanup", Time since last: 2001438736 ns, Reaching safepoint: 20048 ns, Cleanup: 19229 ns, At safepoint: 7154 ns, Total: 46431 ns
[2025-11-17T08:37:22.769+0000][201][info ][safepoint   ] Safepoint "Cleanup", Time since last: 1003726357 ns, Reaching safepoint: 16090 ns, Cleanup: 11770 ns, At safepoint: 5025 ns, Total: 32885 ns
[2025-11-17T08:37:25.770+0000][201][info ][safepoint   ] Safepoint "Cleanup", Time since last: 3001059917 ns, Reaching safepoint: 39442 ns, Cleanup: 9301 ns, At safepoint: 4300 ns, Total: 53043 ns
[2025-11-17T08:37:26.770+0000][201][info ][safepoint   ] Safepoint "Cleanup", Time since last: 1000425097 ns, Reaching safepoint: 16525 ns, Cleanup: 11054 ns, At safepoint: 5354 ns, Total: 32933 ns
[2025-11-17T08:37:31.721+0000][201][info ][safepoint   ] Safepoint "Cleanup", Time since last: 5001509203 ns, Reaching safepoint: 15863 ns, Cleanup: 14442 ns, At safepoint: 12848 ns, Total: 43153 ns
[2025-11-17T08:37:34.723+0000][201][info ][safepoint   ] Safepoint "Cleanup", Time since last: 3001386915 ns, Reaching safepoint: 16873 ns, Cleanup: 10908 ns, At safepoint: 4927 ns, Total: 32708 ns
[2025-11-17T08:37:35.724+0000][201][info ][safepoint   ] Safepoint "Cleanup", Time since last: 1001180513 ns, Reaching safepoint: 15155 ns, Cleanup: 10350 ns, At safepoint: 4639 ns, Total: 30144 ns
[2025-11-17T08:37:36.725+0000][201][info ][safepoint   ] Safepoint "Cleanup", Time since last: 1000626383 ns, Reaching safepoint: 13866 ns, Cleanup: 11770 ns, At safepoint: 4389 ns, Total: 30025 ns
[2025-11-17T08:37:38.725+0000][201][info ][safepoint   ] Safepoint "Cleanup", Time since last: 2000690462 ns, Reaching safepoint: 38801 ns, Cleanup: 12163 ns, At safepoint: 6154 ns, Total: 57118 ns
[2025-11-17T08:37:41.726+0000][201][info ][safepoint   ] Safepoint "Cleanup", Time since last: 3001073715 ns, Reaching safepoint: 15380 ns, Cleanup: 14601 ns, At safepoint: 4555 ns, Total: 34536 ns
[2025-11-17T08:37:46.730+0000][201][info ][safepoint   ] Safepoint "Cleanup", Time since last: 5003249536 ns, Reaching safepoint: 26172 ns, Cleanup: 18223 ns, At safepoint: 5247 ns, Total: 49642 ns
[2025-11-17T08:37:49.731+0000][201][info ][safepoint   ] Safepoint "Cleanup", Time since last: 3001213385 ns, Reaching safepoint: 14492 ns, Cleanup: 12099 ns, At safepoint: 4634 ns, Total: 31225 ns
[2025-11-17T08:37:50.732+0000][201][info ][safepoint   ] Safepoint "Cleanup", Time since last: 1000575085 ns, Reaching safepoint: 14684 ns, Cleanup: 10280 ns, At safepoint: 4860 ns, Total: 29824 ns
[2025-11-17T08:37:51.733+0000][201][info ][safepoint   ] Safepoint "Cleanup", Time since last: 1001134216 ns, Reaching safepoint: 13368 ns, Cleanup: 11971 ns, At safepoint: 4322 ns, Total: 29661 ns
[2025-11-17T08:37:52.733+0000][201][info ][safepoint   ] Safepoint "Cleanup", Time since last: 1000398106 ns, Reaching safepoint: 14610 ns, Cleanup: 10137 ns, At safepoint: 4439 ns, Total: 29186 ns
[2025-11-17T08:37:56.736+0000][201][info ][safepoint   ] Safepoint "Cleanup", Time since last: 4002627322 ns, Reaching safepoint: 20158 ns, Cleanup: 21514 ns, At safepoint: 7253 ns, Total: 48925 ns
[2025-11-17T08:38:01.681+0000][201][info ][safepoint   ] Safepoint "Cleanup", Time since last: 5002073162 ns, Reaching safepoint: 22797 ns, Cleanup: 18635 ns, At safepoint: 8665 ns, Total: 50097 ns
[2025-11-17T08:38:04.682+0000][201][info ][safepoint   ] Safepoint "Cleanup", Time since last: 3001002571 ns, Reaching safepoint: 23829 ns, Cleanup: 17837 ns, At safepoint: 11956 ns, Total: 53622 ns
[2025-11-17T08:38:06.737+0000][201][info ][safepoint   ] Safepoint "Cleanup", Time since last: 2055244620 ns, Reaching safepoint: 45260 ns, Cleanup: 11698 ns, At safepoint: 7717 ns, Total: 64675 ns
[2025-11-17T08:38:11.733+0000][201][info ][safepoint   ] Safepoint "Cleanup", Time since last: 4995736673 ns, Reaching safepoint: 26158 ns, Cleanup: 61848 ns, At safepoint: 9152 ns, Total: 97158 ns
[2025-11-17T08:38:16.736+0000][201][info ][safepoint   ] Safepoint "Cleanup", Time since last: 5002721193 ns, Reaching safepoint: 39796 ns, Cleanup: 16908 ns, At safepoint: 6421 ns, Total: 63125 ns
[2025-11-17T08:38:18.737+0000][201][info ][safepoint   ] Safepoint "Cleanup", Time since last: 2001164391 ns, Reaching safepoint: 28231 ns, Cleanup: 14144 ns, At safepoint: 4860 ns, Total: 47235 ns
[2025-11-17T08:38:19.738+0000][201][info ][safepoint   ] Safepoint "Cleanup", Time since last: 1000834868 ns, Reaching safepoint: 14222 ns, Cleanup: 12835 ns, At safepoint: 4710 ns, Total: 31767 ns
[2025-11-17T08:38:20.738+0000][201][info ][safepoint   ] Safepoint "Cleanup", Time since last: 1000592981 ns, Reaching safepoint: 14027 ns, Cleanup: 28218 ns, At safepoint: 4883 ns, Total: 47128 ns
[2025-11-17T08:38:22.746+0000][201][info ][safepoint   ] Safepoint "Cleanup", Time since last: 2007533175 ns, Reaching safepoint: 23866 ns, Cleanup: 16855 ns, At safepoint: 8100 ns, Total: 48821 ns
[2025-11-17T08:38:25.748+0000][201][info ][safepoint   ] Safepoint "Cleanup", Time since last: 3002242456 ns, Reaching safepoint: 17277 ns, Cleanup: 15624 ns, At safepoint: 6513 ns, Total: 39414 ns
[2025-11-17T08:38:49.695+0000][201][info ][safepoint   ] Safepoint "Cleanup", Time since last: 24009365928 ns, Reaching safepoint: 132789 ns, Cleanup: 34714 ns, At safepoint: 9502 ns, Total: 177005 ns
[2025-11-17T08:38:50.696+0000][201][info ][safepoint   ] Safepoint "Cleanup", Time since last: 1001593193 ns, Reaching safepoint: 15978 ns, Cleanup: 13276 ns, At safepoint: 6281 ns, Total: 35535 ns
[2025-11-17T08:38:51.698+0000][201][info ][safepoint   ] Safepoint "Cleanup", Time since last: 1001216902 ns, Reaching safepoint: 13939 ns, Cleanup: 15577 ns, At safepoint: 6696 ns, Total: 36212 ns
[2025-11-17T08:38:52.700+0000][201][info ][safepoint   ] Safepoint "Cleanup", Time since last: 1001845827 ns, Reaching safepoint: 24890 ns, Cleanup: 22642 ns, At safepoint: 12447 ns, Total: 59979 ns
[2025-11-17T08:39:16.834+0000][201][info ][safepoint   ] Safepoint "Cleanup", Time since last: 24185619192 ns, Reaching safepoint: 25410 ns, Cleanup: 18018 ns, At safepoint: 12189 ns, Total: 55617 ns
[2025-11-17T08:39:17.836+0000][201][info ][safepoint   ] Safepoint "Cleanup", Time since last: 1001504065 ns, Reaching safepoint: 31076 ns, Cleanup: 8727 ns, At safepoint: 7057 ns, Total: 46860 ns
[2025-11-17T08:39:18.840+0000][201][info ][safepoint   ] Safepoint "Cleanup", Time since last: 1004212366 ns, Reaching safepoint: 15797 ns, Cleanup: 16706 ns, At safepoint: 6984 ns, Total: 39487 ns
[2025-11-17T08:39:20.841+0000][201][info ][safepoint   ] Safepoint "Cleanup", Time since last: 2001371733 ns, Reaching safepoint: 13796 ns, Cleanup: 8762 ns, At safepoint: 4462 ns, Total: 27020 ns
[2025-11-17T08:39:50.797+0000][201][info ][safepoint   ] Safepoint "Cleanup", Time since last: 30008249209 ns, Reaching safepoint: 25185 ns, Cleanup: 21872 ns, At safepoint: 11035 ns, Total: 58092 ns
[2025-11-17T08:39:51.800+0000][201][info ][safepoint   ] Safepoint "Cleanup", Time since last: 1003381701 ns, Reaching safepoint: 26518 ns, Cleanup: 22730 ns, At safepoint: 13051 ns, Total: 62299 ns
[2025-11-17T08:39:56.805+0000][201][info ][safepoint   ] Safepoint "Cleanup", Time since last: 5004670201 ns, Reaching safepoint: 58604 ns, Cleanup: 24413 ns, At safepoint: 11978 ns, Total: 94995 ns
[2025-11-17T08:39:58.752+0000][201][info ][safepoint   ] Safepoint "Cleanup", Time since last: 2003518457 ns, Reaching safepoint: 21978 ns, Cleanup: 66072 ns, At safepoint: 7968 ns, Total: 96018 ns
[2025-11-17T08:40:02.753+0000][201][info ][safepoint   ] Safepoint "Cleanup", Time since last: 4000772064 ns, Reaching safepoint: 45583 ns, Cleanup: 12153 ns, At safepoint: 4967 ns, Total: 62703 ns
[2025-11-17T08:40:08.755+0000][201][info ][safepoint   ] Safepoint "Cleanup", Time since last: 6001959033 ns, Reaching safepoint: 19551 ns, Cleanup: 15214 ns, At safepoint: 5097 ns, Total: 39862 ns
[2025-11-17T08:40:13.921+0000][201][info ][safepoint   ] Safepoint "Cleanup", Time since last: 5166499813 ns, Reaching safepoint: 38400 ns, Cleanup: 15602 ns, At safepoint: 4939 ns, Total: 58941 ns
[2025-11-17T08:40:18.923+0000][201][info ][safepoint   ] Safepoint "Cleanup", Time since last: 5001749247 ns, Reaching safepoint: 16796 ns, Cleanup: 14852 ns, At safepoint: 5343 ns, Total: 36991 ns
[2025-11-17T08:40:22.926+0000][201][info ][safepoint   ] Safepoint "Cleanup", Time since last: 4002989383 ns, Reaching safepoint: 15824 ns, Cleanup: 15114 ns, At safepoint: 4708 ns, Total: 35646 ns
[2025-11-17T08:40:23.927+0000][201][info ][safepoint   ] Safepoint "Cleanup", Time since last: 1000660811 ns, Reaching safepoint: 14765 ns, Cleanup: 12843 ns, At safepoint: 5716 ns, Total: 33324 ns
[2025-11-17T08:40:27.928+0000][201][info ][safepoint   ] Safepoint "Cleanup", Time since last: 4001251942 ns, Reaching safepoint: 52645 ns, Cleanup: 14549 ns, At safepoint: 10402 ns, Total: 77596 ns
[2025-11-17T08:40:32.866+0000][201][info ][safepoint   ] Safepoint "Cleanup", Time since last: 5000926326 ns, Reaching safepoint: 14994 ns, Cleanup: 10691 ns, At safepoint: 4774 ns, Total: 30459 ns
[2025-11-17T08:40:33.867+0000][201][info ][safepoint   ] Safepoint "Cleanup", Time since last: 1001028637 ns, Reaching safepoint: 14096 ns, Cleanup: 13567 ns, At safepoint: 4992 ns, Total: 32655 ns
[2025-11-17T08:40:38.868+0000][201][info ][safepoint   ] Safepoint "Cleanup", Time since last: 5001012859 ns, Reaching safepoint: 17300 ns, Cleanup: 20072 ns, At safepoint: 6804 ns, Total: 44176 ns
[2025-11-17T08:40:43.870+0000][201][info ][safepoint   ] Safepoint "Cleanup", Time since last: 5002014750 ns, Reaching safepoint: 39047 ns, Cleanup: 11334 ns, At safepoint: 6197 ns, Total: 56578 ns
[2025-11-17T08:40:48.873+0000][201][info ][safepoint   ] Safepoint "Cleanup", Time since last: 5002524728 ns, Reaching safepoint: 15184 ns, Cleanup: 12934 ns, At safepoint: 4974 ns, Total: 33092 ns
[2025-11-17T08:40:52.874+0000][201][info ][safepoint   ] Safepoint "Cleanup", Time since last: 4001328152 ns, Reaching safepoint: 14705 ns, Cleanup: 10866 ns, At safepoint: 4804 ns, Total: 30375 ns
[2025-11-17T08:40:53.875+0000][201][info ][safepoint   ] Safepoint "Cleanup", Time since last: 1000694939 ns, Reaching safepoint: 22932 ns, Cleanup: 63358 ns, At safepoint: 11761 ns, Total: 98051 ns
[2025-11-17T08:40:56.878+0000][201][info ][safepoint   ] Safepoint "Cleanup", Time since last: 3003482697 ns, Reaching safepoint: 15707 ns, Cleanup: 13176 ns, At safepoint: 5921 ns, Total: 34804 ns
[2025-11-17T08:40:58.829+0000][201][info ][safepoint   ] Safepoint "Cleanup", Time since last: 2000749837 ns, Reaching safepoint: 56386 ns, Cleanup: 22801 ns, At safepoint: 10640 ns, Total: 89827 ns
[2025-11-17T08:41:02.832+0000][201][info ][safepoint   ] Safepoint "Cleanup", Time since last: 4002851902 ns, Reaching safepoint: 15154 ns, Cleanup: 10110 ns, At safepoint: 9277 ns, Total: 34541 ns
[2025-11-17T08:41:08.833+0000][201][info ][safepoint   ] Safepoint "Cleanup", Time since last: 6000946309 ns, Reaching safepoint: 28699 ns, Cleanup: 20608 ns, At safepoint: 11676 ns, Total: 60983 ns
[2025-11-17T08:41:12.943+0000][201][info ][safepoint   ] Safepoint "Cleanup", Time since last: 4110244450 ns, Reaching safepoint: 20074 ns, Cleanup: 16638 ns, At safepoint: 7246 ns, Total: 43958 ns
[2025-11-17T08:41:17.946+0000][201][info ][safepoint   ] Safepoint "Cleanup", Time since last: 5002610028 ns, Reaching safepoint: 14412 ns, Cleanup: 26125 ns, At safepoint: 4897 ns, Total: 45434 ns
[2025-11-17T08:41:19.947+0000][201][info ][safepoint   ] Safepoint "Cleanup", Time since last: 2001273379 ns, Reaching safepoint: 15275 ns, Cleanup: 26172 ns, At safepoint: 5366 ns, Total: 46813 ns
[2025-11-17T08:41:22.948+0000][201][info ][safepoint   ] Safepoint "Cleanup", Time since last: 3001152297 ns, Reaching safepoint: 13260 ns, Cleanup: 16522 ns, At safepoint: 5090 ns, Total: 34872 ns
[2025-11-17T08:41:32.888+0000][201][info ][safepoint   ] Safepoint "Cleanup", Time since last: 10003103759 ns, Reaching safepoint: 24624 ns, Cleanup: 5239 ns, At safepoint: 4542 ns, Total: 34405 ns
[2025-11-17T08:41:42.890+0000][201][info ][safepoint   ] Safepoint "Cleanup", Time since last: 10002118098 ns, Reaching safepoint: 15616 ns, Cleanup: 11794 ns, At safepoint: 5052 ns, Total: 32462 ns
[2025-11-17T08:41:47.892+0000][201][info ][safepoint   ] Safepoint "Cleanup", Time since last: 5001858334 ns, Reaching safepoint: 18122 ns, Cleanup: 7636 ns, At safepoint: 4050 ns, Total: 29808 ns
[2025-11-17T08:41:48.893+0000][201][info ][safepoint   ] Safepoint "Cleanup", Time since last: 1000661281 ns, Reaching safepoint: 15051 ns, Cleanup: 10285 ns, At safepoint: 4938 ns, Total: 30274 ns
[2025-11-17T08:41:50.894+0000][201][info ][safepoint   ] Safepoint "Cleanup", Time since last: 2001027196 ns, Reaching safepoint: 35928 ns, Cleanup: 25804 ns, At safepoint: 12780 ns, Total: 74512 ns
[2025-11-17T08:41:52.895+0000][201][info ][safepoint   ] Safepoint "Cleanup", Time since last: 2001283351 ns, Reaching safepoint: 27847 ns, Cleanup: 172662 ns, At safepoint: 21902 ns, Total: 222411 ns
[2025-11-17T08:41:55.897+0000][201][info ][safepoint   ] Safepoint "Cleanup", Time since last: 3001321410 ns, Reaching safepoint: 12634 ns, Cleanup: 7470 ns, At safepoint: 4035 ns, Total: 24139 ns
[2025-11-17T08:41:57.898+0000][201][info ][safepoint   ] Safepoint "Cleanup", Time since last: 2000815718 ns, Reaching safepoint: 11696 ns, Cleanup: 26165 ns, At safepoint: 4438 ns, Total: 42299 ns
[2025-11-17T08:42:02.837+0000][201][info ][safepoint   ] Safepoint "Cleanup", Time since last: 5000989950 ns, Reaching safepoint: 194496 ns, Cleanup: 30513 ns, At safepoint: 319690 ns, Total: 544699 ns
[2025-11-17T08:42:03.837+0000][201][info ][safepoint   ] Safepoint "Cleanup", Time since last: 1000655999 ns, Reaching safepoint: 22858 ns, Cleanup: 14067 ns, At safepoint: 5778 ns, Total: 42703 ns
[2025-11-17T08:42:08.839+0000][201][info ][safepoint   ] Safepoint "Cleanup", Time since last: 5001492890 ns, Reaching safepoint: 16303 ns, Cleanup: 12802 ns, At safepoint: 5625 ns, Total: 34730 ns
[2025-11-17T08:42:12.980+0000][201][info ][safepoint   ] Safepoint "Cleanup", Time since last: 4141261387 ns, Reaching safepoint: 16636 ns, Cleanup: 10017 ns, At safepoint: 5226 ns, Total: 31879 ns
[2025-11-17T08:42:18.983+0000][201][info ][safepoint   ] Safepoint "Cleanup", Time since last: 6002942807 ns, Reaching safepoint: 18642 ns, Cleanup: 10782 ns, At safepoint: 4257 ns, Total: 33681 ns
[2025-11-17T08:42:22.985+0000][201][info ][safepoint   ] Safepoint "Cleanup", Time since last: 4001210395 ns, Reaching safepoint: 261877 ns, Cleanup: 70468 ns, At safepoint: 20222 ns, Total: 352567 ns
[2025-11-17T08:42:27.987+0000][201][info ][safepoint   ] Safepoint "Cleanup", Time since last: 5001964180 ns, Reaching safepoint: 57276 ns, Cleanup: 11152 ns, At safepoint: 6624 ns, Total: 75052 ns
[2025-11-17T08:42:37.923+0000][201][info ][safepoint   ] Safepoint "Cleanup", Time since last: 10002378454 ns, Reaching safepoint: 50137 ns, Cleanup: 10562 ns, At safepoint: 4981 ns, Total: 65680 ns
[2025-11-17T08:42:47.925+0000][201][info ][safepoint   ] Safepoint "Cleanup", Time since last: 10002031126 ns, Reaching safepoint: 14899 ns, Cleanup: 12347 ns, At safepoint: 4816 ns, Total: 32062 ns
[2025-11-17T08:42:48.925+0000][201][info ][safepoint   ] Safepoint "Cleanup", Time since last: 1000412518 ns, Reaching safepoint: 15460 ns, Cleanup: 11790 ns, At safepoint: 4748 ns, Total: 31998 ns
[2025-11-17T08:42:50.927+0000][201][info ][safepoint   ] Safepoint "Cleanup", Time since last: 2001727316 ns, Reaching safepoint: 15909 ns, Cleanup: 10543 ns, At safepoint: 4888 ns, Total: 31340 ns
[2025-11-17T08:42:52.928+0000][201][info ][safepoint   ] Safepoint "Cleanup", Time since last: 2000865239 ns, Reaching safepoint: 15288 ns, Cleanup: 17491 ns, At safepoint: 4517 ns, Total: 37296 ns
[2025-11-17T08:42:55.929+0000][201][info ][safepoint   ] Safepoint "Cleanup", Time since last: 3000715326 ns, Reaching safepoint: 25277 ns, Cleanup: 14721 ns, At safepoint: 8429 ns, Total: 48427 ns
[2025-11-17T08:42:57.930+0000][201][info ][safepoint   ] Safepoint "Cleanup", Time since last: 2001444192 ns, Reaching safepoint: 14331 ns, Cleanup: 43384 ns, At safepoint: 4569 ns, Total: 62284 ns
[2025-11-17T08:43:02.876+0000][201][info ][safepoint   ] Safepoint "Cleanup", Time since last: 5000702154 ns, Reaching safepoint: 32425 ns, Cleanup: 71346 ns, At safepoint: 12116 ns, Total: 115887 ns
[2025-11-17T08:43:03.877+0000][201][info ][safepoint   ] Safepoint "Cleanup", Time since last: 1001153678 ns, Reaching safepoint: 44400 ns, Cleanup: 28561 ns, At safepoint: 11305 ns, Total: 84266 ns
[2025-11-17T08:43:07.879+0000][201][info ][safepoint   ] Safepoint "Cleanup", Time since last: 4001341471 ns, Reaching safepoint: 141836 ns, Cleanup: 56673 ns, At safepoint: 16070 ns, Total: 214579 ns
[2025-11-17T08:43:11.031+0000][201][info ][safepoint   ] Safepoint "Cleanup", Time since last: 3152390057 ns, Reaching safepoint: 14133 ns, Cleanup: 9873 ns, At safepoint: 4864 ns, Total: 28870 ns
[2025-11-17T08:43:13.034+0000][201][info ][safepoint   ] Safepoint "Cleanup", Time since last: 2002994544 ns, Reaching safepoint: 19242 ns, Cleanup: 15957 ns, At safepoint: 6561 ns, Total: 41760 ns
[2025-11-17T08:43:18.038+0000][201][info ][safepoint   ] Safepoint "Cleanup", Time since last: 5003677936 ns, Reaching safepoint: 14361 ns, Cleanup: 10342 ns, At safepoint: 4329 ns, Total: 29032 ns
[2025-11-17T08:43:19.039+0000][201][info ][safepoint   ] Safepoint "Cleanup", Time since last: 1001539587 ns, Reaching safepoint: 13249 ns, Cleanup: 12511 ns, At safepoint: 4336 ns, Total: 30096 ns
[2025-11-17T08:43:23.043+0000][201][info ][safepoint   ] Safepoint "Cleanup", Time since last: 4003945207 ns, Reaching safepoint: 14270 ns, Cleanup: 13780 ns, At safepoint: 4793 ns, Total: 32843 ns
[2025-11-17T08:43:27.986+0000][201][info ][safepoint   ] Safepoint "Cleanup", Time since last: 5003202240 ns, Reaching safepoint: 13791 ns, Cleanup: 14467 ns, At safepoint: 4217 ns, Total: 32475 ns
[2025-11-17T08:43:33.988+0000][201][info ][safepoint   ] Safepoint "Cleanup", Time since last: 6002004845 ns, Reaching safepoint: 67095 ns, Cleanup: 28422 ns, At safepoint: 12825 ns, Total: 108342 ns
[2025-11-17T08:43:37.989+0000][201][info ][safepoint   ] Safepoint "Cleanup", Time since last: 4001279928 ns, Reaching safepoint: 16678 ns, Cleanup: 14038 ns, At safepoint: 5514 ns, Total: 36230 ns
[2025-11-17T08:43:38.990+0000][201][info ][safepoint   ] Safepoint "Cleanup", Time since last: 1000454199 ns, Reaching safepoint: 15241 ns, Cleanup: 10138 ns, At safepoint: 5405 ns, Total: 30784 ns
[2025-11-17T08:43:47.996+0000][201][info ][safepoint   ] Safepoint "Cleanup", Time since last: 9006248134 ns, Reaching safepoint: 14441 ns, Cleanup: 15419 ns, At safepoint: 4753 ns, Total: 34613 ns
[2025-11-17T08:43:48.997+0000][201][info ][safepoint   ] Safepoint "Cleanup", Time since last: 1000770458 ns, Reaching safepoint: 16034 ns, Cleanup: 12497 ns, At safepoint: 7031 ns, Total: 35562 ns
[2025-11-17T08:43:53.000+0000][201][info ][safepoint   ] Safepoint "Cleanup", Time since last: 4003295078 ns, Reaching safepoint: 14843 ns, Cleanup: 11683 ns, At safepoint: 5025 ns, Total: 31551 ns
[2025-11-17T08:43:56.001+0000][201][info ][safepoint   ] Safepoint "Cleanup", Time since last: 3001006321 ns, Reaching safepoint: 14330 ns, Cleanup: 11286 ns, At safepoint: 4996 ns, Total: 30612 ns
[2025-11-17T08:44:02.945+0000][201][info ][safepoint   ] Safepoint "Cleanup", Time since last: 7002999454 ns, Reaching safepoint: 17197 ns, Cleanup: 13217 ns, At safepoint: 7019 ns, Total: 37433 ns
[2025-11-17T08:44:03.946+0000][201][info ][safepoint   ] Safepoint "Cleanup", Time since last: 1000572855 ns, Reaching safepoint: 15774 ns, Cleanup: 11968 ns, At safepoint: 5438 ns, Total: 33180 ns
[2025-11-17T08:44:13.042+0000][201][info ][safepoint   ] Safepoint "Cleanup", Time since last: 9096118801 ns, Reaching safepoint: 15835 ns, Cleanup: 12553 ns, At safepoint: 5732 ns, Total: 34120 ns
[2025-11-17T08:44:18.045+0000][201][info ][safepoint   ] Safepoint "Cleanup", Time since last: 5002768886 ns, Reaching safepoint: 17242 ns, Cleanup: 12352 ns, At safepoint: 6628 ns, Total: 36222 ns
[2025-11-17T08:44:19.047+0000][201][info ][safepoint   ] Safepoint "Cleanup", Time since last: 1001557904 ns, Reaching safepoint: 14810 ns, Cleanup: 9738 ns, At safepoint: 27694 ns, Total: 52242 ns
[2025-11-17T08:44:23.049+0000][201][info ][safepoint   ] Safepoint "Cleanup", Time since last: 4002656126 ns, Reaching safepoint: 36884 ns, Cleanup: 17086 ns, At safepoint: 6888 ns, Total: 60858 ns
[2025-11-17T08:44:51.001+0000][201][info ][safepoint   ] Safepoint "Cleanup", Time since last: 28008725340 ns, Reaching safepoint: 27408 ns, Cleanup: 16102 ns, At safepoint: 9764 ns, Total: 53274 ns
[2025-11-17T08:45:16.026+0000][201][info ][safepoint   ] Safepoint "Cleanup", Time since last: 25104232708 ns, Reaching safepoint: 36828 ns, Cleanup: 26563 ns, At safepoint: 23686 ns, Total: 87077 ns
[2025-11-17T08:45:23.030+0000][201][info ][safepoint   ] Safepoint "Cleanup", Time since last: 7003868875 ns, Reaching safepoint: 27234 ns, Cleanup: 20993 ns, At safepoint: 12911 ns, Total: 61138 ns
[2025-11-17T08:45:48.996+0000][201][info ][safepoint   ] Safepoint "Cleanup", Time since last: 26023922322 ns, Reaching safepoint: 35464 ns, Cleanup: 19460 ns, At safepoint: 10444 ns, Total: 65368 ns
[2025-11-17T08:45:49.997+0000][201][info ][safepoint   ] Safepoint "Cleanup", Time since last: 1000685141 ns, Reaching safepoint: 13283 ns, Cleanup: 17808 ns, At safepoint: 4429 ns, Total: 35520 ns
[2025-11-17T08:45:50.998+0000][201][info ][safepoint   ] Safepoint "Cleanup", Time since last: 1000779948 ns, Reaching safepoint: 15553 ns, Cleanup: 12953 ns, At safepoint: 6433 ns, Total: 34939 ns
[2025-11-17T08:45:53.002+0000][201][info ][safepoint   ] Safepoint "Cleanup", Time since last: 2003704235 ns, Reaching safepoint: 35935 ns, Cleanup: 25531 ns, At safepoint: 15512 ns, Total: 76978 ns
[2025-11-17T08:46:00.926+0000][201][info ][safepoint   ] Safepoint "Cleanup", Time since last: 8004957022 ns, Reaching safepoint: 33202 ns, Cleanup: 9025 ns, At safepoint: 4098 ns, Total: 46325 ns
[2025-11-17T08:46:05.928+0000][201][info ][safepoint   ] Safepoint "Cleanup", Time since last: 5001380707 ns, Reaching safepoint: 18184 ns, Cleanup: 11700 ns, At safepoint: 6227 ns, Total: 36111 ns
[2025-11-17T08:46:20.020+0000][201][info ][safepoint   ] Safepoint "Cleanup", Time since last: 14092598670 ns, Reaching safepoint: 85611 ns, Cleanup: 29900 ns, At safepoint: 15545 ns, Total: 131056 ns
[2025-11-17T08:46:23.022+0000][201][info ][safepoint   ] Safepoint "Cleanup", Time since last: 3001382528 ns, Reaching safepoint: 16622 ns, Cleanup: 10519 ns, At safepoint: 6466 ns, Total: 33607 ns
[2025-11-17T08:46:34.963+0000][201][info ][safepoint   ] Safepoint "Cleanup", Time since last: 12002595065 ns, Reaching safepoint: 32269 ns, Cleanup: 36467 ns, At safepoint: 8214 ns, Total: 76950 ns
[2025-11-17T08:46:40.700+0000][201][info ][safepoint   ] Safepoint "Cleanup", Time since last: 5736991614 ns, Reaching safepoint: 5084 ns, Cleanup: 30138 ns, At safepoint: 16072 ns, Total: 51294 ns
[2025-11-17T08:46:41.190+0000][201][info ][safepoint   ] Safepoint "ICBufferFull", Time since last: 489479189 ns, Reaching safepoint: 14172 ns, Cleanup: 120795 ns, At safepoint: 5991 ns, Total: 140958 ns
[2025-11-17T08:46:41.190+0000][201][info ][safepoint   ] Safepoint "ICBufferFull", Time since last: 251571 ns, Reaching safepoint: 5313 ns, Cleanup: 3645 ns, At safepoint: 10039 ns, Total: 18997 ns
[2025-11-17T08:46:42.776+0000][201][info ][safepoint   ] Safepoint "Cleanup", Time since last: 1585985618 ns, Reaching safepoint: 44761 ns, Cleanup: 36838 ns, At safepoint: 5809 ns, Total: 87408 ns
[2025-11-17T08:46:46.777+0000][201][info ][safepoint   ] Safepoint "Cleanup", Time since last: 4000955058 ns, Reaching safepoint: 13640 ns, Cleanup: 5779 ns, At safepoint: 4777 ns, Total: 24196 ns
[2025-11-17T08:46:48.778+0000][201][info ][safepoint   ] Safepoint "Cleanup", Time since last: 2000622281 ns, Reaching safepoint: 13269 ns, Cleanup: 9765 ns, At safepoint: 4710 ns, Total: 27744 ns
[2025-11-17T08:46:52.781+0000][201][info ][safepoint   ] Safepoint "Cleanup", Time since last: 4002872549 ns, Reaching safepoint: 25660 ns, Cleanup: 11667 ns, At safepoint: 10519 ns, Total: 47846 ns
[2025-11-17T08:47:01.276+0000][201][info ][safepoint   ] Safepoint "Cleanup", Time since last: 8562042575 ns, Reaching safepoint: 5309 ns, Cleanup: 30120 ns, At safepoint: 9795 ns, Total: 45224 ns
[2025-11-17T08:47:02.277+0000][201][info ][safepoint   ] Safepoint "Cleanup", Time since last: 1000504061 ns, Reaching safepoint: 15604 ns, Cleanup: 23114 ns, At safepoint: 4634 ns, Total: 43352 ns
[2025-11-17T08:47:03.985+0000][201][info ][safepoint   ] Safepoint "Cleanup", Time since last: 1708436684 ns, Reaching safepoint: 8675 ns, Cleanup: 33841 ns, At safepoint: 14009 ns, Total: 56525 ns
[2025-11-17T08:47:04.989+0000][201][info ][safepoint   ] Safepoint "Cleanup", Time since last: 1003796877 ns, Reaching safepoint: 16572 ns, Cleanup: 54863 ns, At safepoint: 5185 ns, Total: 76620 ns
[2025-11-17T08:47:05.989+0000][201][info ][safepoint   ] Safepoint "Cleanup", Time since last: 1000315951 ns, Reaching safepoint: 15908 ns, Cleanup: 11074 ns, At safepoint: 4562 ns, Total: 31544 ns
[2025-11-17T08:47:09.954+0000][201][info ][safepoint   ] Safepoint "Cleanup", Time since last: 3964314151 ns, Reaching safepoint: 6758 ns, Cleanup: 20699 ns, At safepoint: 13192 ns, Total: 40649 ns
[2025-11-17T08:47:11.550+0000][201][info ][safepoint   ] Safepoint "Cleanup", Time since last: 1596371310 ns, Reaching safepoint: 5070 ns, Cleanup: 6405 ns, At safepoint: 1319 ns, Total: 12794 ns
[2025-11-17T08:47:13.259+0000][201][info ][safepoint   ] Safepoint "Cleanup", Time since last: 1708412242 ns, Reaching safepoint: 20813 ns, Cleanup: 97201 ns, At safepoint: 8139 ns, Total: 126153 ns
[2025-11-17T08:47:17.260+0000][201][info ][safepoint   ] Safepoint "Cleanup", Time since last: 4001091722 ns, Reaching safepoint: 14482 ns, Cleanup: 8128 ns, At safepoint: 3936 ns, Total: 26546 ns
[2025-11-17T08:47:18.260+0000][201][info ][safepoint   ] Safepoint "Cleanup", Time since last: 1000633487 ns, Reaching safepoint: 20386 ns, Cleanup: 25582 ns, At safepoint: 6346 ns, Total: 52314 ns
[2025-11-17T08:47:19.620+0000][201][info ][safepoint   ] Safepoint "Cleanup", Time since last: 1359498778 ns, Reaching safepoint: 4519 ns, Cleanup: 32687 ns, At safepoint: 9651 ns, Total: 46857 ns
[2025-11-17T08:47:20.357+0000][201][info ][gc,start    ] GC(16) Pause Young (Normal) (G1 Evacuation Pause)
[2025-11-17T08:47:20.358+0000][201][info ][gc,task     ] GC(16) Using 15 workers of 15 for evacuation
[2025-11-17T08:47:20.359+0000][201][debug][gc,age      ] GC(16) Desired survivor size 41943040 bytes, new threshold 1 (max threshold 15)
[2025-11-17T08:47:20.378+0000][201][info ][gc,phases   ] GC(16)   Pre Evacuate Collection Set: 0.37ms
[2025-11-17T08:47:20.379+0000][201][info ][gc,phases   ] GC(16)   Merge Heap Roots: 0.18ms
[2025-11-17T08:47:20.380+0000][201][info ][gc,phases   ] GC(16)   Evacuate Collection Set: 15.96ms
[2025-11-17T08:47:20.381+0000][201][info ][gc,phases   ] GC(16)   Post Evacuate Collection Set: 1.79ms
[2025-11-17T08:47:20.381+0000][201][info ][gc,phases   ] GC(16)   Other: 1.87ms
[2025-11-17T08:47:20.381+0000][201][trace][gc,age      ] GC(16) Age table with threshold 1 (max threshold 15)
[2025-11-17T08:47:20.382+0000][201][trace][gc,age      ] GC(16) - age   1:    4144528 bytes,    4144528 total
[2025-11-17T08:47:20.383+0000][201][info ][gc,heap     ] GC(16) Eden regions: 133->0(149)
[2025-11-17T08:47:20.384+0000][201][info ][gc,heap     ] GC(16) Survivor regions: 20->4(20)
[2025-11-17T08:47:20.385+0000][201][info ][gc,heap     ] GC(16) Old regions: 8->29
[2025-11-17T08:47:20.385+0000][201][info ][gc,heap     ] GC(16) Humongous regions: 0->0
[2025-11-17T08:47:20.386+0000][201][info ][gc,metaspace] GC(16) Metaspace: 145656K(149696K)->145656K(149696K) NonClass: 125233K(127360K)->125233K(127360K) Class: 20423K(22336K)->20423K(22336K)
[2025-11-17T08:47:20.387+0000][201][info ][gc          ] GC(16) Pause Young (Normal) (G1 Evacuation Pause) 643M->126M(1024M) 30.222ms
[2025-11-17T08:47:20.388+0000][201][info ][gc,cpu      ] GC(16) User=0.22s Sys=0.00s Real=0.03s
[2025-11-17T08:47:20.389+0000][201][info ][safepoint   ] Safepoint "G1CollectForAllocation", Time since last: 737042433 ns, Reaching safepoint: 17256 ns, Cleanup: 25230 ns, At safepoint: 31538050 ns, Total: 31580536 ns
[2025-11-17T08:47:21.390+0000][201][info ][safepoint   ] Safepoint "Cleanup", Time since last: 1001759377 ns, Reaching safepoint: 24804 ns, Cleanup: 18121 ns, At safepoint: 9782 ns, Total: 52707 ns
[2025-11-17T08:47:23.391+0000][201][info ][safepoint   ] Safepoint "Cleanup", Time since last: 2001023916 ns, Reaching safepoint: 19041 ns, Cleanup: 14622 ns, At safepoint: 4477 ns, Total: 38140 ns
[2025-11-17T08:47:24.392+0000][201][info ][safepoint   ] Safepoint "Cleanup", Time since last: 1000394062 ns, Reaching safepoint: 15682 ns, Cleanup: 12705 ns, At safepoint: 4601 ns, Total: 32988 ns
[2025-11-17T08:47:36.302+0000][201][info ][safepoint   ] Safepoint "Cleanup", Time since last: 12002448545 ns, Reaching safepoint: 25131 ns, Cleanup: 22586 ns, At safepoint: 11448 ns, Total: 59165 ns
[2025-11-17T08:47:39.305+0000][201][info ][safepoint   ] Safepoint "Cleanup", Time since last: 3002849224 ns, Reaching safepoint: 16896 ns, Cleanup: 11633 ns, At safepoint: 6020 ns, Total: 34549 ns
[2025-11-17T08:47:41.212+0000][201][info ][safepoint   ] Safepoint "Cleanup", Time since last: 1907004310 ns, Reaching safepoint: 11414 ns, Cleanup: 57622 ns, At safepoint: 35254 ns, Total: 104290 ns
[2025-11-17T08:47:42.190+0000][201][info ][safepoint   ] Safepoint "ICBufferFull", Time since last: 977400100 ns, Reaching safepoint: 12624 ns, Cleanup: 72931 ns, At safepoint: 13831 ns, Total: 99386 ns
[2025-11-17T08:47:43.715+0000][201][info ][safepoint   ] Safepoint "Cleanup", Time since last: 1525320854 ns, Reaching safepoint: 16098 ns, Cleanup: 33521 ns, At safepoint: 21164 ns, Total: 70783 ns
[2025-11-17T08:47:44.716+0000][201][info ][safepoint   ] Safepoint "Cleanup", Time since last: 1001120496 ns, Reaching safepoint: 15661 ns, Cleanup: 9805 ns, At safepoint: 5728 ns, Total: 31194 ns
[2025-11-17T08:47:45.717+0000][201][info ][safepoint   ] Safepoint "Cleanup", Time since last: 1000919588 ns, Reaching safepoint: 23672 ns, Cleanup: 13472 ns, At safepoint: 7371 ns, Total: 44515 ns
[2025-11-17T08:47:48.720+0000][201][info ][safepoint   ] Safepoint "Cleanup", Time since last: 3002279038 ns, Reaching safepoint: 41713 ns, Cleanup: 15016 ns, At safepoint: 12445 ns, Total: 69174 ns
[2025-11-17T08:47:49.721+0000][201][info ][safepoint   ] Safepoint "Cleanup", Time since last: 1000913487 ns, Reaching safepoint: 17182 ns, Cleanup: 17880 ns, At safepoint: 5545 ns, Total: 40607 ns
[2025-11-17T08:47:53.308+0000][201][info ][safepoint   ] Safepoint "Cleanup", Time since last: 3587663126 ns, Reaching safepoint: 27300 ns, Cleanup: 14071 ns, At safepoint: 7673 ns, Total: 49044 ns
[2025-11-17T08:47:54.310+0000][201][info ][safepoint   ] Safepoint "Cleanup", Time since last: 1001327908 ns, Reaching safepoint: 32153 ns, Cleanup: 35690 ns, At safepoint: 15340 ns, Total: 83183 ns
[2025-11-17T08:47:56.311+0000][201][info ][safepoint   ] Safepoint "Cleanup", Time since last: 2001638476 ns, Reaching safepoint: 42164 ns, Cleanup: 57132 ns, At safepoint: 12421 ns, Total: 111717 ns
[2025-11-17T08:48:01.237+0000][201][info ][safepoint   ] Safepoint "Cleanup", Time since last: 5002434556 ns, Reaching safepoint: 23267 ns, Cleanup: 15987 ns, At safepoint: 6361 ns, Total: 45615 ns
[2025-11-17T08:48:03.239+0000][201][info ][safepoint   ] Safepoint "Cleanup", Time since last: 2000967747 ns, Reaching safepoint: 81476 ns, Cleanup: 86948 ns, At safepoint: 12138 ns, Total: 180562 ns
[2025-11-17T08:48:08.241+0000][201][info ][safepoint   ] Safepoint "Cleanup", Time since last: 5002147049 ns, Reaching safepoint: 23673 ns, Cleanup: 19533 ns, At safepoint: 9724 ns, Total: 52930 ns
[2025-11-17T08:48:09.248+0000][201][info ][safepoint   ] Safepoint "Cleanup", Time since last: 1007369622 ns, Reaching safepoint: 48427 ns, Cleanup: 37295 ns, At safepoint: 5601 ns, Total: 91323 ns
[2025-11-17T08:48:14.855+0000][201][info ][safepoint   ] Safepoint "Cleanup", Time since last: 5606963518 ns, Reaching safepoint: 39111 ns, Cleanup: 17532 ns, At safepoint: 19286 ns, Total: 75929 ns
[2025-11-17T08:48:16.857+0000][201][info ][safepoint   ] Safepoint "Cleanup", Time since last: 2001584994 ns, Reaching safepoint: 20067 ns, Cleanup: 29388 ns, At safepoint: 6360 ns, Total: 55815 ns
[2025-11-17T08:48:17.858+0000][201][info ][safepoint   ] Safepoint "Cleanup", Time since last: 1001049438 ns, Reaching safepoint: 23687 ns, Cleanup: 13849 ns, At safepoint: 8292 ns, Total: 45828 ns
[2025-11-17T08:48:18.859+0000][201][info ][safepoint   ] Safepoint "Cleanup", Time since last: 1000713161 ns, Reaching safepoint: 15562 ns, Cleanup: 11036 ns, At safepoint: 4394 ns, Total: 30992 ns
[2025-11-17T08:48:20.347+0000][201][info ][safepoint   ] Safepoint "Cleanup", Time since last: 1488107893 ns, Reaching safepoint: 6339 ns, Cleanup: 14884 ns, At safepoint: 10810 ns, Total: 32033 ns
[2025-11-17T08:48:21.538+0000][201][info ][safepoint   ] Safepoint "Cleanup", Time since last: 1190634443 ns, Reaching safepoint: 8231 ns, Cleanup: 38121 ns, At safepoint: 24298 ns, Total: 70650 ns
[2025-11-17T08:48:22.632+0000][201][info ][safepoint   ] Safepoint "Cleanup", Time since last: 1094797632 ns, Reaching safepoint: 17339 ns, Cleanup: 12493 ns, At safepoint: 5637 ns, Total: 35469 ns
[2025-11-17T08:48:23.633+0000][201][info ][safepoint   ] Safepoint "Cleanup", Time since last: 1000752459 ns, Reaching safepoint: 15366 ns, Cleanup: 23771 ns, At safepoint: 5568 ns, Total: 44705 ns
[2025-11-17T08:48:28.571+0000][201][info ][safepoint   ] Safepoint "Cleanup", Time since last: 5004083503 ns, Reaching safepoint: 33778 ns, Cleanup: 24345 ns, At safepoint: 14301 ns, Total: 72424 ns
[2025-11-17T08:48:33.573+0000][201][info ][safepoint   ] Safepoint "Cleanup", Time since last: 5001788356 ns, Reaching safepoint: 42007 ns, Cleanup: 11732 ns, At safepoint: 7552 ns, Total: 61291 ns
[2025-11-17T08:48:41.177+0000][201][info ][safepoint   ] Safepoint "Cleanup", Time since last: 7603646164 ns, Reaching safepoint: 6075 ns, Cleanup: 25122 ns, At safepoint: 13632 ns, Total: 44829 ns
[2025-11-17T08:48:43.088+0000][201][info ][safepoint   ] Safepoint "Cleanup", Time since last: 1910929981 ns, Reaching safepoint: 35682 ns, Cleanup: 52715 ns, At safepoint: 13651 ns, Total: 102048 ns
[2025-11-17T08:48:49.091+0000][201][info ][safepoint   ] Safepoint "Cleanup", Time since last: 6002634875 ns, Reaching safepoint: 21575 ns, Cleanup: 15518 ns, At safepoint: 7389 ns, Total: 44482 ns
[2025-11-17T08:48:50.092+0000][201][info ][safepoint   ] Safepoint "Cleanup", Time since last: 1001257912 ns, Reaching safepoint: 17809 ns, Cleanup: 13034 ns, At safepoint: 5302 ns, Total: 36145 ns
[2025-11-17T08:48:51.622+0000][201][info ][safepoint   ] Safepoint "Cleanup", Time since last: 1530413710 ns, Reaching safepoint: 4106 ns, Cleanup: 4746 ns, At safepoint: 9612 ns, Total: 18464 ns
[2025-11-17T08:48:52.624+0000][201][info ][safepoint   ] Safepoint "Cleanup", Time since last: 1001233138 ns, Reaching safepoint: 16653 ns, Cleanup: 12910 ns, At safepoint: 5469 ns, Total: 35032 ns
[2025-11-17T08:48:53.624+0000][201][info ][safepoint   ] Safepoint "Cleanup", Time since last: 1000527590 ns, Reaching safepoint: 27187 ns, Cleanup: 24393 ns, At safepoint: 9834 ns, Total: 61414 ns
[2025-11-17T08:48:54.626+0000][201][info ][safepoint   ] Safepoint "Cleanup", Time since last: 1002165285 ns, Reaching safepoint: 29863 ns, Cleanup: 43188 ns, At safepoint: 10229 ns, Total: 83280 ns
[2025-11-17T08:48:59.556+0000][201][info ][safepoint   ] Safepoint "Cleanup", Time since last: 5002269560 ns, Reaching safepoint: 22833 ns, Cleanup: 22341 ns, At safepoint: 9174 ns, Total: 54348 ns
[2025-11-17T08:49:00.557+0000][201][info ][safepoint   ] Safepoint "Cleanup", Time since last: 1000542678 ns, Reaching safepoint: 21552 ns, Cleanup: 31721 ns, At safepoint: 6851 ns, Total: 60124 ns
[2025-11-17T08:49:05.558+0000][201][info ][safepoint   ] Safepoint "Cleanup", Time since last: 5000887384 ns, Reaching safepoint: 16533 ns, Cleanup: 11347 ns, At safepoint: 4981 ns, Total: 32861 ns
[2025-11-17T08:49:07.559+0000][201][info ][safepoint   ] Safepoint "Cleanup", Time since last: 2000660865 ns, Reaching safepoint: 15472 ns, Cleanup: 15505 ns, At safepoint: 4458 ns, Total: 35435 ns
[2025-11-17T08:49:11.766+0000][201][info ][safepoint   ] Safepoint "Cleanup", Time since last: 4207765451 ns, Reaching safepoint: 19852 ns, Cleanup: 15317 ns, At safepoint: 7159 ns, Total: 42328 ns
[2025-11-17T08:49:13.768+0000][201][info ][safepoint   ] Safepoint "Cleanup", Time since last: 2001089269 ns, Reaching safepoint: 41258 ns, Cleanup: 30258 ns, At safepoint: 10022 ns, Total: 81538 ns
[2025-11-17T08:49:18.770+0000][201][info ][safepoint   ] Safepoint "Cleanup", Time since last: 5002677339 ns, Reaching safepoint: 24096 ns, Cleanup: 18516 ns, At safepoint: 7795 ns, Total: 50407 ns
[2025-11-17T08:49:19.771+0000][201][info ][safepoint   ] Safepoint "Cleanup", Time since last: 1000662982 ns, Reaching safepoint: 19673 ns, Cleanup: 28575 ns, At safepoint: 9085 ns, Total: 57333 ns
[2025-11-17T08:49:21.687+0000][201][info ][safepoint   ] Safepoint "Cleanup", Time since last: 1915902239 ns, Reaching safepoint: 5172 ns, Cleanup: 7970 ns, At safepoint: 10715 ns, Total: 23857 ns
[2025-11-17T08:49:22.856+0000][201][info ][safepoint   ] Safepoint "Cleanup", Time since last: 1169216634 ns, Reaching safepoint: 88186 ns, Cleanup: 18154 ns, At safepoint: 25781 ns, Total: 132121 ns
[2025-11-17T08:49:23.869+0000][201][info ][safepoint   ] Safepoint "Cleanup", Time since last: 1012307273 ns, Reaching safepoint: 19512 ns, Cleanup: 16597 ns, At safepoint: 8200 ns, Total: 44309 ns
[2025-11-17T08:49:24.869+0000][201][info ][safepoint   ] Safepoint "Cleanup", Time since last: 1000601919 ns, Reaching safepoint: 20946 ns, Cleanup: 18410 ns, At safepoint: 7689 ns, Total: 47045 ns
[2025-11-17T08:49:34.796+0000][201][info ][safepoint   ] Safepoint "Cleanup", Time since last: 10001643368 ns, Reaching safepoint: 27385 ns, Cleanup: 34860 ns, At safepoint: 6102 ns, Total: 68347 ns
[2025-11-17T08:49:39.797+0000][201][info ][safepoint   ] Safepoint "Cleanup", Time since last: 5001428159 ns, Reaching safepoint: 16996 ns, Cleanup: 11119 ns, At safepoint: 4834 ns, Total: 32949 ns
[2025-11-17T08:49:41.226+0000][201][info ][safepoint   ] Safepoint "Cleanup", Time since last: 1428338843 ns, Reaching safepoint: 4433 ns, Cleanup: 25539 ns, At safepoint: 9846 ns, Total: 39818 ns
[2025-11-17T08:49:42.233+0000][201][info ][safepoint   ] Safepoint "Cleanup", Time since last: 1006821688 ns, Reaching safepoint: 124418 ns, Cleanup: 43773 ns, At safepoint: 16743 ns, Total: 184934 ns
[2025-11-17T08:49:43.652+0000][201][info ][safepoint   ] Safepoint "Cleanup", Time since last: 1419436475 ns, Reaching safepoint: 16119 ns, Cleanup: 21144 ns, At safepoint: 5061 ns, Total: 42324 ns
[2025-11-17T08:49:44.653+0000][201][info ][safepoint   ] Safepoint "Cleanup", Time since last: 1000626600 ns, Reaching safepoint: 23472 ns, Cleanup: 17467 ns, At safepoint: 7771 ns, Total: 48710 ns
[2025-11-17T08:49:48.656+0000][201][info ][safepoint   ] Safepoint "Cleanup", Time since last: 4003335777 ns, Reaching safepoint: 22401 ns, Cleanup: 20362 ns, At safepoint: 4681 ns, Total: 47444 ns
[2025-11-17T08:49:49.657+0000][201][info ][safepoint   ] Safepoint "Cleanup", Time since last: 1000731833 ns, Reaching safepoint: 26745 ns, Cleanup: 22617 ns, At safepoint: 10207 ns, Total: 59569 ns
[2025-11-17T08:49:50.658+0000][201][info ][safepoint   ] Safepoint "Cleanup", Time since last: 1000711539 ns, Reaching safepoint: 18641 ns, Cleanup: 13496 ns, At safepoint: 6935 ns, Total: 39072 ns
[2025-11-17T08:49:52.659+0000][201][info ][safepoint   ] Safepoint "Cleanup", Time since last: 2001510121 ns, Reaching safepoint: 22425 ns, Cleanup: 15172 ns, At safepoint: 5594 ns, Total: 43191 ns
[2025-11-17T08:49:54.813+0000][201][info ][safepoint   ] Safepoint "Cleanup", Time since last: 2153467278 ns, Reaching safepoint: 28163 ns, Cleanup: 31562 ns, At safepoint: 13296 ns, Total: 73021 ns
[2025-11-17T08:49:56.814+0000][201][info ][safepoint   ] Safepoint "Cleanup", Time since last: 2001261477 ns, Reaching safepoint: 14729 ns, Cleanup: 26442 ns, At safepoint: 4847 ns, Total: 46018 ns
[2025-11-17T08:49:59.725+0000][201][info ][safepoint   ] Safepoint "Cleanup", Time since last: 3000793577 ns, Reaching safepoint: 15290 ns, Cleanup: 9761 ns, At safepoint: 4723 ns, Total: 29774 ns
[2025-11-17T08:50:01.726+0000][201][info ][safepoint   ] Safepoint "Cleanup", Time since last: 2000699066 ns, Reaching safepoint: 17704 ns, Cleanup: 19928 ns, At safepoint: 5108 ns, Total: 42740 ns
[2025-11-17T08:50:02.726+0000][201][info ][safepoint   ] Safepoint "Cleanup", Time since last: 1000395246 ns, Reaching safepoint: 38771 ns, Cleanup: 11452 ns, At safepoint: 7128 ns, Total: 57351 ns
[2025-11-17T08:50:07.728+0000][201][info ][safepoint   ] Safepoint "Cleanup", Time since last: 5001594255 ns, Reaching safepoint: 15341 ns, Cleanup: 27414 ns, At safepoint: 5757 ns, Total: 48512 ns
[2025-11-17T08:50:08.729+0000][201][info ][safepoint   ] Safepoint "Cleanup", Time since last: 1000492808 ns, Reaching safepoint: 15698 ns, Cleanup: 15358 ns, At safepoint: 4969 ns, Total: 36025 ns
[2025-11-17T08:50:13.650+0000][201][info ][safepoint   ] Safepoint "Cleanup", Time since last: 4920909351 ns, Reaching safepoint: 15868 ns, Cleanup: 13507 ns, At safepoint: 4889 ns, Total: 34264 ns
[2025-11-17T08:50:14.651+0000][201][info ][safepoint   ] Safepoint "Cleanup", Time since last: 1001020345 ns, Reaching safepoint: 17829 ns, Cleanup: 16372 ns, At safepoint: 5264 ns, Total: 39465 ns
[2025-11-17T08:50:21.653+0000][201][info ][safepoint   ] Safepoint "Cleanup", Time since last: 7001952853 ns, Reaching safepoint: 25089 ns, Cleanup: 19308 ns, At safepoint: 9852 ns, Total: 54249 ns
[2025-11-17T08:50:22.653+0000][201][info ][safepoint   ] Safepoint "Cleanup", Time since last: 1000744960 ns, Reaching safepoint: 16390 ns, Cleanup: 10557 ns, At safepoint: 9035 ns, Total: 35982 ns
[2025-11-17T08:50:23.657+0000][201][info ][safepoint   ] Safepoint "Cleanup", Time since last: 1003960749 ns, Reaching safepoint: 5236 ns, Cleanup: 18549 ns, At safepoint: 2099 ns, Total: 25884 ns
[2025-11-17T08:50:25.240+0000][201][info ][safepoint   ] Safepoint "Cleanup", Time since last: 1582319729 ns, Reaching safepoint: 16493 ns, Cleanup: 10303 ns, At safepoint: 20273 ns, Total: 47069 ns
[2025-11-17T08:50:27.171+0000][201][info ][safepoint   ] Safepoint "Cleanup", Time since last: 2001354620 ns, Reaching safepoint: 17565 ns, Cleanup: 17060 ns, At safepoint: 5547 ns, Total: 40172 ns
[2025-11-17T08:50:32.172+0000][201][info ][safepoint   ] Safepoint "Cleanup", Time since last: 5001110139 ns, Reaching safepoint: 17260 ns, Cleanup: 16775 ns, At safepoint: 3983 ns, Total: 38018 ns
[2025-11-17T08:50:36.173+0000][201][info ][safepoint   ] Safepoint "Cleanup", Time since last: 4001084234 ns, Reaching safepoint: 70086 ns, Cleanup: 17546 ns, At safepoint: 12861 ns, Total: 100493 ns
[2025-11-17T08:50:41.175+0000][201][info ][safepoint   ] Safepoint "Cleanup", Time since last: 5002299407 ns, Reaching safepoint: 18426 ns, Cleanup: 17168 ns, At safepoint: 6440 ns, Total: 42034 ns
[2025-11-17T08:50:42.215+0000][201][info ][safepoint   ] Safepoint "Cleanup", Time since last: 1039924004 ns, Reaching safepoint: 79127 ns, Cleanup: 36585 ns, At safepoint: 10905 ns, Total: 126617 ns
[2025-11-17T08:50:43.612+0000][201][info ][safepoint   ] Safepoint "Cleanup", Time since last: 1396985956 ns, Reaching safepoint: 25415 ns, Cleanup: 22313 ns, At safepoint: 10716 ns, Total: 58444 ns
[2025-11-17T08:50:48.614+0000][201][info ][safepoint   ] Safepoint "Cleanup", Time since last: 5001674840 ns, Reaching safepoint: 18248 ns, Cleanup: 11705 ns, At safepoint: 5408 ns, Total: 35361 ns
[2025-11-17T08:50:52.615+0000][201][info ][safepoint   ] Safepoint "Cleanup", Time since last: 4001341635 ns, Reaching safepoint: 18768 ns, Cleanup: 14548 ns, At safepoint: 5400 ns, Total: 38716 ns
[2025-11-17T08:50:57.129+0000][201][info ][safepoint   ] Safepoint "Cleanup", Time since last: 4584425784 ns, Reaching safepoint: 22231 ns, Cleanup: 16563 ns, At safepoint: 6106 ns, Total: 44900 ns
[2025-11-17T08:50:58.129+0000][201][info ][safepoint   ] Safepoint "Cleanup", Time since last: 1000393345 ns, Reaching safepoint: 15238 ns, Cleanup: 14667 ns, At safepoint: 4756 ns, Total: 34661 ns
[2025-11-17T08:51:03.148+0000][201][info ][safepoint   ] Safepoint "Cleanup", Time since last: 5019108109 ns, Reaching safepoint: 22056 ns, Cleanup: 20120 ns, At safepoint: 5437 ns, Total: 47613 ns
[2025-11-17T08:51:04.149+0000][201][info ][safepoint   ] Safepoint "Cleanup", Time since last: 1000435500 ns, Reaching safepoint: 20458 ns, Cleanup: 21028 ns, At safepoint: 4454 ns, Total: 45940 ns
[2025-11-17T08:51:06.150+0000][201][info ][safepoint   ] Safepoint "Cleanup", Time since last: 2001265876 ns, Reaching safepoint: 15010 ns, Cleanup: 7094 ns, At safepoint: 15362 ns, Total: 37466 ns
[2025-11-17T08:51:07.151+0000][201][info ][safepoint   ] Safepoint "Cleanup", Time since last: 1000499598 ns, Reaching safepoint: 15678 ns, Cleanup: 10208 ns, At safepoint: 5447 ns, Total: 31333 ns
[2025-11-17T08:51:09.152+0000][201][info ][safepoint   ] Safepoint "Cleanup", Time since last: 2001585993 ns, Reaching safepoint: 14856 ns, Cleanup: 12324 ns, At safepoint: 4743 ns, Total: 31923 ns
[2025-11-17T08:51:10.554+0000][201][info ][safepoint   ] Safepoint "Cleanup", Time since last: 1401980465 ns, Reaching safepoint: 15628 ns, Cleanup: 15418 ns, At safepoint: 4611 ns, Total: 35657 ns
[2025-11-17T08:51:15.557+0000][201][info ][safepoint   ] Safepoint "Cleanup", Time since last: 5002280567 ns, Reaching safepoint: 25205 ns, Cleanup: 18875 ns, At safepoint: 8707 ns, Total: 52787 ns
[2025-11-17T08:51:16.558+0000][201][info ][safepoint   ] Safepoint "Cleanup", Time since last: 1001726333 ns, Reaching safepoint: 17784 ns, Cleanup: 16562 ns, At safepoint: 6046 ns, Total: 40392 ns
[2025-11-17T08:51:22.562+0000][201][info ][safepoint   ] Safepoint "Cleanup", Time since last: 6003149025 ns, Reaching safepoint: 31960 ns, Cleanup: 33562 ns, At safepoint: 10010 ns, Total: 75532 ns
[2025-11-17T08:51:24.283+0000][201][info ][safepoint   ] Safepoint "Cleanup", Time since last: 1721059664 ns, Reaching safepoint: 5484 ns, Cleanup: 26357 ns, At safepoint: 11542 ns, Total: 43383 ns
[2025-11-17T08:51:25.291+0000][201][info ][safepoint   ] Safepoint "Cleanup", Time since last: 1008620505 ns, Reaching safepoint: 5254 ns, Cleanup: 7085 ns, At safepoint: 13766 ns, Total: 26105 ns
[2025-11-17T08:51:26.554+0000][201][info ][safepoint   ] Safepoint "Cleanup", Time since last: 1262538347 ns, Reaching safepoint: 16401 ns, Cleanup: 11724 ns, At safepoint: 4798 ns, Total: 32923 ns
[2025-11-17T08:51:27.469+0000][201][info ][safepoint   ] Safepoint "Cleanup", Time since last: 1001063778 ns, Reaching safepoint: 19950 ns, Cleanup: 13117 ns, At safepoint: 6658 ns, Total: 39725 ns
[2025-11-17T08:51:34.470+0000][201][info ][safepoint   ] Safepoint "Cleanup", Time since last: 7000984050 ns, Reaching safepoint: 37099 ns, Cleanup: 10431 ns, At safepoint: 6171 ns, Total: 53701 ns
[2025-11-17T08:51:37.472+0000][201][info ][safepoint   ] Safepoint "Cleanup", Time since last: 3001591661 ns, Reaching safepoint: 20138 ns, Cleanup: 17242 ns, At safepoint: 6308 ns, Total: 43688 ns
[2025-11-17T08:51:41.193+0000][201][info ][safepoint   ] Safepoint "Cleanup", Time since last: 3721029357 ns, Reaching safepoint: 5341 ns, Cleanup: 25457 ns, At safepoint: 11134 ns, Total: 41932 ns
[2025-11-17T08:51:42.196+0000][201][info ][safepoint   ] Safepoint "Cleanup", Time since last: 1003389317 ns, Reaching safepoint: 4588 ns, Cleanup: 16093 ns, At safepoint: 10772 ns, Total: 31453 ns
[2025-11-17T08:51:43.620+0000][201][info ][safepoint   ] Safepoint "Cleanup", Time since last: 1423785338 ns, Reaching safepoint: 18439 ns, Cleanup: 18642 ns, At safepoint: 5984 ns, Total: 43065 ns
[2025-11-17T08:51:46.623+0000][201][info ][safepoint   ] Safepoint "Cleanup", Time since last: 3002973444 ns, Reaching safepoint: 16327 ns, Cleanup: 10491 ns, At safepoint: 4362 ns, Total: 31180 ns
[2025-11-17T08:51:48.624+0000][201][info ][safepoint   ] Safepoint "Cleanup", Time since last: 2000945676 ns, Reaching safepoint: 13787 ns, Cleanup: 12078 ns, At safepoint: 3541 ns, Total: 29406 ns
[2025-11-17T08:51:52.625+0000][201][info ][safepoint   ] Safepoint "Cleanup", Time since last: 4001543377 ns, Reaching safepoint: 16558 ns, Cleanup: 14578 ns, At safepoint: 3818 ns, Total: 34954 ns
[2025-11-17T08:51:55.475+0000][201][info ][safepoint   ] Safepoint "Cleanup", Time since last: 2850003010 ns, Reaching safepoint: 6407 ns, Cleanup: 4629 ns, At safepoint: 9868 ns, Total: 20904 ns
[2025-11-17T08:51:57.403+0000][201][info ][safepoint   ] Safepoint "Cleanup", Time since last: 2009907399 ns, Reaching safepoint: 16787 ns, Cleanup: 11312 ns, At safepoint: 5257 ns, Total: 33356 ns
[2025-11-17T08:51:58.404+0000][201][info ][safepoint   ] Safepoint "Cleanup", Time since last: 1000376145 ns, Reaching safepoint: 15369 ns, Cleanup: 21420 ns, At safepoint: 5202 ns, Total: 41991 ns
[2025-11-17T08:52:03.405+0000][201][info ][safepoint   ] Safepoint "Cleanup", Time since last: 5000646948 ns, Reaching safepoint: 37683 ns, Cleanup: 14324 ns, At safepoint: 5395 ns, Total: 57402 ns
[2025-11-17T08:52:09.407+0000][201][info ][safepoint   ] Safepoint "Cleanup", Time since last: 6002537576 ns, Reaching safepoint: 24154 ns, Cleanup: 13132 ns, At safepoint: 7036 ns, Total: 44322 ns
[2025-11-17T08:52:11.447+0000][201][info ][safepoint   ] Safepoint "Cleanup", Time since last: 2039613318 ns, Reaching safepoint: 14397 ns, Cleanup: 8658 ns, At safepoint: 4348 ns, Total: 27403 ns
[2025-11-17T08:52:17.449+0000][201][info ][safepoint   ] Safepoint "Cleanup", Time since last: 6001833973 ns, Reaching safepoint: 25825 ns, Cleanup: 11413 ns, At safepoint: 5404 ns, Total: 42642 ns
[2025-11-17T08:52:18.450+0000][201][info ][safepoint   ] Safepoint "Cleanup", Time since last: 1001090779 ns, Reaching safepoint: 16063 ns, Cleanup: 16571 ns, At safepoint: 5435 ns, Total: 38069 ns
[2025-11-17T08:52:23.453+0000][201][info ][safepoint   ] Safepoint "Cleanup", Time since last: 5002762643 ns, Reaching safepoint: 16265 ns, Cleanup: 11602 ns, At safepoint: 5550 ns, Total: 33417 ns
[2025-11-17T08:52:24.453+0000][201][info ][safepoint   ] Safepoint "Cleanup", Time since last: 1000711817 ns, Reaching safepoint: 24501 ns, Cleanup: 20254 ns, At safepoint: 22305 ns, Total: 67060 ns
[2025-11-17T08:52:25.455+0000][201][info ][safepoint   ] Safepoint "Cleanup", Time since last: 1001197075 ns, Reaching safepoint: 17403 ns, Cleanup: 10497 ns, At safepoint: 5187 ns, Total: 33087 ns
[2025-11-17T08:52:26.045+0000][201][info ][gc,start    ] GC(17) Pause Young (Normal) (G1 Evacuation Pause)
[2025-11-17T08:52:26.046+0000][201][info ][gc,task     ] GC(17) Using 15 workers of 15 for evacuation
[2025-11-17T08:52:26.047+0000][201][debug][gc,age      ] GC(17) Desired survivor size 41943040 bytes, new threshold 15 (max threshold 15)
[2025-11-17T08:52:26.054+0000][201][info ][gc,phases   ] GC(17)   Pre Evacuate Collection Set: 0.35ms
[2025-11-17T08:52:26.055+0000][201][info ][gc,phases   ] GC(17)   Merge Heap Roots: 0.20ms
[2025-11-17T08:52:26.055+0000][201][info ][gc,phases   ] GC(17)   Evacuate Collection Set: 2.21ms
[2025-11-17T08:52:26.056+0000][201][info ][gc,phases   ] GC(17)   Post Evacuate Collection Set: 1.73ms
[2025-11-17T08:52:26.056+0000][201][info ][gc,phases   ] GC(17)   Other: 3.35ms
[2025-11-17T08:52:26.057+0000][201][trace][gc,age      ] GC(17) Age table with threshold 15 (max threshold 15)
[2025-11-17T08:52:26.057+0000][201][trace][gc,age      ] GC(17) - age   1:    3403456 bytes,    3403456 total
[2025-11-17T08:52:26.060+0000][201][trace][gc,age      ] GC(17) - age   2:    3110432 bytes,    6513888 total
[2025-11-17T08:52:26.061+0000][201][info ][gc,heap     ] GC(17) Eden regions: 149->0(150)
[2025-11-17T08:52:26.061+0000][201][info ][gc,heap     ] GC(17) Survivor regions: 4->3(20)
[2025-11-17T08:52:26.062+0000][201][info ][gc,heap     ] GC(17) Old regions: 29->29
[2025-11-17T08:52:26.063+0000][201][info ][gc,heap     ] GC(17) Humongous regions: 0->0
[2025-11-17T08:52:26.063+0000][201][info ][gc,metaspace] GC(17) Metaspace: 148122K(152192K)->148122K(152192K) NonClass: 127578K(129728K)->127578K(129728K) Class: 20543K(22464K)->20543K(22464K)
[2025-11-17T08:52:26.063+0000][201][info ][gc          ] GC(17) Pause Young (Normal) (G1 Evacuation Pause) 722M->121M(1024M) 18.545ms
[2025-11-17T08:52:26.064+0000][201][info ][gc,cpu      ] GC(17) User=0.01s Sys=0.01s Real=0.02s
[2025-11-17T08:52:26.064+0000][201][info ][safepoint   ] Safepoint "G1CollectForAllocation", Time since last: 590119344 ns, Reaching safepoint: 14654 ns, Cleanup: 8870 ns, At safepoint: 19554404 ns, Total: 19577928 ns
[2025-11-17T08:52:27.666+0000][201][info ][safepoint   ] Safepoint "Cleanup", Time since last: 1673288000 ns, Reaching safepoint: 19783 ns, Cleanup: 15541 ns, At safepoint: 7737 ns, Total: 43061 ns
[2025-11-17T08:52:28.667+0000][201][info ][safepoint   ] Safepoint "Cleanup", Time since last: 1001470460 ns, Reaching safepoint: 16255 ns, Cleanup: 11918 ns, At safepoint: 4767 ns, Total: 32940 ns
[2025-11-17T08:52:36.669+0000][201][info ][safepoint   ] Safepoint "Cleanup", Time since last: 8001789346 ns, Reaching safepoint: 25966 ns, Cleanup: 18634 ns, At safepoint: 8748 ns, Total: 53348 ns
[2025-11-17T08:52:38.670+0000][201][info ][safepoint   ] Safepoint "Cleanup", Time since last: 2000851792 ns, Reaching safepoint: 16996 ns, Cleanup: 9224 ns, At safepoint: 6238 ns, Total: 32458 ns
[2025-11-17T08:52:41.179+0000][201][info ][safepoint   ] Safepoint "Cleanup", Time since last: 2508783684 ns, Reaching safepoint: 87851 ns, Cleanup: 15777 ns, At safepoint: 34116 ns, Total: 137744 ns
[2025-11-17T08:52:42.247+0000][201][info ][safepoint   ] Safepoint "Cleanup", Time since last: 1068002874 ns, Reaching safepoint: 6955 ns, Cleanup: 32954 ns, At safepoint: 3243 ns, Total: 43152 ns
[2025-11-17T08:52:43.611+0000][201][info ][safepoint   ] Safepoint "Cleanup", Time since last: 1363723511 ns, Reaching safepoint: 42241 ns, Cleanup: 8208 ns, At safepoint: 5399 ns, Total: 55848 ns
[2025-11-17T08:52:47.613+0000][201][info ][safepoint   ] Safepoint "Cleanup", Time since last: 4002687626 ns, Reaching safepoint: 15079 ns, Cleanup: 8698 ns, At safepoint: 4911 ns, Total: 28688 ns
[2025-11-17T08:52:47.787+0000][201][info ][gc,start    ] GC(18) Pause Young (Concurrent Start) (CodeCache GC Threshold)
[2025-11-17T08:52:47.789+0000][201][info ][gc,task     ] GC(18) Using 15 workers of 15 for evacuation
[2025-11-17T08:52:47.791+0000][201][debug][gc,age      ] GC(18) Desired survivor size 41943040 bytes, new threshold 15 (max threshold 15)
[2025-11-17T08:52:47.795+0000][201][info ][gc,phases   ] GC(18)   Pre Evacuate Collection Set: 0.31ms
[2025-11-17T08:52:47.796+0000][201][info ][gc,phases   ] GC(18)   Merge Heap Roots: 0.11ms
[2025-11-17T08:52:47.798+0000][201][info ][gc,phases   ] GC(18)   Evacuate Collection Set: 1.69ms
[2025-11-17T08:52:47.799+0000][201][info ][gc,phases   ] GC(18)   Post Evacuate Collection Set: 0.65ms
[2025-11-17T08:52:47.799+0000][201][info ][gc,phases   ] GC(18)   Other: 2.72ms
[2025-11-17T08:52:47.799+0000][201][trace][gc,age      ] GC(18) Age table with threshold 15 (max threshold 15)
[2025-11-17T08:52:47.802+0000][201][trace][gc,age      ] GC(18) - age   1:     368664 bytes,     368664 total
[2025-11-17T08:52:47.808+0000][201][trace][gc,age      ] GC(18) - age   2:    2381752 bytes,    2750416 total
[2025-11-17T08:52:47.809+0000][201][trace][gc,age      ] GC(18) - age   3:    2968048 bytes,    5718464 total
[2025-11-17T08:52:47.809+0000][201][info ][gc,heap     ] GC(18) Eden regions: 14->0(151)
[2025-11-17T08:52:47.809+0000][201][info ][gc,heap     ] GC(18) Survivor regions: 3->2(20)
[2025-11-17T08:52:47.810+0000][201][info ][gc,heap     ] GC(18) Old regions: 29->29
[2025-11-17T08:52:47.810+0000][201][info ][gc,heap     ] GC(18) Humongous regions: 0->0
[2025-11-17T08:52:47.810+0000][201][info ][gc,metaspace] GC(18) Metaspace: 148200K(152256K)->148200K(152256K) NonClass: 127657K(129792K)->127657K(129792K) Class: 20543K(22464K)->20543K(22464K)
[2025-11-17T08:52:47.810+0000][201][info ][gc          ] GC(18) Pause Young (Concurrent Start) (CodeCache GC Threshold) 176M->119M(1024M) 23.161ms
[2025-11-17T08:52:47.810+0000][201][info ][gc          ] GC(19) Concurrent Mark Cycle
[2025-11-17T08:52:47.810+0000][201][info ][gc,cpu      ] GC(18) User=0.01s Sys=0.00s Real=0.03s
[2025-11-17T08:52:47.810+0000][201][info ][gc,marking  ] GC(19) Concurrent Scan Root Regions
[2025-11-17T08:52:47.811+0000][201][info ][safepoint   ] Safepoint "G1TryInitiateConcMark", Time since last: 173472286 ns, Reaching safepoint: 22113 ns, Cleanup: 2573 ns, At safepoint: 23748639 ns, Total: 23773325 ns
[2025-11-17T08:52:47.813+0000][201][info ][gc,marking  ] GC(19) Concurrent Scan Root Regions 2.422ms
[2025-11-17T08:52:47.813+0000][201][info ][gc,marking  ] GC(19) Concurrent Mark
[2025-11-17T08:52:47.813+0000][201][info ][gc,marking  ] GC(19) Concurrent Mark From Roots
[2025-11-17T08:52:47.813+0000][201][info ][gc,task     ] GC(19) Using 4 workers of 4 for marking
[2025-11-17T08:52:47.836+0000][201][info ][gc,marking  ] GC(19) Concurrent Mark From Roots 22.576ms
[2025-11-17T08:52:47.836+0000][201][info ][gc,marking  ] GC(19) Concurrent Preclean
[2025-11-17T08:52:47.838+0000][201][info ][gc,marking  ] GC(19) Concurrent Preclean 1.455ms
[2025-11-17T08:52:47.838+0000][201][info ][gc,start    ] GC(19) Pause Remark
[2025-11-17T08:52:47.855+0000][201][info ][gc          ] GC(19) Pause Remark 119M->119M(1024M) 16.281ms
[2025-11-17T08:52:47.855+0000][201][info ][gc,cpu      ] GC(19) User=0.14s Sys=0.01s Real=0.02s
[2025-11-17T08:52:47.856+0000][201][info ][safepoint   ] Safepoint "G1PauseRemark", Time since last: 27713373 ns, Reaching safepoint: 14587 ns, Cleanup: 3217 ns, At safepoint: 17313803 ns, Total: 17331607 ns
[2025-11-17T08:52:47.856+0000][201][info ][gc,marking  ] GC(19) Concurrent Mark 43.249ms
[2025-11-17T08:52:47.857+0000][201][info ][gc,marking  ] GC(19) Concurrent Rebuild Remembered Sets and Scrub Regions
[2025-11-17T08:52:47.867+0000][201][info ][gc,marking  ] GC(19) Concurrent Rebuild Remembered Sets and Scrub Regions 10.053ms
[2025-11-17T08:52:47.867+0000][201][info ][gc,start    ] GC(19) Pause Cleanup
[2025-11-17T08:52:47.868+0000][201][info ][gc          ] GC(19) Pause Cleanup 120M->120M(1024M) 0.330ms
[2025-11-17T08:52:47.868+0000][201][info ][gc,cpu      ] GC(19) User=0.00s Sys=0.00s Real=0.00s
[2025-11-17T08:52:47.868+0000][201][info ][safepoint   ] Safepoint "G1PauseCleanup", Time since last: 11665789 ns, Reaching safepoint: 93315 ns, Cleanup: 17053 ns, At safepoint: 863805 ns, Total: 974173 ns
[2025-11-17T08:52:47.869+0000][201][info ][gc,marking  ] GC(19) Concurrent Clear Claimed Marks
[2025-11-17T08:52:47.869+0000][201][info ][gc,marking  ] GC(19) Concurrent Clear Claimed Marks 0.515ms
[2025-11-17T08:52:47.869+0000][201][info ][gc,marking  ] GC(19) Concurrent Cleanup for Next Mark
[2025-11-17T08:52:47.870+0000][201][info ][gc,marking  ] GC(19) Concurrent Cleanup for Next Mark 0.890ms
[2025-11-17T08:52:47.871+0000][201][info ][gc          ] GC(19) Concurrent Mark Cycle 60.396ms
[2025-11-17T08:52:48.869+0000][201][info ][safepoint   ] Safepoint "Cleanup", Time since last: 1000848913 ns, Reaching safepoint: 17283 ns, Cleanup: 61630 ns, At safepoint: 14120 ns, Total: 93033 ns
[2025-11-17T08:52:49.870+0000][201][info ][safepoint   ] Safepoint "Cleanup", Time since last: 1000604048 ns, Reaching safepoint: 27583 ns, Cleanup: 11452 ns, At safepoint: 4855 ns, Total: 43890 ns
[2025-11-17T08:52:53.872+0000][201][info ][safepoint   ] Safepoint "Cleanup", Time since last: 4002093026 ns, Reaching safepoint: 35128 ns, Cleanup: 26539 ns, At safepoint: 16679 ns, Total: 78346 ns
[2025-11-17T08:52:58.610+0000][201][info ][safepoint   ] Safepoint "Cleanup", Time since last: 4811743840 ns, Reaching safepoint: 16158 ns, Cleanup: 10342 ns, At safepoint: 4721 ns, Total: 31221 ns
[2025-11-17T08:52:59.611+0000][201][info ][safepoint   ] Safepoint "Cleanup", Time since last: 1000446000 ns, Reaching safepoint: 16727 ns, Cleanup: 10833 ns, At safepoint: 5253 ns, Total: 32813 ns
[2025-11-17T08:53:04.612+0000][201][info ][safepoint   ] Safepoint "Cleanup", Time since last: 5001251191 ns, Reaching safepoint: 15547 ns, Cleanup: 9562 ns, At safepoint: 4467 ns, Total: 29576 ns
[2025-11-17T08:53:06.613+0000][201][info ][safepoint   ] Safepoint "Cleanup", Time since last: 2000801571 ns, Reaching safepoint: 16958 ns, Cleanup: 10743 ns, At safepoint: 6567 ns, Total: 34268 ns
[2025-11-17T08:53:07.615+0000][201][info ][safepoint   ] Safepoint "Cleanup", Time since last: 1001721700 ns, Reaching safepoint: 15445 ns, Cleanup: 9791 ns, At safepoint: 4386 ns, Total: 29622 ns
[2025-11-17T08:53:13.361+0000][201][info ][safepoint   ] Safepoint "Cleanup", Time since last: 5746638155 ns, Reaching safepoint: 46915 ns, Cleanup: 18346 ns, At safepoint: 11644 ns, Total: 76905 ns
[2025-11-17T08:53:18.364+0000][201][info ][safepoint   ] Safepoint "Cleanup", Time since last: 5002257812 ns, Reaching safepoint: 17594 ns, Cleanup: 10527 ns, At safepoint: 5370 ns, Total: 33491 ns
[2025-11-17T08:53:19.365+0000][201][info ][safepoint   ] Safepoint "Cleanup", Time since last: 1001079225 ns, Reaching safepoint: 18294 ns, Cleanup: 33901 ns, At safepoint: 6030 ns, Total: 58225 ns
[2025-11-17T08:53:23.368+0000][201][info ][safepoint   ] Safepoint "Cleanup", Time since last: 4003391763 ns, Reaching safepoint: 28084 ns, Cleanup: 17212 ns, At safepoint: 8619 ns, Total: 53915 ns
[2025-11-17T08:53:24.370+0000][201][info ][safepoint   ] Safepoint "Cleanup", Time since last: 1001779189 ns, Reaching safepoint: 21704 ns, Cleanup: 14569 ns, At safepoint: 7398 ns, Total: 43671 ns
[2025-11-17T08:53:25.373+0000][201][info ][safepoint   ] Safepoint "Cleanup", Time since last: 1002934162 ns, Reaching safepoint: 18838 ns, Cleanup: 19040 ns, At safepoint: 8132 ns, Total: 46010 ns
[2025-11-17T08:53:26.607+0000][201][info ][safepoint   ] Safepoint "Cleanup", Time since last: 1314815489 ns, Reaching safepoint: 4831 ns, Cleanup: 6420 ns, At safepoint: 9908 ns, Total: 21159 ns
[2025-11-17T08:53:27.639+0000][201][info ][safepoint   ] Safepoint "Cleanup", Time since last: 1032336084 ns, Reaching safepoint: 5243 ns, Cleanup: 7013 ns, At safepoint: 11053 ns, Total: 23309 ns
[2025-11-17T08:53:30.661+0000][201][info ][safepoint   ] Safepoint "Cleanup", Time since last: 3021916630 ns, Reaching safepoint: 26485 ns, Cleanup: 21411 ns, At safepoint: 9299 ns, Total: 57195 ns
[2025-11-17T08:53:36.663+0000][201][info ][safepoint   ] Safepoint "Cleanup", Time since last: 6001697683 ns, Reaching safepoint: 42325 ns, Cleanup: 20766 ns, At safepoint: 4662 ns, Total: 67753 ns
[2025-11-17T08:53:40.664+0000][201][info ][safepoint   ] Safepoint "Cleanup", Time since last: 4001033637 ns, Reaching safepoint: 17887 ns, Cleanup: 19032 ns, At safepoint: 5449 ns, Total: 42368 ns
[2025-11-17T08:53:41.760+0000][201][info ][safepoint   ] Safepoint "Cleanup", Time since last: 1095874190 ns, Reaching safepoint: 12293 ns, Cleanup: 36748 ns, At safepoint: 10735 ns, Total: 59776 ns
[2025-11-17T08:53:43.424+0000][201][info ][safepoint   ] Safepoint "Cleanup", Time since last: 1663971123 ns, Reaching safepoint: 16542 ns, Cleanup: 17050 ns, At safepoint: 4216 ns, Total: 37808 ns
[2025-11-17T08:53:45.426+0000][201][info ][safepoint   ] Safepoint "Cleanup", Time since last: 2001530670 ns, Reaching safepoint: 35590 ns, Cleanup: 21528 ns, At safepoint: 12164 ns, Total: 69282 ns
[2025-11-17T08:53:48.428+0000][201][info ][safepoint   ] Safepoint "Cleanup", Time since last: 3002571783 ns, Reaching safepoint: 32526 ns, Cleanup: 15594 ns, At safepoint: 9684 ns, Total: 57804 ns
[2025-11-17T08:53:52.431+0000][201][info ][safepoint   ] Safepoint "Cleanup", Time since last: 4002591353 ns, Reaching safepoint: 16775 ns, Cleanup: 9982 ns, At safepoint: 4793 ns, Total: 31550 ns
[2025-11-17T08:53:55.433+0000][201][info ][safepoint   ] Safepoint "Cleanup", Time since last: 3002013875 ns, Reaching safepoint: 15924 ns, Cleanup: 11847 ns, At safepoint: 4967 ns, Total: 32738 ns
[2025-11-17T08:53:57.595+0000][201][info ][safepoint   ] Safepoint "Cleanup", Time since last: 2240519828 ns, Reaching safepoint: 4320 ns, Cleanup: 4133 ns, At safepoint: 10006 ns, Total: 18459 ns
[2025-11-17T08:53:58.608+0000][201][info ][safepoint   ] Safepoint "Cleanup", Time since last: 1013063609 ns, Reaching safepoint: 16289 ns, Cleanup: 9656 ns, At safepoint: 5421 ns, Total: 31366 ns
[2025-11-17T08:54:00.609+0000][201][info ][safepoint   ] Safepoint "Cleanup", Time since last: 2000816034 ns, Reaching safepoint: 16613 ns, Cleanup: 20984 ns, At safepoint: 6439 ns, Total: 44036 ns
[2025-11-17T08:54:01.609+0000][201][info ][safepoint   ] Safepoint "Cleanup", Time since last: 1000677542 ns, Reaching safepoint: 18346 ns, Cleanup: 20338 ns, At safepoint: 6602 ns, Total: 45286 ns
[2025-11-17T08:54:06.611+0000][201][info ][safepoint   ] Safepoint "Cleanup", Time since last: 5001711207 ns, Reaching safepoint: 82004 ns, Cleanup: 28490 ns, At safepoint: 17122 ns, Total: 127616 ns
[2025-11-17T08:54:08.613+0000][201][info ][safepoint   ] Safepoint "Cleanup", Time since last: 2001422005 ns, Reaching safepoint: 16403 ns, Cleanup: 12382 ns, At safepoint: 4677 ns, Total: 33462 ns
[2025-11-17T08:54:13.284+0000][201][info ][safepoint   ] Safepoint "Cleanup", Time since last: 4671586081 ns, Reaching safepoint: 17031 ns, Cleanup: 11417 ns, At safepoint: 5372 ns, Total: 33820 ns
[2025-11-17T08:54:14.285+0000][201][info ][safepoint   ] Safepoint "Cleanup", Time since last: 1000522219 ns, Reaching safepoint: 12771 ns, Cleanup: 7215 ns, At safepoint: 3926 ns, Total: 23912 ns
[2025-11-17T08:54:18.287+0000][201][info ][safepoint   ] Safepoint "Cleanup", Time since last: 4002539363 ns, Reaching safepoint: 15845 ns, Cleanup: 11870 ns, At safepoint: 5178 ns, Total: 32893 ns
[2025-11-17T08:54:19.289+0000][201][info ][safepoint   ] Safepoint "Cleanup", Time since last: 1001240729 ns, Reaching safepoint: 17038 ns, Cleanup: 14773 ns, At safepoint: 5496 ns, Total: 37307 ns
[2025-11-17T08:54:21.290+0000][201][info ][safepoint   ] Safepoint "Cleanup", Time since last: 2001177815 ns, Reaching safepoint: 19082 ns, Cleanup: 13270 ns, At safepoint: 7094 ns, Total: 39446 ns
[2025-11-17T08:54:24.291+0000][201][info ][safepoint   ] Safepoint "Cleanup", Time since last: 3001466982 ns, Reaching safepoint: 17221 ns, Cleanup: 10481 ns, At safepoint: 5494 ns, Total: 33196 ns
[2025-11-17T08:54:26.293+0000][201][info ][safepoint   ] Safepoint "Cleanup", Time since last: 2001457713 ns, Reaching safepoint: 26698 ns, Cleanup: 19041 ns, At safepoint: 9828 ns, Total: 55567 ns
[2025-11-17T08:54:27.217+0000][201][info ][safepoint   ] Safepoint "Cleanup", Time since last: 1001971296 ns, Reaching safepoint: 16889 ns, Cleanup: 10781 ns, At safepoint: 5643 ns, Total: 33313 ns
[2025-11-17T08:54:28.302+0000][201][info ][safepoint   ] Safepoint "Cleanup", Time since last: 1085021219 ns, Reaching safepoint: 5438 ns, Cleanup: 13578 ns, At safepoint: 10482 ns, Total: 29498 ns
[2025-11-17T08:54:30.261+0000][201][info ][safepoint   ] Safepoint "Cleanup", Time since last: 1959314457 ns, Reaching safepoint: 18820 ns, Cleanup: 14032 ns, At safepoint: 5471 ns, Total: 38323 ns
[2025-11-17T08:54:32.262+0000][201][info ][safepoint   ] Safepoint "Cleanup", Time since last: 2000910841 ns, Reaching safepoint: 23341 ns, Cleanup: 8886 ns, At safepoint: 7512 ns, Total: 39739 ns
[2025-11-17T08:54:41.149+0000][201][info ][safepoint   ] Safepoint "Cleanup", Time since last: 8886734335 ns, Reaching safepoint: 6288 ns, Cleanup: 17509 ns, At safepoint: 18781 ns, Total: 42578 ns
[2025-11-17T08:54:42.156+0000][201][info ][safepoint   ] Safepoint "Cleanup", Time since last: 1006644033 ns, Reaching safepoint: 93852 ns, Cleanup: 29270 ns, At safepoint: 13380 ns, Total: 136502 ns
[2025-11-17T08:54:43.691+0000][201][info ][safepoint   ] Safepoint "Cleanup", Time since last: 1534782362 ns, Reaching safepoint: 14944 ns, Cleanup: 12797 ns, At safepoint: 5342 ns, Total: 33083 ns
[2025-11-17T08:54:47.692+0000][201][info ][safepoint   ] Safepoint "Cleanup", Time since last: 4000808142 ns, Reaching safepoint: 15942 ns, Cleanup: 21067 ns, At safepoint: 5751 ns, Total: 42760 ns
[2025-11-17T08:54:52.695+0000][201][info ][safepoint   ] Safepoint "Cleanup", Time since last: 5003333661 ns, Reaching safepoint: 16608 ns, Cleanup: 20681 ns, At safepoint: 5861 ns, Total: 43150 ns
[2025-11-17T08:54:57.626+0000][201][info ][safepoint   ] Safepoint "Cleanup", Time since last: 5008257352 ns, Reaching safepoint: 16200 ns, Cleanup: 13266 ns, At safepoint: 5153 ns, Total: 34619 ns
[2025-11-17T08:55:02.224+0000][201][info ][safepoint   ] Safepoint "Cleanup", Time since last: 4598053988 ns, Reaching safepoint: 15854 ns, Cleanup: 35965 ns, At safepoint: 4886 ns, Total: 56705 ns
[2025-11-17T08:55:03.225+0000][201][info ][safepoint   ] Safepoint "Cleanup", Time since last: 1001347991 ns, Reaching safepoint: 15036 ns, Cleanup: 25065 ns, At safepoint: 4576 ns, Total: 44677 ns
[2025-11-17T08:55:04.570+0000][201][info ][safepoint   ] Safepoint "Cleanup", Time since last: 1344767600 ns, Reaching safepoint: 5295 ns, Cleanup: 48768 ns, At safepoint: 10536 ns, Total: 64599 ns
[2025-11-17T08:55:05.583+0000][201][info ][safepoint   ] Safepoint "Cleanup", Time since last: 1013253725 ns, Reaching safepoint: 16540 ns, Cleanup: 20432 ns, At safepoint: 4854 ns, Total: 41826 ns
[2025-11-17T08:55:08.585+0000][201][info ][safepoint   ] Safepoint "Cleanup", Time since last: 3001382164 ns, Reaching safepoint: 23912 ns, Cleanup: 61474 ns, At safepoint: 10356 ns, Total: 95742 ns
[2025-11-17T08:55:10.203+0000][201][info ][safepoint   ] Safepoint "Cleanup", Time since last: 1617804214 ns, Reaching safepoint: 44448 ns, Cleanup: 52134 ns, At safepoint: 6752 ns, Total: 103334 ns
[2025-11-17T08:55:14.206+0000][201][info ][safepoint   ] Safepoint "Cleanup", Time since last: 4002829932 ns, Reaching safepoint: 14192 ns, Cleanup: 17373 ns, At safepoint: 5820 ns, Total: 37385 ns
[2025-11-17T08:55:16.207+0000][201][info ][safepoint   ] Safepoint "Cleanup", Time since last: 2001248597 ns, Reaching safepoint: 15587 ns, Cleanup: 14694 ns, At safepoint: 5004 ns, Total: 35285 ns
[2025-11-17T08:55:19.208+0000][201][info ][safepoint   ] Safepoint "Cleanup", Time since last: 3001006015 ns, Reaching safepoint: 14634 ns, Cleanup: 7620 ns, At safepoint: 15582 ns, Total: 37836 ns
[2025-11-17T08:55:21.211+0000][201][info ][safepoint   ] Safepoint "Cleanup", Time since last: 2002646278 ns, Reaching safepoint: 15607 ns, Cleanup: 15610 ns, At safepoint: 5014 ns, Total: 36231 ns
[2025-11-17T08:55:22.213+0000][201][info ][safepoint   ] Safepoint "Cleanup", Time since last: 1002493700 ns, Reaching safepoint: 15909 ns, Cleanup: 12835 ns, At safepoint: 20565 ns, Total: 49309 ns
[2025-11-17T08:55:23.216+0000][201][info ][safepoint   ] Safepoint "Cleanup", Time since last: 1002301748 ns, Reaching safepoint: 19152 ns, Cleanup: 18882 ns, At safepoint: 5925 ns, Total: 43959 ns
[2025-11-17T08:55:27.135+0000][201][info ][safepoint   ] Safepoint "Cleanup", Time since last: 4001890876 ns, Reaching safepoint: 14543 ns, Cleanup: 9866 ns, At safepoint: 4395 ns, Total: 28804 ns
[2025-11-17T08:55:28.135+0000][201][info ][safepoint   ] Safepoint "Cleanup", Time since last: 1000555698 ns, Reaching safepoint: 15980 ns, Cleanup: 15336 ns, At safepoint: 6006 ns, Total: 37322 ns
[2025-11-17T08:55:29.275+0000][201][info ][safepoint   ] Safepoint "Cleanup", Time since last: 1139987776 ns, Reaching safepoint: 4739 ns, Cleanup: 8194 ns, At safepoint: 11388 ns, Total: 24321 ns
[2025-11-17T08:55:30.643+0000][201][info ][safepoint   ] Safepoint "Cleanup", Time since last: 1367480316 ns, Reaching safepoint: 5196 ns, Cleanup: 36330 ns, At safepoint: 2741 ns, Total: 44267 ns
[2025-11-17T08:55:41.080+0000][201][info ][safepoint   ] Safepoint "Cleanup", Time since last: 10437104586 ns, Reaching safepoint: 4587 ns, Cleanup: 26749 ns, At safepoint: 11754 ns, Total: 43090 ns
[2025-11-17T08:55:42.126+0000][201][info ][safepoint   ] Safepoint "Cleanup", Time since last: 1045825526 ns, Reaching safepoint: 96215 ns, Cleanup: 42303 ns, At safepoint: 27345 ns, Total: 165863 ns
[2025-11-17T08:55:43.588+0000][201][info ][safepoint   ] Safepoint "Cleanup", Time since last: 1462305015 ns, Reaching safepoint: 14950 ns, Cleanup: 14365 ns, At safepoint: 3629 ns, Total: 32944 ns
[2025-11-17T08:55:44.590+0000][201][info ][safepoint   ] Safepoint "Cleanup", Time since last: 1001196881 ns, Reaching safepoint: 35589 ns, Cleanup: 10628 ns, At safepoint: 6178 ns, Total: 52395 ns
[2025-11-17T08:55:47.596+0000][201][info ][safepoint   ] Safepoint "Cleanup", Time since last: 3006159422 ns, Reaching safepoint: 15616 ns, Cleanup: 14200 ns, At safepoint: 4778 ns, Total: 34594 ns
[2025-11-17T08:55:49.598+0000][201][info ][safepoint   ] Safepoint "Cleanup", Time since last: 2002147058 ns, Reaching safepoint: 32913 ns, Cleanup: 13009 ns, At safepoint: 6866 ns, Total: 52788 ns
[2025-11-17T08:55:52.600+0000][201][info ][safepoint   ] Safepoint "Cleanup", Time since last: 3001511224 ns, Reaching safepoint: 20381 ns, Cleanup: 18103 ns, At safepoint: 7157 ns, Total: 45641 ns
[2025-11-17T08:56:12.118+0000][201][info ][safepoint   ] Safepoint "Cleanup", Time since last: 19594186439 ns, Reaching safepoint: 9860 ns, Cleanup: 26856 ns, At safepoint: 4113 ns, Total: 40829 ns
