[2025-11-17T07:20:19.275+0000][165][info][gc,init] CardTable entry size: 512
[2025-11-17T07:20:19.278+0000][165][info][gc     ] Using G1
[2025-11-17T07:20:19.285+0000][165][info][gc,init] Version: 22.0.1+8-16 (release)
[2025-11-17T07:20:19.286+0000][165][info][gc,init] CPUs: 20 total, 20 available
[2025-11-17T07:20:19.286+0000][165][info][gc,init] Memory: 15845M
[2025-11-17T07:20:19.286+0000][165][info][gc,init] Large Page Support: Disabled
[2025-11-17T07:20:19.287+0000][165][info][gc,init] NUMA Support: Disabled
[2025-11-17T07:20:19.287+0000][165][info][gc,init] Compressed Oops: Enabled (32-bit)
[2025-11-17T07:20:19.288+0000][165][info][gc,init] Heap Region Size: 1M
[2025-11-17T07:20:19.289+0000][165][info][gc,init] Heap Min Capacity: 1G
[2025-11-17T07:20:19.289+0000][165][info][gc,init] Heap Initial Capacity: 1G
[2025-11-17T07:20:19.290+0000][165][info][gc,init] Heap Max Capacity: 1G
[2025-11-17T07:20:19.290+0000][165][info][gc,init] Pre-touch: Disabled
[2025-11-17T07:20:19.290+0000][165][info][gc,init] Parallel Workers: 15
[2025-11-17T07:20:19.291+0000][165][info][gc,init] Concurrent Workers: 4
[2025-11-17T07:20:19.291+0000][165][info][gc,init] Concurrent Refinement Workers: 15
[2025-11-17T07:20:19.291+0000][165][info][gc,init] Periodic GC: Disabled
[2025-11-17T07:20:19.299+0000][165][info][gc,metaspace] CDS archive(s) mapped at: [0x0000732736000000-0x0000732736c74000-0x0000732736c74000), size 13058048, SharedBaseAddress: 0x0000732736000000, ArchiveRelocationMode: 1.
[2025-11-17T07:20:19.300+0000][165][info][gc,metaspace] Compressed class space mapped at: 0x0000732737000000-0x0000732777000000, reserved size: 1073741824
[2025-11-17T07:20:19.301+0000][165][info][gc,metaspace] Narrow klass base: 0x0000732736000000, Narrow klass shift: 0, Narrow klass range: 0x100000000
[2025-11-17T07:20:19.333+0000][165][info][gc,heap,exit] Heap
[2025-11-17T07:20:19.334+0000][165][info][gc,heap,exit]  garbage-first heap   total reserved 1048576K, committed 1048576K, used 4129K [0x00000000c0000000, 0x0000000100000000)
[2025-11-17T07:20:19.334+0000][165][info][gc,heap,exit]   region size 1024K, 3 young (3072K), 0 survivors (0K)
[2025-11-17T07:20:19.334+0000][165][info][gc,heap,exit]  Metaspace       used 225K, committed 448K, reserved 1114112K
[2025-11-17T07:20:19.335+0000][165][info][gc,heap,exit]   class space    used 5K, committed 128K, reserved 1048576K
